   1              		.cpu cortex-m4
   2              		.eabi_attribute 20, 1
   3              		.eabi_attribute 21, 1
   4              		.eabi_attribute 23, 3
   5              		.eabi_attribute 24, 1
   6              		.eabi_attribute 25, 1
   7              		.eabi_attribute 26, 1
   8              		.eabi_attribute 30, 4
   9              		.eabi_attribute 34, 1
  10              		.eabi_attribute 18, 2
  11              		.file	"preonic.c"
  12              		.text
  13              	.Ltext0:
  14              		.cfi_sections	.debug_frame
  15              		.global	music_map
  16              		.section	.rodata.music_map,"a",%progbits
  19              	music_map:
  20 0000 30       		.byte	48
  21 0001 31       		.byte	49
  22 0002 32       		.byte	50
  23 0003 33       		.byte	51
  24 0004 34       		.byte	52
  25 0005 35       		.byte	53
  26 0006 24       		.byte	36
  27 0007 25       		.byte	37
  28 0008 26       		.byte	38
  29 0009 27       		.byte	39
  30 000a 28       		.byte	40
  31 000b 29       		.byte	41
  32 000c 18       		.byte	24
  33 000d 19       		.byte	25
  34 000e 1A       		.byte	26
  35 000f 1B       		.byte	27
  36 0010 1C       		.byte	28
  37 0011 1D       		.byte	29
  38 0012 0C       		.byte	12
  39 0013 0D       		.byte	13
  40 0014 0E       		.byte	14
  41 0015 0F       		.byte	15
  42 0016 10       		.byte	16
  43 0017 11       		.byte	17
  44 0018 35       		.byte	53
  45 0019 37       		.byte	55
  46 001a 38       		.byte	56
  47 001b 39       		.byte	57
  48 001c 3A       		.byte	58
  49 001d 3B       		.byte	59
  50 001e 2A       		.byte	42
  51 001f 2B       		.byte	43
  52 0020 2C       		.byte	44
  53 0021 2D       		.byte	45
  54 0022 2E       		.byte	46
  55 0023 2F       		.byte	47
  56 0024 1E       		.byte	30
  57 0025 1F       		.byte	31
  58 0026 20       		.byte	32
  59 0027 21       		.byte	33
  60 0028 22       		.byte	34
  61 0029 23       		.byte	35
  62 002a 12       		.byte	18
  63 002b 13       		.byte	19
  64 002c 14       		.byte	20
  65 002d 15       		.byte	21
  66 002e 16       		.byte	22
  67 002f 17       		.byte	23
  68 0030 00       		.byte	0
  69 0031 01       		.byte	1
  70 0032 02       		.byte	2
  71 0033 09       		.byte	9
  72 0034 0A       		.byte	10
  73 0035 0B       		.byte	11
  74 0036 06       		.byte	6
  75 0037 07       		.byte	7
  76 0038 08       		.byte	8
  77 0039 03       		.byte	3
  78 003a 04       		.byte	4
  79 003b 05       		.byte	5
  80              		.text
  81              	.Letext0:
  82              		.file 1 "/usr/local/Cellar/gcc-arm-none-eabi/20180627/lib/gcc/arm-none-eabi/7.3.1/include/stddef.h
  83              		.file 2 "/usr/local/Cellar/gcc-arm-none-eabi/20180627/arm-none-eabi/include/machine/_default_types
  84              		.file 3 "/usr/local/Cellar/gcc-arm-none-eabi/20180627/arm-none-eabi/include/sys/_stdint.h"
  85              		.file 4 "./lib/chibios/os/common/ports/ARMCMx/compilers/GCC/chtypes.h"
  86              		.file 5 "./lib/chibios/os/rt/include/chsystypes.h"
  87              		.file 6 "./lib/chibios/os/rt/include/chschd.h"
  88              		.file 7 "./lib/chibios/os/common/ext/CMSIS/include/core_cm4.h"
  89              		.file 8 "./lib/chibios/os/common/ext/CMSIS/ST/STM32F3xx/system_stm32f3xx.h"
  90              		.file 9 "./lib/chibios/os/common/ext/CMSIS/ST/STM32F3xx/stm32f303xc.h"
  91              		.file 10 "./lib/chibios/os/common/ports/ARMCMx/chcore.h"
  92              		.file 11 "./lib/chibios/os/common/ports/ARMCMx/chcore_v7m.h"
  93              		.file 12 "./lib/chibios/os/hal/ports/STM32/LLD/TIMv1/stm32_tim.h"
  94              		.file 13 "./lib/chibios/os/rt/include/chtm.h"
  95              		.file 14 "./lib/chibios/os/rt/include/chsem.h"
  96              		.file 15 "./lib/chibios/os/rt/include/chmtx.h"
  97              		.file 16 "./lib/chibios/os/rt/include/chsys.h"
  98              		.file 17 "./lib/chibios/os/rt/include/chregistry.h"
  99              		.file 18 "./lib/chibios/os/common/oslib/include/chmemcore.h"
 100              		.file 19 "./lib/chibios/os/hal/ports/STM32/LLD/DMAv1/stm32_dma.h"
 101              		.file 20 "./lib/chibios/os/hal/ports/STM32/LLD/GPIOv2/hal_pal_lld.h"
 102              		.file 21 "./lib/chibios/os/hal/include/hal_dac.h"
 103              		.file 22 "./lib/chibios/os/hal/ports/STM32/LLD/DACv1/hal_dac_lld.h"
 104              		.file 23 "./lib/chibios/os/hal/include/hal_gpt.h"
 105              		.file 24 "./lib/chibios/os/hal/ports/STM32/LLD/TIMv1/hal_gpt_lld.h"
 106              		.file 25 "./lib/chibios/os/hal/include/hal_i2c.h"
 107              		.file 26 "./lib/chibios/os/hal/ports/STM32/LLD/I2Cv2/hal_i2c_lld.h"
 108              		.file 27 "./lib/chibios/os/hal/include/hal_pwm.h"
 109              		.file 28 "./lib/chibios/os/hal/ports/STM32/LLD/TIMv1/hal_pwm_lld.h"
 110              		.file 29 "./lib/chibios/os/hal/include/hal_usb.h"
 111              		.file 30 "./lib/chibios/os/hal/ports/STM32/LLD/USBv1/hal_usb_lld.h"
 112              		.file 31 "tmk_core/common/action.h"
 113              		.file 32 "tmk_core/common/report.h"
 114              		.file 33 "tmk_core/common/host.h"
 115              		.file 34 "tmk_core/common/debug.h"
 116              		.file 35 "quantum/keycode_config.h"
 117              		.file 36 "quantum/keymap.h"
 118              		.file 37 "tmk_core/common/action_layer.h"
 119              		.file 38 "tmk_core/common/timer.h"
 120              		.file 39 "tmk_core/common/action_util.h"
 121              		.file 40 "/usr/local/Cellar/gcc-arm-none-eabi/20180627/arm-none-eabi/include/sys/lock.h"
 122              		.file 41 "/usr/local/Cellar/gcc-arm-none-eabi/20180627/arm-none-eabi/include/sys/_types.h"
 123              		.file 42 "/usr/local/Cellar/gcc-arm-none-eabi/20180627/arm-none-eabi/include/sys/reent.h"
 124              		.file 43 "/usr/local/Cellar/gcc-arm-none-eabi/20180627/arm-none-eabi/include/stdlib.h"
 125              		.file 44 "quantum/audio/luts.h"
 126              		.file 45 "/usr/local/Cellar/gcc-arm-none-eabi/20180627/arm-none-eabi/include/math.h"
 127              		.file 46 "quantum/process_keycode/process_music.h"
 128              		.file 47 "quantum/quantum.h"
 129              		.file 48 "keyboards/preonic/preonic.c"
DEFINED SYMBOLS
                            *ABS*:0000000000000000 preonic.c
/var/tmp//ccj0xEnM.s:19     .rodata.music_map:0000000000000000 music_map

NO UNDEFINED SYMBOLS
