Archive member included to satisfy reference by file (symbol)

/usr/local/Cellar/avr-gcc@7/7.4.0/lib/avr-gcc/7/gcc/avr/7.4.0/avr5/libgcc.a(_udivmodhi4.o)
                              .build/obj_lily58_rev1_default/quantum/color.o (__udivmodhi4)
/usr/local/Cellar/avr-gcc@7/7.4.0/lib/avr-gcc/7/gcc/avr/7.4.0/avr5/libgcc.a(_divmodhi4.o)
                              .build/obj_lily58_rev1_default/ssd1306.o (__divmodhi4)
/usr/local/Cellar/avr-gcc@7/7.4.0/lib/avr-gcc/7/gcc/avr/7.4.0/avr5/libgcc.a(_exit.o)
                              /usr/local/Cellar/avr-gcc@7/7.4.0/lib/avr-gcc/7/gcc/avr/7.4.0/../../../../../../avr/lib/avr5/crtatmega32u4.o (exit)
/usr/local/Cellar/avr-gcc@7/7.4.0/lib/avr-gcc/7/gcc/avr/7.4.0/avr5/libgcc.a(_tablejump2.o)
                              .build/obj_lily58_rev1_default/common/action.o (__tablejump2__)
/usr/local/Cellar/avr-gcc@7/7.4.0/lib/avr-gcc/7/gcc/avr/7.4.0/avr5/libgcc.a(_copy_data.o)
                              .build/obj_lily58_rev1_default/ssd1306.o (__do_copy_data)
/usr/local/Cellar/avr-gcc@7/7.4.0/lib/avr-gcc/7/gcc/avr/7.4.0/avr5/libgcc.a(_clear_bss.o)
                              .build/obj_lily58_rev1_default/i2c.o (__do_clear_bss)
/usr/local/Cellar/avr-gcc@7/7.4.0/lib/avr-gcc/7/gcc/avr/7.4.0/../../../../../../avr/lib/avr5/libc.a(memchr.o)
                              .build/obj_lily58_rev1_default/quantum/rgblight.o (memchr)
/usr/local/Cellar/avr-gcc@7/7.4.0/lib/avr-gcc/7/gcc/avr/7.4.0/../../../../../../avr/lib/avr5/libc.a(memcmp.o)
                              .build/obj_lily58_rev1_default/rev1/matrix.o (memcmp)
/usr/local/Cellar/avr-gcc@7/7.4.0/lib/avr-gcc/7/gcc/avr/7.4.0/../../../../../../avr/lib/avr5/libc.a(memmove.o)
                              .build/obj_lily58_rev1_default/ssd1306.o (memmove)
/usr/local/Cellar/avr-gcc@7/7.4.0/lib/avr-gcc/7/gcc/avr/7.4.0/../../../../../../avr/lib/avr5/libc.a(memset.o)
                              .build/obj_lily58_rev1_default/ssd1306.o (memset)
/usr/local/Cellar/avr-gcc@7/7.4.0/lib/avr-gcc/7/gcc/avr/7.4.0/../../../../../../avr/lib/avr5/libc.a(strcpy.o)
                              .build/obj_lily58_rev1_default/./lib/layer_state_reader.o (strcpy)
/usr/local/Cellar/avr-gcc@7/7.4.0/lib/avr-gcc/7/gcc/avr/7.4.0/../../../../../../avr/lib/avr5/libc.a(snprintf.o)
                              .build/obj_lily58_rev1_default/ssd1306.o (snprintf)
/usr/local/Cellar/avr-gcc@7/7.4.0/lib/avr-gcc/7/gcc/avr/7.4.0/../../../../../../avr/lib/avr5/libc.a(vfprintf_std.o)
                              /usr/local/Cellar/avr-gcc@7/7.4.0/lib/avr-gcc/7/gcc/avr/7.4.0/../../../../../../avr/lib/avr5/libc.a(snprintf.o) (vfprintf)
/usr/local/Cellar/avr-gcc@7/7.4.0/lib/avr-gcc/7/gcc/avr/7.4.0/../../../../../../avr/lib/avr5/libc.a(strnlen_P.o)
                              /usr/local/Cellar/avr-gcc@7/7.4.0/lib/avr-gcc/7/gcc/avr/7.4.0/../../../../../../avr/lib/avr5/libc.a(vfprintf_std.o) (strnlen_P)
/usr/local/Cellar/avr-gcc@7/7.4.0/lib/avr-gcc/7/gcc/avr/7.4.0/../../../../../../avr/lib/avr5/libc.a(memcpy.o)
                              /usr/local/Cellar/avr-gcc@7/7.4.0/lib/avr-gcc/7/gcc/avr/7.4.0/../../../../../../avr/lib/avr5/libc.a(memmove.o) (memcpy)
/usr/local/Cellar/avr-gcc@7/7.4.0/lib/avr-gcc/7/gcc/avr/7.4.0/../../../../../../avr/lib/avr5/libc.a(strnlen.o)
                              /usr/local/Cellar/avr-gcc@7/7.4.0/lib/avr-gcc/7/gcc/avr/7.4.0/../../../../../../avr/lib/avr5/libc.a(vfprintf_std.o) (strnlen)
/usr/local/Cellar/avr-gcc@7/7.4.0/lib/avr-gcc/7/gcc/avr/7.4.0/../../../../../../avr/lib/avr5/libc.a(fputc.o)
                              /usr/local/Cellar/avr-gcc@7/7.4.0/lib/avr-gcc/7/gcc/avr/7.4.0/../../../../../../avr/lib/avr5/libc.a(vfprintf_std.o) (fputc)
/usr/local/Cellar/avr-gcc@7/7.4.0/lib/avr-gcc/7/gcc/avr/7.4.0/../../../../../../avr/lib/avr5/libc.a(ultoa_invert.o)
                              /usr/local/Cellar/avr-gcc@7/7.4.0/lib/avr-gcc/7/gcc/avr/7.4.0/../../../../../../avr/lib/avr5/libc.a(vfprintf_std.o) (__ultoa_invert)
/usr/local/Cellar/avr-gcc@7/7.4.0/lib/avr-gcc/7/gcc/avr/7.4.0/../../../../../../avr/lib/avr5/libatmega32u4.a(eerd_byte.o)
                              .build/obj_lily58_rev1_default/common/eeconfig.o (eeprom_read_byte)
/usr/local/Cellar/avr-gcc@7/7.4.0/lib/avr-gcc/7/gcc/avr/7.4.0/../../../../../../avr/lib/avr5/libatmega32u4.a(eerd_dword.o)
                              .build/obj_lily58_rev1_default/quantum/rgblight.o (eeprom_read_dword)
/usr/local/Cellar/avr-gcc@7/7.4.0/lib/avr-gcc/7/gcc/avr/7.4.0/../../../../../../avr/lib/avr5/libatmega32u4.a(eerd_word.o)
                              .build/obj_lily58_rev1_default/common/eeconfig.o (eeprom_read_word)
/usr/local/Cellar/avr-gcc@7/7.4.0/lib/avr-gcc/7/gcc/avr/7.4.0/../../../../../../avr/lib/avr5/libatmega32u4.a(eeupd_byte.o)
                              .build/obj_lily58_rev1_default/common/eeconfig.o (eeprom_update_byte)
/usr/local/Cellar/avr-gcc@7/7.4.0/lib/avr-gcc/7/gcc/avr/7.4.0/../../../../../../avr/lib/avr5/libatmega32u4.a(eeupd_dword.o)
[...]
Memory Configuration

Name             Origin             Length             Attributes
text             0x0000000000000000 0x0000000000020000 xr
data             0x0000000000800060 0x000000000000ffa0 rw !x
eeprom           0x0000000000810000 0x0000000000010000 rw !x
fuse             0x0000000000820000 0x0000000000000400 rw !x
lock             0x0000000000830000 0x0000000000000400 rw !x
signature        0x0000000000840000 0x0000000000000400 rw !x
user_signatures  0x0000000000850000 0x0000000000000400 rw !x
*default*        0x0000000000000000 0xffffffffffffffff

Linker script and memory map

Address of section .data set to 0x800100
LOAD /usr/local/Cellar/avr-gcc@7/7.4.0/lib/avr-gcc/7/gcc/avr/7.4.0/../../../../../../avr/lib/avr5/crtatmega32u4.o
LOAD .build/obj_lily58_rev1_default/i2c.o
LOAD .build/obj_lily58_rev1_default/serial.o
LOAD .build/obj_lily58_rev1_default/ssd1306.o
LOAD .build/obj_lily58_rev1_default/rev1/matrix.o
LOAD .build/obj_lily58_rev1_default/rev1/split_util.o
LOAD .build/obj_lily58_rev1_default/rev1/split_scomm.o
LOAD .build/obj_lily58_rev1_default/./lib/glcdfont.o
LOAD .build/obj_lily58_rev1_default/./lib/rgb_state_reader.o
LOAD .build/obj_lily58_rev1_default/./lib/layer_state_reader.o
LOAD .build/obj_lily58_rev1_default/./lib/logo_reader.o
LOAD .build/obj_lily58_rev1_default/./lib/keylogger.o
LOAD .build/obj_lily58_rev1_default/keyboards/lily58/lily58.o
LOAD .build/obj_lily58_rev1_default/keyboards/lily58/rev1/rev1.o
LOAD .build/obj_lily58_rev1_default/keyboards/lily58/keymaps/default/keymap.o
LOAD .build/obj_lily58_rev1_default/quantum/quantum.o
LOAD .build/obj_lily58_rev1_default/quantum/keymap_common.o
LOAD .build/obj_lily58_rev1_default/quantum/keycode_config.o
LOAD .build/obj_lily58_rev1_default/quantum/debounce/sym_g.o
LOAD .build/obj_lily58_rev1_default/quantum/color.o
LOAD .build/obj_lily58_rev1_default/quantum/rgblight.o
LOAD .build/obj_lily58_rev1_default/ws2812.o
LOAD .build/obj_lily58_rev1_default/quantum/led_tables.o
LOAD .build/obj_lily58_rev1_default/quantum/process_keycode/process_space_cadet.o
LOAD .build/obj_lily58_rev1_default/common/host.o
LOAD .build/obj_lily58_rev1_default/common/keyboard.o
LOAD .build/obj_lily58_rev1_default/common/action.o
LOAD .build/obj_lily58_rev1_default/common/action_tapping.o
LOAD .build/obj_lily58_rev1_default/common/action_macro.o
LOAD .build/obj_lily58_rev1_default/common/action_layer.o
LOAD .build/obj_lily58_rev1_default/common/action_util.o
LOAD .build/obj_lily58_rev1_default/common/print.o
LOAD .build/obj_lily58_rev1_default/common/debug.o
LOAD .build/obj_lily58_rev1_default/common/util.o
LOAD .build/obj_lily58_rev1_default/common/eeconfig.o
LOAD .build/obj_lily58_rev1_default/common/report.o
LOAD .build/obj_lily58_rev1_default/common/avr/suspend.o
LOAD .build/obj_lily58_rev1_default/common/avr/timer.o
LOAD .build/obj_lily58_rev1_default/common/avr/bootloader.o
LOAD .build/obj_lily58_rev1_default/common/avr/xprintf.o
LOAD .build/obj_lily58_rev1_default/common/magic.o
LOAD .build/obj_lily58_rev1_default/lufa.o
LOAD .build/obj_lily58_rev1_default/usb_descriptor.o
LOAD .build/obj_lily58_rev1_default/outputselect.o
LOAD .build/obj_lily58_rev1_default/lib/lufa/LUFA/Drivers/USB/Class/Common/HIDParser.o
LOAD .build/obj_lily58_rev1_default/lib/lufa/LUFA/Drivers/USB/Core/AVR8/Device_AVR8.o
LOAD .build/obj_lily58_rev1_default/lib/lufa/LUFA/Drivers/USB/Core/AVR8/EndpointStream_AVR8.o
LOAD .build/obj_lily58_rev1_default/lib/lufa/LUFA/Drivers/USB/Core/AVR8/Endpoint_AVR8.o
LOAD .build/obj_lily58_rev1_default/lib/lufa/LUFA/Drivers/USB/Core/AVR8/Host_AVR8.o
LOAD .build/obj_lily58_rev1_default/lib/lufa/LUFA/Drivers/USB/Core/AVR8/PipeStream_AVR8.o
LOAD .build/obj_lily58_rev1_default/lib/lufa/LUFA/Drivers/USB/Core/AVR8/Pipe_AVR8.o
LOAD .build/obj_lily58_rev1_default/lib/lufa/LUFA/Drivers/USB/Core/AVR8/USBController_AVR8.o
LOAD .build/obj_lily58_rev1_default/lib/lufa/LUFA/Drivers/USB/Core/AVR8/USBInterrupt_AVR8.o
LOAD .build/obj_lily58_rev1_default/lib/lufa/LUFA/Drivers/USB/Core/ConfigDescriptors.o
LOAD .build/obj_lily58_rev1_default/lib/lufa/LUFA/Drivers/USB/Core/DeviceStandardReq.o
LOAD .build/obj_lily58_rev1_default/lib/lufa/LUFA/Drivers/USB/Core/Events.o
LOAD .build/obj_lily58_rev1_default/lib/lufa/LUFA/Drivers/USB/Core/HostStandardReq.o
LOAD .build/obj_lily58_rev1_default/lib/lufa/LUFA/Drivers/USB/Core/USBTask.o
LOAD /usr/local/Cellar/avr-gcc@7/7.4.0/lib/avr-gcc/7/gcc/avr/7.4.0/../../../../../../avr/lib/avr5/libm.a
START GROUP
LOAD /usr/local/Cellar/avr-gcc@7/7.4.0/lib/avr-gcc/7/gcc/avr/7.4.0/avr5/libgcc.a
LOAD /usr/local/Cellar/avr-gcc@7/7.4.0/lib/avr-gcc/7/gcc/avr/7.4.0/../../../../../../avr/lib/avr5/libm.a
LOAD /usr/local/Cellar/avr-gcc@7/7.4.0/lib/avr-gcc/7/gcc/avr/7.4.0/../../../../../../avr/lib/avr5/libc.a
LOAD /usr/local/Cellar/avr-gcc@7/7.4.0/lib/avr-gcc/7/gcc/avr/7.4.0/../../../../../../avr/lib/avr5/libatmega32u4.a
END GROUP
                0x0000000000020000                __TEXT_REGION_LENGTH__ = DEFINED (__TEXT_REGION_LENGTH__)?__TEXT_REGION_LENGTH__:0x20000
                0x000000000000ffa0                __DATA_REGION_LENGTH__ = DEFINED (__DATA_REGION_LENGTH__)?__DATA_REGION_LENGTH__:0xffa0
                0x0000000000010000                __EEPROM_REGION_LENGTH__ = DEFINED (__EEPROM_REGION_LENGTH__)?__EEPROM_REGION_LENGTH__:0x10000
                0x0000000000000400                __FUSE_REGION_LENGTH__ = DEFINED (__FUSE_REGION_LENGTH__)?__FUSE_REGION_LENGTH__:0x400
                0x0000000000000400                __LOCK_REGION_LENGTH__ = DEFINED (__LOCK_REGION_LENGTH__)?__LOCK_REGION_LENGTH__:0x400
                0x0000000000000400                __SIGNATURE_REGION_LENGTH__ = DEFINED (__SIGNATURE_REGION_LENGTH__)?__SIGNATURE_REGION_LENGTH__:0x400
                0x0000000000000400                __USER_SIGNATURE_REGION_LENGTH__ = DEFINED (__USER_SIGNATURE_REGION_LENGTH__)?__USER_SIGNATURE_REGION_LENGTH__:0x400

.hash
 *(.hash)

.dynsym
 *(.dynsym)

.dynstr
 *(.dynstr)

.gnu.version
 *(.gnu.version)

.gnu.version_d
 *(.gnu.version_d)

.gnu.version_r
 *(.gnu.version_r)

.rel.init
 *(.rel.init)

.rela.init
 *(.rela.init)

.rel.text
 *(.rel.text)
 *(.rel.text.*)
 *(.rel.gnu.linkonce.t*)

.rela.text
 *(.rela.text)
 *(.rela.text.*)
 *(.rela.gnu.linkonce.t*)

.rel.fini
 *(.rel.fini)

.rela.fini
 *(.rela.fini)

.rel.rodata
 *(.rel.rodata)
 *(.rel.rodata.*)
 *(.rel.gnu.linkonce.r*)

.rela.rodata
 *(.rela.rodata)
 *(.rela.rodata.*)
 *(.rela.gnu.linkonce.r*)

.rel.data
 *(.rel.data)
 *(.rel.data.*)
 *(.rel.gnu.linkonce.d*)

.rela.data
 *(.rela.data)
 *(.rela.data.*)
 *(.rela.gnu.linkonce.d*)

.rel.ctors
 *(.rel.ctors)

.rela.ctors
 *(.rela.ctors)

.rel.dtors
 *(.rel.dtors)

.rela.dtors
 *(.rela.dtors)

.rel.got
 *(.rel.got)

.rela.got
 *(.rela.got)

.rel.bss
 *(.rel.bss)

.rela.bss
 *(.rela.bss)

.rel.plt
 *(.rel.plt)

.rela.plt
 *(.rela.plt)

.text           0x0000000000000000     0x6186
 *(.vectors)
 .vectors       0x0000000000000000       0xac /usr/local/Cellar/avr-gcc@7/7.4.0/lib/avr-gcc/7/gcc/avr/7.4.0/../../../../../../avr/lib/avr5/crtatmega32u4.o
                0x0000000000000000                __vectors
                0x0000000000000000                __vector_default
 *(.vectors)
 *(.progmem.gcc*)
                0x00000000000000ac                . = ALIGN (0x2)
                0x00000000000000ac                __trampolines_start = .
 *(.trampolines)
 .trampolines   0x00000000000000ac        0x0 linker stubs
 *(.trampolines*)
                0x00000000000000ac                __trampolines_end = .
 *libprintf_flt.a:*(.progmem.data)
 *libc.a:*(.progmem.data)
 *(.progmem.*)
 .progmem.data.font
                0x00000000000000ac      0x540 .build/obj_lily58_rev1_default/./lib/glcdfont.o
                0x00000000000000ac                font
 .progmem.data.keymaps
                0x00000000000005ec      0x1e0 .build/obj_lily58_rev1_default/keyboards/lily58/keymaps/default/keymap.o
                0x00000000000005ec                keymaps
 .progmem.data.fn_actions
                0x00000000000007cc        0x0 .build/obj_lily58_rev1_default/quantum/keymap_common.o
                0x00000000000007cc                fn_actions
 .progmem.data.RGBLED_RGBTEST_INTERVALS
                0x00000000000007cc        0x2 .build/obj_lily58_rev1_default/quantum/rgblight.o
                0x00000000000007cc                RGBLED_RGBTEST_INTERVALS
 .progmem.data.RGBLED_KNIGHT_INTERVALS
                0x00000000000007ce        0x3 .build/obj_lily58_rev1_default/quantum/rgblight.o
                0x00000000000007ce                RGBLED_KNIGHT_INTERVALS
 .progmem.data.RGBLED_SNAKE_INTERVALS
                0x00000000000007d1        0x3 .build/obj_lily58_rev1_default/quantum/rgblight.o
                0x00000000000007d1                RGBLED_SNAKE_INTERVALS
 .progmem.data.RGBLED_RAINBOW_SWIRL_INTERVALS
                0x00000000000007d4        0x3 .build/obj_lily58_rev1_default/quantum/rgblight.o
                0x00000000000007d4                RGBLED_RAINBOW_SWIRL_INTERVALS
 .progmem.data.RGBLED_RAINBOW_MOOD_INTERVALS
                0x00000000000007d7        0x3 .build/obj_lily58_rev1_default/quantum/rgblight.o
                0x00000000000007d7                RGBLED_RAINBOW_MOOD_INTERVALS
 .progmem.data.RGBLED_BREATHING_INTERVALS
                0x00000000000007da        0x4 .build/obj_lily58_rev1_default/quantum/rgblight.o
                0x00000000000007da                RGBLED_BREATHING_INTERVALS
 .progmem.data.rgblight_effect_breathe_table
                0x00000000000007de      0x100 .build/obj_lily58_rev1_default/quantum/rgblight.o
                0x00000000000007de                rgblight_effect_breathe_table
 .progmem.data.RGBLED_GRADIENT_RANGES
                0x00000000000008de        0x5 .build/obj_lily58_rev1_default/quantum/rgblight.o
                0x00000000000008de                RGBLED_GRADIENT_RANGES
 .progmem.data.CIE1931_CURVE
                0x00000000000008e3      0x100 .build/obj_lily58_rev1_default/quantum/led_tables.o
                0x00000000000008e3                CIE1931_CURVE
 .progmem.data.SerialNumberString
                0x00000000000009e3        0x6 .build/obj_lily58_rev1_default/usb_descriptor.o
                0x00000000000009e3                SerialNumberString
 .progmem.data.ProductString
                0x00000000000009e9       0x10 .build/obj_lily58_rev1_default/usb_descriptor.o
                0x00000000000009e9                ProductString
 .progmem.data.ManufacturerString
                0x00000000000009f9       0x14 .build/obj_lily58_rev1_default/usb_descriptor.o
                0x00000000000009f9                ManufacturerString
 .progmem.data.LanguageString
                0x0000000000000a0d        0x4 .build/obj_lily58_rev1_default/usb_descriptor.o
                0x0000000000000a0d                LanguageString
 .progmem.data.ConfigurationDescriptor
                0x0000000000000a11       0x22 .build/obj_lily58_rev1_default/usb_descriptor.o
                0x0000000000000a11                ConfigurationDescriptor
 .progmem.data.DeviceDescriptor
                0x0000000000000a33       0x12 .build/obj_lily58_rev1_default/usb_descriptor.o
                0x0000000000000a33                DeviceDescriptor
 .progmem.data.KeyboardReport
                0x0000000000000a45       0x40 .build/obj_lily58_rev1_default/usb_descriptor.o
                0x0000000000000a45                KeyboardReport
                0x0000000000000a86                . = ALIGN (0x2)
 *fill*         0x0000000000000a85        0x1 
 *(.lowtext)
 *(.lowtext*)
                0x0000000000000a86                __ctors_start = .
 *(.ctors)
                0x0000000000000a86                __ctors_end = .
                0x0000000000000a86                __dtors_start = .
 *(.dtors)
                0x0000000000000a86                __dtors_end = .
 SORT_BY_NAME(*)(.ctors)
 SORT_BY_NAME(*)(.dtors)
 *(.init0)
 .init0         0x0000000000000a86        0x0 /usr/local/Cellar/avr-gcc@7/7.4.0/lib/avr-gcc/7/gcc/avr/7.4.0/../../../../../../avr/lib/avr5/crtatmega32u4.o
                0x0000000000000a86                __init
 *(.init0)
 *(.init1)
 *(.init1)
 *(.init2)
 .init2         0x0000000000000a86        0xc /usr/local/Cellar/avr-gcc@7/7.4.0/lib/avr-gcc/7/gcc/avr/7.4.0/../../../../../../avr/lib/avr5/crtatmega32u4.o
 *(.init2)
 *(.init3)
 .init3         0x0000000000000a92       0x54 .build/obj_lily58_rev1_default/common/avr/bootloader.o
                0x0000000000000a92                bootloader_jump_after_watchdog_reset
 *(.init3)
 *(.init4)
 .init4         0x0000000000000ae6       0x16 /usr/local/Cellar/avr-gcc@7/7.4.0/lib/avr-gcc/7/gcc/avr/7.4.0/avr5/libgcc.a(_copy_data.o)
                0x0000000000000ae6                __do_copy_data
 .init4         0x0000000000000afc       0x10 /usr/local/Cellar/avr-gcc@7/7.4.0/lib/avr-gcc/7/gcc/avr/7.4.0/avr5/libgcc.a(_clear_bss.o)
                0x0000000000000afc                __do_clear_bss
 *(.init4)
 *(.init5)
 *(.init5)
 *(.init6)
 *(.init6)
 *(.init7)
 *(.init7)
 *(.init8)
 *(.init8)
 *(.init9)
 .init9         0x0000000000000b0c        0x8 /usr/local/Cellar/avr-gcc@7/7.4.0/lib/avr-gcc/7/gcc/avr/7.4.0/../../../../../../avr/lib/avr5/crtatmega32u4.o
 *(.init9)
 *(.text)
 .text          0x0000000000000b14        0x4 /usr/local/Cellar/avr-gcc@7/7.4.0/lib/avr-gcc/7/gcc/avr/7.4.0/../../../../../../avr/lib/avr5/crtatmega32u4.o
                0x0000000000000b14                __vector_42
                0x0000000000000b14                __vector_22
                0x0000000000000b14                __vector_28
                0x0000000000000b14                __vector_1
                0x0000000000000b14                __vector_32
                0x0000000000000b14                __vector_34
                0x0000000000000b14                __vector_24
                0x0000000000000b14                __bad_interrupt
                0x0000000000000b14                __vector_6
                0x0000000000000b14                __vector_31
                0x0000000000000b14                __vector_35
                0x0000000000000b14                __vector_39
                0x0000000000000b14                __vector_23
                0x0000000000000b14                __vector_30
                0x0000000000000b14                __vector_25
                0x0000000000000b14                __vector_13
                0x0000000000000b14                __vector_17
                0x0000000000000b14                __vector_19
                0x0000000000000b14                __vector_7
                0x0000000000000b14                __vector_41
                0x0000000000000b14                __vector_27
                0x0000000000000b14                __vector_5
                0x0000000000000b14                __vector_33
                0x0000000000000b14                __vector_37
                0x0000000000000b14                __vector_4
                0x0000000000000b14                __vector_9
                0x0000000000000b14                __vector_2
                0x0000000000000b14                __vector_15
                0x0000000000000b14                __vector_29
                0x0000000000000b14                __vector_40
                0x0000000000000b14                __vector_8
                0x0000000000000b14                __vector_26
                0x0000000000000b14                __vector_14
                0x0000000000000b14                __vector_16
                0x0000000000000b14                __vector_18
                0x0000000000000b14                __vector_20
                0x0000000000000b14                __vector_38
                0x0000000000000b18                . = ALIGN (0x2)
 *(.text.*)
 .text.i2c_delay
                0x0000000000000b18       0x12 .build/obj_lily58_rev1_default/i2c.o
 .text.i2c_master_init
                0x0000000000000b2a        0xc .build/obj_lily58_rev1_default/i2c.o
                0x0000000000000b2a                i2c_master_init
 .text.i2c_master_start
                0x0000000000000b36       0x4e .build/obj_lily58_rev1_default/i2c.o
                0x0000000000000b36                i2c_master_start
 .text.i2c_master_stop
                0x0000000000000b84       0x18 .build/obj_lily58_rev1_default/i2c.o
                0x0000000000000b84                i2c_master_stop
 .text.i2c_master_write
                0x0000000000000b9c       0x1e .build/obj_lily58_rev1_default/i2c.o
                0x0000000000000b9c                i2c_master_write
 .text.__vector_36
                0x0000000000000bba       0xc2 .build/obj_lily58_rev1_default/i2c.o
                0x0000000000000bba                __vector_36
 .text.sync_recv
                0x0000000000000c7c       0x10 .build/obj_lily58_rev1_default/serial.o
 .text.sync_send
                0x0000000000000c8c        0xc .build/obj_lily58_rev1_default/serial.o
 .text.serial_read_chunk
                0x0000000000000c98       0x5a .build/obj_lily58_rev1_default/serial.o
 .text.serial_recive_packet
                0x0000000000000cf2       0x50 .build/obj_lily58_rev1_default/serial.o
 .text.soft_serial_initiator_init
                0x0000000000000d42       0x12 .build/obj_lily58_rev1_default/serial.o
                0x0000000000000d42                soft_serial_initiator_init
 .text.soft_serial_target_init
                0x0000000000000d54       0x1e .build/obj_lily58_rev1_default/serial.o
                0x0000000000000d54                soft_serial_target_init
 .text.serial_write_chunk
                0x0000000000000d72       0x42 .build/obj_lily58_rev1_default/serial.o
                0x0000000000000d72                serial_write_chunk
 .text.serial_send_packet
                0x0000000000000db4       0x34 .build/obj_lily58_rev1_default/serial.o
 .text.__vector_3
                0x0000000000000de8      0x11e .build/obj_lily58_rev1_default/serial.o
                0x0000000000000de8                __vector_3
 .text.soft_serial_transaction
                0x0000000000000f06       0xfc .build/obj_lily58_rev1_default/serial.o
                0x0000000000000f06                soft_serial_transaction
 .text._send_cmd1
                0x0000000000001002       0x32 .build/obj_lily58_rev1_default/ssd1306.o
 .text._send_cmd2
                0x0000000000001034       0x1a .build/obj_lily58_rev1_default/ssd1306.o
 .text._send_cmd3.constprop.1
                0x000000000000104e       0x24 .build/obj_lily58_rev1_default/ssd1306.o
 .text.iota_gfx_off
                0x0000000000001072        0x6 .build/obj_lily58_rev1_default/ssd1306.o
                0x0000000000001072                iota_gfx_off
 .text.iota_gfx_on
                0x0000000000001078        0x6 .build/obj_lily58_rev1_default/ssd1306.o
                0x0000000000001078                iota_gfx_on
 .text.matrix_write_char_inner
                0x000000000000107e       0x68 .build/obj_lily58_rev1_default/ssd1306.o
                0x000000000000107e                matrix_write_char_inner
 .text.matrix_write_char
                0x00000000000010e6       0x4e .build/obj_lily58_rev1_default/ssd1306.o
                0x00000000000010e6                matrix_write_char
 .text.matrix_write
                0x0000000000001134       0x3c .build/obj_lily58_rev1_default/ssd1306.o
                0x0000000000001134                matrix_write
 .text.matrix_write_ln
                0x0000000000001170       0x92 .build/obj_lily58_rev1_default/ssd1306.o
                0x0000000000001170                matrix_write_ln
 .text.matrix_clear
                0x0000000000001202       0x2a .build/obj_lily58_rev1_default/ssd1306.o
                0x0000000000001202                matrix_clear
 .text.matrix_render
                0x000000000000122c       0xd4 .build/obj_lily58_rev1_default/ssd1306.o
                0x000000000000122c                matrix_render
 .text.iota_gfx_flush
                0x0000000000001300        0x8 .build/obj_lily58_rev1_default/ssd1306.o
                0x0000000000001300                iota_gfx_flush
 .text.iota_gfx_init
                0x0000000000001308      0x162 .build/obj_lily58_rev1_default/ssd1306.o
                0x0000000000001308                iota_gfx_init
 .text.iota_gfx_task
                0x000000000000146a       0x34 .build/obj_lily58_rev1_default/ssd1306.o
                0x000000000000146a                iota_gfx_task
 .text.process_record_gfx
                0x000000000000149e        0x8 .build/obj_lily58_rev1_default/ssd1306.o
                0x000000000000149e                process_record_gfx
 .text.unselect_rows
                0x00000000000014a6       0x42 .build/obj_lily58_rev1_default/rev1/matrix.o
 .text.matrix_init_kb
                0x00000000000014e8        0x4 .build/obj_lily58_rev1_default/rev1/matrix.o
                0x00000000000014e8                matrix_init_kb
 .text.matrix_scan_kb
                0x00000000000014ec        0x4 .build/obj_lily58_rev1_default/rev1/matrix.o
                0x00000000000014ec                matrix_scan_kb
 .text.matrix_init
                0x00000000000014f0       0x6e .build/obj_lily58_rev1_default/rev1/matrix.o
                0x00000000000014f0                matrix_init
 .text._matrix_scan
                0x000000000000155e      0x128 .build/obj_lily58_rev1_default/rev1/matrix.o
                0x000000000000155e                _matrix_scan
 .text.serial_transaction
                0x0000000000001686       0x44 .build/obj_lily58_rev1_default/rev1/matrix.o
                0x0000000000001686                serial_transaction
 .text.matrix_slave_scan
                0x00000000000016ca       0x42 .build/obj_lily58_rev1_default/rev1/matrix.o
                0x00000000000016ca                matrix_slave_scan
 .text.matrix_scan
                0x000000000000170c       0xb6 .build/obj_lily58_rev1_default/rev1/matrix.o
                0x000000000000170c                matrix_scan
 .text.matrix_get_row
                0x00000000000017c2        0xc .build/obj_lily58_rev1_default/rev1/matrix.o
                0x00000000000017c2                matrix_get_row
 .text.matrix_print
                0x00000000000017ce        0x2 .build/obj_lily58_rev1_default/rev1/matrix.o
                0x00000000000017ce                matrix_print
 .text.has_usb  0x00000000000017d0       0x1a .build/obj_lily58_rev1_default/rev1/split_util.o
                0x00000000000017d0                has_usb
 .text.split_keyboard_setup
                0x00000000000017ea       0x1a .build/obj_lily58_rev1_default/rev1/split_util.o
                0x00000000000017ea                split_keyboard_setup
 .text.matrix_setup
                0x0000000000001804        0x4 .build/obj_lily58_rev1_default/rev1/split_util.o
                0x0000000000001804                matrix_setup
 .text.serial_master_init
                0x0000000000001808        0xc .build/obj_lily58_rev1_default/rev1/split_scomm.o
                0x0000000000001808                serial_master_init
 .text.serial_slave_init
                0x0000000000001814        0xc .build/obj_lily58_rev1_default/rev1/split_scomm.o
                0x0000000000001814                serial_slave_init
 .text.serial_update_buffers
                0x0000000000001820       0x7c .build/obj_lily58_rev1_default/rev1/split_scomm.o
                0x0000000000001820                serial_update_buffers
 .text.read_layer_state
                0x000000000000189c       0x98 .build/obj_lily58_rev1_default/./lib/layer_state_reader.o
                0x000000000000189c                read_layer_state
 .text.read_logo
                0x0000000000001934        0x6 .build/obj_lily58_rev1_default/./lib/logo_reader.o
                0x0000000000001934                read_logo
 .text.set_keylog
                0x000000000000193a       0x96 .build/obj_lily58_rev1_default/./lib/keylogger.o
                0x000000000000193a                set_keylog
 .text.read_keylog
                0x00000000000019d0        0x6 .build/obj_lily58_rev1_default/./lib/keylogger.o
                0x00000000000019d0                read_keylog
 .text.read_keylogs
                0x00000000000019d6        0x6 .build/obj_lily58_rev1_default/./lib/keylogger.o
                0x00000000000019d6                read_keylogs
 .text.process_record_kb
                0x00000000000019dc       0x2c .build/obj_lily58_rev1_default/keyboards/lily58/lily58.o
                0x00000000000019dc                process_record_kb
 .text.led_set_kb
                0x0000000000001a08        0x2 .build/obj_lily58_rev1_default/keyboards/lily58/rev1/rev1.o
                0x0000000000001a08                led_set_kb
 .text.update_tri_layer_RGB
                0x0000000000001a0a       0xa2 .build/obj_lily58_rev1_default/keyboards/lily58/keymaps/default/keymap.o
                0x0000000000001a0a                update_tri_layer_RGB
 .text.matrix_init_user
                0x0000000000001aac       0x1c .build/obj_lily58_rev1_default/keyboards/lily58/keymaps/default/keymap.o
                0x0000000000001aac                matrix_init_user
 .text.matrix_scan_user
                0x0000000000001ac8        0x4 .build/obj_lily58_rev1_default/keyboards/lily58/keymaps/default/keymap.o
                0x0000000000001ac8                matrix_scan_user
 .text.matrix_render_user
                0x0000000000001acc       0x46 .build/obj_lily58_rev1_default/keyboards/lily58/keymaps/default/keymap.o
                0x0000000000001acc                matrix_render_user
 .text.matrix_update
                0x0000000000001b12       0x38 .build/obj_lily58_rev1_default/keyboards/lily58/keymaps/default/keymap.o
                0x0000000000001b12                matrix_update
 .text.iota_gfx_task_user
                0x0000000000001b4a       0x48 .build/obj_lily58_rev1_default/keyboards/lily58/keymaps/default/keymap.o
                0x0000000000001b4a                iota_gfx_task_user
 .text.process_record_user
                0x0000000000001b92       0x96 .build/obj_lily58_rev1_default/keyboards/lily58/keymaps/default/keymap.o
                0x0000000000001b92                process_record_user
 .text.process_action_kb
                0x0000000000001c28        0x4 .build/obj_lily58_rev1_default/quantum/quantum.o
                0x0000000000001c28                process_action_kb
 .text.get_event_keycode
                0x0000000000001c2c       0x62 .build/obj_lily58_rev1_default/quantum/quantum.o
                0x0000000000001c2c                get_event_keycode
 .text.get_record_keycode
                0x0000000000001c8e       0x10 .build/obj_lily58_rev1_default/quantum/quantum.o
                0x0000000000001c8e                get_record_keycode
 .text.set_single_persistent_default_layer
                0x0000000000001c9e       0x26 .build/obj_lily58_rev1_default/quantum/quantum.o
                0x0000000000001c9e                set_single_persistent_default_layer
 .text.matrix_init_quantum
                0x0000000000001cc4       0x10 .build/obj_lily58_rev1_default/quantum/quantum.o
                0x0000000000001cc4                matrix_init_quantum
 .text.matrix_scan_quantum
                0x0000000000001cd4        0x4 .build/obj_lily58_rev1_default/quantum/quantum.o
                0x0000000000001cd4                matrix_scan_quantum
 .text.led_set  0x0000000000001cd8        0x4 .build/obj_lily58_rev1_default/quantum/quantum.o
                0x0000000000001cd8                led_set
 .text.shutdown_user
                0x0000000000001cdc        0x2 .build/obj_lily58_rev1_default/quantum/quantum.o
                0x0000000000001cdc                shutdown_user
 .text.reset_keyboard
                0x0000000000001cde       0x2a .build/obj_lily58_rev1_default/quantum/quantum.o
                0x0000000000001cde                reset_keyboard
 .text.process_record_quantum
                0x0000000000001d08      0x544 .build/obj_lily58_rev1_default/quantum/quantum.o
                0x0000000000001d08                process_record_quantum
 .text.keymap_key_to_keycode
                0x000000000000224c       0x28 .build/obj_lily58_rev1_default/quantum/keymap_common.o
                0x000000000000224c                keymap_key_to_keycode
 .text.keymap_function_id_to_action
                0x0000000000002274       0x10 .build/obj_lily58_rev1_default/quantum/keymap_common.o
                0x0000000000002274                keymap_function_id_to_action
 .text.action_for_key
                0x0000000000002284      0x374 .build/obj_lily58_rev1_default/quantum/keymap_common.o
                0x0000000000002284                action_for_key
 .text.keycode_config
                0x00000000000025f8      0x136 .build/obj_lily58_rev1_default/quantum/keycode_config.o
                0x00000000000025f8                keycode_config
 .text.mod_config
                0x000000000000272e       0x86 .build/obj_lily58_rev1_default/quantum/keycode_config.o
                0x000000000000272e                mod_config
 .text.hsv_to_rgb
                0x00000000000027b4      0x122 .build/obj_lily58_rev1_default/quantum/color.o
                0x00000000000027b4                hsv_to_rgb
 .text.rgblight_effect_dummy
                0x00000000000028d6        0x2 .build/obj_lily58_rev1_default/quantum/rgblight.o
 .text.sethsv_raw
                0x00000000000028d8       0x1c .build/obj_lily58_rev1_default/quantum/rgblight.o
                0x00000000000028d8                sethsv_raw
 .text.sethsv   0x00000000000028f4        0xa .build/obj_lily58_rev1_default/quantum/rgblight.o
                0x00000000000028f4                sethsv
 .text.rgblight_check_config
                0x00000000000028fe       0x2c .build/obj_lily58_rev1_default/quantum/rgblight.o
                0x00000000000028fe                rgblight_check_config
 .text.eeconfig_read_rgblight
                0x000000000000292a        0x8 .build/obj_lily58_rev1_default/quantum/rgblight.o
                0x000000000000292a                eeconfig_read_rgblight
 .text.eeconfig_update_rgblight
                0x0000000000002932       0x24 .build/obj_lily58_rev1_default/quantum/rgblight.o
                0x0000000000002932                eeconfig_update_rgblight
 .text.eeconfig_update_rgblight_default
                0x0000000000002956       0x20 .build/obj_lily58_rev1_default/quantum/rgblight.o
                0x0000000000002956                eeconfig_update_rgblight_default
 .text.rgblight_get_mode
                0x0000000000002976       0x10 .build/obj_lily58_rev1_default/quantum/rgblight.o
                0x0000000000002976                rgblight_get_mode
 .text.rgblight_increase_speed
                0x0000000000002986       0x22 .build/obj_lily58_rev1_default/quantum/rgblight.o
                0x0000000000002986                rgblight_increase_speed
 .text.rgblight_decrease_speed
                0x00000000000029a8       0x22 .build/obj_lily58_rev1_default/quantum/rgblight.o
                0x00000000000029a8                rgblight_decrease_speed
 .text.rgblight_set
                0x00000000000029ca       0x46 .build/obj_lily58_rev1_default/quantum/rgblight.o
                0x00000000000029ca                rgblight_set
 .text.rgblight_setrgb
                0x0000000000002a10       0x32 .build/obj_lily58_rev1_default/quantum/rgblight.o
                0x0000000000002a10                rgblight_setrgb
 .text.rgblight_sethsv_noeeprom_old
                0x0000000000002a42       0x34 .build/obj_lily58_rev1_default/quantum/rgblight.o
                0x0000000000002a42                rgblight_sethsv_noeeprom_old
 .text.rgblight_effect_breathing
                0x0000000000002a76       0x28 .build/obj_lily58_rev1_default/quantum/rgblight.o
                0x0000000000002a76                rgblight_effect_breathing
 .text.rgblight_effect_rainbow_mood
                0x0000000000002a9e       0x20 .build/obj_lily58_rev1_default/quantum/rgblight.o
                0x0000000000002a9e                rgblight_effect_rainbow_mood
 .text.rgblight_effect_rgbtest
                0x0000000000002abe       0x7e .build/obj_lily58_rev1_default/quantum/rgblight.o
                0x0000000000002abe                rgblight_effect_rgbtest
 .text.rgblight_sethsv_eeprom_helper
                0x0000000000002b3c      0x124 .build/obj_lily58_rev1_default/quantum/rgblight.o
                0x0000000000002b3c                rgblight_sethsv_eeprom_helper
 .text.rgblight_increase_hue_helper
                0x0000000000002c60       0x14 .build/obj_lily58_rev1_default/quantum/rgblight.o
                0x0000000000002c60                rgblight_increase_hue_helper
 .text.rgblight_increase_hue
                0x0000000000002c74        0x6 .build/obj_lily58_rev1_default/quantum/rgblight.o
                0x0000000000002c74                rgblight_increase_hue
 .text.rgblight_decrease_hue_helper
                0x0000000000002c7a       0x14 .build/obj_lily58_rev1_default/quantum/rgblight.o
                0x0000000000002c7a                rgblight_decrease_hue_helper
 .text.rgblight_decrease_hue
                0x0000000000002c8e        0x6 .build/obj_lily58_rev1_default/quantum/rgblight.o
                0x0000000000002c8e                rgblight_decrease_hue
 .text.rgblight_increase_sat_helper
                0x0000000000002c94       0x18 .build/obj_lily58_rev1_default/quantum/rgblight.o
                0x0000000000002c94                rgblight_increase_sat_helper
 .text.rgblight_increase_sat
                0x0000000000002cac        0x6 .build/obj_lily58_rev1_default/quantum/rgblight.o
                0x0000000000002cac                rgblight_increase_sat
 .text.rgblight_decrease_sat_helper
                0x0000000000002cb2       0x18 .build/obj_lily58_rev1_default/quantum/rgblight.o
                0x0000000000002cb2                rgblight_decrease_sat_helper
 .text.rgblight_decrease_sat
                0x0000000000002cca        0x6 .build/obj_lily58_rev1_default/quantum/rgblight.o
                0x0000000000002cca                rgblight_decrease_sat
 .text.rgblight_increase_val_helper
                0x0000000000002cd0       0x18 .build/obj_lily58_rev1_default/quantum/rgblight.o
                0x0000000000002cd0                rgblight_increase_val_helper
 .text.rgblight_increase_val
                0x0000000000002ce8        0x6 .build/obj_lily58_rev1_default/quantum/rgblight.o
                0x0000000000002ce8                rgblight_increase_val
 .text.rgblight_decrease_val_helper
                0x0000000000002cee       0x18 .build/obj_lily58_rev1_default/quantum/rgblight.o
                0x0000000000002cee                rgblight_decrease_val_helper
 .text.rgblight_decrease_val
                0x0000000000002d06        0x6 .build/obj_lily58_rev1_default/quantum/rgblight.o
                0x0000000000002d06                rgblight_decrease_val
 .text.rgblight_sethsv_noeeprom
                0x0000000000002d0c        0x6 .build/obj_lily58_rev1_default/quantum/rgblight.o
                0x0000000000002d0c                rgblight_sethsv_noeeprom
 .text.rgblight_effect_rainbow_swirl
                0x0000000000002d12       0x7a .build/obj_lily58_rev1_default/quantum/rgblight.o
                0x0000000000002d12                rgblight_effect_rainbow_swirl
 .text.rgblight_effect_snake
                0x0000000000002d8c       0xde .build/obj_lily58_rev1_default/quantum/rgblight.o
                0x0000000000002d8c                rgblight_effect_snake
 .text.rgblight_effect_knight
                0x0000000000002e6a       0xe6 .build/obj_lily58_rev1_default/quantum/rgblight.o
                0x0000000000002e6a                rgblight_effect_knight
 .text.rgblight_effect_christmas
                0x0000000000002f50       0x76 .build/obj_lily58_rev1_default/quantum/rgblight.o
                0x0000000000002f50                rgblight_effect_christmas
 .text.rgblight_effect_alternating
                0x0000000000002fc6       0x7a .build/obj_lily58_rev1_default/quantum/rgblight.o
                0x0000000000002fc6                rgblight_effect_alternating
 .text.rgblight_disable
                0x0000000000003040       0x30 .build/obj_lily58_rev1_default/quantum/rgblight.o
                0x0000000000003040                rgblight_disable
 .text.rgblight_timer_enable
                0x0000000000003070       0x2c .build/obj_lily58_rev1_default/quantum/rgblight.o
                0x0000000000003070                rgblight_timer_enable
 .text.rgblight_mode_eeprom_helper
                0x000000000000309c       0x74 .build/obj_lily58_rev1_default/quantum/rgblight.o
                0x000000000000309c                rgblight_mode_eeprom_helper
 .text.rgblight_step_helper
                0x0000000000003110       0x16 .build/obj_lily58_rev1_default/quantum/rgblight.o
                0x0000000000003110                rgblight_step_helper
 .text.rgblight_step
                0x0000000000003126        0x6 .build/obj_lily58_rev1_default/quantum/rgblight.o
                0x0000000000003126                rgblight_step
 .text.rgblight_step_reverse_helper
                0x000000000000312c       0x14 .build/obj_lily58_rev1_default/quantum/rgblight.o
                0x000000000000312c                rgblight_step_reverse_helper
 .text.rgblight_step_reverse
                0x0000000000003140        0x6 .build/obj_lily58_rev1_default/quantum/rgblight.o
                0x0000000000003140                rgblight_step_reverse
 .text.rgblight_mode
                0x0000000000003146        0x6 .build/obj_lily58_rev1_default/quantum/rgblight.o
                0x0000000000003146                rgblight_mode
 .text.rgblight_enable
                0x000000000000314c       0x10 .build/obj_lily58_rev1_default/quantum/rgblight.o
                0x000000000000314c                rgblight_enable
 .text.rgblight_toggle
                0x000000000000315c        0xe .build/obj_lily58_rev1_default/quantum/rgblight.o
                0x000000000000315c                rgblight_toggle
 .text.rgblight_mode_noeeprom
                0x000000000000316a        0x6 .build/obj_lily58_rev1_default/quantum/rgblight.o
                0x000000000000316a                rgblight_mode_noeeprom
 .text.rgblight_init
                0x0000000000003170       0x70 .build/obj_lily58_rev1_default/quantum/rgblight.o
                0x0000000000003170                rgblight_init
 .text.rgblight_task
                0x00000000000031e0      0x136 .build/obj_lily58_rev1_default/quantum/rgblight.o
                0x00000000000031e0                rgblight_task
 .text.ws2812_sendarray_mask
                0x0000000000003316       0x42 .build/obj_lily58_rev1_default/ws2812.o
                0x0000000000003316                ws2812_sendarray_mask
 .text.ws2812_setleds_pin
                0x0000000000003358       0x22 .build/obj_lily58_rev1_default/ws2812.o
                0x0000000000003358                ws2812_setleds_pin
 .text.ws2812_setleds
                0x000000000000337a        0x6 .build/obj_lily58_rev1_default/ws2812.o
                0x000000000000337a                ws2812_setleds
 .text.perform_space_cadet
                0x0000000000003380       0xe8 .build/obj_lily58_rev1_default/quantum/process_keycode/process_space_cadet.o
                0x0000000000003380                perform_space_cadet
 .text.process_space_cadet
                0x0000000000003468       0x82 .build/obj_lily58_rev1_default/quantum/process_keycode/process_space_cadet.o
                0x0000000000003468                process_space_cadet
 .text.host_set_driver
                0x00000000000034ea        0xa .build/obj_lily58_rev1_default/common/host.o
                0x00000000000034ea                host_set_driver
 .text.host_keyboard_leds
                0x00000000000034f4       0x18 .build/obj_lily58_rev1_default/common/host.o
                0x00000000000034f4                host_keyboard_leds
 .text.host_keyboard_send
                0x000000000000350c       0x16 .build/obj_lily58_rev1_default/common/host.o
                0x000000000000350c                host_keyboard_send
 .text.host_system_send
                0x0000000000003522       0x2c .build/obj_lily58_rev1_default/common/host.o
                0x0000000000003522                host_system_send
 .text.host_consumer_send
                0x000000000000354e       0x2c .build/obj_lily58_rev1_default/common/host.o
                0x000000000000354e                host_consumer_send
 .text.disable_jtag
                0x000000000000357a        0xe .build/obj_lily58_rev1_default/common/keyboard.o
                0x000000000000357a                disable_jtag
 .text.keyboard_pre_init_user
                0x0000000000003588        0x2 .build/obj_lily58_rev1_default/common/keyboard.o
                0x0000000000003588                keyboard_pre_init_user
 .text.keyboard_pre_init_kb
                0x000000000000358a        0x4 .build/obj_lily58_rev1_default/common/keyboard.o
                0x000000000000358a                keyboard_pre_init_kb
 .text.keyboard_post_init_user
                0x000000000000358e        0x2 .build/obj_lily58_rev1_default/common/keyboard.o
                0x000000000000358e                keyboard_post_init_user
 .text.keyboard_post_init_kb
                0x0000000000003590        0x4 .build/obj_lily58_rev1_default/common/keyboard.o
                0x0000000000003590                keyboard_post_init_kb
 .text.keyboard_setup
                0x0000000000003594        0xc .build/obj_lily58_rev1_default/common/keyboard.o
                0x0000000000003594                keyboard_setup
 .text.is_keyboard_master
                0x00000000000035a0        0x4 .build/obj_lily58_rev1_default/common/keyboard.o
                0x00000000000035a0                is_keyboard_master
 .text.keyboard_init
                0x00000000000035a4       0x14 .build/obj_lily58_rev1_default/common/keyboard.o
                0x00000000000035a4                keyboard_init
 .text.keyboard_task
                0x00000000000035b8      0x150 .build/obj_lily58_rev1_default/common/keyboard.o
                0x00000000000035b8                keyboard_task
 .text.action_exec
                0x0000000000003708       0x54 .build/obj_lily58_rev1_default/common/action.o
                0x0000000000003708                action_exec
 .text.process_record_tap_hint
                0x000000000000375c        0xa .build/obj_lily58_rev1_default/common/action.o
                0x000000000000375c                process_record_tap_hint
 .text.register_code
                0x0000000000003766      0x17e .build/obj_lily58_rev1_default/common/action.o
                0x0000000000003766                register_code
 .text.unregister_code
                0x00000000000038e4       0x50 .build/obj_lily58_rev1_default/common/action.o
                0x00000000000038e4                unregister_code
 .text.tap_code
                0x0000000000003934       0x26 .build/obj_lily58_rev1_default/common/action.o
                0x0000000000003934                tap_code
 .text.register_mods
                0x000000000000395a        0xe .build/obj_lily58_rev1_default/common/action.o
                0x000000000000395a                register_mods
 .text.unregister_mods
                0x0000000000003968        0xe .build/obj_lily58_rev1_default/common/action.o
                0x0000000000003968                unregister_mods
 .text.process_action
                0x0000000000003976      0x3e6 .build/obj_lily58_rev1_default/common/action.o
                0x0000000000003976                process_action
 .text.process_record
                0x0000000000003d5c       0x62 .build/obj_lily58_rev1_default/common/action.o
                0x0000000000003d5c                process_record
 .text.clear_keyboard_but_mods_and_keys
                0x0000000000003dbe        0xc .build/obj_lily58_rev1_default/common/action.o
                0x0000000000003dbe                clear_keyboard_but_mods_and_keys
 .text.clear_keyboard_but_mods
                0x0000000000003dca        0x8 .build/obj_lily58_rev1_default/common/action.o
                0x0000000000003dca                clear_keyboard_but_mods
 .text.clear_keyboard
                0x0000000000003dd2        0x8 .build/obj_lily58_rev1_default/common/action.o
                0x0000000000003dd2                clear_keyboard
 .text.is_tap_action
                0x0000000000003dda       0x5a .build/obj_lily58_rev1_default/common/action.o
                0x0000000000003dda                is_tap_action
 .text.is_tap_key
                0x0000000000003e34        0x8 .build/obj_lily58_rev1_default/common/action.o
                0x0000000000003e34                is_tap_key
 .text.debug_event
                0x0000000000003e3c       0x1e .build/obj_lily58_rev1_default/common/action.o
                0x0000000000003e3c                debug_event
 .text.debug_record
                0x0000000000003e5a       0x20 .build/obj_lily58_rev1_default/common/action.o
                0x0000000000003e5a                debug_record
 .text.debug_waiting_buffer
                0x0000000000003e7a       0x42 .build/obj_lily58_rev1_default/common/action_tapping.o
 .text.debug_tapping_key
                0x0000000000003ebc       0x1c .build/obj_lily58_rev1_default/common/action_tapping.o
 .text.waiting_buffer_scan_tap
                0x0000000000003ed8       0xd6 .build/obj_lily58_rev1_default/common/action_tapping.o
 .text.process_tapping
                0x0000000000003fae      0x376 .build/obj_lily58_rev1_default/common/action_tapping.o
 .text.action_tapping_process
                0x0000000000004324      0x152 .build/obj_lily58_rev1_default/common/action_tapping.o
                0x0000000000004324                action_tapping_process
 .text.default_layer_state_set_user
                0x0000000000004476        0x2 .build/obj_lily58_rev1_default/common/action_layer.o
                0x0000000000004476                default_layer_state_set_user
 .text.default_layer_state_set_kb
                0x0000000000004478        0x4 .build/obj_lily58_rev1_default/common/action_layer.o
                0x0000000000004478                default_layer_state_set_kb
 .text.default_layer_state_set
                0x000000000000447c       0x18 .build/obj_lily58_rev1_default/common/action_layer.o
 .text.default_layer_debug
                0x0000000000004494        0x2 .build/obj_lily58_rev1_default/common/action_layer.o
                0x0000000000004494                default_layer_debug
 .text.default_layer_set
                0x0000000000004496        0x4 .build/obj_lily58_rev1_default/common/action_layer.o
                0x0000000000004496                default_layer_set
 .text.default_layer_or
                0x000000000000449a       0x24 .build/obj_lily58_rev1_default/common/action_layer.o
                0x000000000000449a                default_layer_or
 .text.default_layer_and
                0x00000000000044be       0x24 .build/obj_lily58_rev1_default/common/action_layer.o
                0x00000000000044be                default_layer_and
 .text.default_layer_xor
                0x00000000000044e2       0x24 .build/obj_lily58_rev1_default/common/action_layer.o
                0x00000000000044e2                default_layer_xor
 .text.layer_state_set_user
                0x0000000000004506        0x4 .build/obj_lily58_rev1_default/common/action_layer.o
                0x0000000000004506                layer_state_set_user
 .text.layer_state_set_kb
                0x000000000000450a        0x4 .build/obj_lily58_rev1_default/common/action_layer.o
                0x000000000000450a                layer_state_set_kb
 .text.layer_state_set
                0x000000000000450e       0x18 .build/obj_lily58_rev1_default/common/action_layer.o
                0x000000000000450e                layer_state_set
 .text.layer_clear
                0x0000000000004526        0xa .build/obj_lily58_rev1_default/common/action_layer.o
                0x0000000000004526                layer_clear
 .text.layer_move
                0x0000000000004530       0x2a .build/obj_lily58_rev1_default/common/action_layer.o
                0x0000000000004530                layer_move
 .text.layer_on
                0x000000000000455a       0x42 .build/obj_lily58_rev1_default/common/action_layer.o
                0x000000000000455a                layer_on
 .text.layer_off
                0x000000000000459c       0x46 .build/obj_lily58_rev1_default/common/action_layer.o
                0x000000000000459c                layer_off
 .text.layer_invert
                0x00000000000045e2       0x42 .build/obj_lily58_rev1_default/common/action_layer.o
                0x00000000000045e2                layer_invert
 .text.layer_or
                0x0000000000004624       0x24 .build/obj_lily58_rev1_default/common/action_layer.o
                0x0000000000004624                layer_or
 .text.layer_and
                0x0000000000004648       0x24 .build/obj_lily58_rev1_default/common/action_layer.o
                0x0000000000004648                layer_and
 .text.layer_xor
                0x000000000000466c       0x24 .build/obj_lily58_rev1_default/common/action_layer.o
                0x000000000000466c                layer_xor
 .text.layer_debug
                0x0000000000004690        0x2 .build/obj_lily58_rev1_default/common/action_layer.o
                0x0000000000004690                layer_debug
 .text.update_source_layers_cache
                0x0000000000004692       0x60 .build/obj_lily58_rev1_default/common/action_layer.o
                0x0000000000004692                update_source_layers_cache
 .text.read_source_layers_cache
                0x00000000000046f2       0x58 .build/obj_lily58_rev1_default/common/action_layer.o
                0x00000000000046f2                read_source_layers_cache
 .text.layer_switch_get_layer
                0x000000000000474a       0x84 .build/obj_lily58_rev1_default/common/action_layer.o
                0x000000000000474a                layer_switch_get_layer
 .text.layer_switch_get_action
                0x00000000000047ce       0x14 .build/obj_lily58_rev1_default/common/action_layer.o
                0x00000000000047ce                layer_switch_get_action
 .text.store_or_get_action
                0x00000000000047e2       0x48 .build/obj_lily58_rev1_default/common/action_layer.o
                0x00000000000047e2                store_or_get_action
 .text.add_key  0x000000000000482a        0xe .build/obj_lily58_rev1_default/common/action_util.o
                0x000000000000482a                add_key
 .text.del_key  0x0000000000004838        0xe .build/obj_lily58_rev1_default/common/action_util.o
                0x0000000000004838                del_key
 .text.clear_keys
                0x0000000000004846        0xc .build/obj_lily58_rev1_default/common/action_util.o
                0x0000000000004846                clear_keys
 .text.get_oneshot_layer
                0x0000000000004852        0xc .build/obj_lily58_rev1_default/common/action_util.o
                0x0000000000004852                get_oneshot_layer
 .text.get_oneshot_layer_state
                0x000000000000485e        0x8 .build/obj_lily58_rev1_default/common/action_util.o
                0x000000000000485e                get_oneshot_layer_state
 .text.is_oneshot_layer_active
                0x0000000000004866        0xe .build/obj_lily58_rev1_default/common/action_util.o
                0x0000000000004866                is_oneshot_layer_active
 .text.get_mods
                0x0000000000004874        0x6 .build/obj_lily58_rev1_default/common/action_util.o
                0x0000000000004874                get_mods
 .text.add_mods
                0x000000000000487a        0xc .build/obj_lily58_rev1_default/common/action_util.o
                0x000000000000487a                add_mods
 .text.del_mods
                0x0000000000004886       0x10 .build/obj_lily58_rev1_default/common/action_util.o
                0x0000000000004886                del_mods
 .text.clear_mods
                0x0000000000004896        0x6 .build/obj_lily58_rev1_default/common/action_util.o
                0x0000000000004896                clear_mods
 .text.add_weak_mods
                0x000000000000489c        0xc .build/obj_lily58_rev1_default/common/action_util.o
                0x000000000000489c                add_weak_mods
 .text.del_weak_mods
                0x00000000000048a8       0x10 .build/obj_lily58_rev1_default/common/action_util.o
                0x00000000000048a8                del_weak_mods
 .text.clear_weak_mods
                0x00000000000048b8        0x6 .build/obj_lily58_rev1_default/common/action_util.o
                0x00000000000048b8                clear_weak_mods
 .text.clear_macro_mods
                0x00000000000048be        0x6 .build/obj_lily58_rev1_default/common/action_util.o
                0x00000000000048be                clear_macro_mods
 .text.get_oneshot_mods
                0x00000000000048c4        0x6 .build/obj_lily58_rev1_default/common/action_util.o
                0x00000000000048c4                get_oneshot_mods
 .text.oneshot_mods_changed_user
                0x00000000000048ca        0x2 .build/obj_lily58_rev1_default/common/action_util.o
                0x00000000000048ca                oneshot_mods_changed_user
 .text.oneshot_mods_changed_kb
                0x00000000000048cc        0x4 .build/obj_lily58_rev1_default/common/action_util.o
                0x00000000000048cc                oneshot_mods_changed_kb
 .text.set_oneshot_mods
                0x00000000000048d0       0x12 .build/obj_lily58_rev1_default/common/action_util.o
                0x00000000000048d0                set_oneshot_mods
 .text.clear_oneshot_mods
                0x00000000000048e2       0x14 .build/obj_lily58_rev1_default/common/action_util.o
                0x00000000000048e2                clear_oneshot_mods
 .text.send_keyboard_report
                0x00000000000048f6       0x66 .build/obj_lily58_rev1_default/common/action_util.o
                0x00000000000048f6                send_keyboard_report
 .text.oneshot_layer_changed_user
                0x000000000000495c        0x2 .build/obj_lily58_rev1_default/common/action_util.o
                0x000000000000495c                oneshot_layer_changed_user
 .text.oneshot_layer_changed_kb
                0x000000000000495e        0x4 .build/obj_lily58_rev1_default/common/action_util.o
                0x000000000000495e                oneshot_layer_changed_kb
 .text.set_oneshot_layer
                0x0000000000004962       0x20 .build/obj_lily58_rev1_default/common/action_util.o
                0x0000000000004962                set_oneshot_layer
 .text.reset_oneshot_layer
                0x0000000000004982        0xa .build/obj_lily58_rev1_default/common/action_util.o
                0x0000000000004982                reset_oneshot_layer
 .text.clear_oneshot_layer_state
                0x000000000000498c       0x30 .build/obj_lily58_rev1_default/common/action_util.o
                0x000000000000498c                clear_oneshot_layer_state
 .text.eeconfig_is_enabled
                0x00000000000049bc       0x16 .build/obj_lily58_rev1_default/common/eeconfig.o
                0x00000000000049bc                eeconfig_is_enabled
 .text.eeconfig_read_debug
                0x00000000000049d2        0x8 .build/obj_lily58_rev1_default/common/eeconfig.o
                0x00000000000049d2                eeconfig_read_debug
 .text.eeconfig_read_default_layer
                0x00000000000049da        0x8 .build/obj_lily58_rev1_default/common/eeconfig.o
                0x00000000000049da                eeconfig_read_default_layer
 .text.eeconfig_update_default_layer
                0x00000000000049e2        0xa .build/obj_lily58_rev1_default/common/eeconfig.o
                0x00000000000049e2                eeconfig_update_default_layer
 .text.eeconfig_read_keymap
                0x00000000000049ec       0x1c .build/obj_lily58_rev1_default/common/eeconfig.o
                0x00000000000049ec                eeconfig_read_keymap
 .text.eeconfig_update_keymap
                0x0000000000004a08       0x1a .build/obj_lily58_rev1_default/common/eeconfig.o
                0x0000000000004a08                eeconfig_update_keymap
 .text.eeconfig_update_kb
                0x0000000000004a22        0xc .build/obj_lily58_rev1_default/common/eeconfig.o
                0x0000000000004a22                eeconfig_update_kb
 .text.eeconfig_update_user
                0x0000000000004a2e        0xc .build/obj_lily58_rev1_default/common/eeconfig.o
                0x0000000000004a2e                eeconfig_update_user
 .text.eeconfig_init_user
                0x0000000000004a3a        0xa .build/obj_lily58_rev1_default/common/eeconfig.o
                0x0000000000004a3a                eeconfig_init_user
 .text.eeconfig_init_kb
                0x0000000000004a44        0xe .build/obj_lily58_rev1_default/common/eeconfig.o
                0x0000000000004a44                eeconfig_init_kb
 .text.eeconfig_init_quantum
                0x0000000000004a52       0xae .build/obj_lily58_rev1_default/common/eeconfig.o
                0x0000000000004a52                eeconfig_init_quantum
 .text.eeconfig_init
                0x0000000000004b00        0x4 .build/obj_lily58_rev1_default/common/eeconfig.o
                0x0000000000004b00                eeconfig_init
 .text.has_anykey
                0x0000000000004b04       0x18 .build/obj_lily58_rev1_default/common/report.o
                0x0000000000004b04                has_anykey
 .text.add_key_byte
                0x0000000000004b1c       0x34 .build/obj_lily58_rev1_default/common/report.o
                0x0000000000004b1c                add_key_byte
 .text.del_key_byte
                0x0000000000004b50       0x1a .build/obj_lily58_rev1_default/common/report.o
                0x0000000000004b50                del_key_byte
 .text.add_key_to_report
                0x0000000000004b6a        0x4 .build/obj_lily58_rev1_default/common/report.o
                0x0000000000004b6a                add_key_to_report
 .text.del_key_from_report
                0x0000000000004b6e        0x4 .build/obj_lily58_rev1_default/common/report.o
                0x0000000000004b6e                del_key_from_report
 .text.clear_keys_from_report
                0x0000000000004b72        0xe .build/obj_lily58_rev1_default/common/report.o
                0x0000000000004b72                clear_keys_from_report
 .text.matrix_power_up
                0x0000000000004b80        0x2 .build/obj_lily58_rev1_default/common/avr/suspend.o
                0x0000000000004b80                matrix_power_up
 .text.suspend_power_down_user
                0x0000000000004b82        0x2 .build/obj_lily58_rev1_default/common/avr/suspend.o
                0x0000000000004b82                suspend_power_down_user
 .text.suspend_power_down_kb
                0x0000000000004b84        0x4 .build/obj_lily58_rev1_default/common/avr/suspend.o
                0x0000000000004b84                suspend_power_down_kb
 .text.suspend_power_down
                0x0000000000004b88       0x60 .build/obj_lily58_rev1_default/common/avr/suspend.o
                0x0000000000004b88                suspend_power_down
 .text.matrix_power_down
                0x0000000000004be8        0x2 .build/obj_lily58_rev1_default/common/avr/suspend.o
                0x0000000000004be8                matrix_power_down
 .text.suspend_wakeup_condition
                0x0000000000004bea       0x28 .build/obj_lily58_rev1_default/common/avr/suspend.o
                0x0000000000004bea                suspend_wakeup_condition
 .text.suspend_wakeup_init_user
                0x0000000000004c12        0x2 .build/obj_lily58_rev1_default/common/avr/suspend.o
                0x0000000000004c12                suspend_wakeup_init_user
 .text.suspend_wakeup_init_kb
                0x0000000000004c14        0x4 .build/obj_lily58_rev1_default/common/avr/suspend.o
                0x0000000000004c14                suspend_wakeup_init_kb
 .text.suspend_wakeup_init
                0x0000000000004c18       0x10 .build/obj_lily58_rev1_default/common/avr/suspend.o
                0x0000000000004c18                suspend_wakeup_init
 .text.__vector_12
                0x0000000000004c28       0x52 .build/obj_lily58_rev1_default/common/avr/suspend.o
                0x0000000000004c28                __vector_12
 .text.timer_init
                0x0000000000004c7a       0x12 .build/obj_lily58_rev1_default/common/avr/timer.o
                0x0000000000004c7a                timer_init
 .text.timer_read
                0x0000000000004c8c       0x18 .build/obj_lily58_rev1_default/common/avr/timer.o
                0x0000000000004c8c                timer_read
 .text.timer_elapsed
                0x0000000000004ca4       0x54 .build/obj_lily58_rev1_default/common/avr/timer.o
                0x0000000000004ca4                timer_elapsed
 .text.__vector_21
                0x0000000000004cf8       0x4c .build/obj_lily58_rev1_default/common/avr/timer.o
                0x0000000000004cf8                __vector_21
 .text.bootloader_jump
                0x0000000000004d44       0x22 .build/obj_lily58_rev1_default/common/avr/bootloader.o
                0x0000000000004d44                bootloader_jump
 .text.magic    0x0000000000004d66       0x30 .build/obj_lily58_rev1_default/common/magic.o
                0x0000000000004d66                magic
 .text.keyboard_leds
                0x0000000000004d96        0x6 .build/obj_lily58_rev1_default/lufa.o
 .text.send_mouse
                0x0000000000004d9c        0x2 .build/obj_lily58_rev1_default/lufa.o
 .text.send_system
                0x0000000000004d9e        0x2 .build/obj_lily58_rev1_default/lufa.o
 .text.send_keyboard
                0x0000000000004da0       0x66 .build/obj_lily58_rev1_default/lufa.o
 .text.send_consumer
                0x0000000000004e06        0x2 .build/obj_lily58_rev1_default/lufa.o
 .text.EVENT_USB_Device_Connect
                0x0000000000004e08       0x1c .build/obj_lily58_rev1_default/lufa.o
                0x0000000000004e08                EVENT_USB_Device_Connect
 .text.EVENT_USB_Device_Disconnect
                0x0000000000004e24        0x6 .build/obj_lily58_rev1_default/lufa.o
                0x0000000000004e24                EVENT_USB_Device_Disconnect
 .text.EVENT_USB_Device_Reset
                0x0000000000004e2a        0x2 .build/obj_lily58_rev1_default/lufa.o
                0x0000000000004e2a                EVENT_USB_Device_Reset
 .text.EVENT_USB_Device_Suspend
                0x0000000000004e2c        0x2 .build/obj_lily58_rev1_default/lufa.o
                0x0000000000004e2c                EVENT_USB_Device_Suspend
 .text.EVENT_USB_Device_WakeUp
                0x0000000000004e2e        0x4 .build/obj_lily58_rev1_default/lufa.o
                0x0000000000004e2e                EVENT_USB_Device_WakeUp
 .text.EVENT_USB_Device_ConfigurationChanged
                0x0000000000004e32        0xa .build/obj_lily58_rev1_default/lufa.o
                0x0000000000004e32                EVENT_USB_Device_ConfigurationChanged
 .text.EVENT_USB_Device_ControlRequest
                0x0000000000004e3c      0x174 .build/obj_lily58_rev1_default/lufa.o
                0x0000000000004e3c                EVENT_USB_Device_ControlRequest
 .text.startup.main
                0x0000000000004fb0       0x7a .build/obj_lily58_rev1_default/lufa.o
                0x0000000000004fb0                main
 .text.CALLBACK_USB_GetDescriptor
                0x000000000000502a        0x4 .build/obj_lily58_rev1_default/lufa.o
                0x000000000000502a                CALLBACK_USB_GetDescriptor
 .text.get_usb_descriptor
                0x000000000000502e       0x98 .build/obj_lily58_rev1_default/usb_descriptor.o
                0x000000000000502e                get_usb_descriptor
 .text.set_output_user
                0x00000000000050c6        0x2 .build/obj_lily58_rev1_default/outputselect.o
                0x00000000000050c6                set_output_user
 .text.set_output
                0x00000000000050c8       0x10 .build/obj_lily58_rev1_default/outputselect.o
                0x00000000000050c8                set_output
 .text.auto_detect_output
                0x00000000000050d8       0x10 .build/obj_lily58_rev1_default/outputselect.o
                0x00000000000050d8                auto_detect_output
 .text.where_to_send
                0x00000000000050e8        0xe .build/obj_lily58_rev1_default/outputselect.o
                0x00000000000050e8                where_to_send
 .text.USB_Device_SendRemoteWakeup
                0x00000000000050f6       0x2c .build/obj_lily58_rev1_default/lib/lufa/LUFA/Drivers/USB/Core/AVR8/Device_AVR8.o
                0x00000000000050f6                USB_Device_SendRemoteWakeup
 .text.Endpoint_Write_Stream_LE
                0x0000000000005122       0x9e .build/obj_lily58_rev1_default/lib/lufa/LUFA/Drivers/USB/Core/AVR8/EndpointStream_AVR8.o
                0x0000000000005122                Endpoint_Write_Stream_LE
 .text.Endpoint_Write_Control_Stream_LE
                0x00000000000051c0       0xbe .build/obj_lily58_rev1_default/lib/lufa/LUFA/Drivers/USB/Core/AVR8/EndpointStream_AVR8.o
                0x00000000000051c0                Endpoint_Write_Control_Stream_LE
 .text.Endpoint_Write_Control_PStream_LE
                0x000000000000527e       0xc0 .build/obj_lily58_rev1_default/lib/lufa/LUFA/Drivers/USB/Core/AVR8/EndpointStream_AVR8.o
                0x000000000000527e                Endpoint_Write_Control_PStream_LE
 .text.Endpoint_ConfigureEndpoint_Prv
                0x000000000000533e       0x68 .build/obj_lily58_rev1_default/lib/lufa/LUFA/Drivers/USB/Core/AVR8/Endpoint_AVR8.o
                0x000000000000533e                Endpoint_ConfigureEndpoint_Prv
 .text.Endpoint_ClearStatusStage
                0x00000000000053a6       0x3e .build/obj_lily58_rev1_default/lib/lufa/LUFA/Drivers/USB/Core/AVR8/Endpoint_AVR8.o
                0x00000000000053a6                Endpoint_ClearStatusStage
 .text.Endpoint_WaitUntilReady
                0x00000000000053e4       0x5e .build/obj_lily58_rev1_default/lib/lufa/LUFA/Drivers/USB/Core/AVR8/Endpoint_AVR8.o
                0x00000000000053e4                Endpoint_WaitUntilReady
 .text.USB_Disable
                0x0000000000005442       0x34 .build/obj_lily58_rev1_default/lib/lufa/LUFA/Drivers/USB/Core/AVR8/USBController_AVR8.o
                0x0000000000005442                USB_Disable
 .text.USB_ResetInterface
                0x0000000000005476       0x86 .build/obj_lily58_rev1_default/lib/lufa/LUFA/Drivers/USB/Core/AVR8/USBController_AVR8.o
                0x0000000000005476                USB_ResetInterface
 .text.USB_Init
                0x00000000000054fc       0x22 .build/obj_lily58_rev1_default/lib/lufa/LUFA/Drivers/USB/Core/AVR8/USBController_AVR8.o
                0x00000000000054fc                USB_Init
 .text.USB_INT_DisableAllInterrupts
                0x000000000000551e       0x10 .build/obj_lily58_rev1_default/lib/lufa/LUFA/Drivers/USB/Core/AVR8/USBInterrupt_AVR8.o
                0x000000000000551e                USB_INT_DisableAllInterrupts
 .text.USB_INT_ClearAllInterrupts
                0x000000000000552e        0xa .build/obj_lily58_rev1_default/lib/lufa/LUFA/Drivers/USB/Core/AVR8/USBInterrupt_AVR8.o
                0x000000000000552e                USB_INT_ClearAllInterrupts
 .text.__vector_10
                0x0000000000005538      0x1a6 .build/obj_lily58_rev1_default/lib/lufa/LUFA/Drivers/USB/Core/AVR8/USBInterrupt_AVR8.o
                0x0000000000005538                __vector_10
 .text.__vector_11
                0x00000000000056de       0x78 .build/obj_lily58_rev1_default/lib/lufa/LUFA/Drivers/USB/Core/AVR8/USBInterrupt_AVR8.o
                0x00000000000056de                __vector_11
 .text.USB_Device_ProcessControlRequest
                0x0000000000005756      0x2b6 .build/obj_lily58_rev1_default/lib/lufa/LUFA/Drivers/USB/Core/DeviceStandardReq.o
                0x0000000000005756                USB_Device_ProcessControlRequest
 .text.USB_Event_Stub
                0x0000000000005a0c        0x2 .build/obj_lily58_rev1_default/lib/lufa/LUFA/Drivers/USB/Core/Events.o
                0x0000000000005a0c                USB_Event_Stub
                0x0000000000005a0c                EVENT_USB_Device_StartOfFrame
 .text.USB_USBTask
                0x0000000000005a0e       0x38 .build/obj_lily58_rev1_default/lib/lufa/LUFA/Drivers/USB/Core/USBTask.o
                0x0000000000005a0e                USB_USBTask
 .text.libgcc.div
                0x0000000000005a46       0x28 /usr/local/Cellar/avr-gcc@7/7.4.0/lib/avr-gcc/7/gcc/avr/7.4.0/avr5/libgcc.a(_udivmodhi4.o)
                0x0000000000005a46                __udivmodhi4
 .text.libgcc.div
                0x0000000000005a6e       0x28 /usr/local/Cellar/avr-gcc@7/7.4.0/lib/avr-gcc/7/gcc/avr/7.4.0/avr5/libgcc.a(_divmodhi4.o)
                0x0000000000005a6e                __divmodhi4
                0x0000000000005a6e                _div
 .text.libgcc   0x0000000000005a96        0xc /usr/local/Cellar/avr-gcc@7/7.4.0/lib/avr-gcc/7/gcc/avr/7.4.0/avr5/libgcc.a(_tablejump2.o)
                0x0000000000005a96                __tablejump2__
 .text.avr-libc
                0x0000000000005aa2       0x1a /usr/local/Cellar/avr-gcc@7/7.4.0/lib/avr-gcc/7/gcc/avr/7.4.0/../../../../../../avr/lib/avr5/libc.a(memchr.o)
                0x0000000000005aa2                memchr
 .text.avr-libc
                0x0000000000005abc       0x1a /usr/local/Cellar/avr-gcc@7/7.4.0/lib/avr-gcc/7/gcc/avr/7.4.0/../../../../../../avr/lib/avr5/libc.a(memcmp.o)
                0x0000000000005abc                memcmp
 .text.avr-libc
                0x0000000000005ad6       0x24 /usr/local/Cellar/avr-gcc@7/7.4.0/lib/avr-gcc/7/gcc/avr/7.4.0/../../../../../../avr/lib/avr5/libc.a(memmove.o)
                0x0000000000005ad6                memmove
 .text.avr-libc
                0x0000000000005afa        0xe /usr/local/Cellar/avr-gcc@7/7.4.0/lib/avr-gcc/7/gcc/avr/7.4.0/../../../../../../avr/lib/avr5/libc.a(memset.o)
                0x0000000000005afa                memset
 .text.avr-libc
                0x0000000000005b08        0xe /usr/local/Cellar/avr-gcc@7/7.4.0/lib/avr-gcc/7/gcc/avr/7.4.0/../../../../../../avr/lib/avr5/libc.a(strcpy.o)
                0x0000000000005b08                strcpy
 .text.avr-libc
                0x0000000000005b16       0x60 /usr/local/Cellar/avr-gcc@7/7.4.0/lib/avr-gcc/7/gcc/avr/7.4.0/../../../../../../avr/lib/avr5/libc.a(snprintf.o)
                0x0000000000005b16                snprintf
 .text.avr-libc
                0x0000000000005b76      0x3b4 /usr/local/Cellar/avr-gcc@7/7.4.0/lib/avr-gcc/7/gcc/avr/7.4.0/../../../../../../avr/lib/avr5/libc.a(vfprintf_std.o)
                0x0000000000005b76                vfprintf
 .text.avr-libc
                0x0000000000005f2a       0x16 /usr/local/Cellar/avr-gcc@7/7.4.0/lib/avr-gcc/7/gcc/avr/7.4.0/../../../../../../avr/lib/avr5/libc.a(strnlen_P.o)
                0x0000000000005f2a                strnlen_P
 .text.avr-libc
                0x0000000000005f40       0x12 /usr/local/Cellar/avr-gcc@7/7.4.0/lib/avr-gcc/7/gcc/avr/7.4.0/../../../../../../avr/lib/avr5/libc.a(memcpy.o)
                0x0000000000005f40                memcpy
 .text.avr-libc
                0x0000000000005f52       0x16 /usr/local/Cellar/avr-gcc@7/7.4.0/lib/avr-gcc/7/gcc/avr/7.4.0/../../../../../../avr/lib/avr5/libc.a(strnlen.o)
                0x0000000000005f52                strnlen
 .text.avr-libc
                0x0000000000005f68       0x60 /usr/local/Cellar/avr-gcc@7/7.4.0/lib/avr-gcc/7/gcc/avr/7.4.0/../../../../../../avr/lib/avr5/libc.a(fputc.o)
                0x0000000000005f68                fputc
 .text.avr-libc
                0x0000000000005fc8       0xbc /usr/local/Cellar/avr-gcc@7/7.4.0/lib/avr-gcc/7/gcc/avr/7.4.0/../../../../../../avr/lib/avr5/libc.a(ultoa_invert.o)
                0x0000000000005fc8                __ultoa_invert
 .text.avr-libc
                0x0000000000006084       0x10 /usr/local/Cellar/avr-gcc@7/7.4.0/lib/avr-gcc/7/gcc/avr/7.4.0/../../../../../../avr/lib/avr5/libatmega32u4.a(eerd_byte.o)
                0x0000000000006084                eeprom_read_byte
 .text.avr-libc
                0x0000000000006094        0xc /usr/local/Cellar/avr-gcc@7/7.4.0/lib/avr-gcc/7/gcc/avr/7.4.0/../../../../../../avr/lib/avr5/libatmega32u4.a(eerd_dword.o)
                0x0000000000006094                eeprom_read_dword
                0x0000000000006094                eeprom_read_float
 .text.avr-libc
                0x00000000000060a0        0xc /usr/local/Cellar/avr-gcc@7/7.4.0/lib/avr-gcc/7/gcc/avr/7.4.0/../../../../../../avr/lib/avr5/libatmega32u4.a(eerd_word.o)
                0x00000000000060a0                eeprom_read_word
 .text.avr-libc
                0x00000000000060ac       0x24 /usr/local/Cellar/avr-gcc@7/7.4.0/lib/avr-gcc/7/gcc/avr/7.4.0/../../../../../../avr/lib/avr5/libatmega32u4.a(eeupd_byte.o)
                0x00000000000060ac                eeprom_update_byte
                0x00000000000060ae                eeprom_update_r18
 .text.avr-libc
                0x00000000000060d0       0x18 /usr/local/Cellar/avr-gcc@7/7.4.0/lib/avr-gcc/7/gcc/avr/7.4.0/../../../../../../avr/lib/avr5/libatmega32u4.a(eeupd_dword.o)
                0x00000000000060d0                eeprom_update_dword
                0x00000000000060d0                eeprom_update_float
 .text.avr-libc
                0x00000000000060e8        0xc /usr/local/Cellar/avr-gcc@7/7.4.0/lib/avr-gcc/7/gcc/avr/7.4.0/../../../../../../avr/lib/avr5/libatmega32u4.a(eeupd_word.o)
                0x00000000000060e8                eeprom_update_word
 .text.avr-libc
                0x00000000000060f4       0x20 /usr/local/Cellar/avr-gcc@7/7.4.0/lib/avr-gcc/7/gcc/avr/7.4.0/../../../../../../avr/lib/avr5/libatmega32u4.a(eerd_block.o)
                0x00000000000060f4                eeprom_read_block
                0x00000000000060f8                eeprom_read_blraw
 .text.libgcc.prologue
                0x0000000000006114       0x38 /usr/local/Cellar/avr-gcc@7/7.4.0/lib/avr-gcc/7/gcc/avr/7.4.0/avr5/libgcc.a(_prologue.o)
                0x0000000000006114                __prologue_saves__
 .text.libgcc.prologue
                0x000000000000614c       0x36 /usr/local/Cellar/avr-gcc@7/7.4.0/lib/avr-gcc/7/gcc/avr/7.4.0/avr5/libgcc.a(_epilogue.o)
                0x000000000000614c                __epilogue_restores__
                0x0000000000006182                . = ALIGN (0x2)
 *(.fini9)
 .fini9         0x0000000000006182        0x0 /usr/local/Cellar/avr-gcc@7/7.4.0/lib/avr-gcc/7/gcc/avr/7.4.0/avr5/libgcc.a(_exit.o)
                0x0000000000006182                exit
                0x0000000000006182                _exit
 *(.fini9)
 *(.fini8)
 *(.fini8)
 *(.fini7)
 *(.fini7)
 *(.fini6)
 *(.fini6)
 *(.fini5)
 *(.fini5)
 *(.fini4)
 *(.fini4)
 *(.fini3)
 *(.fini3)
 *(.fini2)
 *(.fini2)
 *(.fini1)
 *(.fini1)
 *(.fini0)
 .fini0         0x0000000000006182        0x4 /usr/local/Cellar/avr-gcc@7/7.4.0/lib/avr-gcc/7/gcc/avr/7.4.0/avr5/libgcc.a(_exit.o)
 *(.fini0)
 *(.hightext)
 *(.hightext*)
 *(.progmemx.*)
                0x0000000000006186                . = ALIGN (0x2)
 *(.jumptables)
 *(.jumptables*)
                0x0000000000006186                _etext = .

.data           0x0000000000800100      0x148 load address 0x0000000000006186
                0x0000000000800100                PROVIDE (__data_start = .)
 *(.data)
 *(.data*)
 .data.force_dirty
                0x0000000000800100        0x1 .build/obj_lily58_rev1_default/ssd1306.o
 .data.debouncing
                0x0000000000800101        0x1 .build/obj_lily58_rev1_default/rev1/matrix.o
 .data.isLeftHand
                0x0000000000800102        0x1 .build/obj_lily58_rev1_default/rev1/split_util.o
                0x0000000000800102                isLeftHand
 .data.transactions
                0x0000000000800103       0x18 .build/obj_lily58_rev1_default/rev1/split_scomm.o
                0x0000000000800103                transactions
 .data.s_change_new
                0x000000000080011b        0x1 .build/obj_lily58_rev1_default/rev1/split_scomm.o
                0x000000000080011b                s_change_new
 .data.s_change_old
                0x000000000080011c        0x1 .build/obj_lily58_rev1_default/rev1/split_scomm.o
                0x000000000080011c                s_change_old
 .data.logo.3557
                0x000000000080011d       0x40 .build/obj_lily58_rev1_default/./lib/logo_reader.o
 .data.increment.3165
                0x000000000080015d        0x1 .build/obj_lily58_rev1_default/quantum/rgblight.o
 .data.high_bound.3164
                0x000000000080015e        0x1 .build/obj_lily58_rev1_default/quantum/rgblight.o
 .data.effect_num_leds
                0x000000000080015f        0x1 .build/obj_lily58_rev1_default/quantum/rgblight.o
 .data.effect_end_pos
                0x0000000000800160        0x1 .build/obj_lily58_rev1_default/quantum/rgblight.o
 .data.clipping_num_leds
                0x0000000000800161        0x1 .build/obj_lily58_rev1_default/quantum/rgblight.o
 .data.static_effect_table
                0x0000000000800162        0xb .build/obj_lily58_rev1_default/quantum/rgblight.o
 .data.keyboard_report
                0x000000000080016d        0x2 .build/obj_lily58_rev1_default/common/action_util.o
                0x000000000080016d                keyboard_report
 .data.lufa_driver
                0x000000000080016f        0xa .build/obj_lily58_rev1_default/lufa.o
                0x000000000080016f                lufa_driver
 .data.keyboard_protocol
                0x0000000000800179        0x1 .build/obj_lily58_rev1_default/lufa.o
                0x0000000000800179                keyboard_protocol
 *(.gnu.linkonce.d*)
 *(.rodata)
 *(.rodata*)
 .rodata.matrix_write_ln.str1.1
                0x000000000080017a        0x4 .build/obj_lily58_rev1_default/ssd1306.o
 .rodata.col_pins
                0x000000000080017e        0x6 .build/obj_lily58_rev1_default/rev1/matrix.o
 .rodata.row_pins
                0x0000000000800184        0xa .build/obj_lily58_rev1_default/rev1/matrix.o
 .rodata.read_layer_state.str1.1
                0x000000000080018e       0x48 .build/obj_lily58_rev1_default/./lib/layer_state_reader.o
 .rodata.set_keylog.str1.1
                0x00000000008001d6       0x11 .build/obj_lily58_rev1_default/./lib/keylogger.o
 .rodata.code_to_name
                0x00000000008001e7       0x3c .build/obj_lily58_rev1_default/./lib/keylogger.o
                0x00000000008001e7                code_to_name
 .rodata.mode_base_table
                0x0000000000800223       0x25 .build/obj_lily58_rev1_default/quantum/rgblight.o
 *(.gnu.linkonce.r*)
                0x0000000000800248                . = ALIGN (0x2)
                0x0000000000800248                _edata = .
                0x0000000000800248                PROVIDE (__data_end = .)

.bss            0x0000000000800248      0x1eb
                0x0000000000800248                PROVIDE (__bss_start = .)
 *(.bss)
 *(.bss*)
 .bss.slave_has_register_set
                0x0000000000800248        0x1 .build/obj_lily58_rev1_default/i2c.o
 .bss.slave_buffer_pos
                0x0000000000800249        0x1 .build/obj_lily58_rev1_default/i2c.o
 .bss.Transaction_table_size
                0x000000000080024a        0x1 .build/obj_lily58_rev1_default/serial.o
 .bss.Transaction_table
                0x000000000080024b        0x2 .build/obj_lily58_rev1_default/serial.o
 .bss.last_flush
                0x000000000080024d        0x2 .build/obj_lily58_rev1_default/ssd1306.o
 .bss.matrix_debouncing
                0x000000000080024f        0xa .build/obj_lily58_rev1_default/rev1/matrix.o
 .bss.matrix    0x0000000000800259        0xa .build/obj_lily58_rev1_default/rev1/matrix.o
 .bss.is_master
                0x0000000000800263        0x1 .build/obj_lily58_rev1_default/rev1/matrix.o
                0x0000000000800263                is_master
 .bss.error_count
                0x0000000000800264        0x1 .build/obj_lily58_rev1_default/rev1/matrix.o
 .bss.need_retry.1545
                0x0000000000800265        0x2 .build/obj_lily58_rev1_default/rev1/split_scomm.o
 .bss.slave_buffer_change_count
                0x0000000000800267        0x1 .build/obj_lily58_rev1_default/rev1/split_scomm.o
                0x0000000000800267                slave_buffer_change_count
 .bss.status1   0x0000000000800268        0x1 .build/obj_lily58_rev1_default/rev1/split_scomm.o
                0x0000000000800268                status1
 .bss.status_com
                0x0000000000800269        0x1 .build/obj_lily58_rev1_default/rev1/split_scomm.o
                0x0000000000800269                status_com
 .bss.serial_master_buffer
                0x000000000080026a        0x5 .build/obj_lily58_rev1_default/rev1/split_scomm.o
                0x000000000080026a                serial_master_buffer
 .bss.serial_slave_buffer
                0x000000000080026f        0x5 .build/obj_lily58_rev1_default/rev1/split_scomm.o
                0x000000000080026f                serial_slave_buffer
 .bss.keylogs_str_idx
                0x0000000000800274        0x2 .build/obj_lily58_rev1_default/./lib/keylogger.o
                0x0000000000800274                keylogs_str_idx
 .bss.keylogs_str
                0x0000000000800276       0x15 .build/obj_lily58_rev1_default/./lib/keylogger.o
                0x0000000000800276                keylogs_str
 .bss.keylog_str
                0x000000000080028b       0x18 .build/obj_lily58_rev1_default/./lib/keylogger.o
                0x000000000080028b                keylog_str
 .bss.grave_esc_was_shifted
                0x00000000008002a3        0x1 .build/obj_lily58_rev1_default/quantum/quantum.o
 .bss.maxval.3186
                0x00000000008002a4        0x1 .build/obj_lily58_rev1_default/quantum/rgblight.o
 .bss.low_bound.3163
                0x00000000008002a5        0x1 .build/obj_lily58_rev1_default/quantum/rgblight.o
 .bss.pos.3147  0x00000000008002a6        0x1 .build/obj_lily58_rev1_default/quantum/rgblight.o
 .bss.effect_start_pos
                0x00000000008002a7        0x1 .build/obj_lily58_rev1_default/quantum/rgblight.o
 .bss.clipping_start_pos
                0x00000000008002a8        0x1 .build/obj_lily58_rev1_default/quantum/rgblight.o
 .bss.animation_status
                0x00000000008002a9        0x6 .build/obj_lily58_rev1_default/quantum/rgblight.o
                0x00000000008002a9                animation_status
 .bss.is_rgblight_initialized
                0x00000000008002af        0x1 .build/obj_lily58_rev1_default/quantum/rgblight.o
                0x00000000008002af                is_rgblight_initialized
 .bss.rgblight_status
                0x00000000008002b0        0x2 .build/obj_lily58_rev1_default/quantum/rgblight.o
                0x00000000008002b0                rgblight_status
 .bss.sc_timer  0x00000000008002b2        0x2 .build/obj_lily58_rev1_default/quantum/process_keycode/process_space_cadet.o
 .bss.sc_last   0x00000000008002b4        0x1 .build/obj_lily58_rev1_default/quantum/process_keycode/process_space_cadet.o
 .bss.last_consumer_report
                0x00000000008002b5        0x2 .build/obj_lily58_rev1_default/common/host.o
 .bss.last_system_report
                0x00000000008002b7        0x2 .build/obj_lily58_rev1_default/common/host.o
 .bss.driver    0x00000000008002b9        0x2 .build/obj_lily58_rev1_default/common/host.o
 .bss.led_status.3140
                0x00000000008002bb        0x1 .build/obj_lily58_rev1_default/common/keyboard.o
 .bss.matrix_prev.3139
                0x00000000008002bc        0xa .build/obj_lily58_rev1_default/common/keyboard.o
 .bss.disable_action_cache
                0x00000000008002c6        0x1 .build/obj_lily58_rev1_default/common/action.o
                0x00000000008002c6                disable_action_cache
 .bss.waiting_buffer_tail
                0x00000000008002c7        0x1 .build/obj_lily58_rev1_default/common/action_tapping.o
 .bss.waiting_buffer_head
                0x00000000008002c8        0x1 .build/obj_lily58_rev1_default/common/action_tapping.o
 .bss.waiting_buffer
                0x00000000008002c9       0x30 .build/obj_lily58_rev1_default/common/action_tapping.o
 .bss.tapping_key
                0x00000000008002f9        0x6 .build/obj_lily58_rev1_default/common/action_tapping.o
 .bss.source_layers_cache
                0x00000000008002ff       0x28 .build/obj_lily58_rev1_default/common/action_layer.o
                0x00000000008002ff                source_layers_cache
 .bss.layer_state
                0x0000000000800327        0x4 .build/obj_lily58_rev1_default/common/action_layer.o
                0x0000000000800327                layer_state
 .bss.default_layer_state
                0x000000000080032b        0x4 .build/obj_lily58_rev1_default/common/action_layer.o
                0x000000000080032b                default_layer_state
 .bss.oneshot_layer_data
                0x000000000080032f        0x1 .build/obj_lily58_rev1_default/common/action_util.o
 .bss.oneshot_mods
                0x0000000000800330        0x1 .build/obj_lily58_rev1_default/common/action_util.o
 .bss.__compound_literal.0
                0x0000000000800331        0x8 .build/obj_lily58_rev1_default/common/action_util.o
 .bss.macro_mods
                0x0000000000800339        0x1 .build/obj_lily58_rev1_default/common/action_util.o
 .bss.weak_mods
                0x000000000080033a        0x1 .build/obj_lily58_rev1_default/common/action_util.o
 .bss.real_mods
                0x000000000080033b        0x1 .build/obj_lily58_rev1_default/common/action_util.o
 .bss.debug_config
                0x000000000080033c        0x1 .build/obj_lily58_rev1_default/common/debug.o
                0x000000000080033c                debug_config
 .bss.wdt_timeout
                0x000000000080033d        0x1 .build/obj_lily58_rev1_default/common/avr/suspend.o
 .bss.keyboard_report_sent
                0x000000000080033e        0x8 .build/obj_lily58_rev1_default/lufa.o
 .bss.keyboard_led_stats
                0x0000000000800346        0x1 .build/obj_lily58_rev1_default/lufa.o
 .bss.keyboard_idle
                0x0000000000800347        0x1 .build/obj_lily58_rev1_default/lufa.o
                0x0000000000800347                keyboard_idle
 .bss.desired_output
                0x0000000000800348        0x1 .build/obj_lily58_rev1_default/outputselect.o
                0x0000000000800348                desired_output
 *(COMMON)
 COMMON         0x0000000000800349       0x10 .build/obj_lily58_rev1_default/i2c.o
                0x0000000000800349                i2c_slave_buffer
 COMMON         0x0000000000800359       0x57 .build/obj_lily58_rev1_default/ssd1306.o
                0x0000000000800359                display
 COMMON         0x00000000008003b0       0x18 .build/obj_lily58_rev1_default/./lib/layer_state_reader.o
                0x00000000008003b0                layer_state_str
 COMMON         0x00000000008003c8        0x2 .build/obj_lily58_rev1_default/keyboards/lily58/keymaps/default/keymap.o
                0x00000000008003c8                RGB_current_mode
 COMMON         0x00000000008003ca       0x56 .build/obj_lily58_rev1_default/quantum/rgblight.o
                0x00000000008003ca                rgblight_config
                0x00000000008003cf                led
 COMMON         0x0000000000800420        0x4 .build/obj_lily58_rev1_default/common/avr/timer.o
                0x0000000000800420                timer_count
 COMMON         0x0000000000800424        0x2 .build/obj_lily58_rev1_default/common/magic.o
                0x0000000000800424                keymap_config
 COMMON         0x0000000000800426        0x3 .build/obj_lily58_rev1_default/lib/lufa/LUFA/Drivers/USB/Core/DeviceStandardReq.o
                0x0000000000800426                USB_Device_ConfigurationNumber
                0x0000000000800427                USB_Device_CurrentlySelfPowered
                0x0000000000800428                USB_Device_RemoteWakeupEnabled
 COMMON         0x0000000000800429        0xa .build/obj_lily58_rev1_default/lib/lufa/LUFA/Drivers/USB/Core/USBTask.o
                0x0000000000800429                USB_IsInitialized
                0x000000000080042a                USB_DeviceState
                0x000000000080042b                USB_ControlRequest
                0x0000000000800433                PROVIDE (__bss_end = .)
                0x0000000000006186                __data_load_start = LOADADDR (.data)
                0x00000000000062ce                __data_load_end = (__data_load_start + SIZEOF (.data))

.noinit         0x0000000000800433        0x4
                [!provide]                        PROVIDE (__noinit_start = .)
 *(.noinit*)
 .noinit        0x0000000000800433        0x4 .build/obj_lily58_rev1_default/common/avr/bootloader.o
                0x0000000000800433                reset_key
                [!provide]                        PROVIDE (__noinit_end = .)
                0x0000000000800437                _end = .
                [!provide]                        PROVIDE (__heap_start = .)

.eeprom         0x0000000000810000        0x0
 *(.eeprom*)
                0x0000000000810000                __eeprom_end = .

.fuse
 *(.fuse)
 *(.lfuse)
 *(.hfuse)
 *(.efuse)

.lock
 *(.lock*)

.signature
 *(.signature*)

.stab
 *(.stab)

.stabstr        0x0000000000000000       0x72
 *(.stabstr)
 .stabstr       0x0000000000000000       0x72 .build/obj_lily58_rev1_default/common/avr/xprintf.o

.stab.excl
 *(.stab.excl)

.stab.exclstr
 *(.stab.exclstr)

.stab.index
 *(.stab.index)

.stab.indexstr
 *(.stab.indexstr)

.comment        0x0000000000000000       0x11
 *(.comment)
 .comment       0x0000000000000000       0x11 .build/obj_lily58_rev1_default/i2c.o
                                         0x12 (size before relaxing)
 .comment       0x0000000000000011       0x12 .build/obj_lily58_rev1_default/serial.o
 .comment       0x0000000000000011       0x12 .build/obj_lily58_rev1_default/ssd1306.o
 .comment       0x0000000000000011       0x12 .build/obj_lily58_rev1_default/rev1/matrix.o
 .comment       0x0000000000000011       0x12 .build/obj_lily58_rev1_default/rev1/split_util.o
 .comment       0x0000000000000011       0x12 .build/obj_lily58_rev1_default/rev1/split_scomm.o
 .comment       0x0000000000000011       0x12 .build/obj_lily58_rev1_default/./lib/glcdfont.o
 .comment       0x0000000000000011       0x12 .build/obj_lily58_rev1_default/./lib/layer_state_reader.o
 .comment       0x0000000000000011       0x12 .build/obj_lily58_rev1_default/./lib/logo_reader.o
 .comment       0x0000000000000011       0x12 .build/obj_lily58_rev1_default/./lib/keylogger.o
 .comment       0x0000000000000011       0x12 .build/obj_lily58_rev1_default/keyboards/lily58/lily58.o
 .comment       0x0000000000000011       0x12 .build/obj_lily58_rev1_default/keyboards/lily58/rev1/rev1.o
 .comment       0x0000000000000011       0x12 .build/obj_lily58_rev1_default/keyboards/lily58/keymaps/default/keymap.o
 .comment       0x0000000000000011       0x12 .build/obj_lily58_rev1_default/quantum/quantum.o
 .comment       0x0000000000000011       0x12 .build/obj_lily58_rev1_default/quantum/keymap_common.o
 .comment       0x0000000000000011       0x12 .build/obj_lily58_rev1_default/quantum/keycode_config.o
 .comment       0x0000000000000011       0x12 .build/obj_lily58_rev1_default/quantum/color.o
 .comment       0x0000000000000011       0x12 .build/obj_lily58_rev1_default/quantum/rgblight.o
 .comment       0x0000000000000011       0x12 .build/obj_lily58_rev1_default/ws2812.o
 .comment       0x0000000000000011       0x12 .build/obj_lily58_rev1_default/quantum/led_tables.o
 .comment       0x0000000000000011       0x12 .build/obj_lily58_rev1_default/quantum/process_keycode/process_space_cadet.o
 .comment       0x0000000000000011       0x12 .build/obj_lily58_rev1_default/common/host.o
 .comment       0x0000000000000011       0x12 .build/obj_lily58_rev1_default/common/keyboard.o
 .comment       0x0000000000000011       0x12 .build/obj_lily58_rev1_default/common/action.o
 .comment       0x0000000000000011       0x12 .build/obj_lily58_rev1_default/common/action_tapping.o
 .comment       0x0000000000000011       0x12 .build/obj_lily58_rev1_default/common/action_layer.o
 .comment       0x0000000000000011       0x12 .build/obj_lily58_rev1_default/common/action_util.o
 .comment       0x0000000000000011       0x12 .build/obj_lily58_rev1_default/common/debug.o
 .comment       0x0000000000000011       0x12 .build/obj_lily58_rev1_default/common/eeconfig.o
 .comment       0x0000000000000011       0x12 .build/obj_lily58_rev1_default/common/report.o
 .comment       0x0000000000000011       0x12 .build/obj_lily58_rev1_default/common/avr/suspend.o
 .comment       0x0000000000000011       0x12 .build/obj_lily58_rev1_default/common/avr/timer.o
 .comment       0x0000000000000011       0x12 .build/obj_lily58_rev1_default/common/avr/bootloader.o
 .comment       0x0000000000000011       0x12 .build/obj_lily58_rev1_default/common/magic.o
 .comment       0x0000000000000011       0x12 .build/obj_lily58_rev1_default/lufa.o
 .comment       0x0000000000000011       0x12 .build/obj_lily58_rev1_default/usb_descriptor.o
 .comment       0x0000000000000011       0x12 .build/obj_lily58_rev1_default/outputselect.o
 .comment       0x0000000000000011       0x12 .build/obj_lily58_rev1_default/lib/lufa/LUFA/Drivers/USB/Core/AVR8/Device_AVR8.o
 .comment       0x0000000000000011       0x12 .build/obj_lily58_rev1_default/lib/lufa/LUFA/Drivers/USB/Core/AVR8/EndpointStream_AVR8.o
 .comment       0x0000000000000011       0x12 .build/obj_lily58_rev1_default/lib/lufa/LUFA/Drivers/USB/Core/AVR8/Endpoint_AVR8.o
 .comment       0x0000000000000011       0x12 .build/obj_lily58_rev1_default/lib/lufa/LUFA/Drivers/USB/Core/AVR8/USBController_AVR8.o
 .comment       0x0000000000000011       0x12 .build/obj_lily58_rev1_default/lib/lufa/LUFA/Drivers/USB/Core/AVR8/USBInterrupt_AVR8.o
 .comment       0x0000000000000011       0x12 .build/obj_lily58_rev1_default/lib/lufa/LUFA/Drivers/USB/Core/DeviceStandardReq.o
 .comment       0x0000000000000011       0x12 .build/obj_lily58_rev1_default/lib/lufa/LUFA/Drivers/USB/Core/Events.o
 .comment       0x0000000000000011       0x12 .build/obj_lily58_rev1_default/lib/lufa/LUFA/Drivers/USB/Core/USBTask.o