Archive member included to satisfy reference by file (symbol)

/usr/local/Cellar/avr-gcc@7/7.4.0/lib/avr-gcc/7/gcc/avr/7.4.0/avr5/libgcc.a(_udivmodhi4.o)
                              .build/obj_lily58_rev1_mac/quantum/color.o (__udivmodhi4)
/usr/local/Cellar/avr-gcc@7/7.4.0/lib/avr-gcc/7/gcc/avr/7.4.0/avr5/libgcc.a(_divmodhi4.o)
                              .build/obj_lily58_rev1_mac/ssd1306.o (__divmodhi4)
/usr/local/Cellar/avr-gcc@7/7.4.0/lib/avr-gcc/7/gcc/avr/7.4.0/avr5/libgcc.a(_exit.o)
                              /usr/local/Cellar/avr-gcc@7/7.4.0/lib/avr-gcc/7/gcc/avr/7.4.0/../../../../../../avr/lib/avr5/crtatmega32u4.o (exit)
/usr/local/Cellar/avr-gcc@7/7.4.0/lib/avr-gcc/7/gcc/avr/7.4.0/avr5/libgcc.a(_tablejump2.o)
                              .build/obj_lily58_rev1_mac/common/action.o (__tablejump2__)
/usr/local/Cellar/avr-gcc@7/7.4.0/lib/avr-gcc/7/gcc/avr/7.4.0/avr5/libgcc.a(_copy_data.o)
                              .build/obj_lily58_rev1_mac/ssd1306.o (__do_copy_data)
/usr/local/Cellar/avr-gcc@7/7.4.0/lib/avr-gcc/7/gcc/avr/7.4.0/avr5/libgcc.a(_clear_bss.o)
                              .build/obj_lily58_rev1_mac/i2c.o (__do_clear_bss)
/usr/local/Cellar/avr-gcc@7/7.4.0/lib/avr-gcc/7/gcc/avr/7.4.0/../../../../../../avr/lib/avr5/libc.a(memchr.o)
                              .build/obj_lily58_rev1_mac/quantum/rgblight.o (memchr)
/usr/local/Cellar/avr-gcc@7/7.4.0/lib/avr-gcc/7/gcc/avr/7.4.0/../../../../../../avr/lib/avr5/libc.a(memcmp.o)
                              .build/obj_lily58_rev1_mac/rev1/matrix.o (memcmp)
/usr/local/Cellar/avr-gcc@7/7.4.0/lib/avr-gcc/7/gcc/avr/7.4.0/../../../../../../avr/lib/avr5/libc.a(memmove.o)
                              .build/obj_lily58_rev1_mac/ssd1306.o (memmove)
/usr/local/Cellar/avr-gcc@7/7.4.0/lib/avr-gcc/7/gcc/avr/7.4.0/../../../../../../avr/lib/avr5/libc.a(memset.o)
                              .build/obj_lily58_rev1_mac/ssd1306.o (memset)
/usr/local/Cellar/avr-gcc@7/7.4.0/lib/avr-gcc/7/gcc/avr/7.4.0/../../../../../../avr/lib/avr5/libc.a(strcpy.o)
                              .build/obj_lily58_rev1_mac/./lib/layer_state_reader.o (strcpy)
/usr/local/Cellar/avr-gcc@7/7.4.0/lib/avr-gcc/7/gcc/avr/7.4.0/../../../../../../avr/lib/avr5/libc.a(snprintf.o)
                              .build/obj_lily58_rev1_mac/ssd1306.o (snprintf)
/usr/local/Cellar/avr-gcc@7/7.4.0/lib/avr-gcc/7/gcc/avr/7.4.0/../../../../../../avr/lib/avr5/libc.a(vfprintf_std.o)
                              /usr/local/Cellar/avr-gcc@7/7.4.0/lib/avr-gcc/7/gcc/avr/7.4.0/../../../../../../avr/lib/avr5/libc.a(snprintf.o) (vfprintf)
/usr/local/Cellar/avr-gcc@7/7.4.0/lib/avr-gcc/7/gcc/avr/7.4.0/../../../../../../avr/lib/avr5/libc.a(strnlen_P.o)
                              /usr/local/Cellar/avr-gcc@7/7.4.0/lib/avr-gcc/7/gcc/avr/7.4.0/../../../../../../avr/lib/avr5/libc.a(vfprintf_std.o) (strnlen_P)
/usr/local/Cellar/avr-gcc@7/7.4.0/lib/avr-gcc/7/gcc/avr/7.4.0/../../../../../../avr/lib/avr5/libc.a(memcpy.o)
                              /usr/local/Cellar/avr-gcc@7/7.4.0/lib/avr-gcc/7/gcc/avr/7.4.0/../../../../../../avr/lib/avr5/libc.a(memmove.o) (memcpy)
/usr/local/Cellar/avr-gcc@7/7.4.0/lib/avr-gcc/7/gcc/avr/7.4.0/../../../../../../avr/lib/avr5/libc.a(strnlen.o)
                              /usr/local/Cellar/avr-gcc@7/7.4.0/lib/avr-gcc/7/gcc/avr/7.4.0/../../../../../../avr/lib/avr5/libc.a(vfprintf_std.o) (strnlen)
/usr/local/Cellar/avr-gcc@7/7.4.0/lib/avr-gcc/7/gcc/avr/7.4.0/../../../../../../avr/lib/avr5/libc.a(fputc.o)
                              /usr/local/Cellar/avr-gcc@7/7.4.0/lib/avr-gcc/7/gcc/avr/7.4.0/../../../../../../avr/lib/avr5/libc.a(vfprintf_std.o) (fputc)
/usr/local/Cellar/avr-gcc@7/7.4.0/lib/avr-gcc/7/gcc/avr/7.4.0/../../../../../../avr/lib/avr5/libc.a(ultoa_invert.o)
                              /usr/local/Cellar/avr-gcc@7/7.4.0/lib/avr-gcc/7/gcc/avr/7.4.0/../../../../../../avr/lib/avr5/libc.a(vfprintf_std.o) (__ultoa_invert)
/usr/local/Cellar/avr-gcc@7/7.4.0/lib/avr-gcc/7/gcc/avr/7.4.0/../../../../../../avr/lib/avr5/libatmega32u4.a(eerd_byte.o)
                              .build/obj_lily58_rev1_mac/common/eeconfig.o (eeprom_read_byte)
/usr/local/Cellar/avr-gcc@7/7.4.0/lib/avr-gcc/7/gcc/avr/7.4.0/../../../../../../avr/lib/avr5/libatmega32u4.a(eerd_dword.o)
                              .build/obj_lily58_rev1_mac/quantum/rgblight.o (eeprom_read_dword)
/usr/local/Cellar/avr-gcc@7/7.4.0/lib/avr-gcc/7/gcc/avr/7.4.0/../../../../../../avr/lib/avr5/libatmega32u4.a(eerd_word.o)
                              .build/obj_lily58_rev1_mac/common/eeconfig.o (eeprom_read_word)
/usr/local/Cellar/avr-gcc@7/7.4.0/lib/avr-gcc/7/gcc/avr/7.4.0/../../../../../../avr/lib/avr5/libatmega32u4.a(eeupd_byte.o)
                              .build/obj_lily58_rev1_mac/common/eeconfig.o (eeprom_update_byte)
/usr/local/Cellar/avr-gcc@7/7.4.0/lib/avr-gcc/7/gcc/avr/7.4.0/../../../../../../avr/lib/avr5/libatmega32u4.a(eeupd_dword.o)
[...]
Memory Configuration

Name             Origin             Length             Attributes
text             0x0000000000000000 0x0000000000020000 xr
data             0x0000000000800060 0x000000000000ffa0 rw !x
eeprom           0x0000000000810000 0x0000000000010000 rw !x
fuse             0x0000000000820000 0x0000000000000400 rw !x
lock             0x0000000000830000 0x0000000000000400 rw !x
signature        0x0000000000840000 0x0000000000000400 rw !x
user_signatures  0x0000000000850000 0x0000000000000400 rw !x
*default*        0x0000000000000000 0xffffffffffffffff

Linker script and memory map

Address of section .data set to 0x800100
LOAD /usr/local/Cellar/avr-gcc@7/7.4.0/lib/avr-gcc/7/gcc/avr/7.4.0/../../../../../../avr/lib/avr5/crtatmega32u4.o
LOAD .build/obj_lily58_rev1_mac/i2c.o
LOAD .build/obj_lily58_rev1_mac/serial.o
LOAD .build/obj_lily58_rev1_mac/ssd1306.o
LOAD .build/obj_lily58_rev1_mac/rev1/matrix.o
LOAD .build/obj_lily58_rev1_mac/rev1/split_util.o
LOAD .build/obj_lily58_rev1_mac/rev1/split_scomm.o
LOAD .build/obj_lily58_rev1_mac/./lib/glcdfont.o
LOAD .build/obj_lily58_rev1_mac/./lib/rgb_state_reader.o
LOAD .build/obj_lily58_rev1_mac/./lib/layer_state_reader.o
LOAD .build/obj_lily58_rev1_mac/./lib/logo_reader.o
LOAD .build/obj_lily58_rev1_mac/./lib/keylogger.o
LOAD .build/obj_lily58_rev1_mac/keyboards/lily58/lily58.o
LOAD .build/obj_lily58_rev1_mac/keyboards/lily58/rev1/rev1.o
LOAD .build/obj_lily58_rev1_mac/keyboards/lily58/keymaps/mac/keymap.o
LOAD .build/obj_lily58_rev1_mac/quantum/quantum.o
LOAD .build/obj_lily58_rev1_mac/quantum/keymap_common.o
LOAD .build/obj_lily58_rev1_mac/quantum/keycode_config.o
LOAD .build/obj_lily58_rev1_mac/quantum/debounce/sym_g.o
LOAD .build/obj_lily58_rev1_mac/quantum/color.o
LOAD .build/obj_lily58_rev1_mac/quantum/rgblight.o
LOAD .build/obj_lily58_rev1_mac/ws2812.o
LOAD .build/obj_lily58_rev1_mac/quantum/process_keycode/process_auto_shift.o
LOAD .build/obj_lily58_rev1_mac/quantum/led_tables.o
LOAD .build/obj_lily58_rev1_mac/quantum/process_keycode/process_space_cadet.o
LOAD .build/obj_lily58_rev1_mac/common/host.o
LOAD .build/obj_lily58_rev1_mac/common/keyboard.o
LOAD .build/obj_lily58_rev1_mac/common/action.o
LOAD .build/obj_lily58_rev1_mac/common/action_tapping.o
LOAD .build/obj_lily58_rev1_mac/common/action_macro.o
LOAD .build/obj_lily58_rev1_mac/common/action_layer.o
LOAD .build/obj_lily58_rev1_mac/common/action_util.o
LOAD .build/obj_lily58_rev1_mac/common/print.o
LOAD .build/obj_lily58_rev1_mac/common/debug.o
LOAD .build/obj_lily58_rev1_mac/common/util.o
LOAD .build/obj_lily58_rev1_mac/common/eeconfig.o
LOAD .build/obj_lily58_rev1_mac/common/report.o
LOAD .build/obj_lily58_rev1_mac/common/avr/suspend.o
LOAD .build/obj_lily58_rev1_mac/common/avr/timer.o
LOAD .build/obj_lily58_rev1_mac/common/avr/bootloader.o
LOAD .build/obj_lily58_rev1_mac/common/avr/xprintf.o
LOAD .build/obj_lily58_rev1_mac/common/magic.o
LOAD .build/obj_lily58_rev1_mac/common/backlight.o
LOAD .build/obj_lily58_rev1_mac/lufa.o
LOAD .build/obj_lily58_rev1_mac/usb_descriptor.o
LOAD .build/obj_lily58_rev1_mac/outputselect.o
LOAD .build/obj_lily58_rev1_mac/lib/lufa/LUFA/Drivers/USB/Class/Common/HIDParser.o
LOAD .build/obj_lily58_rev1_mac/lib/lufa/LUFA/Drivers/USB/Core/AVR8/Device_AVR8.o
LOAD .build/obj_lily58_rev1_mac/lib/lufa/LUFA/Drivers/USB/Core/AVR8/EndpointStream_AVR8.o
LOAD .build/obj_lily58_rev1_mac/lib/lufa/LUFA/Drivers/USB/Core/AVR8/Endpoint_AVR8.o
LOAD .build/obj_lily58_rev1_mac/lib/lufa/LUFA/Drivers/USB/Core/AVR8/Host_AVR8.o
LOAD .build/obj_lily58_rev1_mac/lib/lufa/LUFA/Drivers/USB/Core/AVR8/PipeStream_AVR8.o
LOAD .build/obj_lily58_rev1_mac/lib/lufa/LUFA/Drivers/USB/Core/AVR8/Pipe_AVR8.o
LOAD .build/obj_lily58_rev1_mac/lib/lufa/LUFA/Drivers/USB/Core/AVR8/USBController_AVR8.o
LOAD .build/obj_lily58_rev1_mac/lib/lufa/LUFA/Drivers/USB/Core/AVR8/USBInterrupt_AVR8.o
LOAD .build/obj_lily58_rev1_mac/lib/lufa/LUFA/Drivers/USB/Core/ConfigDescriptors.o
LOAD .build/obj_lily58_rev1_mac/lib/lufa/LUFA/Drivers/USB/Core/DeviceStandardReq.o
LOAD .build/obj_lily58_rev1_mac/lib/lufa/LUFA/Drivers/USB/Core/Events.o
LOAD .build/obj_lily58_rev1_mac/lib/lufa/LUFA/Drivers/USB/Core/HostStandardReq.o
LOAD .build/obj_lily58_rev1_mac/lib/lufa/LUFA/Drivers/USB/Core/USBTask.o
LOAD /usr/local/Cellar/avr-gcc@7/7.4.0/lib/avr-gcc/7/gcc/avr/7.4.0/../../../../../../avr/lib/avr5/libm.a
START GROUP
LOAD /usr/local/Cellar/avr-gcc@7/7.4.0/lib/avr-gcc/7/gcc/avr/7.4.0/avr5/libgcc.a
LOAD /usr/local/Cellar/avr-gcc@7/7.4.0/lib/avr-gcc/7/gcc/avr/7.4.0/../../../../../../avr/lib/avr5/libm.a
LOAD /usr/local/Cellar/avr-gcc@7/7.4.0/lib/avr-gcc/7/gcc/avr/7.4.0/../../../../../../avr/lib/avr5/libc.a
LOAD /usr/local/Cellar/avr-gcc@7/7.4.0/lib/avr-gcc/7/gcc/avr/7.4.0/../../../../../../avr/lib/avr5/libatmega32u4.a
END GROUP
                0x0000000000020000                __TEXT_REGION_LENGTH__ = DEFINED (__TEXT_REGION_LENGTH__)?__TEXT_REGION_LENGTH__:0x20000
                0x000000000000ffa0                __DATA_REGION_LENGTH__ = DEFINED (__DATA_REGION_LENGTH__)?__DATA_REGION_LENGTH__:0xffa0
                0x0000000000010000                __EEPROM_REGION_LENGTH__ = DEFINED (__EEPROM_REGION_LENGTH__)?__EEPROM_REGION_LENGTH__:0x10000
                0x0000000000000400                __FUSE_REGION_LENGTH__ = DEFINED (__FUSE_REGION_LENGTH__)?__FUSE_REGION_LENGTH__:0x400
                0x0000000000000400                __LOCK_REGION_LENGTH__ = DEFINED (__LOCK_REGION_LENGTH__)?__LOCK_REGION_LENGTH__:0x400
                0x0000000000000400                __SIGNATURE_REGION_LENGTH__ = DEFINED (__SIGNATURE_REGION_LENGTH__)?__SIGNATURE_REGION_LENGTH__:0x400
                0x0000000000000400                __USER_SIGNATURE_REGION_LENGTH__ = DEFINED (__USER_SIGNATURE_REGION_LENGTH__)?__USER_SIGNATURE_REGION_LENGTH__:0x400

.hash
 *(.hash)

.dynsym
 *(.dynsym)

.dynstr
 *(.dynstr)

.gnu.version
 *(.gnu.version)

.gnu.version_d
 *(.gnu.version_d)

.gnu.version_r
 *(.gnu.version_r)

.rel.init
 *(.rel.init)

.rela.init
 *(.rela.init)

.rel.text
 *(.rel.text)
 *(.rel.text.*)
 *(.rel.gnu.linkonce.t*)

.rela.text
 *(.rela.text)
 *(.rela.text.*)
 *(.rela.gnu.linkonce.t*)

.rel.fini
 *(.rel.fini)

.rela.fini
 *(.rela.fini)

.rel.rodata
 *(.rel.rodata)
 *(.rel.rodata.*)
 *(.rel.gnu.linkonce.r*)

.rela.rodata
 *(.rela.rodata)
 *(.rela.rodata.*)
 *(.rela.gnu.linkonce.r*)

.rel.data
 *(.rel.data)
 *(.rel.data.*)
 *(.rel.gnu.linkonce.d*)

.rela.data
 *(.rela.data)
 *(.rela.data.*)
 *(.rela.gnu.linkonce.d*)

.rel.ctors
 *(.rel.ctors)

.rela.ctors
 *(.rela.ctors)

.rel.dtors
 *(.rel.dtors)

.rela.dtors
 *(.rela.dtors)

.rel.got
 *(.rel.got)

.rela.got
 *(.rela.got)

.rel.bss
 *(.rel.bss)

.rela.bss
 *(.rela.bss)

.rel.plt
 *(.rel.plt)

.rela.plt
 *(.rela.plt)

.text           0x0000000000000000     0x6980
 *(.vectors)
 .vectors       0x0000000000000000       0xac /usr/local/Cellar/avr-gcc@7/7.4.0/lib/avr-gcc/7/gcc/avr/7.4.0/../../../../../../avr/lib/avr5/crtatmega32u4.o
                0x0000000000000000                __vectors
                0x0000000000000000                __vector_default
 *(.vectors)
 *(.progmem.gcc*)
                0x00000000000000ac                . = ALIGN (0x2)
                0x00000000000000ac                __trampolines_start = .
 *(.trampolines)
 .trampolines   0x00000000000000ac        0x0 linker stubs
 *(.trampolines*)
                0x00000000000000ac                __trampolines_end = .
 *libprintf_flt.a:*(.progmem.data)
 *libc.a:*(.progmem.data)
 *(.progmem.*)
 .progmem.data.font
                0x00000000000000ac      0x540 .build/obj_lily58_rev1_mac/./lib/glcdfont.o
                0x00000000000000ac                font
 .progmem.data.keymaps
                0x00000000000005ec      0x1e0 .build/obj_lily58_rev1_mac/keyboards/lily58/keymaps/mac/keymap.o
                0x00000000000005ec                keymaps
 .progmem.data.ascii_to_keycode_lut
                0x00000000000007cc       0x80 .build/obj_lily58_rev1_mac/quantum/quantum.o
                0x00000000000007cc                ascii_to_keycode_lut
 .progmem.data.ascii_to_altgr_lut
                0x000000000000084c       0x80 .build/obj_lily58_rev1_mac/quantum/quantum.o
                0x000000000000084c                ascii_to_altgr_lut
 .progmem.data.ascii_to_shift_lut
                0x00000000000008cc       0x80 .build/obj_lily58_rev1_mac/quantum/quantum.o
                0x00000000000008cc                ascii_to_shift_lut
 .progmem.data.fn_actions
                0x000000000000094c        0x0 .build/obj_lily58_rev1_mac/quantum/keymap_common.o
                0x000000000000094c                fn_actions
 .progmem.data.RGBLED_RGBTEST_INTERVALS
                0x000000000000094c        0x2 .build/obj_lily58_rev1_mac/quantum/rgblight.o
                0x000000000000094c                RGBLED_RGBTEST_INTERVALS
 .progmem.data.RGBLED_KNIGHT_INTERVALS
                0x000000000000094e        0x3 .build/obj_lily58_rev1_mac/quantum/rgblight.o
                0x000000000000094e                RGBLED_KNIGHT_INTERVALS
 .progmem.data.RGBLED_SNAKE_INTERVALS
                0x0000000000000951        0x3 .build/obj_lily58_rev1_mac/quantum/rgblight.o
                0x0000000000000951                RGBLED_SNAKE_INTERVALS
 .progmem.data.RGBLED_RAINBOW_SWIRL_INTERVALS
                0x0000000000000954        0x3 .build/obj_lily58_rev1_mac/quantum/rgblight.o
                0x0000000000000954                RGBLED_RAINBOW_SWIRL_INTERVALS
 .progmem.data.RGBLED_RAINBOW_MOOD_INTERVALS
                0x0000000000000957        0x3 .build/obj_lily58_rev1_mac/quantum/rgblight.o
                0x0000000000000957                RGBLED_RAINBOW_MOOD_INTERVALS
 .progmem.data.RGBLED_BREATHING_INTERVALS
                0x000000000000095a        0x4 .build/obj_lily58_rev1_mac/quantum/rgblight.o
                0x000000000000095a                RGBLED_BREATHING_INTERVALS
 .progmem.data.rgblight_effect_breathe_table
                0x000000000000095e      0x100 .build/obj_lily58_rev1_mac/quantum/rgblight.o
                0x000000000000095e                rgblight_effect_breathe_table
 .progmem.data.RGBLED_GRADIENT_RANGES
                0x0000000000000a5e        0x5 .build/obj_lily58_rev1_mac/quantum/rgblight.o
                0x0000000000000a5e                RGBLED_GRADIENT_RANGES
 .progmem.data.CIE1931_CURVE
                0x0000000000000a63      0x100 .build/obj_lily58_rev1_mac/quantum/led_tables.o
                0x0000000000000a63                CIE1931_CURVE
 .progmem.data.SerialNumberString
                0x0000000000000b63        0x6 .build/obj_lily58_rev1_mac/usb_descriptor.o
                0x0000000000000b63                SerialNumberString
 .progmem.data.ProductString
                0x0000000000000b69       0x10 .build/obj_lily58_rev1_mac/usb_descriptor.o
                0x0000000000000b69                ProductString
 .progmem.data.ManufacturerString
                0x0000000000000b79       0x14 .build/obj_lily58_rev1_mac/usb_descriptor.o
                0x0000000000000b79                ManufacturerString
 .progmem.data.LanguageString
                0x0000000000000b8d        0x4 .build/obj_lily58_rev1_mac/usb_descriptor.o
                0x0000000000000b8d                LanguageString
 .progmem.data.ConfigurationDescriptor
                0x0000000000000b91       0x3b .build/obj_lily58_rev1_mac/usb_descriptor.o
                0x0000000000000b91                ConfigurationDescriptor
 .progmem.data.DeviceDescriptor
                0x0000000000000bcc       0x12 .build/obj_lily58_rev1_mac/usb_descriptor.o
                0x0000000000000bcc                DeviceDescriptor
 .progmem.data.SharedReport
                0x0000000000000bde       0x3b .build/obj_lily58_rev1_mac/usb_descriptor.o
                0x0000000000000bde                SharedReport
 .progmem.data.KeyboardReport
                0x0000000000000c19       0x40 .build/obj_lily58_rev1_mac/usb_descriptor.o
                0x0000000000000c19                KeyboardReport
                0x0000000000000c5a                . = ALIGN (0x2)
 *fill*         0x0000000000000c59        0x1 
 *(.lowtext)
 *(.lowtext*)
                0x0000000000000c5a                __ctors_start = .
 *(.ctors)
                0x0000000000000c5a                __ctors_end = .
                0x0000000000000c5a                __dtors_start = .
 *(.dtors)
                0x0000000000000c5a                __dtors_end = .
 SORT_BY_NAME(*)(.ctors)
 SORT_BY_NAME(*)(.dtors)
 *(.init0)
 .init0         0x0000000000000c5a        0x0 /usr/local/Cellar/avr-gcc@7/7.4.0/lib/avr-gcc/7/gcc/avr/7.4.0/../../../../../../avr/lib/avr5/crtatmega32u4.o
                0x0000000000000c5a                __init
 *(.init0)
 *(.init1)
 *(.init1)
 *(.init2)
 .init2         0x0000000000000c5a        0xc /usr/local/Cellar/avr-gcc@7/7.4.0/lib/avr-gcc/7/gcc/avr/7.4.0/../../../../../../avr/lib/avr5/crtatmega32u4.o
 *(.init2)
 *(.init3)
 .init3         0x0000000000000c66       0x54 .build/obj_lily58_rev1_mac/common/avr/bootloader.o
                0x0000000000000c66                bootloader_jump_after_watchdog_reset
 *(.init3)
 *(.init4)
 .init4         0x0000000000000cba       0x16 /usr/local/Cellar/avr-gcc@7/7.4.0/lib/avr-gcc/7/gcc/avr/7.4.0/avr5/libgcc.a(_copy_data.o)
                0x0000000000000cba                __do_copy_data
 .init4         0x0000000000000cd0       0x10 /usr/local/Cellar/avr-gcc@7/7.4.0/lib/avr-gcc/7/gcc/avr/7.4.0/avr5/libgcc.a(_clear_bss.o)
                0x0000000000000cd0                __do_clear_bss
 *(.init4)
 *(.init5)
 *(.init5)
 *(.init6)
 *(.init6)
 *(.init7)
 *(.init7)
 *(.init8)
 *(.init8)
 *(.init9)
 .init9         0x0000000000000ce0        0x8 /usr/local/Cellar/avr-gcc@7/7.4.0/lib/avr-gcc/7/gcc/avr/7.4.0/../../../../../../avr/lib/avr5/crtatmega32u4.o
 *(.init9)
 *(.text)
 .text          0x0000000000000ce8        0x4 /usr/local/Cellar/avr-gcc@7/7.4.0/lib/avr-gcc/7/gcc/avr/7.4.0/../../../../../../avr/lib/avr5/crtatmega32u4.o
                0x0000000000000ce8                __vector_42
                0x0000000000000ce8                __vector_22
                0x0000000000000ce8                __vector_28
                0x0000000000000ce8                __vector_1
                0x0000000000000ce8                __vector_32
                0x0000000000000ce8                __vector_34
                0x0000000000000ce8                __vector_24
                0x0000000000000ce8                __bad_interrupt
                0x0000000000000ce8                __vector_6
                0x0000000000000ce8                __vector_31
                0x0000000000000ce8                __vector_35
                0x0000000000000ce8                __vector_39
                0x0000000000000ce8                __vector_23
                0x0000000000000ce8                __vector_30
                0x0000000000000ce8                __vector_25
                0x0000000000000ce8                __vector_13
                0x0000000000000ce8                __vector_17
                0x0000000000000ce8                __vector_19
                0x0000000000000ce8                __vector_7
                0x0000000000000ce8                __vector_41
                0x0000000000000ce8                __vector_27
                0x0000000000000ce8                __vector_5
                0x0000000000000ce8                __vector_33
                0x0000000000000ce8                __vector_37
                0x0000000000000ce8                __vector_4
                0x0000000000000ce8                __vector_9
                0x0000000000000ce8                __vector_2
                0x0000000000000ce8                __vector_15
                0x0000000000000ce8                __vector_29
                0x0000000000000ce8                __vector_40
                0x0000000000000ce8                __vector_8
                0x0000000000000ce8                __vector_26
                0x0000000000000ce8                __vector_14
                0x0000000000000ce8                __vector_16
                0x0000000000000ce8                __vector_18
                0x0000000000000ce8                __vector_20
                0x0000000000000ce8                __vector_38
                0x0000000000000cec                . = ALIGN (0x2)
 *(.text.*)
 .text.i2c_delay
                0x0000000000000cec       0x12 .build/obj_lily58_rev1_mac/i2c.o
 .text.i2c_master_init
                0x0000000000000cfe        0xc .build/obj_lily58_rev1_mac/i2c.o
                0x0000000000000cfe                i2c_master_init
 .text.i2c_master_start
                0x0000000000000d0a       0x4e .build/obj_lily58_rev1_mac/i2c.o
                0x0000000000000d0a                i2c_master_start
 .text.i2c_master_stop
                0x0000000000000d58       0x18 .build/obj_lily58_rev1_mac/i2c.o
                0x0000000000000d58                i2c_master_stop
 .text.i2c_master_write
                0x0000000000000d70       0x1e .build/obj_lily58_rev1_mac/i2c.o
                0x0000000000000d70                i2c_master_write
 .text.__vector_36
                0x0000000000000d8e       0xc2 .build/obj_lily58_rev1_mac/i2c.o
                0x0000000000000d8e                __vector_36
 .text.sync_recv
                0x0000000000000e50       0x10 .build/obj_lily58_rev1_mac/serial.o
 .text.sync_send
                0x0000000000000e60        0xc .build/obj_lily58_rev1_mac/serial.o
 .text.serial_read_chunk
                0x0000000000000e6c       0x5a .build/obj_lily58_rev1_mac/serial.o
 .text.serial_recive_packet
                0x0000000000000ec6       0x50 .build/obj_lily58_rev1_mac/serial.o
 .text.soft_serial_initiator_init
                0x0000000000000f16       0x12 .build/obj_lily58_rev1_mac/serial.o
                0x0000000000000f16                soft_serial_initiator_init
 .text.soft_serial_target_init
                0x0000000000000f28       0x1e .build/obj_lily58_rev1_mac/serial.o
                0x0000000000000f28                soft_serial_target_init
 .text.serial_write_chunk
                0x0000000000000f46       0x42 .build/obj_lily58_rev1_mac/serial.o
                0x0000000000000f46                serial_write_chunk
 .text.serial_send_packet
                0x0000000000000f88       0x34 .build/obj_lily58_rev1_mac/serial.o
 .text.__vector_3
                0x0000000000000fbc      0x11e .build/obj_lily58_rev1_mac/serial.o
                0x0000000000000fbc                __vector_3
 .text.soft_serial_transaction
                0x00000000000010da       0xfc .build/obj_lily58_rev1_mac/serial.o
                0x00000000000010da                soft_serial_transaction
 .text._send_cmd1
                0x00000000000011d6       0x32 .build/obj_lily58_rev1_mac/ssd1306.o
 .text._send_cmd2
                0x0000000000001208       0x1a .build/obj_lily58_rev1_mac/ssd1306.o
 .text._send_cmd3.constprop.1
                0x0000000000001222       0x24 .build/obj_lily58_rev1_mac/ssd1306.o
 .text.iota_gfx_off
                0x0000000000001246        0x6 .build/obj_lily58_rev1_mac/ssd1306.o
                0x0000000000001246                iota_gfx_off
 .text.iota_gfx_on
                0x000000000000124c        0x6 .build/obj_lily58_rev1_mac/ssd1306.o
                0x000000000000124c                iota_gfx_on
 .text.matrix_write_char_inner
                0x0000000000001252       0x68 .build/obj_lily58_rev1_mac/ssd1306.o
                0x0000000000001252                matrix_write_char_inner
 .text.matrix_write_char
                0x00000000000012ba       0x4e .build/obj_lily58_rev1_mac/ssd1306.o
                0x00000000000012ba                matrix_write_char
 .text.matrix_write
                0x0000000000001308       0x3c .build/obj_lily58_rev1_mac/ssd1306.o
                0x0000000000001308                matrix_write
 .text.matrix_write_ln
                0x0000000000001344       0x92 .build/obj_lily58_rev1_mac/ssd1306.o
                0x0000000000001344                matrix_write_ln
 .text.matrix_clear
                0x00000000000013d6       0x2a .build/obj_lily58_rev1_mac/ssd1306.o
                0x00000000000013d6                matrix_clear
 .text.matrix_render
                0x0000000000001400       0xd4 .build/obj_lily58_rev1_mac/ssd1306.o
                0x0000000000001400                matrix_render
 .text.iota_gfx_flush
                0x00000000000014d4        0x8 .build/obj_lily58_rev1_mac/ssd1306.o
                0x00000000000014d4                iota_gfx_flush
 .text.iota_gfx_init
                0x00000000000014dc      0x162 .build/obj_lily58_rev1_mac/ssd1306.o
                0x00000000000014dc                iota_gfx_init
 .text.iota_gfx_task
                0x000000000000163e       0x34 .build/obj_lily58_rev1_mac/ssd1306.o
                0x000000000000163e                iota_gfx_task
 .text.process_record_gfx
                0x0000000000001672        0x8 .build/obj_lily58_rev1_mac/ssd1306.o
                0x0000000000001672                process_record_gfx
 .text.unselect_rows
                0x000000000000167a       0x42 .build/obj_lily58_rev1_mac/rev1/matrix.o
 .text.matrix_init_kb
                0x00000000000016bc        0x4 .build/obj_lily58_rev1_mac/rev1/matrix.o
                0x00000000000016bc                matrix_init_kb
 .text.matrix_scan_kb
                0x00000000000016c0        0x4 .build/obj_lily58_rev1_mac/rev1/matrix.o
                0x00000000000016c0                matrix_scan_kb
 .text.matrix_init
                0x00000000000016c4       0x6e .build/obj_lily58_rev1_mac/rev1/matrix.o
                0x00000000000016c4                matrix_init
 .text._matrix_scan
                0x0000000000001732      0x128 .build/obj_lily58_rev1_mac/rev1/matrix.o
                0x0000000000001732                _matrix_scan
 .text.serial_transaction
                0x000000000000185a       0x44 .build/obj_lily58_rev1_mac/rev1/matrix.o
                0x000000000000185a                serial_transaction
 .text.matrix_slave_scan
                0x000000000000189e       0x42 .build/obj_lily58_rev1_mac/rev1/matrix.o
                0x000000000000189e                matrix_slave_scan
 .text.matrix_scan
                0x00000000000018e0       0xb6 .build/obj_lily58_rev1_mac/rev1/matrix.o
                0x00000000000018e0                matrix_scan
 .text.matrix_get_row
                0x0000000000001996        0xc .build/obj_lily58_rev1_mac/rev1/matrix.o
                0x0000000000001996                matrix_get_row
 .text.matrix_print
                0x00000000000019a2        0x2 .build/obj_lily58_rev1_mac/rev1/matrix.o
                0x00000000000019a2                matrix_print
 .text.has_usb  0x00000000000019a4       0x1a .build/obj_lily58_rev1_mac/rev1/split_util.o
                0x00000000000019a4                has_usb
 .text.split_keyboard_setup
                0x00000000000019be       0x1a .build/obj_lily58_rev1_mac/rev1/split_util.o
                0x00000000000019be                split_keyboard_setup
 .text.matrix_setup
                0x00000000000019d8        0x4 .build/obj_lily58_rev1_mac/rev1/split_util.o
                0x00000000000019d8                matrix_setup
 .text.serial_master_init
                0x00000000000019dc        0xc .build/obj_lily58_rev1_mac/rev1/split_scomm.o
                0x00000000000019dc                serial_master_init
 .text.serial_slave_init
                0x00000000000019e8        0xc .build/obj_lily58_rev1_mac/rev1/split_scomm.o
                0x00000000000019e8                serial_slave_init
 .text.serial_update_buffers
                0x00000000000019f4       0x7c .build/obj_lily58_rev1_mac/rev1/split_scomm.o
                0x00000000000019f4                serial_update_buffers
 .text.read_layer_state
                0x0000000000001a70       0x98 .build/obj_lily58_rev1_mac/./lib/layer_state_reader.o
                0x0000000000001a70                read_layer_state
 .text.read_logo
                0x0000000000001b08        0x6 .build/obj_lily58_rev1_mac/./lib/logo_reader.o
                0x0000000000001b08                read_logo
 .text.set_keylog
                0x0000000000001b0e       0x96 .build/obj_lily58_rev1_mac/./lib/keylogger.o
                0x0000000000001b0e                set_keylog
 .text.read_keylog
                0x0000000000001ba4        0x6 .build/obj_lily58_rev1_mac/./lib/keylogger.o
                0x0000000000001ba4                read_keylog
 .text.read_keylogs
                0x0000000000001baa        0x6 .build/obj_lily58_rev1_mac/./lib/keylogger.o
                0x0000000000001baa                read_keylogs
 .text.process_record_kb
                0x0000000000001bb0       0x2c .build/obj_lily58_rev1_mac/keyboards/lily58/lily58.o
                0x0000000000001bb0                process_record_kb
 .text.led_set_kb
                0x0000000000001bdc        0x2 .build/obj_lily58_rev1_mac/keyboards/lily58/rev1/rev1.o
                0x0000000000001bdc                led_set_kb
 .text.update_tri_layer_RGB
                0x0000000000001bde       0xa2 .build/obj_lily58_rev1_mac/keyboards/lily58/keymaps/mac/keymap.o
                0x0000000000001bde                update_tri_layer_RGB
 .text.matrix_init_user
                0x0000000000001c80       0x1c .build/obj_lily58_rev1_mac/keyboards/lily58/keymaps/mac/keymap.o
                0x0000000000001c80                matrix_init_user
 .text.matrix_scan_user
                0x0000000000001c9c        0x4 .build/obj_lily58_rev1_mac/keyboards/lily58/keymaps/mac/keymap.o
                0x0000000000001c9c                matrix_scan_user
 .text.matrix_render_user
                0x0000000000001ca0       0x46 .build/obj_lily58_rev1_mac/keyboards/lily58/keymaps/mac/keymap.o
                0x0000000000001ca0                matrix_render_user
 .text.matrix_update
                0x0000000000001ce6       0x38 .build/obj_lily58_rev1_mac/keyboards/lily58/keymaps/mac/keymap.o
                0x0000000000001ce6                matrix_update
 .text.iota_gfx_task_user
                0x0000000000001d1e       0x48 .build/obj_lily58_rev1_mac/keyboards/lily58/keymaps/mac/keymap.o
                0x0000000000001d1e                iota_gfx_task_user
 .text.process_record_user
                0x0000000000001d66       0x96 .build/obj_lily58_rev1_mac/keyboards/lily58/keymaps/mac/keymap.o
                0x0000000000001d66                process_record_user
 .text.process_action_kb
                0x0000000000001dfc        0x4 .build/obj_lily58_rev1_mac/quantum/quantum.o
                0x0000000000001dfc                process_action_kb
 .text.get_event_keycode
                0x0000000000001e00       0x62 .build/obj_lily58_rev1_mac/quantum/quantum.o
                0x0000000000001e00                get_event_keycode
 .text.get_record_keycode
                0x0000000000001e62       0x10 .build/obj_lily58_rev1_mac/quantum/quantum.o
                0x0000000000001e62                get_record_keycode
 .text.send_char
                0x0000000000001e72       0x5c .build/obj_lily58_rev1_mac/quantum/quantum.o
                0x0000000000001e72                send_char
 .text.send_string_with_delay
                0x0000000000001ece       0x6c .build/obj_lily58_rev1_mac/quantum/quantum.o
                0x0000000000001ece                send_string_with_delay
 .text.send_string
                0x0000000000001f3a        0x6 .build/obj_lily58_rev1_mac/quantum/quantum.o
                0x0000000000001f3a                send_string
 .text.set_single_persistent_default_layer
                0x0000000000001f40       0x26 .build/obj_lily58_rev1_mac/quantum/quantum.o
                0x0000000000001f40                set_single_persistent_default_layer
 .text.matrix_scan_quantum
                0x0000000000001f66        0x4 .build/obj_lily58_rev1_mac/quantum/quantum.o
                0x0000000000001f66                matrix_scan_quantum
 .text.backlight_init_ports
                0x0000000000001f6a        0x2 .build/obj_lily58_rev1_mac/quantum/quantum.o
                0x0000000000001f6a                backlight_init_ports
 .text.matrix_init_quantum
                0x0000000000001f6c       0x14 .build/obj_lily58_rev1_mac/quantum/quantum.o
                0x0000000000001f6c                matrix_init_quantum
 .text.backlight_set
                0x0000000000001f80        0x2 .build/obj_lily58_rev1_mac/quantum/quantum.o
                0x0000000000001f80                backlight_set
 .text.led_set  0x0000000000001f82        0x4 .build/obj_lily58_rev1_mac/quantum/quantum.o
                0x0000000000001f82                led_set
 .text.shutdown_user
                0x0000000000001f86        0x2 .build/obj_lily58_rev1_mac/quantum/quantum.o
                0x0000000000001f86                shutdown_user
 .text.reset_keyboard
                0x0000000000001f88       0x2a .build/obj_lily58_rev1_mac/quantum/quantum.o
                0x0000000000001f88                reset_keyboard
 .text.process_record_quantum
                0x0000000000001fb2      0x552 .build/obj_lily58_rev1_mac/quantum/quantum.o
                0x0000000000001fb2                process_record_quantum
 .text.keymap_key_to_keycode
                0x0000000000002504       0x28 .build/obj_lily58_rev1_mac/quantum/keymap_common.o
                0x0000000000002504                keymap_key_to_keycode
 .text.keymap_function_id_to_action
                0x000000000000252c       0x10 .build/obj_lily58_rev1_mac/quantum/keymap_common.o
                0x000000000000252c                keymap_function_id_to_action
 .text.action_for_key
                0x000000000000253c      0x3d8 .build/obj_lily58_rev1_mac/quantum/keymap_common.o
                0x000000000000253c                action_for_key
 .text.keycode_config
                0x0000000000002914      0x136 .build/obj_lily58_rev1_mac/quantum/keycode_config.o
                0x0000000000002914                keycode_config
 .text.mod_config
                0x0000000000002a4a       0x86 .build/obj_lily58_rev1_mac/quantum/keycode_config.o
                0x0000000000002a4a                mod_config
 .text.hsv_to_rgb
                0x0000000000002ad0      0x122 .build/obj_lily58_rev1_mac/quantum/color.o
                0x0000000000002ad0                hsv_to_rgb
 .text.rgblight_effect_dummy
                0x0000000000002bf2        0x2 .build/obj_lily58_rev1_mac/quantum/rgblight.o
 .text.sethsv_raw
                0x0000000000002bf4       0x1c .build/obj_lily58_rev1_mac/quantum/rgblight.o
                0x0000000000002bf4                sethsv_raw
 .text.sethsv   0x0000000000002c10        0xa .build/obj_lily58_rev1_mac/quantum/rgblight.o
                0x0000000000002c10                sethsv
 .text.rgblight_check_config
                0x0000000000002c1a       0x2c .build/obj_lily58_rev1_mac/quantum/rgblight.o
                0x0000000000002c1a                rgblight_check_config
 .text.eeconfig_read_rgblight
                0x0000000000002c46        0x8 .build/obj_lily58_rev1_mac/quantum/rgblight.o
                0x0000000000002c46                eeconfig_read_rgblight
 .text.eeconfig_update_rgblight
                0x0000000000002c4e       0x24 .build/obj_lily58_rev1_mac/quantum/rgblight.o
                0x0000000000002c4e                eeconfig_update_rgblight
 .text.eeconfig_update_rgblight_default
                0x0000000000002c72       0x20 .build/obj_lily58_rev1_mac/quantum/rgblight.o
                0x0000000000002c72                eeconfig_update_rgblight_default
 .text.rgblight_get_mode
                0x0000000000002c92       0x10 .build/obj_lily58_rev1_mac/quantum/rgblight.o
                0x0000000000002c92                rgblight_get_mode
 .text.rgblight_increase_speed
                0x0000000000002ca2       0x22 .build/obj_lily58_rev1_mac/quantum/rgblight.o
                0x0000000000002ca2                rgblight_increase_speed
 .text.rgblight_decrease_speed
                0x0000000000002cc4       0x22 .build/obj_lily58_rev1_mac/quantum/rgblight.o
                0x0000000000002cc4                rgblight_decrease_speed
 .text.rgblight_set
                0x0000000000002ce6       0x46 .build/obj_lily58_rev1_mac/quantum/rgblight.o
                0x0000000000002ce6                rgblight_set
 .text.rgblight_setrgb
                0x0000000000002d2c       0x32 .build/obj_lily58_rev1_mac/quantum/rgblight.o
                0x0000000000002d2c                rgblight_setrgb
 .text.rgblight_sethsv_noeeprom_old
                0x0000000000002d5e       0x34 .build/obj_lily58_rev1_mac/quantum/rgblight.o
                0x0000000000002d5e                rgblight_sethsv_noeeprom_old
 .text.rgblight_effect_breathing
                0x0000000000002d92       0x28 .build/obj_lily58_rev1_mac/quantum/rgblight.o
                0x0000000000002d92                rgblight_effect_breathing
 .text.rgblight_effect_rainbow_mood
                0x0000000000002dba       0x20 .build/obj_lily58_rev1_mac/quantum/rgblight.o
                0x0000000000002dba                rgblight_effect_rainbow_mood
 .text.rgblight_effect_rgbtest
                0x0000000000002dda       0x7e .build/obj_lily58_rev1_mac/quantum/rgblight.o
                0x0000000000002dda                rgblight_effect_rgbtest
 .text.rgblight_sethsv_eeprom_helper
                0x0000000000002e58      0x124 .build/obj_lily58_rev1_mac/quantum/rgblight.o
                0x0000000000002e58                rgblight_sethsv_eeprom_helper
 .text.rgblight_increase_hue_helper
                0x0000000000002f7c       0x14 .build/obj_lily58_rev1_mac/quantum/rgblight.o
                0x0000000000002f7c                rgblight_increase_hue_helper
 .text.rgblight_increase_hue
                0x0000000000002f90        0x6 .build/obj_lily58_rev1_mac/quantum/rgblight.o
                0x0000000000002f90                rgblight_increase_hue
 .text.rgblight_decrease_hue_helper
                0x0000000000002f96       0x14 .build/obj_lily58_rev1_mac/quantum/rgblight.o
                0x0000000000002f96                rgblight_decrease_hue_helper
 .text.rgblight_decrease_hue
                0x0000000000002faa        0x6 .build/obj_lily58_rev1_mac/quantum/rgblight.o
                0x0000000000002faa                rgblight_decrease_hue
 .text.rgblight_increase_sat_helper
                0x0000000000002fb0       0x18 .build/obj_lily58_rev1_mac/quantum/rgblight.o
                0x0000000000002fb0                rgblight_increase_sat_helper
 .text.rgblight_increase_sat
                0x0000000000002fc8        0x6 .build/obj_lily58_rev1_mac/quantum/rgblight.o
                0x0000000000002fc8                rgblight_increase_sat
 .text.rgblight_decrease_sat_helper
                0x0000000000002fce       0x18 .build/obj_lily58_rev1_mac/quantum/rgblight.o
                0x0000000000002fce                rgblight_decrease_sat_helper
 .text.rgblight_decrease_sat
                0x0000000000002fe6        0x6 .build/obj_lily58_rev1_mac/quantum/rgblight.o
                0x0000000000002fe6                rgblight_decrease_sat
 .text.rgblight_increase_val_helper
                0x0000000000002fec       0x18 .build/obj_lily58_rev1_mac/quantum/rgblight.o
                0x0000000000002fec                rgblight_increase_val_helper
 .text.rgblight_increase_val
                0x0000000000003004        0x6 .build/obj_lily58_rev1_mac/quantum/rgblight.o
                0x0000000000003004                rgblight_increase_val
 .text.rgblight_decrease_val_helper
                0x000000000000300a       0x18 .build/obj_lily58_rev1_mac/quantum/rgblight.o
                0x000000000000300a                rgblight_decrease_val_helper
 .text.rgblight_decrease_val
                0x0000000000003022        0x6 .build/obj_lily58_rev1_mac/quantum/rgblight.o
                0x0000000000003022                rgblight_decrease_val
 .text.rgblight_sethsv_noeeprom
                0x0000000000003028        0x6 .build/obj_lily58_rev1_mac/quantum/rgblight.o
                0x0000000000003028                rgblight_sethsv_noeeprom
 .text.rgblight_effect_rainbow_swirl
                0x000000000000302e       0x7a .build/obj_lily58_rev1_mac/quantum/rgblight.o
                0x000000000000302e                rgblight_effect_rainbow_swirl
 .text.rgblight_effect_snake
                0x00000000000030a8       0xde .build/obj_lily58_rev1_mac/quantum/rgblight.o
                0x00000000000030a8                rgblight_effect_snake
 .text.rgblight_effect_knight
                0x0000000000003186       0xe6 .build/obj_lily58_rev1_mac/quantum/rgblight.o
                0x0000000000003186                rgblight_effect_knight
 .text.rgblight_effect_christmas
                0x000000000000326c       0x76 .build/obj_lily58_rev1_mac/quantum/rgblight.o
                0x000000000000326c                rgblight_effect_christmas
 .text.rgblight_effect_alternating
                0x00000000000032e2       0x7a .build/obj_lily58_rev1_mac/quantum/rgblight.o
                0x00000000000032e2                rgblight_effect_alternating
 .text.rgblight_disable
                0x000000000000335c       0x30 .build/obj_lily58_rev1_mac/quantum/rgblight.o
                0x000000000000335c                rgblight_disable
 .text.rgblight_timer_enable
                0x000000000000338c       0x2c .build/obj_lily58_rev1_mac/quantum/rgblight.o
                0x000000000000338c                rgblight_timer_enable
 .text.rgblight_mode_eeprom_helper
                0x00000000000033b8       0x74 .build/obj_lily58_rev1_mac/quantum/rgblight.o
                0x00000000000033b8                rgblight_mode_eeprom_helper
 .text.rgblight_step_helper
                0x000000000000342c       0x16 .build/obj_lily58_rev1_mac/quantum/rgblight.o
                0x000000000000342c                rgblight_step_helper
 .text.rgblight_step
                0x0000000000003442        0x6 .build/obj_lily58_rev1_mac/quantum/rgblight.o
                0x0000000000003442                rgblight_step
 .text.rgblight_step_reverse_helper
                0x0000000000003448       0x14 .build/obj_lily58_rev1_mac/quantum/rgblight.o
                0x0000000000003448                rgblight_step_reverse_helper
 .text.rgblight_step_reverse
                0x000000000000345c        0x6 .build/obj_lily58_rev1_mac/quantum/rgblight.o
                0x000000000000345c                rgblight_step_reverse
 .text.rgblight_mode
                0x0000000000003462        0x6 .build/obj_lily58_rev1_mac/quantum/rgblight.o
                0x0000000000003462                rgblight_mode
 .text.rgblight_enable
                0x0000000000003468       0x10 .build/obj_lily58_rev1_mac/quantum/rgblight.o
                0x0000000000003468                rgblight_enable
 .text.rgblight_toggle
                0x0000000000003478        0xe .build/obj_lily58_rev1_mac/quantum/rgblight.o
                0x0000000000003478                rgblight_toggle
 .text.rgblight_mode_noeeprom
                0x0000000000003486        0x6 .build/obj_lily58_rev1_mac/quantum/rgblight.o
                0x0000000000003486                rgblight_mode_noeeprom
 .text.rgblight_init
                0x000000000000348c       0x70 .build/obj_lily58_rev1_mac/quantum/rgblight.o
                0x000000000000348c                rgblight_init
 .text.rgblight_task
                0x00000000000034fc      0x136 .build/obj_lily58_rev1_mac/quantum/rgblight.o
                0x00000000000034fc                rgblight_task
 .text.ws2812_sendarray_mask
                0x0000000000003632       0x42 .build/obj_lily58_rev1_mac/ws2812.o
                0x0000000000003632                ws2812_sendarray_mask
 .text.ws2812_setleds_pin
                0x0000000000003674       0x22 .build/obj_lily58_rev1_mac/ws2812.o
                0x0000000000003674                ws2812_setleds_pin
 .text.ws2812_setleds
                0x0000000000003696        0x6 .build/obj_lily58_rev1_mac/ws2812.o
                0x0000000000003696                ws2812_setleds
 .text.autoshift_timer_report
                0x000000000000369c       0x66 .build/obj_lily58_rev1_mac/quantum/process_keycode/process_auto_shift.o
                0x000000000000369c                autoshift_timer_report
 .text.autoshift_on
                0x0000000000003702       0x20 .build/obj_lily58_rev1_mac/quantum/process_keycode/process_auto_shift.o
                0x0000000000003702                autoshift_on
 .text.autoshift_flush
                0x0000000000003722       0x6c .build/obj_lily58_rev1_mac/quantum/process_keycode/process_auto_shift.o
                0x0000000000003722                autoshift_flush
 .text.autoshift_disable
                0x000000000000378e        0x8 .build/obj_lily58_rev1_mac/quantum/process_keycode/process_auto_shift.o
                0x000000000000378e                autoshift_disable
 .text.autoshift_toggle
                0x0000000000003796       0x18 .build/obj_lily58_rev1_mac/quantum/process_keycode/process_auto_shift.o
                0x0000000000003796                autoshift_toggle
 .text.process_auto_shift
                0x00000000000037ae       0xc8 .build/obj_lily58_rev1_mac/quantum/process_keycode/process_auto_shift.o
                0x00000000000037ae                process_auto_shift
 .text.perform_space_cadet
                0x0000000000003876       0xe8 .build/obj_lily58_rev1_mac/quantum/process_keycode/process_space_cadet.o
                0x0000000000003876                perform_space_cadet
 .text.process_space_cadet
                0x000000000000395e       0x82 .build/obj_lily58_rev1_mac/quantum/process_keycode/process_space_cadet.o
                0x000000000000395e                process_space_cadet
 .text.host_set_driver
                0x00000000000039e0        0xa .build/obj_lily58_rev1_mac/common/host.o
                0x00000000000039e0                host_set_driver
 .text.host_keyboard_leds
                0x00000000000039ea       0x18 .build/obj_lily58_rev1_mac/common/host.o
                0x00000000000039ea                host_keyboard_leds
 .text.host_keyboard_send
                0x0000000000003a02       0x34 .build/obj_lily58_rev1_mac/common/host.o
                0x0000000000003a02                host_keyboard_send
 .text.host_system_send
                0x0000000000003a36       0x2c .build/obj_lily58_rev1_mac/common/host.o
                0x0000000000003a36                host_system_send
 .text.host_consumer_send
                0x0000000000003a62       0x2c .build/obj_lily58_rev1_mac/common/host.o
                0x0000000000003a62                host_consumer_send
 .text.disable_jtag
                0x0000000000003a8e        0xe .build/obj_lily58_rev1_mac/common/keyboard.o
                0x0000000000003a8e                disable_jtag
 .text.keyboard_pre_init_user
                0x0000000000003a9c        0x2 .build/obj_lily58_rev1_mac/common/keyboard.o
                0x0000000000003a9c                keyboard_pre_init_user
 .text.keyboard_pre_init_kb
                0x0000000000003a9e        0x4 .build/obj_lily58_rev1_mac/common/keyboard.o
                0x0000000000003a9e                keyboard_pre_init_kb
 .text.keyboard_post_init_user
                0x0000000000003aa2        0x2 .build/obj_lily58_rev1_mac/common/keyboard.o
                0x0000000000003aa2                keyboard_post_init_user
 .text.keyboard_post_init_kb
                0x0000000000003aa4        0x4 .build/obj_lily58_rev1_mac/common/keyboard.o
                0x0000000000003aa4                keyboard_post_init_kb
 .text.keyboard_setup
                0x0000000000003aa8        0xc .build/obj_lily58_rev1_mac/common/keyboard.o
                0x0000000000003aa8                keyboard_setup
 .text.is_keyboard_master
                0x0000000000003ab4        0x4 .build/obj_lily58_rev1_mac/common/keyboard.o
                0x0000000000003ab4                is_keyboard_master
 .text.keyboard_init
                0x0000000000003ab8       0x18 .build/obj_lily58_rev1_mac/common/keyboard.o
                0x0000000000003ab8                keyboard_init
 .text.keyboard_task
                0x0000000000003ad0      0x150 .build/obj_lily58_rev1_mac/common/keyboard.o
                0x0000000000003ad0                keyboard_task
 .text.action_exec
                0x0000000000003c20       0x54 .build/obj_lily58_rev1_mac/common/action.o
                0x0000000000003c20                action_exec
 .text.process_record_tap_hint
                0x0000000000003c74        0xa .build/obj_lily58_rev1_mac/common/action.o
                0x0000000000003c74                process_record_tap_hint
 .text.register_code
                0x0000000000003c7e      0x17e .build/obj_lily58_rev1_mac/common/action.o
                0x0000000000003c7e                register_code
 .text.unregister_code
                0x0000000000003dfc       0x50 .build/obj_lily58_rev1_mac/common/action.o
                0x0000000000003dfc                unregister_code
 .text.tap_code
                0x0000000000003e4c       0x26 .build/obj_lily58_rev1_mac/common/action.o
                0x0000000000003e4c                tap_code
 .text.register_mods
                0x0000000000003e72        0xe .build/obj_lily58_rev1_mac/common/action.o
                0x0000000000003e72                register_mods
 .text.unregister_mods
                0x0000000000003e80        0xe .build/obj_lily58_rev1_mac/common/action.o
                0x0000000000003e80                unregister_mods
 .text.process_action
                0x0000000000003e8e      0x430 .build/obj_lily58_rev1_mac/common/action.o
                0x0000000000003e8e                process_action
 .text.process_record
                0x00000000000042be       0x62 .build/obj_lily58_rev1_mac/common/action.o
                0x00000000000042be                process_record
 .text.clear_keyboard_but_mods_and_keys
                0x0000000000004320        0xc .build/obj_lily58_rev1_mac/common/action.o
                0x0000000000004320                clear_keyboard_but_mods_and_keys
 .text.clear_keyboard_but_mods
                0x000000000000432c        0x8 .build/obj_lily58_rev1_mac/common/action.o
                0x000000000000432c                clear_keyboard_but_mods
 .text.clear_keyboard
                0x0000000000004334        0x8 .build/obj_lily58_rev1_mac/common/action.o
                0x0000000000004334                clear_keyboard
 .text.is_tap_action
                0x000000000000433c       0x5a .build/obj_lily58_rev1_mac/common/action.o
                0x000000000000433c                is_tap_action
 .text.is_tap_key
                0x0000000000004396        0x8 .build/obj_lily58_rev1_mac/common/action.o
                0x0000000000004396                is_tap_key
 .text.debug_event
                0x000000000000439e       0x1e .build/obj_lily58_rev1_mac/common/action.o
                0x000000000000439e                debug_event
 .text.debug_record
                0x00000000000043bc       0x20 .build/obj_lily58_rev1_mac/common/action.o
                0x00000000000043bc                debug_record
 .text.debug_waiting_buffer
                0x00000000000043dc       0x42 .build/obj_lily58_rev1_mac/common/action_tapping.o
 .text.debug_tapping_key
                0x000000000000441e       0x1c .build/obj_lily58_rev1_mac/common/action_tapping.o
 .text.waiting_buffer_scan_tap
                0x000000000000443a       0xd6 .build/obj_lily58_rev1_mac/common/action_tapping.o
 .text.process_tapping
                0x0000000000004510      0x376 .build/obj_lily58_rev1_mac/common/action_tapping.o
 .text.action_tapping_process
                0x0000000000004886      0x152 .build/obj_lily58_rev1_mac/common/action_tapping.o
                0x0000000000004886                action_tapping_process
 .text.default_layer_state_set_user
                0x00000000000049d8        0x2 .build/obj_lily58_rev1_mac/common/action_layer.o
                0x00000000000049d8                default_layer_state_set_user
 .text.default_layer_state_set_kb
                0x00000000000049da        0x4 .build/obj_lily58_rev1_mac/common/action_layer.o
                0x00000000000049da                default_layer_state_set_kb
 .text.default_layer_state_set
                0x00000000000049de       0x18 .build/obj_lily58_rev1_mac/common/action_layer.o
 .text.default_layer_debug
                0x00000000000049f6        0x2 .build/obj_lily58_rev1_mac/common/action_layer.o
                0x00000000000049f6                default_layer_debug
 .text.default_layer_set
                0x00000000000049f8        0x4 .build/obj_lily58_rev1_mac/common/action_layer.o
                0x00000000000049f8                default_layer_set
 .text.default_layer_or
                0x00000000000049fc       0x24 .build/obj_lily58_rev1_mac/common/action_layer.o
                0x00000000000049fc                default_layer_or
 .text.default_layer_and
                0x0000000000004a20       0x24 .build/obj_lily58_rev1_mac/common/action_layer.o
                0x0000000000004a20                default_layer_and
 .text.default_layer_xor
                0x0000000000004a44       0x24 .build/obj_lily58_rev1_mac/common/action_layer.o
                0x0000000000004a44                default_layer_xor
 .text.layer_state_set_user
                0x0000000000004a68        0x4 .build/obj_lily58_rev1_mac/common/action_layer.o
                0x0000000000004a68                layer_state_set_user
 .text.layer_state_set_kb
                0x0000000000004a6c        0x4 .build/obj_lily58_rev1_mac/common/action_layer.o
                0x0000000000004a6c                layer_state_set_kb
 .text.layer_state_set
                0x0000000000004a70       0x18 .build/obj_lily58_rev1_mac/common/action_layer.o
                0x0000000000004a70                layer_state_set
 .text.layer_clear
                0x0000000000004a88        0xa .build/obj_lily58_rev1_mac/common/action_layer.o
                0x0000000000004a88                layer_clear
 .text.layer_move
                0x0000000000004a92       0x2a .build/obj_lily58_rev1_mac/common/action_layer.o
                0x0000000000004a92                layer_move
 .text.layer_on
                0x0000000000004abc       0x42 .build/obj_lily58_rev1_mac/common/action_layer.o
                0x0000000000004abc                layer_on
 .text.layer_off
                0x0000000000004afe       0x46 .build/obj_lily58_rev1_mac/common/action_layer.o
                0x0000000000004afe                layer_off
 .text.layer_invert
                0x0000000000004b44       0x42 .build/obj_lily58_rev1_mac/common/action_layer.o
                0x0000000000004b44                layer_invert
 .text.layer_or
                0x0000000000004b86       0x24 .build/obj_lily58_rev1_mac/common/action_layer.o
                0x0000000000004b86                layer_or
 .text.layer_and
                0x0000000000004baa       0x24 .build/obj_lily58_rev1_mac/common/action_layer.o
                0x0000000000004baa                layer_and
 .text.layer_xor
                0x0000000000004bce       0x24 .build/obj_lily58_rev1_mac/common/action_layer.o
                0x0000000000004bce                layer_xor
 .text.layer_debug
                0x0000000000004bf2        0x2 .build/obj_lily58_rev1_mac/common/action_layer.o
                0x0000000000004bf2                layer_debug
 .text.update_source_layers_cache
                0x0000000000004bf4       0x60 .build/obj_lily58_rev1_mac/common/action_layer.o
                0x0000000000004bf4                update_source_layers_cache
 .text.read_source_layers_cache
                0x0000000000004c54       0x58 .build/obj_lily58_rev1_mac/common/action_layer.o
                0x0000000000004c54                read_source_layers_cache
 .text.layer_switch_get_layer
                0x0000000000004cac       0x84 .build/obj_lily58_rev1_mac/common/action_layer.o
                0x0000000000004cac                layer_switch_get_layer
 .text.layer_switch_get_action
                0x0000000000004d30       0x14 .build/obj_lily58_rev1_mac/common/action_layer.o
                0x0000000000004d30                layer_switch_get_action
 .text.store_or_get_action
                0x0000000000004d44       0x48 .build/obj_lily58_rev1_mac/common/action_layer.o
                0x0000000000004d44                store_or_get_action
 .text.add_key  0x0000000000004d8c        0xe .build/obj_lily58_rev1_mac/common/action_util.o
                0x0000000000004d8c                add_key
 .text.del_key  0x0000000000004d9a        0xe .build/obj_lily58_rev1_mac/common/action_util.o
                0x0000000000004d9a                del_key
 .text.clear_keys
                0x0000000000004da8        0xc .build/obj_lily58_rev1_mac/common/action_util.o
                0x0000000000004da8                clear_keys
 .text.get_oneshot_layer
                0x0000000000004db4        0xc .build/obj_lily58_rev1_mac/common/action_util.o
                0x0000000000004db4                get_oneshot_layer
 .text.get_oneshot_layer_state
                0x0000000000004dc0        0x8 .build/obj_lily58_rev1_mac/common/action_util.o
                0x0000000000004dc0                get_oneshot_layer_state
 .text.is_oneshot_layer_active
                0x0000000000004dc8        0xe .build/obj_lily58_rev1_mac/common/action_util.o
                0x0000000000004dc8                is_oneshot_layer_active
 .text.get_mods
                0x0000000000004dd6        0x6 .build/obj_lily58_rev1_mac/common/action_util.o
                0x0000000000004dd6                get_mods
 .text.add_mods
                0x0000000000004ddc        0xc .build/obj_lily58_rev1_mac/common/action_util.o
                0x0000000000004ddc                add_mods
 .text.del_mods
                0x0000000000004de8       0x10 .build/obj_lily58_rev1_mac/common/action_util.o
                0x0000000000004de8                del_mods
 .text.clear_mods
                0x0000000000004df8        0x6 .build/obj_lily58_rev1_mac/common/action_util.o
                0x0000000000004df8                clear_mods
 .text.add_weak_mods
                0x0000000000004dfe        0xc .build/obj_lily58_rev1_mac/common/action_util.o
                0x0000000000004dfe                add_weak_mods
 .text.del_weak_mods
                0x0000000000004e0a       0x10 .build/obj_lily58_rev1_mac/common/action_util.o
                0x0000000000004e0a                del_weak_mods
 .text.clear_weak_mods
                0x0000000000004e1a        0x6 .build/obj_lily58_rev1_mac/common/action_util.o
                0x0000000000004e1a                clear_weak_mods
 .text.clear_macro_mods
                0x0000000000004e20        0x6 .build/obj_lily58_rev1_mac/common/action_util.o
                0x0000000000004e20                clear_macro_mods
 .text.get_oneshot_mods
                0x0000000000004e26        0x6 .build/obj_lily58_rev1_mac/common/action_util.o
                0x0000000000004e26                get_oneshot_mods
 .text.oneshot_mods_changed_user
                0x0000000000004e2c        0x2 .build/obj_lily58_rev1_mac/common/action_util.o
                0x0000000000004e2c                oneshot_mods_changed_user
 .text.oneshot_mods_changed_kb
                0x0000000000004e2e        0x4 .build/obj_lily58_rev1_mac/common/action_util.o
                0x0000000000004e2e                oneshot_mods_changed_kb
 .text.set_oneshot_mods
                0x0000000000004e32       0x12 .build/obj_lily58_rev1_mac/common/action_util.o
                0x0000000000004e32                set_oneshot_mods
 .text.clear_oneshot_mods
                0x0000000000004e44       0x14 .build/obj_lily58_rev1_mac/common/action_util.o
                0x0000000000004e44                clear_oneshot_mods
 .text.send_keyboard_report
                0x0000000000004e58       0x66 .build/obj_lily58_rev1_mac/common/action_util.o
                0x0000000000004e58                send_keyboard_report
 .text.oneshot_layer_changed_user
                0x0000000000004ebe        0x2 .build/obj_lily58_rev1_mac/common/action_util.o
                0x0000000000004ebe                oneshot_layer_changed_user
 .text.oneshot_layer_changed_kb
                0x0000000000004ec0        0x4 .build/obj_lily58_rev1_mac/common/action_util.o
                0x0000000000004ec0                oneshot_layer_changed_kb
 .text.set_oneshot_layer
                0x0000000000004ec4       0x20 .build/obj_lily58_rev1_mac/common/action_util.o
                0x0000000000004ec4                set_oneshot_layer
 .text.reset_oneshot_layer
                0x0000000000004ee4        0xa .build/obj_lily58_rev1_mac/common/action_util.o
                0x0000000000004ee4                reset_oneshot_layer
 .text.clear_oneshot_layer_state
                0x0000000000004eee       0x30 .build/obj_lily58_rev1_mac/common/action_util.o
                0x0000000000004eee                clear_oneshot_layer_state
 .text.eeconfig_is_enabled
                0x0000000000004f1e       0x16 .build/obj_lily58_rev1_mac/common/eeconfig.o
                0x0000000000004f1e                eeconfig_is_enabled
 .text.eeconfig_read_debug
                0x0000000000004f34        0x8 .build/obj_lily58_rev1_mac/common/eeconfig.o
                0x0000000000004f34                eeconfig_read_debug
 .text.eeconfig_read_default_layer
                0x0000000000004f3c        0x8 .build/obj_lily58_rev1_mac/common/eeconfig.o
                0x0000000000004f3c                eeconfig_read_default_layer
 .text.eeconfig_update_default_layer
                0x0000000000004f44        0xa .build/obj_lily58_rev1_mac/common/eeconfig.o
                0x0000000000004f44                eeconfig_update_default_layer
 .text.eeconfig_read_keymap
                0x0000000000004f4e       0x1c .build/obj_lily58_rev1_mac/common/eeconfig.o
                0x0000000000004f4e                eeconfig_read_keymap
 .text.eeconfig_update_keymap
                0x0000000000004f6a       0x1a .build/obj_lily58_rev1_mac/common/eeconfig.o
                0x0000000000004f6a                eeconfig_update_keymap
 .text.eeconfig_read_backlight
                0x0000000000004f84        0x8 .build/obj_lily58_rev1_mac/common/eeconfig.o
                0x0000000000004f84                eeconfig_read_backlight
 .text.eeconfig_update_backlight
                0x0000000000004f8c        0xa .build/obj_lily58_rev1_mac/common/eeconfig.o
                0x0000000000004f8c                eeconfig_update_backlight
 .text.eeconfig_update_kb
                0x0000000000004f96        0xc .build/obj_lily58_rev1_mac/common/eeconfig.o
                0x0000000000004f96                eeconfig_update_kb
 .text.eeconfig_update_user
                0x0000000000004fa2        0xc .build/obj_lily58_rev1_mac/common/eeconfig.o
                0x0000000000004fa2                eeconfig_update_user
 .text.eeconfig_init_user
                0x0000000000004fae        0xa .build/obj_lily58_rev1_mac/common/eeconfig.o
                0x0000000000004fae                eeconfig_init_user
 .text.eeconfig_init_kb
                0x0000000000004fb8        0xe .build/obj_lily58_rev1_mac/common/eeconfig.o
                0x0000000000004fb8                eeconfig_init_kb
 .text.eeconfig_init_quantum
                0x0000000000004fc6       0xae .build/obj_lily58_rev1_mac/common/eeconfig.o
                0x0000000000004fc6                eeconfig_init_quantum
 .text.eeconfig_init
                0x0000000000005074        0x4 .build/obj_lily58_rev1_mac/common/eeconfig.o
                0x0000000000005074                eeconfig_init
 .text.has_anykey
                0x0000000000005078       0x28 .build/obj_lily58_rev1_mac/common/report.o
                0x0000000000005078                has_anykey
 .text.add_key_byte
                0x00000000000050a0       0x34 .build/obj_lily58_rev1_mac/common/report.o
                0x00000000000050a0                add_key_byte
 .text.del_key_byte
                0x00000000000050d4       0x1a .build/obj_lily58_rev1_mac/common/report.o
                0x00000000000050d4                del_key_byte
 .text.add_key_bit
                0x00000000000050ee       0x28 .build/obj_lily58_rev1_mac/common/report.o
                0x00000000000050ee                add_key_bit
 .text.del_key_bit
                0x0000000000005116       0x2a .build/obj_lily58_rev1_mac/common/report.o
                0x0000000000005116                del_key_bit
 .text.add_key_to_report
                0x0000000000005140       0x16 .build/obj_lily58_rev1_mac/common/report.o
                0x0000000000005140                add_key_to_report
 .text.del_key_from_report
                0x0000000000005156       0x16 .build/obj_lily58_rev1_mac/common/report.o
                0x0000000000005156                del_key_from_report
 .text.clear_keys_from_report
                0x000000000000516c       0x24 .build/obj_lily58_rev1_mac/common/report.o
                0x000000000000516c                clear_keys_from_report
 .text.matrix_power_up
                0x0000000000005190        0x2 .build/obj_lily58_rev1_mac/common/avr/suspend.o
                0x0000000000005190                matrix_power_up
 .text.suspend_power_down_user
                0x0000000000005192        0x2 .build/obj_lily58_rev1_mac/common/avr/suspend.o
                0x0000000000005192                suspend_power_down_user
 .text.suspend_power_down_kb
                0x0000000000005194        0x4 .build/obj_lily58_rev1_mac/common/avr/suspend.o
                0x0000000000005194                suspend_power_down_kb
 .text.suspend_power_down
                0x0000000000005198       0x66 .build/obj_lily58_rev1_mac/common/avr/suspend.o
                0x0000000000005198                suspend_power_down
 .text.matrix_power_down
                0x00000000000051fe        0x2 .build/obj_lily58_rev1_mac/common/avr/suspend.o
                0x00000000000051fe                matrix_power_down
 .text.suspend_wakeup_condition
                0x0000000000005200       0x28 .build/obj_lily58_rev1_mac/common/avr/suspend.o
                0x0000000000005200                suspend_wakeup_condition
 .text.suspend_wakeup_init_user
                0x0000000000005228        0x2 .build/obj_lily58_rev1_mac/common/avr/suspend.o
                0x0000000000005228                suspend_wakeup_init_user
 .text.suspend_wakeup_init_kb
                0x000000000000522a        0x4 .build/obj_lily58_rev1_mac/common/avr/suspend.o
                0x000000000000522a                suspend_wakeup_init_kb
 .text.suspend_wakeup_init
                0x000000000000522e       0x14 .build/obj_lily58_rev1_mac/common/avr/suspend.o
                0x000000000000522e                suspend_wakeup_init
 .text.__vector_12
                0x0000000000005242       0x52 .build/obj_lily58_rev1_mac/common/avr/suspend.o
                0x0000000000005242                __vector_12
 .text.timer_init
                0x0000000000005294       0x12 .build/obj_lily58_rev1_mac/common/avr/timer.o
                0x0000000000005294                timer_init
 .text.timer_read
                0x00000000000052a6       0x18 .build/obj_lily58_rev1_mac/common/avr/timer.o
                0x00000000000052a6                timer_read
 .text.timer_elapsed
                0x00000000000052be       0x54 .build/obj_lily58_rev1_mac/common/avr/timer.o
                0x00000000000052be                timer_elapsed
 .text.__vector_21
                0x0000000000005312       0x4c .build/obj_lily58_rev1_mac/common/avr/timer.o
                0x0000000000005312                __vector_21
 .text.bootloader_jump
                0x000000000000535e       0x22 .build/obj_lily58_rev1_mac/common/avr/bootloader.o
                0x000000000000535e                bootloader_jump
 .text.magic    0x0000000000005380       0x30 .build/obj_lily58_rev1_mac/common/magic.o
                0x0000000000005380                magic
 .text.backlight_init
                0x00000000000053b0       0x36 .build/obj_lily58_rev1_mac/common/backlight.o
                0x00000000000053b0                backlight_init
 .text.backlight_increase
                0x00000000000053e6       0x3c .build/obj_lily58_rev1_mac/common/backlight.o
                0x00000000000053e6                backlight_increase
 .text.backlight_decrease
                0x0000000000005422       0x36 .build/obj_lily58_rev1_mac/common/backlight.o
                0x0000000000005422                backlight_decrease
 .text.backlight_enable
                0x0000000000005458       0x30 .build/obj_lily58_rev1_mac/common/backlight.o
                0x0000000000005458                backlight_enable
 .text.backlight_disable
                0x0000000000005488       0x1a .build/obj_lily58_rev1_mac/common/backlight.o
                0x0000000000005488                backlight_disable
 .text.backlight_toggle
                0x00000000000054a2        0xe .build/obj_lily58_rev1_mac/common/backlight.o
                0x00000000000054a2                backlight_toggle
 .text.backlight_step
                0x00000000000054b0       0x52 .build/obj_lily58_rev1_mac/common/backlight.o
                0x00000000000054b0                backlight_step
 .text.backlight_level
                0x0000000000005502       0x40 .build/obj_lily58_rev1_mac/common/backlight.o
                0x0000000000005502                backlight_level
 .text.keyboard_leds
                0x0000000000005542        0x6 .build/obj_lily58_rev1_mac/lufa.o
 .text.send_mouse
                0x0000000000005548        0x2 .build/obj_lily58_rev1_mac/lufa.o
 .text.send_system
                0x000000000000554a        0x2 .build/obj_lily58_rev1_mac/lufa.o
 .text.send_keyboard
                0x000000000000554c       0x8c .build/obj_lily58_rev1_mac/lufa.o
 .text.send_consumer
                0x00000000000055d8        0x2 .build/obj_lily58_rev1_mac/lufa.o
 .text.EVENT_USB_Device_Connect
                0x00000000000055da       0x1c .build/obj_lily58_rev1_mac/lufa.o
                0x00000000000055da                EVENT_USB_Device_Connect
 .text.EVENT_USB_Device_Disconnect
                0x00000000000055f6        0x6 .build/obj_lily58_rev1_mac/lufa.o
                0x00000000000055f6                EVENT_USB_Device_Disconnect
 .text.EVENT_USB_Device_Reset
                0x00000000000055fc        0x2 .build/obj_lily58_rev1_mac/lufa.o
                0x00000000000055fc                EVENT_USB_Device_Reset
 .text.EVENT_USB_Device_Suspend
                0x00000000000055fe        0x2 .build/obj_lily58_rev1_mac/lufa.o
                0x00000000000055fe                EVENT_USB_Device_Suspend
 .text.EVENT_USB_Device_WakeUp
                0x0000000000005600        0x4 .build/obj_lily58_rev1_mac/lufa.o
                0x0000000000005600                EVENT_USB_Device_WakeUp
 .text.EVENT_USB_Device_ConfigurationChanged
                0x0000000000005604       0x14 .build/obj_lily58_rev1_mac/lufa.o
                0x0000000000005604                EVENT_USB_Device_ConfigurationChanged
 .text.EVENT_USB_Device_ControlRequest
                0x0000000000005618      0x174 .build/obj_lily58_rev1_mac/lufa.o
                0x0000000000005618                EVENT_USB_Device_ControlRequest
 .text.startup.main
                0x000000000000578c       0x7a .build/obj_lily58_rev1_mac/lufa.o
                0x000000000000578c                main
 .text.CALLBACK_USB_GetDescriptor
                0x0000000000005806        0x4 .build/obj_lily58_rev1_mac/lufa.o
                0x0000000000005806                CALLBACK_USB_GetDescriptor
 .text.get_usb_descriptor
                0x000000000000580a       0xb6 .build/obj_lily58_rev1_mac/usb_descriptor.o
                0x000000000000580a                get_usb_descriptor
 .text.set_output_user
                0x00000000000058c0        0x2 .build/obj_lily58_rev1_mac/outputselect.o
                0x00000000000058c0                set_output_user
 .text.set_output
                0x00000000000058c2       0x10 .build/obj_lily58_rev1_mac/outputselect.o
                0x00000000000058c2                set_output
 .text.auto_detect_output
                0x00000000000058d2       0x10 .build/obj_lily58_rev1_mac/outputselect.o
                0x00000000000058d2                auto_detect_output
 .text.where_to_send
                0x00000000000058e2        0xe .build/obj_lily58_rev1_mac/outputselect.o
                0x00000000000058e2                where_to_send
 .text.USB_Device_SendRemoteWakeup
                0x00000000000058f0       0x2c .build/obj_lily58_rev1_mac/lib/lufa/LUFA/Drivers/USB/Core/AVR8/Device_AVR8.o
                0x00000000000058f0                USB_Device_SendRemoteWakeup
 .text.Endpoint_Write_Stream_LE
                0x000000000000591c       0x9e .build/obj_lily58_rev1_mac/lib/lufa/LUFA/Drivers/USB/Core/AVR8/EndpointStream_AVR8.o
                0x000000000000591c                Endpoint_Write_Stream_LE
 .text.Endpoint_Write_Control_Stream_LE
                0x00000000000059ba       0xbe .build/obj_lily58_rev1_mac/lib/lufa/LUFA/Drivers/USB/Core/AVR8/EndpointStream_AVR8.o
                0x00000000000059ba                Endpoint_Write_Control_Stream_LE
 .text.Endpoint_Write_Control_PStream_LE
                0x0000000000005a78       0xc0 .build/obj_lily58_rev1_mac/lib/lufa/LUFA/Drivers/USB/Core/AVR8/EndpointStream_AVR8.o
                0x0000000000005a78                Endpoint_Write_Control_PStream_LE
 .text.Endpoint_ConfigureEndpoint_Prv
                0x0000000000005b38       0x68 .build/obj_lily58_rev1_mac/lib/lufa/LUFA/Drivers/USB/Core/AVR8/Endpoint_AVR8.o
                0x0000000000005b38                Endpoint_ConfigureEndpoint_Prv
 .text.Endpoint_ClearStatusStage
                0x0000000000005ba0       0x3e .build/obj_lily58_rev1_mac/lib/lufa/LUFA/Drivers/USB/Core/AVR8/Endpoint_AVR8.o
                0x0000000000005ba0                Endpoint_ClearStatusStage
 .text.Endpoint_WaitUntilReady
                0x0000000000005bde       0x5e .build/obj_lily58_rev1_mac/lib/lufa/LUFA/Drivers/USB/Core/AVR8/Endpoint_AVR8.o
                0x0000000000005bde                Endpoint_WaitUntilReady
 .text.USB_Disable
                0x0000000000005c3c       0x34 .build/obj_lily58_rev1_mac/lib/lufa/LUFA/Drivers/USB/Core/AVR8/USBController_AVR8.o
                0x0000000000005c3c                USB_Disable
 .text.USB_ResetInterface
                0x0000000000005c70       0x86 .build/obj_lily58_rev1_mac/lib/lufa/LUFA/Drivers/USB/Core/AVR8/USBController_AVR8.o
                0x0000000000005c70                USB_ResetInterface
 .text.USB_Init
                0x0000000000005cf6       0x22 .build/obj_lily58_rev1_mac/lib/lufa/LUFA/Drivers/USB/Core/AVR8/USBController_AVR8.o
                0x0000000000005cf6                USB_Init
 .text.USB_INT_DisableAllInterrupts
                0x0000000000005d18       0x10 .build/obj_lily58_rev1_mac/lib/lufa/LUFA/Drivers/USB/Core/AVR8/USBInterrupt_AVR8.o
                0x0000000000005d18                USB_INT_DisableAllInterrupts
 .text.USB_INT_ClearAllInterrupts
                0x0000000000005d28        0xa .build/obj_lily58_rev1_mac/lib/lufa/LUFA/Drivers/USB/Core/AVR8/USBInterrupt_AVR8.o
                0x0000000000005d28                USB_INT_ClearAllInterrupts
 .text.__vector_10
                0x0000000000005d32      0x1a6 .build/obj_lily58_rev1_mac/lib/lufa/LUFA/Drivers/USB/Core/AVR8/USBInterrupt_AVR8.o
                0x0000000000005d32                __vector_10
 .text.__vector_11
                0x0000000000005ed8       0x78 .build/obj_lily58_rev1_mac/lib/lufa/LUFA/Drivers/USB/Core/AVR8/USBInterrupt_AVR8.o
                0x0000000000005ed8                __vector_11
 .text.USB_Device_ProcessControlRequest
                0x0000000000005f50      0x2b6 .build/obj_lily58_rev1_mac/lib/lufa/LUFA/Drivers/USB/Core/DeviceStandardReq.o
                0x0000000000005f50                USB_Device_ProcessControlRequest
 .text.USB_Event_Stub
                0x0000000000006206        0x2 .build/obj_lily58_rev1_mac/lib/lufa/LUFA/Drivers/USB/Core/Events.o
                0x0000000000006206                USB_Event_Stub
                0x0000000000006206                EVENT_USB_Device_StartOfFrame
 .text.USB_USBTask
                0x0000000000006208       0x38 .build/obj_lily58_rev1_mac/lib/lufa/LUFA/Drivers/USB/Core/USBTask.o
                0x0000000000006208                USB_USBTask
 .text.libgcc.div
                0x0000000000006240       0x28 /usr/local/Cellar/avr-gcc@7/7.4.0/lib/avr-gcc/7/gcc/avr/7.4.0/avr5/libgcc.a(_udivmodhi4.o)
                0x0000000000006240                __udivmodhi4
 .text.libgcc.div
                0x0000000000006268       0x28 /usr/local/Cellar/avr-gcc@7/7.4.0/lib/avr-gcc/7/gcc/avr/7.4.0/avr5/libgcc.a(_divmodhi4.o)
                0x0000000000006268                __divmodhi4
                0x0000000000006268                _div
 .text.libgcc   0x0000000000006290        0xc /usr/local/Cellar/avr-gcc@7/7.4.0/lib/avr-gcc/7/gcc/avr/7.4.0/avr5/libgcc.a(_tablejump2.o)
                0x0000000000006290                __tablejump2__
 .text.avr-libc
                0x000000000000629c       0x1a /usr/local/Cellar/avr-gcc@7/7.4.0/lib/avr-gcc/7/gcc/avr/7.4.0/../../../../../../avr/lib/avr5/libc.a(memchr.o)
                0x000000000000629c                memchr
 .text.avr-libc
                0x00000000000062b6       0x1a /usr/local/Cellar/avr-gcc@7/7.4.0/lib/avr-gcc/7/gcc/avr/7.4.0/../../../../../../avr/lib/avr5/libc.a(memcmp.o)
                0x00000000000062b6                memcmp
 .text.avr-libc
                0x00000000000062d0       0x24 /usr/local/Cellar/avr-gcc@7/7.4.0/lib/avr-gcc/7/gcc/avr/7.4.0/../../../../../../avr/lib/avr5/libc.a(memmove.o)
                0x00000000000062d0                memmove
 .text.avr-libc
                0x00000000000062f4        0xe /usr/local/Cellar/avr-gcc@7/7.4.0/lib/avr-gcc/7/gcc/avr/7.4.0/../../../../../../avr/lib/avr5/libc.a(memset.o)
                0x00000000000062f4                memset
 .text.avr-libc
                0x0000000000006302        0xe /usr/local/Cellar/avr-gcc@7/7.4.0/lib/avr-gcc/7/gcc/avr/7.4.0/../../../../../../avr/lib/avr5/libc.a(strcpy.o)
                0x0000000000006302                strcpy
 .text.avr-libc
                0x0000000000006310       0x60 /usr/local/Cellar/avr-gcc@7/7.4.0/lib/avr-gcc/7/gcc/avr/7.4.0/../../../../../../avr/lib/avr5/libc.a(snprintf.o)
                0x0000000000006310                snprintf
 .text.avr-libc
                0x0000000000006370      0x3b4 /usr/local/Cellar/avr-gcc@7/7.4.0/lib/avr-gcc/7/gcc/avr/7.4.0/../../../../../../avr/lib/avr5/libc.a(vfprintf_std.o)
                0x0000000000006370                vfprintf
 .text.avr-libc
                0x0000000000006724       0x16 /usr/local/Cellar/avr-gcc@7/7.4.0/lib/avr-gcc/7/gcc/avr/7.4.0/../../../../../../avr/lib/avr5/libc.a(strnlen_P.o)
                0x0000000000006724                strnlen_P
 .text.avr-libc
                0x000000000000673a       0x12 /usr/local/Cellar/avr-gcc@7/7.4.0/lib/avr-gcc/7/gcc/avr/7.4.0/../../../../../../avr/lib/avr5/libc.a(memcpy.o)
                0x000000000000673a                memcpy
 .text.avr-libc
                0x000000000000674c       0x16 /usr/local/Cellar/avr-gcc@7/7.4.0/lib/avr-gcc/7/gcc/avr/7.4.0/../../../../../../avr/lib/avr5/libc.a(strnlen.o)
                0x000000000000674c                strnlen
 .text.avr-libc
                0x0000000000006762       0x60 /usr/local/Cellar/avr-gcc@7/7.4.0/lib/avr-gcc/7/gcc/avr/7.4.0/../../../../../../avr/lib/avr5/libc.a(fputc.o)
                0x0000000000006762                fputc
 .text.avr-libc
                0x00000000000067c2       0xbc /usr/local/Cellar/avr-gcc@7/7.4.0/lib/avr-gcc/7/gcc/avr/7.4.0/../../../../../../avr/lib/avr5/libc.a(ultoa_invert.o)
                0x00000000000067c2                __ultoa_invert
 .text.avr-libc
                0x000000000000687e       0x10 /usr/local/Cellar/avr-gcc@7/7.4.0/lib/avr-gcc/7/gcc/avr/7.4.0/../../../../../../avr/lib/avr5/libatmega32u4.a(eerd_byte.o)
                0x000000000000687e                eeprom_read_byte
 .text.avr-libc
                0x000000000000688e        0xc /usr/local/Cellar/avr-gcc@7/7.4.0/lib/avr-gcc/7/gcc/avr/7.4.0/../../../../../../avr/lib/avr5/libatmega32u4.a(eerd_dword.o)
                0x000000000000688e                eeprom_read_dword
                0x000000000000688e                eeprom_read_float
 .text.avr-libc
                0x000000000000689a        0xc /usr/local/Cellar/avr-gcc@7/7.4.0/lib/avr-gcc/7/gcc/avr/7.4.0/../../../../../../avr/lib/avr5/libatmega32u4.a(eerd_word.o)
                0x000000000000689a                eeprom_read_word
 .text.avr-libc
                0x00000000000068a6       0x24 /usr/local/Cellar/avr-gcc@7/7.4.0/lib/avr-gcc/7/gcc/avr/7.4.0/../../../../../../avr/lib/avr5/libatmega32u4.a(eeupd_byte.o)
                0x00000000000068a6                eeprom_update_byte
                0x00000000000068a8                eeprom_update_r18
 .text.avr-libc
                0x00000000000068ca       0x18 /usr/local/Cellar/avr-gcc@7/7.4.0/lib/avr-gcc/7/gcc/avr/7.4.0/../../../../../../avr/lib/avr5/libatmega32u4.a(eeupd_dword.o)
                0x00000000000068ca                eeprom_update_dword
                0x00000000000068ca                eeprom_update_float
 .text.avr-libc
                0x00000000000068e2        0xc /usr/local/Cellar/avr-gcc@7/7.4.0/lib/avr-gcc/7/gcc/avr/7.4.0/../../../../../../avr/lib/avr5/libatmega32u4.a(eeupd_word.o)
                0x00000000000068e2                eeprom_update_word
 .text.avr-libc
                0x00000000000068ee       0x20 /usr/local/Cellar/avr-gcc@7/7.4.0/lib/avr-gcc/7/gcc/avr/7.4.0/../../../../../../avr/lib/avr5/libatmega32u4.a(eerd_block.o)
                0x00000000000068ee                eeprom_read_block
                0x00000000000068f2                eeprom_read_blraw
 .text.libgcc.prologue
                0x000000000000690e       0x38 /usr/local/Cellar/avr-gcc@7/7.4.0/lib/avr-gcc/7/gcc/avr/7.4.0/avr5/libgcc.a(_prologue.o)
                0x000000000000690e                __prologue_saves__
 .text.libgcc.prologue
                0x0000000000006946       0x36 /usr/local/Cellar/avr-gcc@7/7.4.0/lib/avr-gcc/7/gcc/avr/7.4.0/avr5/libgcc.a(_epilogue.o)
                0x0000000000006946                __epilogue_restores__
                0x000000000000697c                . = ALIGN (0x2)
 *(.fini9)
 .fini9         0x000000000000697c        0x0 /usr/local/Cellar/avr-gcc@7/7.4.0/lib/avr-gcc/7/gcc/avr/7.4.0/avr5/libgcc.a(_exit.o)
                0x000000000000697c                exit
                0x000000000000697c                _exit
 *(.fini9)
 *(.fini8)
 *(.fini8)
 *(.fini7)
 *(.fini7)
 *(.fini6)
 *(.fini6)
 *(.fini5)
 *(.fini5)
 *(.fini4)
 *(.fini4)
 *(.fini3)
 *(.fini3)
 *(.fini2)
 *(.fini2)
 *(.fini1)
 *(.fini1)
 *(.fini0)
 .fini0         0x000000000000697c        0x4 /usr/local/Cellar/avr-gcc@7/7.4.0/lib/avr-gcc/7/gcc/avr/7.4.0/avr5/libgcc.a(_exit.o)
 *(.fini0)
 *(.hightext)
 *(.hightext*)
 *(.progmemx.*)
                0x0000000000006980                . = ALIGN (0x2)
 *(.jumptables)
 *(.jumptables*)
                0x0000000000006980                _etext = .

.data           0x0000000000800100      0x150 load address 0x0000000000006980
                0x0000000000800100                PROVIDE (__data_start = .)
 *(.data)
 *(.data*)
 .data.force_dirty
                0x0000000000800100        0x1 .build/obj_lily58_rev1_mac/ssd1306.o
 .data.debouncing
                0x0000000000800101        0x1 .build/obj_lily58_rev1_mac/rev1/matrix.o
 .data.isLeftHand
                0x0000000000800102        0x1 .build/obj_lily58_rev1_mac/rev1/split_util.o
                0x0000000000800102                isLeftHand
 .data.transactions
                0x0000000000800103       0x18 .build/obj_lily58_rev1_mac/rev1/split_scomm.o
                0x0000000000800103                transactions
 .data.s_change_new
                0x000000000080011b        0x1 .build/obj_lily58_rev1_mac/rev1/split_scomm.o
                0x000000000080011b                s_change_new
 .data.s_change_old
                0x000000000080011c        0x1 .build/obj_lily58_rev1_mac/rev1/split_scomm.o
                0x000000000080011c                s_change_old
 .data.logo.6140
                0x000000000080011d       0x40 .build/obj_lily58_rev1_mac/./lib/logo_reader.o
 .data.increment.3169
                0x000000000080015d        0x1 .build/obj_lily58_rev1_mac/quantum/rgblight.o
 .data.high_bound.3168
                0x000000000080015e        0x1 .build/obj_lily58_rev1_mac/quantum/rgblight.o
 .data.effect_num_leds
                0x000000000080015f        0x1 .build/obj_lily58_rev1_mac/quantum/rgblight.o
 .data.effect_end_pos
                0x0000000000800160        0x1 .build/obj_lily58_rev1_mac/quantum/rgblight.o
 .data.clipping_num_leds
                0x0000000000800161        0x1 .build/obj_lily58_rev1_mac/quantum/rgblight.o
 .data.static_effect_table
                0x0000000000800162        0xb .build/obj_lily58_rev1_mac/quantum/rgblight.o
 .data.autoshift_enabled
                0x000000000080016d        0x1 .build/obj_lily58_rev1_mac/quantum/process_keycode/process_auto_shift.o
                0x000000000080016d                autoshift_enabled
 .data.autoshift_timeout
                0x000000000080016e        0x2 .build/obj_lily58_rev1_mac/quantum/process_keycode/process_auto_shift.o
                0x000000000080016e                autoshift_timeout
 .data.keyboard_report
                0x0000000000800170        0x2 .build/obj_lily58_rev1_mac/common/action_util.o
                0x0000000000800170                keyboard_report
 .data.lufa_driver
                0x0000000000800172        0xa .build/obj_lily58_rev1_mac/lufa.o
                0x0000000000800172                lufa_driver
 .data.keyboard_protocol
                0x000000000080017c        0x1 .build/obj_lily58_rev1_mac/lufa.o
                0x000000000080017c                keyboard_protocol
 *(.gnu.linkonce.d*)
 *(.rodata)
 *(.rodata*)
 .rodata.matrix_write_ln.str1.1
                0x000000000080017d        0x4 .build/obj_lily58_rev1_mac/ssd1306.o
 .rodata.col_pins
                0x0000000000800181        0x6 .build/obj_lily58_rev1_mac/rev1/matrix.o
 .rodata.row_pins
                0x0000000000800187        0xa .build/obj_lily58_rev1_mac/rev1/matrix.o
 .rodata.read_layer_state.str1.1
                0x0000000000800191       0x48 .build/obj_lily58_rev1_mac/./lib/layer_state_reader.o
 .rodata.set_keylog.str1.1
                0x00000000008001d9       0x11 .build/obj_lily58_rev1_mac/./lib/keylogger.o
 .rodata.code_to_name
                0x00000000008001ea       0x3c .build/obj_lily58_rev1_mac/./lib/keylogger.o
                0x00000000008001ea                code_to_name
 .rodata.mode_base_table
                0x0000000000800226       0x25 .build/obj_lily58_rev1_mac/quantum/rgblight.o
 .rodata.autoshift_timer_report.str1.1
                0x000000000080024b        0x5 .build/obj_lily58_rev1_mac/quantum/process_keycode/process_auto_shift.o
 *(.gnu.linkonce.r*)
                0x0000000000800250                . = ALIGN (0x2)
                0x0000000000800250                _edata = .
                0x0000000000800250                PROVIDE (__data_end = .)

.bss            0x0000000000800250      0x226
                0x0000000000800250                PROVIDE (__bss_start = .)
 *(.bss)
 *(.bss*)
 .bss.slave_has_register_set
                0x0000000000800250        0x1 .build/obj_lily58_rev1_mac/i2c.o
 .bss.slave_buffer_pos
                0x0000000000800251        0x1 .build/obj_lily58_rev1_mac/i2c.o
 .bss.Transaction_table_size
                0x0000000000800252        0x1 .build/obj_lily58_rev1_mac/serial.o
 .bss.Transaction_table
                0x0000000000800253        0x2 .build/obj_lily58_rev1_mac/serial.o
 .bss.last_flush
                0x0000000000800255        0x2 .build/obj_lily58_rev1_mac/ssd1306.o
 .bss.matrix_debouncing
                0x0000000000800257        0xa .build/obj_lily58_rev1_mac/rev1/matrix.o
 .bss.matrix    0x0000000000800261        0xa .build/obj_lily58_rev1_mac/rev1/matrix.o
 .bss.is_master
                0x000000000080026b        0x1 .build/obj_lily58_rev1_mac/rev1/matrix.o
                0x000000000080026b                is_master
 .bss.error_count
                0x000000000080026c        0x1 .build/obj_lily58_rev1_mac/rev1/matrix.o
 .bss.need_retry.1545
                0x000000000080026d        0x2 .build/obj_lily58_rev1_mac/rev1/split_scomm.o
 .bss.slave_buffer_change_count
                0x000000000080026f        0x1 .build/obj_lily58_rev1_mac/rev1/split_scomm.o
                0x000000000080026f                slave_buffer_change_count
 .bss.status1   0x0000000000800270        0x1 .build/obj_lily58_rev1_mac/rev1/split_scomm.o
                0x0000000000800270                status1
 .bss.status_com
                0x0000000000800271        0x1 .build/obj_lily58_rev1_mac/rev1/split_scomm.o
                0x0000000000800271                status_com
 .bss.serial_master_buffer
                0x0000000000800272        0x5 .build/obj_lily58_rev1_mac/rev1/split_scomm.o
                0x0000000000800272                serial_master_buffer
 .bss.serial_slave_buffer
                0x0000000000800277        0x5 .build/obj_lily58_rev1_mac/rev1/split_scomm.o
                0x0000000000800277                serial_slave_buffer
 .bss.keylogs_str_idx
                0x000000000080027c        0x2 .build/obj_lily58_rev1_mac/./lib/keylogger.o
                0x000000000080027c                keylogs_str_idx
 .bss.keylogs_str
                0x000000000080027e       0x15 .build/obj_lily58_rev1_mac/./lib/keylogger.o
                0x000000000080027e                keylogs_str
 .bss.keylog_str
                0x0000000000800293       0x18 .build/obj_lily58_rev1_mac/./lib/keylogger.o
                0x0000000000800293                keylog_str
 .bss.grave_esc_was_shifted
                0x00000000008002ab        0x1 .build/obj_lily58_rev1_mac/quantum/quantum.o
 .bss.maxval.3190
                0x00000000008002ac        0x1 .build/obj_lily58_rev1_mac/quantum/rgblight.o
 .bss.low_bound.3167
                0x00000000008002ad        0x1 .build/obj_lily58_rev1_mac/quantum/rgblight.o
 .bss.pos.3151  0x00000000008002ae        0x1 .build/obj_lily58_rev1_mac/quantum/rgblight.o
 .bss.effect_start_pos
                0x00000000008002af        0x1 .build/obj_lily58_rev1_mac/quantum/rgblight.o
 .bss.clipping_start_pos
                0x00000000008002b0        0x1 .build/obj_lily58_rev1_mac/quantum/rgblight.o
 .bss.animation_status
                0x00000000008002b1        0x6 .build/obj_lily58_rev1_mac/quantum/rgblight.o
                0x00000000008002b1                animation_status
 .bss.is_rgblight_initialized
                0x00000000008002b7        0x1 .build/obj_lily58_rev1_mac/quantum/rgblight.o
                0x00000000008002b7                is_rgblight_initialized
 .bss.rgblight_status
                0x00000000008002b8        0x2 .build/obj_lily58_rev1_mac/quantum/rgblight.o
                0x00000000008002b8                rgblight_status
 .bss.autoshift_lastkey
                0x00000000008002ba        0x2 .build/obj_lily58_rev1_mac/quantum/process_keycode/process_auto_shift.o
                0x00000000008002ba                autoshift_lastkey
 .bss.autoshift_time
                0x00000000008002bc        0x2 .build/obj_lily58_rev1_mac/quantum/process_keycode/process_auto_shift.o
                0x00000000008002bc                autoshift_time
 .bss.sc_timer  0x00000000008002be        0x2 .build/obj_lily58_rev1_mac/quantum/process_keycode/process_space_cadet.o
 .bss.sc_last   0x00000000008002c0        0x1 .build/obj_lily58_rev1_mac/quantum/process_keycode/process_space_cadet.o
 .bss.last_consumer_report
                0x00000000008002c1        0x2 .build/obj_lily58_rev1_mac/common/host.o
 .bss.last_system_report
                0x00000000008002c3        0x2 .build/obj_lily58_rev1_mac/common/host.o
 .bss.driver    0x00000000008002c5        0x2 .build/obj_lily58_rev1_mac/common/host.o
 .bss.led_status.5799
                0x00000000008002c7        0x1 .build/obj_lily58_rev1_mac/common/keyboard.o
 .bss.matrix_prev.5798
                0x00000000008002c8        0xa .build/obj_lily58_rev1_mac/common/keyboard.o
 .bss.disable_action_cache
                0x00000000008002d2        0x1 .build/obj_lily58_rev1_mac/common/action.o
                0x00000000008002d2                disable_action_cache
 .bss.waiting_buffer_tail
                0x00000000008002d3        0x1 .build/obj_lily58_rev1_mac/common/action_tapping.o
 .bss.waiting_buffer_head
                0x00000000008002d4        0x1 .build/obj_lily58_rev1_mac/common/action_tapping.o
 .bss.waiting_buffer
                0x00000000008002d5       0x30 .build/obj_lily58_rev1_mac/common/action_tapping.o
 .bss.tapping_key
                0x0000000000800305        0x6 .build/obj_lily58_rev1_mac/common/action_tapping.o
 .bss.source_layers_cache
                0x000000000080030b       0x28 .build/obj_lily58_rev1_mac/common/action_layer.o
                0x000000000080030b                source_layers_cache
 .bss.layer_state
                0x0000000000800333        0x4 .build/obj_lily58_rev1_mac/common/action_layer.o
                0x0000000000800333                layer_state
 .bss.default_layer_state
                0x0000000000800337        0x4 .build/obj_lily58_rev1_mac/common/action_layer.o
                0x0000000000800337                default_layer_state
 .bss.oneshot_layer_data
                0x000000000080033b        0x1 .build/obj_lily58_rev1_mac/common/action_util.o
 .bss.oneshot_mods
                0x000000000080033c        0x1 .build/obj_lily58_rev1_mac/common/action_util.o
 .bss.__compound_literal.0
                0x000000000080033d       0x20 .build/obj_lily58_rev1_mac/common/action_util.o
 .bss.macro_mods
                0x000000000080035d        0x1 .build/obj_lily58_rev1_mac/common/action_util.o
 .bss.weak_mods
                0x000000000080035e        0x1 .build/obj_lily58_rev1_mac/common/action_util.o
 .bss.real_mods
                0x000000000080035f        0x1 .build/obj_lily58_rev1_mac/common/action_util.o
 .bss.debug_config
                0x0000000000800360        0x1 .build/obj_lily58_rev1_mac/common/debug.o
                0x0000000000800360                debug_config
 .bss.wdt_timeout
                0x0000000000800361        0x1 .build/obj_lily58_rev1_mac/common/avr/suspend.o
 .bss.keyboard_report_sent
                0x0000000000800362       0x20 .build/obj_lily58_rev1_mac/lufa.o
 .bss.keyboard_led_stats
                0x0000000000800382        0x1 .build/obj_lily58_rev1_mac/lufa.o
 .bss.keyboard_idle
                0x0000000000800383        0x1 .build/obj_lily58_rev1_mac/lufa.o
                0x0000000000800383                keyboard_idle
 .bss.desired_output
                0x0000000000800384        0x1 .build/obj_lily58_rev1_mac/outputselect.o
                0x0000000000800384                desired_output
 *(COMMON)
 COMMON         0x0000000000800385       0x10 .build/obj_lily58_rev1_mac/i2c.o
                0x0000000000800385                i2c_slave_buffer
 COMMON         0x0000000000800395       0x57 .build/obj_lily58_rev1_mac/ssd1306.o
                0x0000000000800395                display
 COMMON         0x00000000008003ec       0x18 .build/obj_lily58_rev1_mac/./lib/layer_state_reader.o
                0x00000000008003ec                layer_state_str
 COMMON         0x0000000000800404        0x2 .build/obj_lily58_rev1_mac/keyboards/lily58/keymaps/mac/keymap.o
                0x0000000000800404                RGB_current_mode
 COMMON         0x0000000000800406       0x5c .build/obj_lily58_rev1_mac/quantum/rgblight.o
                0x0000000000800406                rgblight_config
                0x000000000080040b                led
 COMMON         0x0000000000800462        0x4 .build/obj_lily58_rev1_mac/common/avr/timer.o
                0x0000000000800462                timer_count
 COMMON         0x0000000000800466        0x2 .build/obj_lily58_rev1_mac/common/magic.o
                0x0000000000800466                keymap_config
 COMMON         0x0000000000800468        0x1 .build/obj_lily58_rev1_mac/common/backlight.o
                0x0000000000800468                backlight_config
 COMMON         0x0000000000800469        0x3 .build/obj_lily58_rev1_mac/lib/lufa/LUFA/Drivers/USB/Core/DeviceStandardReq.o
                0x0000000000800469                USB_Device_ConfigurationNumber
                0x000000000080046a                USB_Device_CurrentlySelfPowered
                0x000000000080046b                USB_Device_RemoteWakeupEnabled
 COMMON         0x000000000080046c        0xa .build/obj_lily58_rev1_mac/lib/lufa/LUFA/Drivers/USB/Core/USBTask.o
                0x000000000080046c                USB_IsInitialized
                0x000000000080046d                USB_DeviceState
                0x000000000080046e                USB_ControlRequest
                0x0000000000800476                PROVIDE (__bss_end = .)
                0x0000000000006980                __data_load_start = LOADADDR (.data)
                0x0000000000006ad0                __data_load_end = (__data_load_start + SIZEOF (.data))

.noinit         0x0000000000800476        0x4
                [!provide]                        PROVIDE (__noinit_start = .)
 *(.noinit*)
 .noinit        0x0000000000800476        0x4 .build/obj_lily58_rev1_mac/common/avr/bootloader.o
                0x0000000000800476                reset_key
                [!provide]                        PROVIDE (__noinit_end = .)
                0x000000000080047a                _end = .
                [!provide]                        PROVIDE (__heap_start = .)

.eeprom         0x0000000000810000        0x0
 *(.eeprom*)
                0x0000000000810000                __eeprom_end = .

.fuse
 *(.fuse)
 *(.lfuse)
 *(.hfuse)
 *(.efuse)

.lock
 *(.lock*)

.signature
 *(.signature*)

.stab
 *(.stab)

.stabstr        0x0000000000000000       0x72
 *(.stabstr)
 .stabstr       0x0000000000000000       0x72 .build/obj_lily58_rev1_mac/common/avr/xprintf.o

.stab.excl
 *(.stab.excl)

.stab.exclstr
 *(.stab.exclstr)

.stab.index
 *(.stab.index)

.stab.indexstr
 *(.stab.indexstr)

.comment        0x0000000000000000       0x11
 *(.comment)
 .comment       0x0000000000000000       0x11 .build/obj_lily58_rev1_mac/i2c.o
                                         0x12 (size before relaxing)