Archive member included to satisfy reference by file (symbol)

/usr/local/Cellar/gcc-arm-none-eabi/20180627/bin/../lib/gcc/arm-none-eabi/7.3.1/thumb/v7e-m/fpv4-sp/hard/libgcc.a(_arm_addsubdf3.o)
                              .build/obj_massdrop_alt_default/protocol/arm_atsam/main_arm_atsam.o (__aeabi_dadd)
/usr/local/Cellar/gcc-arm-none-eabi/20180627/bin/../lib/gcc/arm-none-eabi/7.3.1/thumb/v7e-m/fpv4-sp/hard/libgcc.a(_arm_muldivdf3.o)
                              .build/obj_massdrop_alt_default/protocol/arm_atsam/main_arm_atsam.o (__aeabi_dmul)
/usr/local/Cellar/gcc-arm-none-eabi/20180627/bin/../lib/gcc/arm-none-eabi/7.3.1/thumb/v7e-m/fpv4-sp/hard/libgcc.a(_arm_fixunsdfsi.o)
                              .build/obj_massdrop_alt_default/protocol/arm_atsam/main_arm_atsam.o (__aeabi_d2uiz)
/usr/local/Cellar/gcc-arm-none-eabi/20180627/bin/../lib/gcc/arm-none-eabi/7.3.1/thumb/v7e-m/fpv4-sp/hard/libgcc.a(_aeabi_ldivmod.o)
                              .build/obj_massdrop_alt_default/protocol/arm_atsam/usb/usb_util.o (__aeabi_ldivmod)
/usr/local/Cellar/gcc-arm-none-eabi/20180627/bin/../lib/gcc/arm-none-eabi/7.3.1/thumb/v7e-m/fpv4-sp/hard/libgcc.a(_aeabi_uldivmod.o)
                              .build/obj_massdrop_alt_default/protocol/arm_atsam/usb/usb2422.o (__aeabi_uldivmod)
/usr/local/Cellar/gcc-arm-none-eabi/20180627/bin/../lib/gcc/arm-none-eabi/7.3.1/thumb/v7e-m/fpv4-sp/hard/libgcc.a(_udivmoddi4.o)
                              /usr/local/Cellar/gcc-arm-none-eabi/20180627/bin/../lib/gcc/arm-none-eabi/7.3.1/thumb/v7e-m/fpv4-sp/hard/libgcc.a(_aeabi_ldivmod.o) (__udivmoddi4)
/usr/local/Cellar/gcc-arm-none-eabi/20180627/bin/../lib/gcc/arm-none-eabi/7.3.1/thumb/v7e-m/fpv4-sp/hard/libgcc.a(_dvmd_tls.o)
                              /usr/local/Cellar/gcc-arm-none-eabi/20180627/bin/../lib/gcc/arm-none-eabi/7.3.1/thumb/v7e-m/fpv4-sp/hard/libgcc.a(_aeabi_ldivmod.o) (__aeabi_ldiv0)
/usr/local/Cellar/gcc-arm-none-eabi/20180627/bin/../lib/gcc/arm-none-eabi/7.3.1/../../../../arm-none-eabi/lib/thumb/v7e-m/fpv4-sp/hard/libg.a(lib_a-exit.o)
                              /usr/local/Cellar/gcc-arm-none-eabi/20180627/bin/../lib/gcc/arm-none-eabi/7.3.1/../../../../arm-none-eabi/lib/thumb/v7e-m/fpv4-sp/hard/rdimon-crt0.o (exit)
/usr/local/Cellar/gcc-arm-none-eabi/20180627/bin/../lib/gcc/arm-none-eabi/7.3.1/../../../../arm-none-eabi/lib/thumb/v7e-m/fpv4-sp/hard/libg.a(lib_a-impure.o)
                              /usr/local/Cellar/gcc-arm-none-eabi/20180627/bin/../lib/gcc/arm-none-eabi/7.3.1/../../../../arm-none-eabi/lib/thumb/v7e-m/fpv4-sp/hard/libg.a(lib_a-exit.o) (_global_impure_ptr)
/usr/local/Cellar/gcc-arm-none-eabi/20180627/bin/../lib/gcc/arm-none-eabi/7.3.1/../../../../arm-none-eabi/lib/thumb/v7e-m/fpv4-sp/hard/libg.a(lib_a-init.o)
                              /usr/local/Cellar/gcc-arm-none-eabi/20180627/bin/../lib/gcc/arm-none-eabi/7.3.1/../../../../arm-none-eabi/lib/thumb/v7e-m/fpv4-sp/hard/rdimon-crt0.o (__libc_init_array)
/usr/local/Cellar/gcc-arm-none-eabi/20180627/bin/../lib/gcc/arm-none-eabi/7.3.1/../../../../arm-none-eabi/lib/thumb/v7e-m/fpv4-sp/hard/libg.a(lib_a-memcpy.o)
                              .build/obj_massdrop_alt_default/quantum/rgb_matrix.o (memcpy)
/usr/local/Cellar/gcc-arm-none-eabi/20180627/bin/../lib/gcc/arm-none-eabi/7.3.1/../../../../arm-none-eabi/lib/thumb/v7e-m/fpv4-sp/hard/libg.a(lib_a-memset.o)
                              /usr/local/Cellar/gcc-arm-none-eabi/20180627/bin/../lib/gcc/arm-none-eabi/7.3.1/../../../../arm-none-eabi/lib/thumb/v7e-m/fpv4-sp/hard/rdimon-crt0.o (memset)
/usr/local/Cellar/gcc-arm-none-eabi/20180627/bin/../lib/gcc/arm-none-eabi/7.3.1/../../../../arm-none-eabi/lib/thumb/v7e-m/fpv4-sp/hard/libg.a(lib_a-rand.o)
                              .build/obj_massdrop_alt_default/quantum/quantum.o (rand)
/usr/local/Cellar/gcc-arm-none-eabi/20180627/bin/../lib/gcc/arm-none-eabi/7.3.1/../../../../arm-none-eabi/lib/thumb/v7e-m/fpv4-sp/hard/libg.a(lib_a-__call_atexit.o)
                              /usr/local/Cellar/gcc-arm-none-eabi/20180627/bin/../lib/gcc/arm-none-eabi/7.3.1/../../../../arm-none-eabi/lib/thumb/v7e-m/fpv4-sp/hard/libg.a(lib_a-exit.o) (__call_exitprocs)
/usr/local/Cellar/gcc-arm-none-eabi/20180627/bin/../lib/gcc/arm-none-eabi/7.3.1/../../../../arm-none-eabi/lib/thumb/v7e-m/fpv4-sp/hard/libg.a(lib_a-atexit.o)
                              /usr/local/Cellar/gcc-arm-none-eabi/20180627/bin/../lib/gcc/arm-none-eabi/7.3.1/../../../../arm-none-eabi/lib/thumb/v7e-m/fpv4-sp/hard/libg.a(lib_a-__call_atexit.o) (atexit)
/usr/local/Cellar/gcc-arm-none-eabi/20180627/bin/../lib/gcc/arm-none-eabi/7.3.1/../../../../arm-none-eabi/lib/thumb/v7e-m/fpv4-sp/hard/libg.a(lib_a-fini.o)
                              /usr/local/Cellar/gcc-arm-none-eabi/20180627/bin/../lib/gcc/arm-none-eabi/7.3.1/../../../../arm-none-eabi/lib/thumb/v7e-m/fpv4-sp/hard/libg.a(lib_a-__call_atexit.o) (__libc_fini_array)
[...]
Memory Configuration

Name             Origin             Length             Attributes
rom              0x0000000000004000 0x000000000003c000 xr
ram              0x0000000020000000 0x0000000000020000 xrw
bkupram          0x0000000047000000 0x0000000000002000 xrw
qspi             0x0000000004000000 0x0000000001000000 xrw
*default*        0x0000000000000000 0xffffffffffffffff

Linker script and memory map

LOAD /usr/local/Cellar/gcc-arm-none-eabi/20180627/bin/../lib/gcc/arm-none-eabi/7.3.1/thumb/v7e-m/fpv4-sp/hard/crti.o
LOAD /usr/local/Cellar/gcc-arm-none-eabi/20180627/bin/../lib/gcc/arm-none-eabi/7.3.1/thumb/v7e-m/fpv4-sp/hard/crtbegin.o
LOAD /usr/local/Cellar/gcc-arm-none-eabi/20180627/bin/../lib/gcc/arm-none-eabi/7.3.1/../../../../arm-none-eabi/lib/thumb/v7e-m/fpv4-sp/hard/rdimon-crt0.o
LOAD .build/obj_massdrop_alt_default/matrix.o
LOAD .build/obj_massdrop_alt_default/config_led.o
LOAD .build/obj_massdrop_alt_default/keyboards/massdrop/alt/keymaps/default/keymap.o
LOAD .build/obj_massdrop_alt_default/quantum/quantum.o
LOAD .build/obj_massdrop_alt_default/quantum/keymap_common.o
LOAD .build/obj_massdrop_alt_default/quantum/keycode_config.o
LOAD .build/obj_massdrop_alt_default/quantum/debounce/sym_g.o
LOAD .build/obj_massdrop_alt_default/quantum/color.o
LOAD .build/obj_massdrop_alt_default/quantum/rgb_matrix.o
LOAD .build/obj_massdrop_alt_default/quantum/rgb_matrix_drivers.o
LOAD .build/obj_massdrop_alt_default/quantum/led_tables.o
LOAD .build/obj_massdrop_alt_default/quantum/process_keycode/process_space_cadet.o
LOAD .build/obj_massdrop_alt_default/common/host.o
LOAD .build/obj_massdrop_alt_default/common/keyboard.o
LOAD .build/obj_massdrop_alt_default/common/action.o
LOAD .build/obj_massdrop_alt_default/common/action_tapping.o
LOAD .build/obj_massdrop_alt_default/common/action_macro.o
LOAD .build/obj_massdrop_alt_default/common/action_layer.o
LOAD .build/obj_massdrop_alt_default/common/action_util.o
LOAD .build/obj_massdrop_alt_default/common/print.o
LOAD .build/obj_massdrop_alt_default/common/debug.o
LOAD .build/obj_massdrop_alt_default/common/util.o
LOAD .build/obj_massdrop_alt_default/common/eeconfig.o
LOAD .build/obj_massdrop_alt_default/common/report.o
LOAD .build/obj_massdrop_alt_default/common/arm_atsam/suspend.o
LOAD .build/obj_massdrop_alt_default/common/arm_atsam/timer.o
LOAD .build/obj_massdrop_alt_default/common/arm_atsam/bootloader.o
LOAD .build/obj_massdrop_alt_default/common/arm_atsam/printf.o
LOAD .build/obj_massdrop_alt_default/common/arm_atsam/eeprom.o
LOAD .build/obj_massdrop_alt_default/common/magic.o
LOAD .build/obj_massdrop_alt_default/protocol/arm_atsam/adc.o
LOAD .build/obj_massdrop_alt_default/protocol/arm_atsam/clks.o
LOAD .build/obj_massdrop_alt_default/protocol/arm_atsam/d51_util.o
LOAD .build/obj_massdrop_alt_default/protocol/arm_atsam/i2c_master.o
LOAD .build/obj_massdrop_alt_default/protocol/arm_atsam/led_matrix_programs.o
LOAD .build/obj_massdrop_alt_default/protocol/arm_atsam/led_matrix.o
LOAD .build/obj_massdrop_alt_default/protocol/arm_atsam/main_arm_atsam.o
LOAD .build/obj_massdrop_alt_default/protocol/arm_atsam/spi.o
LOAD .build/obj_massdrop_alt_default/protocol/arm_atsam/startup.o
LOAD .build/obj_massdrop_alt_default/protocol/arm_atsam/usb/main_usb.o
LOAD .build/obj_massdrop_alt_default/protocol/arm_atsam/usb/udc.o
LOAD .build/obj_massdrop_alt_default/protocol/arm_atsam/usb/udi_cdc.o
LOAD .build/obj_massdrop_alt_default/protocol/arm_atsam/usb/udi_hid.o
LOAD .build/obj_massdrop_alt_default/protocol/arm_atsam/usb/udi_hid_kbd.o
LOAD .build/obj_massdrop_alt_default/protocol/arm_atsam/usb/udi_hid_kbd_desc.o
LOAD .build/obj_massdrop_alt_default/protocol/arm_atsam/usb/ui.o
LOAD .build/obj_massdrop_alt_default/protocol/arm_atsam/usb/usb2422.o
LOAD .build/obj_massdrop_alt_default/protocol/arm_atsam/usb/usb.o
LOAD .build/obj_massdrop_alt_default/protocol/arm_atsam/usb/usb_device_udd.o
LOAD .build/obj_massdrop_alt_default/protocol/arm_atsam/usb/usb_util.o
START GROUP
END GROUP
LOAD /usr/local/Cellar/gcc-arm-none-eabi/20180627/bin/../lib/gcc/arm-none-eabi/7.3.1/../../../../arm-none-eabi/lib/thumb/v7e-m/fpv4-sp/hard/libm.a
START GROUP
LOAD /usr/local/Cellar/gcc-arm-none-eabi/20180627/bin/../lib/gcc/arm-none-eabi/7.3.1/thumb/v7e-m/fpv4-sp/hard/libgcc.a
LOAD /usr/local/Cellar/gcc-arm-none-eabi/20180627/bin/../lib/gcc/arm-none-eabi/7.3.1/../../../../arm-none-eabi/lib/thumb/v7e-m/fpv4-sp/hard/libg.a
LOAD /usr/local/Cellar/gcc-arm-none-eabi/20180627/bin/../lib/gcc/arm-none-eabi/7.3.1/../../../../arm-none-eabi/lib/thumb/v7e-m/fpv4-sp/hard/libc.a
END GROUP
START GROUP
LOAD /usr/local/Cellar/gcc-arm-none-eabi/20180627/bin/../lib/gcc/arm-none-eabi/7.3.1/thumb/v7e-m/fpv4-sp/hard/libgcc.a
LOAD /usr/local/Cellar/gcc-arm-none-eabi/20180627/bin/../lib/gcc/arm-none-eabi/7.3.1/../../../../arm-none-eabi/lib/thumb/v7e-m/fpv4-sp/hard/libc.a
LOAD /usr/local/Cellar/gcc-arm-none-eabi/20180627/bin/../lib/gcc/arm-none-eabi/7.3.1/../../../../arm-none-eabi/lib/thumb/v7e-m/fpv4-sp/hard/librdimon.a
END GROUP
LOAD /usr/local/Cellar/gcc-arm-none-eabi/20180627/bin/../lib/gcc/arm-none-eabi/7.3.1/thumb/v7e-m/fpv4-sp/hard/crtend.o
LOAD /usr/local/Cellar/gcc-arm-none-eabi/20180627/bin/../lib/gcc/arm-none-eabi/7.3.1/thumb/v7e-m/fpv4-sp/hard/crtn.o
                0x0000000000008000                STACK_SIZE = DEFINED (STACK_SIZE)?STACK_SIZE:DEFINED (__stack_size__)?__stack_size__:0x8000
                0x0000000000000800                HEAP_SIZE = DEFINED (HEAP_SIZE)?HEAP_SIZE:DEFINED (__heap_size__)?__heap_size__:0x800
                0x0000000000004000                _srom = ORIGIN (rom)
                0x000000000003c000                _lrom = LENGTH (rom)
                0x0000000000040000                _erom = (ORIGIN (rom) + LENGTH (rom))
                0x0000000020000000                _sram = ORIGIN (ram)
                0x0000000000020000                _lram = LENGTH (ram)
                0x0000000020020000                _eram = (ORIGIN (ram) + LENGTH (ram))

.text           0x0000000000004000     0x9484
                0x0000000000004000                . = ALIGN (0x4)
                0x0000000000004000                _sfixed = .
 *(.vectors .vectors.*)
 .vectors       0x0000000000004000      0x264 .build/obj_massdrop_alt_default/protocol/arm_atsam/startup.o
                0x0000000000004000                exception_table
 *(.text .text.* .gnu.linkonce.t.*)
 .text          0x0000000000004264       0x40 /usr/local/Cellar/gcc-arm-none-eabi/20180627/bin/../lib/gcc/arm-none-eabi/7.3.1/thumb/v7e-m/fpv4-sp/hard/crtbegin.o
 .text.matrix_init_kb
                0x00000000000042a4        0x8 .build/obj_massdrop_alt_default/matrix.o
                0x00000000000042a4                matrix_init_kb
 .text.matrix_scan_kb
                0x00000000000042ac        0x8 .build/obj_massdrop_alt_default/matrix.o
                0x00000000000042ac                matrix_scan_kb
 .text.matrix_init
                0x00000000000042b4       0xd4 .build/obj_massdrop_alt_default/matrix.o
                0x00000000000042b4                matrix_init
 .text.matrix_scan
                0x0000000000004388      0x128 .build/obj_massdrop_alt_default/matrix.o
                0x0000000000004388                matrix_scan
 .text.matrix_get_row
                0x00000000000044b0        0xc .build/obj_massdrop_alt_default/matrix.o
                0x00000000000044b0                matrix_get_row
 .text.matrix_print
                0x00000000000044bc        0x2 .build/obj_massdrop_alt_default/matrix.o
                0x00000000000044bc                matrix_print
 .text.rgb_matrix_indicators_kb
                0x00000000000044be        0x4 .build/obj_massdrop_alt_default/config_led.o
                0x00000000000044be                rgb_matrix_indicators_kb
 .text.matrix_init_user
                0x00000000000044c2        0x2 .build/obj_massdrop_alt_default/keyboards/massdrop/alt/keymaps/default/keymap.o
                0x00000000000044c2                matrix_init_user
 .text.matrix_scan_user
                0x00000000000044c4        0x2 .build/obj_massdrop_alt_default/keyboards/massdrop/alt/keymaps/default/keymap.o
                0x00000000000044c4                matrix_scan_user
 *fill*         0x00000000000044c6        0x2 
 .text.process_record_user
                0x00000000000044c8      0x180 .build/obj_massdrop_alt_default/keyboards/massdrop/alt/keymaps/default/keymap.o
                0x00000000000044c8                process_record_user
 .text.process_action_kb
                0x0000000000004648        0x4 .build/obj_massdrop_alt_default/quantum/quantum.o
                0x0000000000004648                process_action_kb
 .text.process_record_kb
                0x000000000000464c        0x8 .build/obj_massdrop_alt_default/quantum/quantum.o
                0x000000000000464c                process_record_kb
 .text.get_event_keycode
                0x0000000000004654       0x48 .build/obj_massdrop_alt_default/quantum/quantum.o
                0x0000000000004654                get_event_keycode
 .text.get_record_keycode
                0x000000000000469c        0xa .build/obj_massdrop_alt_default/quantum/quantum.o
                0x000000000000469c                get_record_keycode
 .text.matrix_init_quantum
                0x00000000000046a6       0x18 .build/obj_massdrop_alt_default/quantum/quantum.o
                0x00000000000046a6                matrix_init_quantum
 .text.matrix_scan_quantum
                0x00000000000046be        0xe .build/obj_massdrop_alt_default/quantum/quantum.o
                0x00000000000046be                matrix_scan_quantum
 .text.led_set_user
                0x00000000000046cc        0x2 .build/obj_massdrop_alt_default/quantum/quantum.o
                0x00000000000046cc                led_set_user
 .text.led_set_kb
                0x00000000000046ce        0x8 .build/obj_massdrop_alt_default/quantum/quantum.o
                0x00000000000046ce                led_set_kb
 .text.led_set  0x00000000000046d6        0x8 .build/obj_massdrop_alt_default/quantum/quantum.o
                0x00000000000046d6                led_set
 .text.shutdown_user
                0x00000000000046de        0x2 .build/obj_massdrop_alt_default/quantum/quantum.o
                0x00000000000046de                shutdown_user
 .text.reset_keyboard
                0x00000000000046e0       0x1a .build/obj_massdrop_alt_default/quantum/quantum.o
                0x00000000000046e0                reset_keyboard
 *fill*         0x00000000000046fa        0x2 
 .text.process_record_quantum
                0x00000000000046fc      0x424 .build/obj_massdrop_alt_default/quantum/quantum.o
                0x00000000000046fc                process_record_quantum
 .text.action_get_macro
                0x0000000000004b20        0x4 .build/obj_massdrop_alt_default/quantum/keymap_common.o
                0x0000000000004b20                action_get_macro
 .text.action_function
                0x0000000000004b24        0x2 .build/obj_massdrop_alt_default/quantum/keymap_common.o
                0x0000000000004b24                action_function
 *fill*         0x0000000000004b26        0x2 
 .text.keymap_key_to_keycode
                0x0000000000004b28       0x24 .build/obj_massdrop_alt_default/quantum/keymap_common.o
                0x0000000000004b28                keymap_key_to_keycode
 .text.keymap_function_id_to_action
                0x0000000000004b4c        0xc .build/obj_massdrop_alt_default/quantum/keymap_common.o
                0x0000000000004b4c                keymap_function_id_to_action
 .text.action_for_key
                0x0000000000004b58      0x2ba .build/obj_massdrop_alt_default/quantum/keymap_common.o
                0x0000000000004b58                action_for_key
 *fill*         0x0000000000004e12        0x2 
 .text.keycode_config
                0x0000000000004e14      0x104 .build/obj_massdrop_alt_default/quantum/keycode_config.o
                0x0000000000004e14                keycode_config
 .text.mod_config
                0x0000000000004f18       0xac .build/obj_massdrop_alt_default/quantum/keycode_config.o
                0x0000000000004f18                mod_config
 .text.hsv_to_rgb
                0x0000000000004fc4       0xcc .build/obj_massdrop_alt_default/quantum/color.o
                0x0000000000004fc4                hsv_to_rgb
 .text.sin8_C   0x0000000000005090       0x40 .build/obj_massdrop_alt_default/quantum/rgb_matrix.o
 .text.BAND_SAT_math
                0x00000000000050d0       0x5c .build/obj_massdrop_alt_default/quantum/rgb_matrix.o
 .text.BAND_VAL_math
                0x000000000000512c       0x5c .build/obj_massdrop_alt_default/quantum/rgb_matrix.o
 .text.CYCLE_ALL_math
                0x0000000000005188       0x26 .build/obj_massdrop_alt_default/quantum/rgb_matrix.o
 *fill*         0x00000000000051ae        0x2 
 .text.CYCLE_LEFT_RIGHT_math
                0x00000000000051b0       0x38 .build/obj_massdrop_alt_default/quantum/rgb_matrix.o
 .text.CYCLE_UP_DOWN_math
                0x00000000000051e8       0x38 .build/obj_massdrop_alt_default/quantum/rgb_matrix.o
 .text.RAINBOW_MOVING_CHEVRON_math
                0x0000000000005220       0x54 .build/obj_massdrop_alt_default/quantum/rgb_matrix.o
 .text.CYCLE_OUT_IN_math
                0x0000000000005274       0x32 .build/obj_massdrop_alt_default/quantum/rgb_matrix.o
 *fill*         0x00000000000052a6        0x2 
 .text.DUAL_BEACON_math
                0x00000000000052a8       0x4c .build/obj_massdrop_alt_default/quantum/rgb_matrix.o
 .text.RAINBOW_BEACON_math
                0x00000000000052f4       0x50 .build/obj_massdrop_alt_default/quantum/rgb_matrix.o
 .text.PINWHEELS_math
                0x0000000000005344       0x64 .build/obj_massdrop_alt_default/quantum/rgb_matrix.o
 .text.SOLID_REACTIVE_SIMPLE_math
                0x00000000000053a8       0x34 .build/obj_massdrop_alt_default/quantum/rgb_matrix.o
 .text.SOLID_REACTIVE_math
                0x00000000000053dc       0x34 .build/obj_massdrop_alt_default/quantum/rgb_matrix.o
 .text.SOLID_REACTIVE_WIDE_math
                0x0000000000005410       0x48 .build/obj_massdrop_alt_default/quantum/rgb_matrix.o
 .text.SOLID_REACTIVE_CROSS_math
                0x0000000000005458       0x72 .build/obj_massdrop_alt_default/quantum/rgb_matrix.o
 *fill*         0x00000000000054ca        0x2 
 .text.SOLID_REACTIVE_NEXUS_math
                0x00000000000054cc       0x74 .build/obj_massdrop_alt_default/quantum/rgb_matrix.o
 .text.SPLASH_math
                0x0000000000005540       0x4e .build/obj_massdrop_alt_default/quantum/rgb_matrix.o
                0x0000000000005540                SPLASH_math
 .text.SOLID_SPLASH_math
                0x000000000000558e       0x44 .build/obj_massdrop_alt_default/quantum/rgb_matrix.o
                0x000000000000558e                SOLID_SPLASH_math
 .text.sqrt16.part.0
                0x00000000000055d2       0x3e .build/obj_massdrop_alt_default/quantum/rgb_matrix.o
 .text.CYCLE_OUT_IN_DUAL_math
                0x0000000000005610       0x54 .build/obj_massdrop_alt_default/quantum/rgb_matrix.o
 .text.atan2_8  0x0000000000005664       0x4c .build/obj_massdrop_alt_default/quantum/rgb_matrix.o
 .text.BAND_PINWHEEL_SAT_math
                0x00000000000056b0       0x48 .build/obj_massdrop_alt_default/quantum/rgb_matrix.o
 .text.BAND_PINWHEEL_VAL_math
                0x00000000000056f8       0x48 .build/obj_massdrop_alt_default/quantum/rgb_matrix.o
 .text.BAND_SPIRAL_SAT_math
                0x0000000000005740       0x46 .build/obj_massdrop_alt_default/quantum/rgb_matrix.o
 .text.BAND_SPIRAL_VAL_math
                0x0000000000005786       0x46 .build/obj_massdrop_alt_default/quantum/rgb_matrix.o
 .text.CYCLE_PINWHEEL_math
                0x00000000000057cc       0x30 .build/obj_massdrop_alt_default/quantum/rgb_matrix.o
 .text.CYCLE_SPIRAL_math
                0x00000000000057fc       0x36 .build/obj_massdrop_alt_default/quantum/rgb_matrix.o
 *fill*         0x0000000000005832        0x2 
 .text.eeconfig_read_rgb_matrix
                0x0000000000005834       0x10 .build/obj_massdrop_alt_default/quantum/rgb_matrix.o
                0x0000000000005834                eeconfig_read_rgb_matrix
 .text.eeconfig_update_rgb_matrix
                0x0000000000005844       0x10 .build/obj_massdrop_alt_default/quantum/rgb_matrix.o
                0x0000000000005844                eeconfig_update_rgb_matrix
 .text.eeconfig_update_rgb_matrix_default
                0x0000000000005854       0x28 .build/obj_massdrop_alt_default/quantum/rgb_matrix.o
                0x0000000000005854                eeconfig_update_rgb_matrix_default
 .text.rgb_matrix_map_row_column_to_led_kb
                0x000000000000587c        0x4 .build/obj_massdrop_alt_default/quantum/rgb_matrix.o
                0x000000000000587c                rgb_matrix_map_row_column_to_led_kb
 .text.rgb_matrix_map_row_column_to_led
                0x0000000000005880       0x28 .build/obj_massdrop_alt_default/quantum/rgb_matrix.o
                0x0000000000005880                rgb_matrix_map_row_column_to_led
 .text.rgb_matrix_update_pwm_buffers
                0x00000000000058a8        0xc .build/obj_massdrop_alt_default/quantum/rgb_matrix.o
                0x00000000000058a8                rgb_matrix_update_pwm_buffers
 .text.rgb_matrix_set_color
                0x00000000000058b4       0x14 .build/obj_massdrop_alt_default/quantum/rgb_matrix.o
                0x00000000000058b4                rgb_matrix_set_color
 .text.effect_runner_dx_dy_dist
                0x00000000000058c8       0xe4 .build/obj_massdrop_alt_default/quantum/rgb_matrix.o
                0x00000000000058c8                effect_runner_dx_dy_dist
 .text.BAND_SPIRAL_SAT
                0x00000000000059ac        0xc .build/obj_massdrop_alt_default/quantum/rgb_matrix.o
                0x00000000000059ac                BAND_SPIRAL_SAT
 .text.BAND_SPIRAL_VAL
                0x00000000000059b8        0xc .build/obj_massdrop_alt_default/quantum/rgb_matrix.o
                0x00000000000059b8                BAND_SPIRAL_VAL
 .text.CYCLE_OUT_IN
                0x00000000000059c4        0xc .build/obj_massdrop_alt_default/quantum/rgb_matrix.o
                0x00000000000059c4                CYCLE_OUT_IN
 .text.CYCLE_SPIRAL
                0x00000000000059d0        0xc .build/obj_massdrop_alt_default/quantum/rgb_matrix.o
                0x00000000000059d0                CYCLE_SPIRAL
 .text.effect_runner_dx_dy
                0x00000000000059dc       0xbc .build/obj_massdrop_alt_default/quantum/rgb_matrix.o
                0x00000000000059dc                effect_runner_dx_dy
 .text.BAND_PINWHEEL_SAT
                0x0000000000005a98        0xc .build/obj_massdrop_alt_default/quantum/rgb_matrix.o
                0x0000000000005a98                BAND_PINWHEEL_SAT
 .text.BAND_PINWHEEL_VAL
                0x0000000000005aa4        0xc .build/obj_massdrop_alt_default/quantum/rgb_matrix.o
                0x0000000000005aa4                BAND_PINWHEEL_VAL
 .text.CYCLE_OUT_IN_DUAL
                0x0000000000005ab0        0xc .build/obj_massdrop_alt_default/quantum/rgb_matrix.o
                0x0000000000005ab0                CYCLE_OUT_IN_DUAL
 .text.CYCLE_PINWHEEL
                0x0000000000005abc        0xc .build/obj_massdrop_alt_default/quantum/rgb_matrix.o
                0x0000000000005abc                CYCLE_PINWHEEL
 .text.effect_runner_i
                0x0000000000005ac8       0xac .build/obj_massdrop_alt_default/quantum/rgb_matrix.o
                0x0000000000005ac8                effect_runner_i
 .text.BAND_SAT
                0x0000000000005b74        0xc .build/obj_massdrop_alt_default/quantum/rgb_matrix.o
                0x0000000000005b74                BAND_SAT
 .text.BAND_VAL
                0x0000000000005b80        0xc .build/obj_massdrop_alt_default/quantum/rgb_matrix.o
                0x0000000000005b80                BAND_VAL
 .text.CYCLE_ALL
                0x0000000000005b8c        0xc .build/obj_massdrop_alt_default/quantum/rgb_matrix.o
                0x0000000000005b8c                CYCLE_ALL
 .text.CYCLE_LEFT_RIGHT
                0x0000000000005b98        0xc .build/obj_massdrop_alt_default/quantum/rgb_matrix.o
                0x0000000000005b98                CYCLE_LEFT_RIGHT
 .text.CYCLE_UP_DOWN
                0x0000000000005ba4        0xc .build/obj_massdrop_alt_default/quantum/rgb_matrix.o
                0x0000000000005ba4                CYCLE_UP_DOWN
 .text.RAINBOW_MOVING_CHEVRON
                0x0000000000005bb0        0xc .build/obj_massdrop_alt_default/quantum/rgb_matrix.o
                0x0000000000005bb0                RAINBOW_MOVING_CHEVRON
 .text.effect_runner_sin_cos_i
                0x0000000000005bbc       0xcc .build/obj_massdrop_alt_default/quantum/rgb_matrix.o
                0x0000000000005bbc                effect_runner_sin_cos_i
 .text.DUAL_BEACON
                0x0000000000005c88        0xc .build/obj_massdrop_alt_default/quantum/rgb_matrix.o
                0x0000000000005c88                DUAL_BEACON
 .text.RAINBOW_BEACON
                0x0000000000005c94        0xc .build/obj_massdrop_alt_default/quantum/rgb_matrix.o
                0x0000000000005c94                RAINBOW_BEACON
 .text.PINWHEELS
                0x0000000000005ca0        0xc .build/obj_massdrop_alt_default/quantum/rgb_matrix.o
                0x0000000000005ca0                PINWHEELS
 .text.effect_runner_reactive
                0x0000000000005cac       0xdc .build/obj_massdrop_alt_default/quantum/rgb_matrix.o
                0x0000000000005cac                effect_runner_reactive
 .text.SOLID_REACTIVE_SIMPLE
                0x0000000000005d88        0xc .build/obj_massdrop_alt_default/quantum/rgb_matrix.o
                0x0000000000005d88                SOLID_REACTIVE_SIMPLE
 .text.SOLID_REACTIVE
                0x0000000000005d94        0xc .build/obj_massdrop_alt_default/quantum/rgb_matrix.o
                0x0000000000005d94                SOLID_REACTIVE
 .text.effect_runner_reactive_splash
                0x0000000000005da0      0x130 .build/obj_massdrop_alt_default/quantum/rgb_matrix.o
                0x0000000000005da0                effect_runner_reactive_splash
 .text.SOLID_REACTIVE_WIDE
                0x0000000000005ed0       0x20 .build/obj_massdrop_alt_default/quantum/rgb_matrix.o
                0x0000000000005ed0                SOLID_REACTIVE_WIDE
 .text.SOLID_REACTIVE_MULTIWIDE
                0x0000000000005ef0       0x10 .build/obj_massdrop_alt_default/quantum/rgb_matrix.o
                0x0000000000005ef0                SOLID_REACTIVE_MULTIWIDE
 .text.SOLID_REACTIVE_CROSS
                0x0000000000005f00       0x20 .build/obj_massdrop_alt_default/quantum/rgb_matrix.o
                0x0000000000005f00                SOLID_REACTIVE_CROSS
 .text.SOLID_REACTIVE_MULTICROSS
                0x0000000000005f20       0x10 .build/obj_massdrop_alt_default/quantum/rgb_matrix.o
                0x0000000000005f20                SOLID_REACTIVE_MULTICROSS
 .text.SOLID_REACTIVE_NEXUS
                0x0000000000005f30       0x20 .build/obj_massdrop_alt_default/quantum/rgb_matrix.o
                0x0000000000005f30                SOLID_REACTIVE_NEXUS
 .text.SOLID_REACTIVE_MULTINEXUS
                0x0000000000005f50       0x10 .build/obj_massdrop_alt_default/quantum/rgb_matrix.o
                0x0000000000005f50                SOLID_REACTIVE_MULTINEXUS
 .text.SPLASH   0x0000000000005f60       0x20 .build/obj_massdrop_alt_default/quantum/rgb_matrix.o
                0x0000000000005f60                SPLASH
 .text.MULTISPLASH
                0x0000000000005f80       0x10 .build/obj_massdrop_alt_default/quantum/rgb_matrix.o
                0x0000000000005f80                MULTISPLASH
 .text.SOLID_SPLASH
                0x0000000000005f90       0x20 .build/obj_massdrop_alt_default/quantum/rgb_matrix.o
                0x0000000000005f90                SOLID_SPLASH
 .text.SOLID_MULTISPLASH
                0x0000000000005fb0       0x10 .build/obj_massdrop_alt_default/quantum/rgb_matrix.o
                0x0000000000005fb0                SOLID_MULTISPLASH
 .text.SOLID_COLOR
                0x0000000000005fc0       0x88 .build/obj_massdrop_alt_default/quantum/rgb_matrix.o
                0x0000000000005fc0                SOLID_COLOR
 .text.ALPHAS_MODS
                0x0000000000006048       0xd0 .build/obj_massdrop_alt_default/quantum/rgb_matrix.o
                0x0000000000006048                ALPHAS_MODS
 .text.GRADIENT_UP_DOWN
                0x0000000000006118       0x94 .build/obj_massdrop_alt_default/quantum/rgb_matrix.o
                0x0000000000006118                GRADIENT_UP_DOWN
 .text.BREATHING
                0x00000000000061ac       0xc0 .build/obj_massdrop_alt_default/quantum/rgb_matrix.o
                0x00000000000061ac                BREATHING
 .text.raindrops_set_color.isra.2
                0x000000000000626c       0x70 .build/obj_massdrop_alt_default/quantum/rgb_matrix.o
 .text.RAINDROPS
                0x00000000000062dc       0x80 .build/obj_massdrop_alt_default/quantum/rgb_matrix.o
                0x00000000000062dc                RAINDROPS
 .text.jellybean_raindrops_set_color.isra.3
                0x000000000000635c       0x50 .build/obj_massdrop_alt_default/quantum/rgb_matrix.o
 .text.JELLYBEAN_RAINDROPS
                0x00000000000063ac       0x80 .build/obj_massdrop_alt_default/quantum/rgb_matrix.o
                0x00000000000063ac                JELLYBEAN_RAINDROPS
 .text.rgb_matrix_set_color_all
                0x000000000000642c        0xc .build/obj_massdrop_alt_default/quantum/rgb_matrix.o
                0x000000000000642c                rgb_matrix_set_color_all
 .text.process_rgb_matrix
                0x0000000000006438       0xd0 .build/obj_massdrop_alt_default/quantum/rgb_matrix.o
                0x0000000000006438                process_rgb_matrix
 .text.rgb_matrix_indicators_user
                0x0000000000006508        0x2 .build/obj_massdrop_alt_default/quantum/rgb_matrix.o
                0x0000000000006508                rgb_matrix_indicators_user
 .text.rgb_matrix_indicators
                0x000000000000650a        0xc .build/obj_massdrop_alt_default/quantum/rgb_matrix.o
                0x000000000000650a                rgb_matrix_indicators
 *fill*         0x0000000000006516        0x2 
 .text.rgb_matrix_task
                0x0000000000006518      0x2dc .build/obj_massdrop_alt_default/quantum/rgb_matrix.o
                0x0000000000006518                rgb_matrix_task
 .text.rgb_matrix_init
                0x00000000000067f4       0xb0 .build/obj_massdrop_alt_default/quantum/rgb_matrix.o
                0x00000000000067f4                rgb_matrix_init
 .text.rgb_matrix_toggle
                0x00000000000068a4       0x1c .build/obj_massdrop_alt_default/quantum/rgb_matrix.o
                0x00000000000068a4                rgb_matrix_toggle
 .text.rgb_matrix_enable_noeeprom
                0x00000000000068c0       0x24 .build/obj_massdrop_alt_default/quantum/rgb_matrix.o
                0x00000000000068c0                rgb_matrix_enable_noeeprom
 .text.rgb_matrix_disable_noeeprom
                0x00000000000068e4       0x20 .build/obj_massdrop_alt_default/quantum/rgb_matrix.o
                0x00000000000068e4                rgb_matrix_disable_noeeprom
 .text.rgb_matrix_step
                0x0000000000006904       0x2c .build/obj_massdrop_alt_default/quantum/rgb_matrix.o
                0x0000000000006904                rgb_matrix_step
 .text.rgb_matrix_step_reverse
                0x0000000000006930       0x2c .build/obj_massdrop_alt_default/quantum/rgb_matrix.o
                0x0000000000006930                rgb_matrix_step_reverse
 .text.rgb_matrix_increase_hue
                0x000000000000695c       0x10 .build/obj_massdrop_alt_default/quantum/rgb_matrix.o
                0x000000000000695c                rgb_matrix_increase_hue
 .text.rgb_matrix_decrease_hue
                0x000000000000696c       0x10 .build/obj_massdrop_alt_default/quantum/rgb_matrix.o
                0x000000000000696c                rgb_matrix_decrease_hue
 .text.rgb_matrix_increase_sat
                0x000000000000697c       0x18 .build/obj_massdrop_alt_default/quantum/rgb_matrix.o
                0x000000000000697c                rgb_matrix_increase_sat
 .text.rgb_matrix_decrease_sat
                0x0000000000006994       0x14 .build/obj_massdrop_alt_default/quantum/rgb_matrix.o
                0x0000000000006994                rgb_matrix_decrease_sat
 .text.rgb_matrix_increase_val
                0x00000000000069a8       0x18 .build/obj_massdrop_alt_default/quantum/rgb_matrix.o
                0x00000000000069a8                rgb_matrix_increase_val
 .text.rgb_matrix_decrease_val
                0x00000000000069c0       0x14 .build/obj_massdrop_alt_default/quantum/rgb_matrix.o
                0x00000000000069c0                rgb_matrix_decrease_val
 .text.rgb_matrix_increase_speed
                0x00000000000069d4       0x18 .build/obj_massdrop_alt_default/quantum/rgb_matrix.o
                0x00000000000069d4                rgb_matrix_increase_speed
 .text.rgb_matrix_decrease_speed
                0x00000000000069ec       0x14 .build/obj_massdrop_alt_default/quantum/rgb_matrix.o
                0x00000000000069ec                rgb_matrix_decrease_speed
 .text.rgb_matrix_get_flags
                0x0000000000006a00        0xc .build/obj_massdrop_alt_default/quantum/rgb_matrix.o
                0x0000000000006a00                rgb_matrix_get_flags
 .text.rgb_matrix_set_flags
                0x0000000000006a0c        0xc .build/obj_massdrop_alt_default/quantum/rgb_matrix.o
                0x0000000000006a0c                rgb_matrix_set_flags
 .text.rgb_matrix_mode
                0x0000000000006a18       0x1c .build/obj_massdrop_alt_default/quantum/rgb_matrix.o
                0x0000000000006a18                rgb_matrix_mode
 .text.perform_space_cadet
                0x0000000000006a34       0xbc .build/obj_massdrop_alt_default/quantum/process_keycode/process_space_cadet.o
                0x0000000000006a34                perform_space_cadet
 .text.process_space_cadet
                0x0000000000006af0       0x8c .build/obj_massdrop_alt_default/quantum/process_keycode/process_space_cadet.o
                0x0000000000006af0                process_space_cadet
 .text.host_set_driver
                0x0000000000006b7c        0xc .build/obj_massdrop_alt_default/common/host.o
                0x0000000000006b7c                host_set_driver
 .text.host_keyboard_leds
                0x0000000000006b88       0x10 .build/obj_massdrop_alt_default/common/host.o
                0x0000000000006b88                host_keyboard_leds
 .text.host_keyboard_send
                0x0000000000006b98       0x10 .build/obj_massdrop_alt_default/common/host.o
                0x0000000000006b98                host_keyboard_send
 .text.host_system_send
                0x0000000000006ba8       0x18 .build/obj_massdrop_alt_default/common/host.o
                0x0000000000006ba8                host_system_send
 .text.host_consumer_send
                0x0000000000006bc0       0x18 .build/obj_massdrop_alt_default/common/host.o
                0x0000000000006bc0                host_consumer_send
 .text.keyboard_pre_init_user
                0x0000000000006bd8        0x2 .build/obj_massdrop_alt_default/common/keyboard.o
                0x0000000000006bd8                keyboard_pre_init_user
 .text.matrix_setup
                0x0000000000006bda        0x2 .build/obj_massdrop_alt_default/common/keyboard.o
                0x0000000000006bda                matrix_setup
 .text.keyboard_pre_init_kb
                0x0000000000006bdc        0x8 .build/obj_massdrop_alt_default/common/keyboard.o
                0x0000000000006bdc                keyboard_pre_init_kb
 .text.keyboard_post_init_user
                0x0000000000006be4        0x2 .build/obj_massdrop_alt_default/common/keyboard.o
                0x0000000000006be4                keyboard_post_init_user
 .text.keyboard_post_init_kb
                0x0000000000006be6        0x8 .build/obj_massdrop_alt_default/common/keyboard.o
                0x0000000000006be6                keyboard_post_init_kb
 .text.keyboard_setup
                0x0000000000006bee        0xc .build/obj_massdrop_alt_default/common/keyboard.o
                0x0000000000006bee                keyboard_setup
 .text.is_keyboard_master
                0x0000000000006bfa        0x4 .build/obj_massdrop_alt_default/common/keyboard.o
                0x0000000000006bfa                is_keyboard_master
 .text.keyboard_init
                0x0000000000006bfe       0x14 .build/obj_massdrop_alt_default/common/keyboard.o
                0x0000000000006bfe                keyboard_init
 *fill*         0x0000000000006c12        0x2 
 .text.keyboard_task
                0x0000000000006c14       0xe0 .build/obj_massdrop_alt_default/common/keyboard.o
                0x0000000000006c14                keyboard_task
 .text.action_exec
                0x0000000000006cf4       0x24 .build/obj_massdrop_alt_default/common/action.o
                0x0000000000006cf4                action_exec
 .text.process_record_tap_hint
                0x0000000000006d18        0x6 .build/obj_massdrop_alt_default/common/action.o
                0x0000000000006d18                process_record_tap_hint
 .text.register_code
                0x0000000000006d1e      0x13a .build/obj_massdrop_alt_default/common/action.o
                0x0000000000006d1e                register_code
 .text.unregister_code
                0x0000000000006e58       0x5c .build/obj_massdrop_alt_default/common/action.o
                0x0000000000006e58                unregister_code
 .text.tap_code
                0x0000000000006eb4       0x20 .build/obj_massdrop_alt_default/common/action.o
                0x0000000000006eb4                tap_code
 .text.register_mods
                0x0000000000006ed4       0x12 .build/obj_massdrop_alt_default/common/action.o
                0x0000000000006ed4                register_mods
 .text.unregister_mods
                0x0000000000006ee6       0x12 .build/obj_massdrop_alt_default/common/action.o
                0x0000000000006ee6                unregister_mods
 .text.process_action
                0x0000000000006ef8      0x38c .build/obj_massdrop_alt_default/common/action.o
                0x0000000000006ef8                process_action
 .text.process_record
                0x0000000000007284       0x44 .build/obj_massdrop_alt_default/common/action.o
                0x0000000000007284                process_record
 .text.clear_keyboard_but_mods_and_keys
                0x00000000000072c8       0x1e .build/obj_massdrop_alt_default/common/action.o
                0x00000000000072c8                clear_keyboard_but_mods_and_keys
 .text.clear_keyboard_but_mods
                0x00000000000072e6        0xe .build/obj_massdrop_alt_default/common/action.o
                0x00000000000072e6                clear_keyboard_but_mods
 .text.clear_keyboard
                0x00000000000072f4        0xe .build/obj_massdrop_alt_default/common/action.o
                0x00000000000072f4                clear_keyboard
 .text.is_tap_action
                0x0000000000007302       0x50 .build/obj_massdrop_alt_default/common/action.o
                0x0000000000007302                is_tap_action
 .text.is_tap_key
                0x0000000000007352       0x16 .build/obj_massdrop_alt_default/common/action.o
                0x0000000000007352                is_tap_key
 .text.debug_event
                0x0000000000007368        0xc .build/obj_massdrop_alt_default/common/action.o
                0x0000000000007368                debug_event
 .text.debug_record
                0x0000000000007374        0xc .build/obj_massdrop_alt_default/common/action.o
                0x0000000000007374                debug_record
 .text.debug_waiting_buffer
                0x0000000000007380       0x2c .build/obj_massdrop_alt_default/common/action_tapping.o
 .text.debug_tapping_key
                0x00000000000073ac       0x10 .build/obj_massdrop_alt_default/common/action_tapping.o
 .text.waiting_buffer_scan_tap
                0x00000000000073bc       0xac .build/obj_massdrop_alt_default/common/action_tapping.o
 .text.process_tapping
                0x0000000000007468      0x3f4 .build/obj_massdrop_alt_default/common/action_tapping.o
 .text.action_tapping_process
                0x000000000000785c       0xd8 .build/obj_massdrop_alt_default/common/action_tapping.o
                0x000000000000785c                action_tapping_process
 .text.action_macro_play
                0x0000000000007934       0xb2 .build/obj_massdrop_alt_default/common/action_macro.o
                0x0000000000007934                action_macro_play
 .text.default_layer_state_set_user
                0x00000000000079e6        0x2 .build/obj_massdrop_alt_default/common/action_layer.o
                0x00000000000079e6                default_layer_state_set_user
 .text.default_layer_state_set_kb
                0x00000000000079e8        0x8 .build/obj_massdrop_alt_default/common/action_layer.o
                0x00000000000079e8                default_layer_state_set_kb
 .text.default_layer_state_set
                0x00000000000079f0       0x18 .build/obj_massdrop_alt_default/common/action_layer.o
 .text.default_layer_debug
                0x0000000000007a08        0x2 .build/obj_massdrop_alt_default/common/action_layer.o
                0x0000000000007a08                default_layer_debug
 .text.default_layer_set
                0x0000000000007a0a        0x4 .build/obj_massdrop_alt_default/common/action_layer.o
                0x0000000000007a0a                default_layer_set
 *fill*         0x0000000000007a0e        0x2 
 .text.default_layer_or
                0x0000000000007a10       0x10 .build/obj_massdrop_alt_default/common/action_layer.o
                0x0000000000007a10                default_layer_or
 .text.default_layer_and
                0x0000000000007a20       0x10 .build/obj_massdrop_alt_default/common/action_layer.o
                0x0000000000007a20                default_layer_and
 .text.default_layer_xor
                0x0000000000007a30       0x10 .build/obj_massdrop_alt_default/common/action_layer.o
                0x0000000000007a30                default_layer_xor
 .text.layer_state_set_user
                0x0000000000007a40        0x4 .build/obj_massdrop_alt_default/common/action_layer.o
                0x0000000000007a40                layer_state_set_user
 .text.layer_state_set_kb
                0x0000000000007a44        0x8 .build/obj_massdrop_alt_default/common/action_layer.o
                0x0000000000007a44                layer_state_set_kb
 .text.layer_state_set
                0x0000000000007a4c       0x18 .build/obj_massdrop_alt_default/common/action_layer.o
                0x0000000000007a4c                layer_state_set
 .text.layer_clear
                0x0000000000007a64        0x6 .build/obj_massdrop_alt_default/common/action_layer.o
                0x0000000000007a64                layer_clear
 .text.layer_move
                0x0000000000007a6a        0xa .build/obj_massdrop_alt_default/common/action_layer.o
                0x0000000000007a6a                layer_move
 .text.layer_on
                0x0000000000007a74       0x14 .build/obj_massdrop_alt_default/common/action_layer.o
                0x0000000000007a74                layer_on
 .text.layer_off
                0x0000000000007a88       0x18 .build/obj_massdrop_alt_default/common/action_layer.o
                0x0000000000007a88                layer_off
 .text.layer_invert
                0x0000000000007aa0       0x14 .build/obj_massdrop_alt_default/common/action_layer.o
                0x0000000000007aa0                layer_invert
 .text.layer_or
                0x0000000000007ab4       0x10 .build/obj_massdrop_alt_default/common/action_layer.o
                0x0000000000007ab4                layer_or
 .text.layer_and
                0x0000000000007ac4       0x10 .build/obj_massdrop_alt_default/common/action_layer.o
                0x0000000000007ac4                layer_and
 .text.layer_xor
                0x0000000000007ad4       0x10 .build/obj_massdrop_alt_default/common/action_layer.o
                0x0000000000007ad4                layer_xor
 .text.layer_debug
                0x0000000000007ae4        0x2 .build/obj_massdrop_alt_default/common/action_layer.o
                0x0000000000007ae4                layer_debug
 *fill*         0x0000000000007ae6        0x2 
 .text.update_source_layers_cache
                0x0000000000007ae8       0x48 .build/obj_massdrop_alt_default/common/action_layer.o
                0x0000000000007ae8                update_source_layers_cache
 .text.read_source_layers_cache
                0x0000000000007b30       0x40 .build/obj_massdrop_alt_default/common/action_layer.o
                0x0000000000007b30                read_source_layers_cache
 .text.layer_switch_get_layer
                0x0000000000007b70       0x3c .build/obj_massdrop_alt_default/common/action_layer.o
                0x0000000000007b70                layer_switch_get_layer
 .text.layer_switch_get_action
                0x0000000000007bac       0x18 .build/obj_massdrop_alt_default/common/action_layer.o
                0x0000000000007bac                layer_switch_get_action
 .text.store_or_get_action
                0x0000000000007bc4       0x48 .build/obj_massdrop_alt_default/common/action_layer.o
                0x0000000000007bc4                store_or_get_action
 .text.add_key  0x0000000000007c0c       0x10 .build/obj_massdrop_alt_default/common/action_util.o
                0x0000000000007c0c                add_key
 .text.del_key  0x0000000000007c1c       0x10 .build/obj_massdrop_alt_default/common/action_util.o
                0x0000000000007c1c                del_key
 .text.clear_keys
                0x0000000000007c2c        0xc .build/obj_massdrop_alt_default/common/action_util.o
                0x0000000000007c2c                clear_keys
 .text.get_oneshot_layer
                0x0000000000007c38       0x10 .build/obj_massdrop_alt_default/common/action_util.o
                0x0000000000007c38                get_oneshot_layer
 .text.get_oneshot_layer_state
                0x0000000000007c48       0x10 .build/obj_massdrop_alt_default/common/action_util.o
                0x0000000000007c48                get_oneshot_layer_state
 .text.is_oneshot_layer_active
                0x0000000000007c58       0x14 .build/obj_massdrop_alt_default/common/action_util.o
                0x0000000000007c58                is_oneshot_layer_active
 .text.get_mods
                0x0000000000007c6c        0xc .build/obj_massdrop_alt_default/common/action_util.o
                0x0000000000007c6c                get_mods
 .text.add_mods
                0x0000000000007c78       0x10 .build/obj_massdrop_alt_default/common/action_util.o
                0x0000000000007c78                add_mods
 .text.del_mods
                0x0000000000007c88       0x10 .build/obj_massdrop_alt_default/common/action_util.o
                0x0000000000007c88                del_mods
 .text.clear_mods
                0x0000000000007c98        0xc .build/obj_massdrop_alt_default/common/action_util.o
                0x0000000000007c98                clear_mods
 .text.add_weak_mods
                0x0000000000007ca4       0x10 .build/obj_massdrop_alt_default/common/action_util.o
                0x0000000000007ca4                add_weak_mods
 .text.del_weak_mods
                0x0000000000007cb4       0x10 .build/obj_massdrop_alt_default/common/action_util.o
                0x0000000000007cb4                del_weak_mods
 .text.clear_weak_mods
                0x0000000000007cc4        0xc .build/obj_massdrop_alt_default/common/action_util.o
                0x0000000000007cc4                clear_weak_mods
 .text.add_macro_mods
                0x0000000000007cd0       0x10 .build/obj_massdrop_alt_default/common/action_util.o
                0x0000000000007cd0                add_macro_mods
 .text.del_macro_mods
                0x0000000000007ce0       0x10 .build/obj_massdrop_alt_default/common/action_util.o
                0x0000000000007ce0                del_macro_mods
 .text.clear_macro_mods
                0x0000000000007cf0        0xc .build/obj_massdrop_alt_default/common/action_util.o
                0x0000000000007cf0                clear_macro_mods
 .text.get_oneshot_mods
                0x0000000000007cfc        0xc .build/obj_massdrop_alt_default/common/action_util.o
                0x0000000000007cfc                get_oneshot_mods
 .text.oneshot_mods_changed_user
                0x0000000000007d08        0x2 .build/obj_massdrop_alt_default/common/action_util.o
                0x0000000000007d08                oneshot_mods_changed_user
 .text.oneshot_mods_changed_kb
                0x0000000000007d0a        0x8 .build/obj_massdrop_alt_default/common/action_util.o
                0x0000000000007d0a                oneshot_mods_changed_kb
 *fill*         0x0000000000007d12        0x2 
 .text.set_oneshot_mods
                0x0000000000007d14       0x18 .build/obj_massdrop_alt_default/common/action_util.o
                0x0000000000007d14                set_oneshot_mods
 .text.clear_oneshot_mods
                0x0000000000007d2c       0x18 .build/obj_massdrop_alt_default/common/action_util.o
                0x0000000000007d2c                clear_oneshot_mods
 .text.send_keyboard_report
                0x0000000000007d44       0x4c .build/obj_massdrop_alt_default/common/action_util.o
                0x0000000000007d44                send_keyboard_report
 .text.oneshot_layer_changed_user
                0x0000000000007d90        0x2 .build/obj_massdrop_alt_default/common/action_util.o
                0x0000000000007d90                oneshot_layer_changed_user
 .text.oneshot_layer_changed_kb
                0x0000000000007d92        0x8 .build/obj_massdrop_alt_default/common/action_util.o
                0x0000000000007d92                oneshot_layer_changed_kb
 *fill*         0x0000000000007d9a        0x2 
 .text.set_oneshot_layer
                0x0000000000007d9c       0x20 .build/obj_massdrop_alt_default/common/action_util.o
                0x0000000000007d9c                set_oneshot_layer
 .text.reset_oneshot_layer
                0x0000000000007dbc       0x14 .build/obj_massdrop_alt_default/common/action_util.o
                0x0000000000007dbc                reset_oneshot_layer
 .text.clear_oneshot_layer_state
                0x0000000000007dd0       0x30 .build/obj_massdrop_alt_default/common/action_util.o
                0x0000000000007dd0                clear_oneshot_layer_state
 .text.eeconfig_is_enabled
                0x0000000000007e00       0x14 .build/obj_massdrop_alt_default/common/eeconfig.o
                0x0000000000007e00                eeconfig_is_enabled
 .text.eeconfig_read_debug
                0x0000000000007e14        0x6 .build/obj_massdrop_alt_default/common/eeconfig.o
                0x0000000000007e14                eeconfig_read_debug
 .text.eeconfig_read_default_layer
                0x0000000000007e1a        0x6 .build/obj_massdrop_alt_default/common/eeconfig.o
                0x0000000000007e1a                eeconfig_read_default_layer
 .text.eeconfig_read_keymap
                0x0000000000007e20       0x18 .build/obj_massdrop_alt_default/common/eeconfig.o
                0x0000000000007e20                eeconfig_read_keymap
 .text.eeconfig_update_keymap
                0x0000000000007e38       0x18 .build/obj_massdrop_alt_default/common/eeconfig.o
                0x0000000000007e38                eeconfig_update_keymap
 .text.eeconfig_update_kb
                0x0000000000007e50        0x8 .build/obj_massdrop_alt_default/common/eeconfig.o
                0x0000000000007e50                eeconfig_update_kb
 .text.eeconfig_update_user
                0x0000000000007e58        0x8 .build/obj_massdrop_alt_default/common/eeconfig.o
                0x0000000000007e58                eeconfig_update_user
 .text.eeconfig_init_user
                0x0000000000007e60        0x6 .build/obj_massdrop_alt_default/common/eeconfig.o
                0x0000000000007e60                eeconfig_init_user
 .text.eeconfig_init_kb
                0x0000000000007e66        0xe .build/obj_massdrop_alt_default/common/eeconfig.o
                0x0000000000007e66                eeconfig_init_kb
 .text.eeconfig_init_quantum
                0x0000000000007e74       0x84 .build/obj_massdrop_alt_default/common/eeconfig.o
                0x0000000000007e74                eeconfig_init_quantum
 .text.eeconfig_init
                0x0000000000007ef8        0x4 .build/obj_massdrop_alt_default/common/eeconfig.o
                0x0000000000007ef8                eeconfig_init
 .text.has_anykey
                0x0000000000007efc       0x3c .build/obj_massdrop_alt_default/common/report.o
                0x0000000000007efc                has_anykey
 .text.add_key_byte
                0x0000000000007f38       0x32 .build/obj_massdrop_alt_default/common/report.o
                0x0000000000007f38                add_key_byte
 .text.del_key_byte
                0x0000000000007f6a       0x1a .build/obj_massdrop_alt_default/common/report.o
                0x0000000000007f6a                del_key_byte
 .text.add_key_bit
                0x0000000000007f84       0x18 .build/obj_massdrop_alt_default/common/report.o
                0x0000000000007f84                add_key_bit
 .text.del_key_bit
                0x0000000000007f9c       0x1a .build/obj_massdrop_alt_default/common/report.o
                0x0000000000007f9c                del_key_bit
 *fill*         0x0000000000007fb6        0x2 
 .text.add_key_to_report
                0x0000000000007fb8       0x34 .build/obj_massdrop_alt_default/common/report.o
                0x0000000000007fb8                add_key_to_report
 .text.del_key_from_report
                0x0000000000007fec       0x34 .build/obj_massdrop_alt_default/common/report.o
                0x0000000000007fec                del_key_from_report
 .text.clear_keys_from_report
                0x0000000000008020       0x2c .build/obj_massdrop_alt_default/common/report.o
                0x0000000000008020                clear_keys_from_report
 .text.matrix_power_up
                0x000000000000804c        0x2 .build/obj_massdrop_alt_default/common/arm_atsam/suspend.o
                0x000000000000804c                matrix_power_up
 .text.suspend_power_down_user
                0x000000000000804e        0x2 .build/obj_massdrop_alt_default/common/arm_atsam/suspend.o
                0x000000000000804e                suspend_power_down_user
 .text.suspend_power_down_kb
                0x0000000000008050        0x8 .build/obj_massdrop_alt_default/common/arm_atsam/suspend.o
                0x0000000000008050                suspend_power_down_kb
 .text.suspend_power_down
                0x0000000000008058        0xe .build/obj_massdrop_alt_default/common/arm_atsam/suspend.o
                0x0000000000008058                suspend_power_down
 .text.matrix_power_down
                0x0000000000008066        0x2 .build/obj_massdrop_alt_default/common/arm_atsam/suspend.o
                0x0000000000008066                matrix_power_down
 .text.suspend_wakeup_condition
                0x0000000000008068       0x24 .build/obj_massdrop_alt_default/common/arm_atsam/suspend.o
                0x0000000000008068                suspend_wakeup_condition
 .text.suspend_wakeup_init_user
                0x000000000000808c        0x2 .build/obj_massdrop_alt_default/common/arm_atsam/suspend.o
                0x000000000000808c                suspend_wakeup_init_user
 .text.suspend_wakeup_init_kb
                0x000000000000808e        0x8 .build/obj_massdrop_alt_default/common/arm_atsam/suspend.o
                0x000000000000808e                suspend_wakeup_init_kb
 .text.suspend_wakeup_init
                0x0000000000008096        0xe .build/obj_massdrop_alt_default/common/arm_atsam/suspend.o
                0x0000000000008096                suspend_wakeup_init
 .text.timer_read
                0x00000000000080a4       0x10 .build/obj_massdrop_alt_default/common/arm_atsam/timer.o
                0x00000000000080a4                timer_read
 .text.timer_read32
                0x00000000000080b4        0xc .build/obj_massdrop_alt_default/common/arm_atsam/timer.o
                0x00000000000080b4                timer_read32
 .text.timer_read64
                0x00000000000080c0        0xc .build/obj_massdrop_alt_default/common/arm_atsam/timer.o
                0x00000000000080c0                timer_read64
 .text.timer_elapsed
                0x00000000000080cc       0x28 .build/obj_massdrop_alt_default/common/arm_atsam/timer.o
                0x00000000000080cc                timer_elapsed
 .text.timer_elapsed32
                0x00000000000080f4       0x1c .build/obj_massdrop_alt_default/common/arm_atsam/timer.o
                0x00000000000080f4                timer_elapsed32
 .text.timer_clear
                0x0000000000008110       0x10 .build/obj_massdrop_alt_default/common/arm_atsam/timer.o
                0x0000000000008110                timer_clear
 .text.timer_init
                0x0000000000008120        0x4 .build/obj_massdrop_alt_default/common/arm_atsam/timer.o
                0x0000000000008120                timer_init
 .text.bootloader_jump
                0x0000000000008124       0x50 .build/obj_massdrop_alt_default/common/arm_atsam/bootloader.o
                0x0000000000008124                bootloader_jump
 .text.eeprom_read_byte
                0x0000000000008174        0xc .build/obj_massdrop_alt_default/common/arm_atsam/eeprom.o
                0x0000000000008174                eeprom_read_byte
 .text.eeprom_read_word
                0x0000000000008180       0x14 .build/obj_massdrop_alt_default/common/arm_atsam/eeprom.o
                0x0000000000008180                eeprom_read_word
 .text.eeprom_read_block
                0x0000000000008194       0x1c .build/obj_massdrop_alt_default/common/arm_atsam/eeprom.o
                0x0000000000008194                eeprom_read_block
 .text.eeprom_write_word
                0x00000000000081b0       0x10 .build/obj_massdrop_alt_default/common/arm_atsam/eeprom.o
                0x00000000000081b0                eeprom_write_word
 .text.eeprom_write_dword
                0x00000000000081c0       0x18 .build/obj_massdrop_alt_default/common/arm_atsam/eeprom.o
                0x00000000000081c0                eeprom_write_dword
 .text.eeprom_write_block
                0x00000000000081d8       0x1c .build/obj_massdrop_alt_default/common/arm_atsam/eeprom.o
                0x00000000000081d8                eeprom_write_block
 .text.eeprom_update_byte
                0x00000000000081f4        0xc .build/obj_massdrop_alt_default/common/arm_atsam/eeprom.o
                0x00000000000081f4                eeprom_update_byte
 .text.eeprom_update_word
                0x0000000000008200        0x4 .build/obj_massdrop_alt_default/common/arm_atsam/eeprom.o
                0x0000000000008200                eeprom_update_word
 .text.eeprom_update_dword
                0x0000000000008204        0x4 .build/obj_massdrop_alt_default/common/arm_atsam/eeprom.o
                0x0000000000008204                eeprom_update_dword
 .text.eeprom_update_block
                0x0000000000008208        0x4 .build/obj_massdrop_alt_default/common/arm_atsam/eeprom.o
                0x0000000000008208                eeprom_update_block
 .text.magic    0x000000000000820c       0x30 .build/obj_massdrop_alt_default/common/magic.o
                0x000000000000820c                magic
 .text.ADC0_clock_init
                0x000000000000823c       0x40 .build/obj_massdrop_alt_default/protocol/arm_atsam/adc.o
                0x000000000000823c                ADC0_clock_init
 .text.ADC0_init
                0x000000000000827c      0x15c .build/obj_massdrop_alt_default/protocol/arm_atsam/adc.o
                0x000000000000827c                ADC0_init
 .text.adc_get  0x00000000000083d8       0x34 .build/obj_massdrop_alt_default/protocol/arm_atsam/adc.o
                0x00000000000083d8                adc_get
 .text.CLK_oscctrl_init
                0x000000000000840c      0x164 .build/obj_massdrop_alt_default/protocol/arm_atsam/clks.o
                0x000000000000840c                CLK_oscctrl_init
 .text.CLK_set_gclk_freq
                0x0000000000008570       0xc0 .build/obj_massdrop_alt_default/protocol/arm_atsam/clks.o
                0x0000000000008570                CLK_set_gclk_freq
 .text.CLK_init_osc
                0x0000000000008630       0x90 .build/obj_massdrop_alt_default/protocol/arm_atsam/clks.o
                0x0000000000008630                CLK_init_osc
 .text.CLK_reset_time
                0x00000000000086c0       0x88 .build/obj_massdrop_alt_default/protocol/arm_atsam/clks.o
                0x00000000000086c0                CLK_reset_time
 .text.TC4_Handler
                0x0000000000008748       0x30 .build/obj_massdrop_alt_default/protocol/arm_atsam/clks.o
                0x0000000000008748                TC4_Handler
 .text.CLK_enable_timebase
                0x0000000000008778      0x1f4 .build/obj_massdrop_alt_default/protocol/arm_atsam/clks.o
                0x0000000000008778                CLK_enable_timebase
 *fill*         0x000000000000896c        0x4 
 .text.CLK_delay_us
                0x0000000000008970       0x1c .build/obj_massdrop_alt_default/protocol/arm_atsam/clks.o
                0x0000000000008970                CLK_delay_us
 .text.CLK_delay_ms
                0x000000000000898c       0x1e .build/obj_massdrop_alt_default/protocol/arm_atsam/clks.o
                0x000000000000898c                CLK_delay_ms
 *fill*         0x00000000000089aa        0x2 
 .text.clk_enable_sercom_apbmask
                0x00000000000089ac       0x3c .build/obj_massdrop_alt_default/protocol/arm_atsam/clks.o
                0x00000000000089ac                clk_enable_sercom_apbmask
 .text.CLK_set_spi_freq
                0x00000000000089e8       0x8c .build/obj_massdrop_alt_default/protocol/arm_atsam/clks.o
                0x00000000000089e8                CLK_set_spi_freq
 .text.CLK_set_i2c0_freq
                0x0000000000008a74       0x94 .build/obj_massdrop_alt_default/protocol/arm_atsam/clks.o
                0x0000000000008a74                CLK_set_i2c0_freq
 .text.CLK_set_i2c1_freq
                0x0000000000008b08       0x94 .build/obj_massdrop_alt_default/protocol/arm_atsam/clks.o
                0x0000000000008b08                CLK_set_i2c1_freq
 .text.CLK_init
                0x0000000000008b9c       0x28 .build/obj_massdrop_alt_default/protocol/arm_atsam/clks.o
                0x0000000000008b9c                CLK_init
 .text.dled_print
                0x0000000000008bc4      0x160 .build/obj_massdrop_alt_default/protocol/arm_atsam/d51_util.o
                0x0000000000008bc4                dled_print
 .text.EIC_7_Handler
                0x0000000000008d24       0x14 .build/obj_massdrop_alt_default/protocol/arm_atsam/d51_util.o
                0x0000000000008d24                EIC_7_Handler
 .text.debug_code_init
                0x0000000000008d38       0x9c .build/obj_massdrop_alt_default/protocol/arm_atsam/d51_util.o
                0x0000000000008d38                debug_code_init
 .text.debug_code_disable
                0x0000000000008dd4       0x80 .build/obj_massdrop_alt_default/protocol/arm_atsam/d51_util.o
                0x0000000000008dd4                debug_code_disable
 .text.i2c0_init
                0x0000000000008e54       0xb8 .build/obj_massdrop_alt_default/protocol/arm_atsam/i2c_master.o
                0x0000000000008e54                i2c0_init
 .text.i2c0_start
                0x0000000000008f0c       0x28 .build/obj_massdrop_alt_default/protocol/arm_atsam/i2c_master.o
                0x0000000000008f0c                i2c0_start
 .text.i2c0_stop
                0x0000000000008f34       0x48 .build/obj_massdrop_alt_default/protocol/arm_atsam/i2c_master.o
                0x0000000000008f34                i2c0_stop
 .text.i2c0_transmit
                0x0000000000008f7c       0x40 .build/obj_massdrop_alt_default/protocol/arm_atsam/i2c_master.o
                0x0000000000008f7c                i2c0_transmit
 .text.i2c1_init
                0x0000000000008fbc       0xd4 .build/obj_massdrop_alt_default/protocol/arm_atsam/i2c_master.o
                0x0000000000008fbc                i2c1_init
 .text.i2c1_start
                0x0000000000009090       0x28 .build/obj_massdrop_alt_default/protocol/arm_atsam/i2c_master.o
                0x0000000000009090                i2c1_start
 .text.i2c1_stop
                0x00000000000090b8       0x48 .build/obj_massdrop_alt_default/protocol/arm_atsam/i2c_master.o
                0x00000000000090b8                i2c1_stop
 .text.i2c1_transmit
                0x0000000000009100       0x40 .build/obj_massdrop_alt_default/protocol/arm_atsam/i2c_master.o
                0x0000000000009100                i2c1_transmit
 .text.i2c_led_send_CRWL
                0x0000000000009140       0x2c .build/obj_massdrop_alt_default/protocol/arm_atsam/i2c_master.o
                0x0000000000009140                i2c_led_send_CRWL
 .text.i2c_led_select_page
                0x000000000000916c       0x28 .build/obj_massdrop_alt_default/protocol/arm_atsam/i2c_master.o
                0x000000000000916c                i2c_led_select_page
 .text.i2c_led_send_mode_op_gcr
                0x0000000000009194       0x34 .build/obj_massdrop_alt_default/protocol/arm_atsam/i2c_master.o
                0x0000000000009194                i2c_led_send_mode_op_gcr
 .text.i2c_led_send_pur_pdr
                0x00000000000091c8       0x2c .build/obj_massdrop_alt_default/protocol/arm_atsam/i2c_master.o
                0x00000000000091c8                i2c_led_send_pur_pdr
 .text.I2C3733_Init_Drivers
                0x00000000000091f4       0x90 .build/obj_massdrop_alt_default/protocol/arm_atsam/i2c_master.o
                0x00000000000091f4                I2C3733_Init_Drivers
 .text.I2C_DMAC_LED_Init
                0x0000000000009284       0xd0 .build/obj_massdrop_alt_default/protocol/arm_atsam/i2c_master.o
                0x0000000000009284                I2C_DMAC_LED_Init
 .text.I2C3733_Control_Set
                0x0000000000009354       0x2c .build/obj_massdrop_alt_default/protocol/arm_atsam/i2c_master.o
                0x0000000000009354                I2C3733_Control_Set
 .text.I2C3733_Init_Control
                0x0000000000009380       0x3c .build/obj_massdrop_alt_default/protocol/arm_atsam/i2c_master.o
                0x0000000000009380                I2C3733_Init_Control
 .text.i2c_led_desc_defaults
                0x00000000000093bc       0x48 .build/obj_massdrop_alt_default/protocol/arm_atsam/i2c_master.o
                0x00000000000093bc                i2c_led_desc_defaults
 .text.i2c_led_prepare_send_dma
                0x0000000000009404       0x24 .build/obj_massdrop_alt_default/protocol/arm_atsam/i2c_master.o
                0x0000000000009404                i2c_led_prepare_send_dma
 .text.i2c_led_begin_dma
                0x0000000000009428       0x38 .build/obj_massdrop_alt_default/protocol/arm_atsam/i2c_master.o
                0x0000000000009428                i2c_led_begin_dma
 .text.i2c_led_send_CRWL_dma
                0x0000000000009460       0x24 .build/obj_massdrop_alt_default/protocol/arm_atsam/i2c_master.o
                0x0000000000009460                i2c_led_send_CRWL_dma
 .text.i2c_led_select_page_dma
                0x0000000000009484       0x20 .build/obj_massdrop_alt_default/protocol/arm_atsam/i2c_master.o
                0x0000000000009484                i2c_led_select_page_dma
 .text.i2c_led_send_GCR_dma
                0x00000000000094a4       0x28 .build/obj_massdrop_alt_default/protocol/arm_atsam/i2c_master.o
                0x00000000000094a4                i2c_led_send_GCR_dma
 .text.i2c_led_send_pwm_dma
                0x00000000000094cc       0x38 .build/obj_massdrop_alt_default/protocol/arm_atsam/i2c_master.o
                0x00000000000094cc                i2c_led_send_pwm_dma
 .text.i2c_led_send_onoff_dma
                0x0000000000009504       0x44 .build/obj_massdrop_alt_default/protocol/arm_atsam/i2c_master.o
                0x0000000000009504                i2c_led_send_onoff_dma
 .text.i2c_led_q_init
                0x0000000000009548       0x2c .build/obj_massdrop_alt_default/protocol/arm_atsam/i2c_master.o
                0x0000000000009548                i2c_led_q_init
 .text.i2c_led_q_isempty
                0x0000000000009574       0x18 .build/obj_massdrop_alt_default/protocol/arm_atsam/i2c_master.o
                0x0000000000009574                i2c_led_q_isempty
 .text.i2c_led_q_size
                0x000000000000958c       0x20 .build/obj_massdrop_alt_default/protocol/arm_atsam/i2c_master.o
                0x000000000000958c                i2c_led_q_size
 .text.i2c_led_q_available
                0x00000000000095ac        0xe .build/obj_massdrop_alt_default/protocol/arm_atsam/i2c_master.o
                0x00000000000095ac                i2c_led_q_available
 *fill*         0x00000000000095ba        0x2 
 .text.i2c_led_q_add
                0x00000000000095bc       0x24 .build/obj_massdrop_alt_default/protocol/arm_atsam/i2c_master.o
                0x00000000000095bc                i2c_led_q_add
 .text.i2c_led_q_s_advance
                0x00000000000095e0       0x1c .build/obj_massdrop_alt_default/protocol/arm_atsam/i2c_master.o
                0x00000000000095e0                i2c_led_q_s_advance
 .text.i2c_led_q_request_room
                0x00000000000095fc       0x48 .build/obj_massdrop_alt_default/protocol/arm_atsam/i2c_master.o
                0x00000000000095fc                i2c_led_q_request_room
 .text.i2c_led_q_run
                0x0000000000009644       0xbc .build/obj_massdrop_alt_default/protocol/arm_atsam/i2c_master.o
                0x0000000000009644                i2c_led_q_run
 .text.led_set_one
                0x0000000000009700       0x1c .build/obj_massdrop_alt_default/protocol/arm_atsam/led_matrix.o
                0x0000000000009700                led_set_one
 .text.flush    0x000000000000971c       0xe0 .build/obj_massdrop_alt_default/protocol/arm_atsam/led_matrix.o
                0x000000000000971c                flush
 .text.led_set_all
                0x00000000000097fc       0x1c .build/obj_massdrop_alt_default/protocol/arm_atsam/led_matrix.o
                0x00000000000097fc                led_set_all
 .text.SERCOM1_0_Handler
                0x0000000000009818       0x14 .build/obj_massdrop_alt_default/protocol/arm_atsam/led_matrix.o
                0x0000000000009818                SERCOM1_0_Handler
 .text.DMAC_0_Handler
                0x000000000000982c       0x3c .build/obj_massdrop_alt_default/protocol/arm_atsam/led_matrix.o
                0x000000000000982c                DMAC_0_Handler
 .text.gcr_compute
                0x0000000000009868       0xe4 .build/obj_massdrop_alt_default/protocol/arm_atsam/led_matrix.o
                0x0000000000009868                gcr_compute
 .text.issi3733_prepare_arrays
                0x000000000000994c       0xd0 .build/obj_massdrop_alt_default/protocol/arm_atsam/led_matrix.o
                0x000000000000994c                issi3733_prepare_arrays
 .text.led_matrix_prepare
                0x0000000000009a1c       0x24 .build/obj_massdrop_alt_default/protocol/arm_atsam/led_matrix.o
                0x0000000000009a1c                led_matrix_prepare
 .text.init     0x0000000000009a40       0x28 .build/obj_massdrop_alt_default/protocol/arm_atsam/led_matrix.o
                0x0000000000009a40                init
 .text.led_matrix_indicators
                0x0000000000009a68       0x58 .build/obj_massdrop_alt_default/protocol/arm_atsam/led_matrix.o
                0x0000000000009a68                led_matrix_indicators
 .text.keyboard_leds
                0x0000000000009ac0       0x20 .build/obj_massdrop_alt_default/protocol/arm_atsam/main_arm_atsam.o
                0x0000000000009ac0                keyboard_leds
 .text.send_mouse
                0x0000000000009ae0        0x2 .build/obj_massdrop_alt_default/protocol/arm_atsam/main_arm_atsam.o
                0x0000000000009ae0                send_mouse
 *fill*         0x0000000000009ae2        0x2 
 .text.send_system
                0x0000000000009ae4       0x38 .build/obj_massdrop_alt_default/protocol/arm_atsam/main_arm_atsam.o
                0x0000000000009ae4                send_system
 .text.send_consumer
                0x0000000000009b1c       0x34 .build/obj_massdrop_alt_default/protocol/arm_atsam/main_arm_atsam.o
                0x0000000000009b1c                send_consumer
 .text.main_subtask_usb_state
                0x0000000000009b50       0x94 .build/obj_massdrop_alt_default/protocol/arm_atsam/main_arm_atsam.o
                0x0000000000009b50                main_subtask_usb_state
 *fill*         0x0000000000009be4        0x4 
 .text.main_subtask_power_check
                0x0000000000009be8       0x8c .build/obj_massdrop_alt_default/protocol/arm_atsam/main_arm_atsam.o
                0x0000000000009be8                main_subtask_power_check
 .text.main_subtask_usb_extra_device
                0x0000000000009c74       0x34 .build/obj_massdrop_alt_default/protocol/arm_atsam/main_arm_atsam.o
                0x0000000000009c74                main_subtask_usb_extra_device
 .text.main_subtasks
                0x0000000000009ca8       0x12 .build/obj_massdrop_alt_default/protocol/arm_atsam/main_arm_atsam.o
                0x0000000000009ca8                main_subtasks
 *fill*         0x0000000000009cba        0x2 
 .text.send_keyboard
                0x0000000000009cbc       0x94 .build/obj_massdrop_alt_default/protocol/arm_atsam/main_arm_atsam.o
                0x0000000000009cbc                send_keyboard
 .text.startup.main
                0x0000000000009d50      0x11c .build/obj_massdrop_alt_default/protocol/arm_atsam/main_arm_atsam.o
                0x0000000000009d50                main
 .text.SR_EXP_WriteData
                0x0000000000009e6c       0x64 .build/obj_massdrop_alt_default/protocol/arm_atsam/spi.o
                0x0000000000009e6c                SR_EXP_WriteData
 .text.SR_EXP_Init
                0x0000000000009ed0       0xd0 .build/obj_massdrop_alt_default/protocol/arm_atsam/spi.o
                0x0000000000009ed0                SR_EXP_Init
 .text.Dummy_Handler
                0x0000000000009fa0        0x2 .build/obj_massdrop_alt_default/protocol/arm_atsam/startup.o
                0x0000000000009fa0                ICM_Handler
                0x0000000000009fa0                SERCOM0_2_Handler
                0x0000000000009fa0                DebugMon_Handler
                0x0000000000009fa0                EIC_13_Handler
                0x0000000000009fa0                EVSYS_0_Handler
                0x0000000000009fa0                TCC1_3_Handler
                0x0000000000009fa0                DAC_3_Handler
                0x0000000000009fa0                TRNG_Handler
                0x0000000000009fa0                HardFault_Handler
                0x0000000000009fa0                TC2_Handler
                0x0000000000009fa0                PDEC_2_Handler
                0x0000000000009fa0                EIC_4_Handler
                0x0000000000009fa0                AC_Handler
                0x0000000000009fa0                SERCOM3_1_Handler
                0x0000000000009fa0                SysTick_Handler
                0x0000000000009fa0                TCC2_3_Handler
                0x0000000000009fa0                SERCOM3_2_Handler
                0x0000000000009fa0                PendSV_Handler
                0x0000000000009fa0                NMI_Handler
                0x0000000000009fa0                ADC1_1_Handler
                0x0000000000009fa0                EVSYS_3_Handler
                0x0000000000009fa0                PDEC_0_Handler
                0x0000000000009fa0                QSPI_Handler
                0x0000000000009fa0                TCC0_0_Handler
                0x0000000000009fa0                EIC_3_Handler
                0x0000000000009fa0                TAL_0_Handler
                0x0000000000009fa0                DAC_2_Handler
                0x0000000000009fa0                SERCOM0_0_Handler
                0x0000000000009fa0                RTC_Handler
                0x0000000000009fa0                UsageFault_Handler
                0x0000000000009fa0                SERCOM4_0_Handler
                0x0000000000009fa0                EIC_10_Handler
                0x0000000000009fa0                SERCOM0_3_Handler
                0x0000000000009fa0                EIC_11_Handler
                0x0000000000009fa0                EIC_9_Handler
                0x0000000000009fa0                OSC32KCTRL_Handler
                0x0000000000009fa0                TCC2_1_Handler
                0x0000000000009fa0                SUPC_1_Handler
                0x0000000000009fa0                TCC0_5_Handler
                0x0000000000009fa0                TCC0_6_Handler
                0x0000000000009fa0                EVSYS_1_Handler
                0x0000000000009fa0                TCC1_4_Handler
                0x0000000000009fa0                WDT_Handler
                0x0000000000009fa0                EIC_8_Handler
                0x0000000000009fa0                EIC_15_Handler
                0x0000000000009fa0                SERCOM5_0_Handler
                0x0000000000009fa0                TC1_Handler
                0x0000000000009fa0                OSCCTRL_4_Handler
                0x0000000000009fa0                SERCOM4_3_Handler
                0x0000000000009fa0                EIC_12_Handler
                0x0000000000009fa0                DMAC_4_Handler
                0x0000000000009fa0                TCC4_2_Handler
                0x0000000000009fa0                PAC_Handler
                0x0000000000009fa0                TCC1_0_Handler
                0x0000000000009fa0                OSCCTRL_0_Handler
                0x0000000000009fa0                EIC_0_Handler
                0x0000000000009fa0                OSCCTRL_3_Handler
                0x0000000000009fa0                SERCOM4_1_Handler
                0x0000000000009fa0                TC3_Handler
                0x0000000000009fa0                Dummy_Handler
                0x0000000000009fa0                TCC3_0_Handler
                0x0000000000009fa0                TCC2_2_Handler
                0x0000000000009fa0                SERCOM5_1_Handler
                0x0000000000009fa0                TCC1_1_Handler
                0x0000000000009fa0                DMAC_2_Handler
                0x0000000000009fa0                ADC0_0_Handler
                0x0000000000009fa0                SERCOM0_1_Handler
                0x0000000000009fa0                OSCCTRL_2_Handler
                0x0000000000009fa0                ADC1_0_Handler
                0x0000000000009fa0                TCC1_2_Handler
                0x0000000000009fa0                PM_Handler
                0x0000000000009fa0                SERCOM2_3_Handler
                0x0000000000009fa0                DAC_4_Handler
                0x0000000000009fa0                TCC3_2_Handler
                0x0000000000009fa0                TCC0_2_Handler
                0x0000000000009fa0                DMAC_1_Handler
                0x0000000000009fa0                TCC4_0_Handler
                0x0000000000009fa0                TCC2_0_Handler
                0x0000000000009fa0                PDEC_1_Handler
                0x0000000000009fa0                MemManage_Handler
                0x0000000000009fa0                TCC4_1_Handler
                0x0000000000009fa0                SERCOM5_3_Handler
                0x0000000000009fa0                SVC_Handler
                0x0000000000009fa0                SDHC0_Handler
                0x0000000000009fa0                SERCOM1_1_Handler
                0x0000000000009fa0                I2S_Handler
                0x0000000000009fa0                EIC_2_Handler
                0x0000000000009fa0                PCC_Handler
                0x0000000000009fa0                DAC_0_Handler
                0x0000000000009fa0                TCC0_1_Handler
                0x0000000000009fa0                SERCOM1_3_Handler
                0x0000000000009fa0                EIC_6_Handler
                0x0000000000009fa0                OSCCTRL_1_Handler
                0x0000000000009fa0                PUKCC_Handler
                0x0000000000009fa0                SERCOM2_1_Handler
                0x0000000000009fa0                SERCOM1_2_Handler
                0x0000000000009fa0                SERCOM3_0_Handler
                0x0000000000009fa0                EIC_1_Handler
                0x0000000000009fa0                SERCOM4_2_Handler
                0x0000000000009fa0                EVSYS_4_Handler
                0x0000000000009fa0                NVMCTRL_1_Handler
                0x0000000000009fa0                SERCOM5_2_Handler
                0x0000000000009fa0                SERCOM3_3_Handler
                0x0000000000009fa0                ADC0_1_Handler
                0x0000000000009fa0                SERCOM2_2_Handler
                0x0000000000009fa0                TCC3_1_Handler
                0x0000000000009fa0                EIC_14_Handler
                0x0000000000009fa0                DAC_1_Handler
                0x0000000000009fa0                NVMCTRL_0_Handler
                0x0000000000009fa0                TAL_1_Handler
                0x0000000000009fa0                MCLK_Handler
                0x0000000000009fa0                EVSYS_2_Handler
                0x0000000000009fa0                SUPC_0_Handler
                0x0000000000009fa0                BusFault_Handler
                0x0000000000009fa0                FREQM_Handler
                0x0000000000009fa0                TC0_Handler
                0x0000000000009fa0                TCC0_3_Handler
                0x0000000000009fa0                DMAC_3_Handler
                0x0000000000009fa0                TCC0_4_Handler
                0x0000000000009fa0                RAMECC_Handler
                0x0000000000009fa0                TC5_Handler
                0x0000000000009fa0                SERCOM2_0_Handler
                0x0000000000009fa0                AES_Handler
                0x0000000000009fa0                EIC_5_Handler
 *fill*         0x0000000000009fa2        0x2 
 .text.Reset_Handler
                0x0000000000009fa4       0x70 .build/obj_massdrop_alt_default/protocol/arm_atsam/startup.o
                0x0000000000009fa4                Reset_Handler
 .text.main_suspend_action
                0x000000000000a014        0x4 .build/obj_massdrop_alt_default/protocol/arm_atsam/usb/main_usb.o
                0x000000000000a014                main_suspend_action
 .text.main_resume_action
                0x000000000000a018        0x4 .build/obj_massdrop_alt_default/protocol/arm_atsam/usb/main_usb.o
                0x000000000000a018                main_resume_action
 .text.main_sof_action
                0x000000000000a01c        0xe .build/obj_massdrop_alt_default/protocol/arm_atsam/usb/main_usb.o
                0x000000000000a01c                main_sof_action
 .text.main_remotewakeup_enable
                0x000000000000a02a        0x4 .build/obj_massdrop_alt_default/protocol/arm_atsam/usb/main_usb.o
                0x000000000000a02a                main_remotewakeup_enable
 .text.main_remotewakeup_disable
                0x000000000000a02e        0x4 .build/obj_massdrop_alt_default/protocol/arm_atsam/usb/main_usb.o
                0x000000000000a02e                main_remotewakeup_disable
 *fill*         0x000000000000a032        0x2 
 .text.main_kbd_enable
                0x000000000000a034        0xc .build/obj_massdrop_alt_default/protocol/arm_atsam/usb/main_usb.o
                0x000000000000a034                main_kbd_enable
 .text.main_kbd_disable
                0x000000000000a040        0xc .build/obj_massdrop_alt_default/protocol/arm_atsam/usb/main_usb.o
                0x000000000000a040                main_kbd_disable
 .text.main_nkro_enable
                0x000000000000a04c        0xc .build/obj_massdrop_alt_default/protocol/arm_atsam/usb/main_usb.o
                0x000000000000a04c                main_nkro_enable
 .text.main_nkro_disable
                0x000000000000a058        0xc .build/obj_massdrop_alt_default/protocol/arm_atsam/usb/main_usb.o
                0x000000000000a058                main_nkro_disable
 .text.main_exk_enable
                0x000000000000a064        0xc .build/obj_massdrop_alt_default/protocol/arm_atsam/usb/main_usb.o
                0x000000000000a064                main_exk_enable
 .text.main_exk_disable
                0x000000000000a070        0xc .build/obj_massdrop_alt_default/protocol/arm_atsam/usb/main_usb.o
                0x000000000000a070                main_exk_disable
 .text.udc_update_iface_desc
                0x000000000000a07c       0x4c .build/obj_massdrop_alt_default/protocol/arm_atsam/usb/udc.o
 .text.udc_valid_address
                0x000000000000a0c8       0x10 .build/obj_massdrop_alt_default/protocol/arm_atsam/usb/udc.o
 .text.udc_next_desc_in_iface.constprop.0
                0x000000000000a0d8       0x28 .build/obj_massdrop_alt_default/protocol/arm_atsam/usb/udc.o
 .text.udc_iface_enable
                0x000000000000a100       0x40 .build/obj_massdrop_alt_default/protocol/arm_atsam/usb/udc.o
 .text.udc_iface_disable
                0x000000000000a140       0x4c .build/obj_massdrop_alt_default/protocol/arm_atsam/usb/udc.o
 .text.udc_get_interface_desc
                0x000000000000a18c        0xc .build/obj_massdrop_alt_default/protocol/arm_atsam/usb/udc.o
                0x000000000000a18c                udc_get_interface_desc
 .text.udc_start
                0x000000000000a198        0x4 .build/obj_massdrop_alt_default/protocol/arm_atsam/usb/udc.o
                0x000000000000a198                udc_start
 .text.udc_reset
                0x000000000000a19c       0x3c .build/obj_massdrop_alt_default/protocol/arm_atsam/usb/udc.o
                0x000000000000a19c                udc_reset
 .text.udc_sof_notify
                0x000000000000a1d8       0x30 .build/obj_massdrop_alt_default/protocol/arm_atsam/usb/udc.o
                0x000000000000a1d8                udc_sof_notify
 .text.udc_process_setup
                0x000000000000a208      0x40c .build/obj_massdrop_alt_default/protocol/arm_atsam/usb/udc.o
                0x000000000000a208                udc_process_setup
 .text.CDC_print
                0x000000000000a614        0x4 .build/obj_massdrop_alt_default/protocol/arm_atsam/usb/udi_cdc.o
                0x000000000000a614                CDC_print
 .text.CDC_init
                0x000000000000a618       0x18 .build/obj_massdrop_alt_default/protocol/arm_atsam/usb/udi_cdc.o
                0x000000000000a618                CDC_init
 .text.udi_hid_setup
                0x000000000000a630       0xa4 .build/obj_massdrop_alt_default/protocol/arm_atsam/usb/udi_hid.o
                0x000000000000a630                udi_hid_setup
 .text.udi_hid_kbd_getsetting
                0x000000000000a6d4        0x4 .build/obj_massdrop_alt_default/protocol/arm_atsam/usb/udi_hid_kbd.o
                0x000000000000a6d4                udi_hid_kbd_getsetting
 .text.udi_hid_kbd_setreport
                0x000000000000a6d8       0x34 .build/obj_massdrop_alt_default/protocol/arm_atsam/usb/udi_hid_kbd.o
 .text.udi_hid_kbd_setreport_valid
                0x000000000000a70c        0x2 .build/obj_massdrop_alt_default/protocol/arm_atsam/usb/udi_hid_kbd.o
 *fill*         0x000000000000a70e        0x2 
 .text.udi_hid_nkro_setreport
                0x000000000000a710       0x34 .build/obj_massdrop_alt_default/protocol/arm_atsam/usb/udi_hid_kbd.o
 .text.udi_hid_exk_setreport
                0x000000000000a744       0x34 .build/obj_massdrop_alt_default/protocol/arm_atsam/usb/udi_hid_kbd.o
 .text.udi_hid_kbd_enable
                0x000000000000a778       0x2c .build/obj_massdrop_alt_default/protocol/arm_atsam/usb/udi_hid_kbd.o
                0x000000000000a778                udi_hid_kbd_enable
 .text.udi_hid_kbd_disable
                0x000000000000a7a4        0x4 .build/obj_massdrop_alt_default/protocol/arm_atsam/usb/udi_hid_kbd.o
                0x000000000000a7a4                udi_hid_kbd_disable
 .text.udi_hid_kbd_setup
                0x000000000000a7a8       0x18 .build/obj_massdrop_alt_default/protocol/arm_atsam/usb/udi_hid_kbd.o
                0x000000000000a7a8                udi_hid_kbd_setup
 .text.udi_hid_nkro_setup
                0x000000000000a7c0       0x1c .build/obj_massdrop_alt_default/protocol/arm_atsam/usb/udi_hid_kbd.o
                0x000000000000a7c0                udi_hid_nkro_setup
 .text.udi_hid_exk_setup
                0x000000000000a7dc       0x1c .build/obj_massdrop_alt_default/protocol/arm_atsam/usb/udi_hid_kbd.o
                0x000000000000a7dc                udi_hid_exk_setup
 .text.udi_hid_nkro_enable
                0x000000000000a7f8       0x34 .build/obj_massdrop_alt_default/protocol/arm_atsam/usb/udi_hid_kbd.o
                0x000000000000a7f8                udi_hid_nkro_enable
 .text.udi_hid_nkro_disable
                0x000000000000a82c        0x4 .build/obj_massdrop_alt_default/protocol/arm_atsam/usb/udi_hid_kbd.o
                0x000000000000a82c                udi_hid_nkro_disable
 .text.udi_hid_exk_enable
                0x000000000000a830       0x24 .build/obj_massdrop_alt_default/protocol/arm_atsam/usb/udi_hid_kbd.o
                0x000000000000a830                udi_hid_exk_enable
 .text.udi_hid_exk_disable
                0x000000000000a854        0x4 .build/obj_massdrop_alt_default/protocol/arm_atsam/usb/udi_hid_kbd.o
                0x000000000000a854                udi_hid_exk_disable
 .text.udi_hid_exk_setreport_valid
                0x000000000000a858        0x2 .build/obj_massdrop_alt_default/protocol/arm_atsam/usb/udi_hid_kbd.o
 .text.udi_hid_nkro_setreport_valid
                0x000000000000a85a        0x2 .build/obj_massdrop_alt_default/protocol/arm_atsam/usb/udi_hid_kbd.o
 .text.udi_hid_exk_getsetting
                0x000000000000a85c        0x4 .build/obj_massdrop_alt_default/protocol/arm_atsam/usb/udi_hid_kbd.o
                0x000000000000a85c                udi_hid_exk_getsetting
 .text.udi_hid_nkro_getsetting
                0x000000000000a860        0x4 .build/obj_massdrop_alt_default/protocol/arm_atsam/usb/udi_hid_kbd.o
                0x000000000000a860                udi_hid_nkro_getsetting
 .text.udi_hid_kbd_send_report
                0x000000000000a864       0x5c .build/obj_massdrop_alt_default/protocol/arm_atsam/usb/udi_hid_kbd.o
                0x000000000000a864                udi_hid_kbd_send_report
 .text.udi_hid_kbd_report_sent
                0x000000000000a8c0       0x1c .build/obj_massdrop_alt_default/protocol/arm_atsam/usb/udi_hid_kbd.o
 .text.udi_hid_nkro_send_report
                0x000000000000a8dc       0x64 .build/obj_massdrop_alt_default/protocol/arm_atsam/usb/udi_hid_kbd.o
                0x000000000000a8dc                udi_hid_nkro_send_report
 .text.udi_hid_nkro_report_sent
                0x000000000000a940       0x1c .build/obj_massdrop_alt_default/protocol/arm_atsam/usb/udi_hid_kbd.o
 .text.udi_hid_exk_send_report
                0x000000000000a95c       0x54 .build/obj_massdrop_alt_default/protocol/arm_atsam/usb/udi_hid_kbd.o
                0x000000000000a95c                udi_hid_exk_send_report
 .text.udi_hid_exk_report_sent
                0x000000000000a9b0       0x1c .build/obj_massdrop_alt_default/protocol/arm_atsam/usb/udi_hid_kbd.o
 .text.ui_powerdown
                0x000000000000a9cc        0x2 .build/obj_massdrop_alt_default/protocol/arm_atsam/usb/ui.o
                0x000000000000a9cc                ui_powerdown
 .text.ui_wakeup_enable
                0x000000000000a9ce        0x2 .build/obj_massdrop_alt_default/protocol/arm_atsam/usb/ui.o
                0x000000000000a9ce                ui_wakeup_enable
 .text.ui_wakeup_disable
                0x000000000000a9d0        0x2 .build/obj_massdrop_alt_default/protocol/arm_atsam/usb/ui.o
                0x000000000000a9d0                ui_wakeup_disable
 .text.ui_wakeup
                0x000000000000a9d2        0x2 .build/obj_massdrop_alt_default/protocol/arm_atsam/usb/ui.o
                0x000000000000a9d2                ui_wakeup
 .text.ui_process
                0x000000000000a9d4        0x2 .build/obj_massdrop_alt_default/protocol/arm_atsam/usb/ui.o
                0x000000000000a9d4                ui_process
 *fill*         0x000000000000a9d6        0x2 
 .text.USB_write2422_block
                0x000000000000a9d8       0x7c .build/obj_massdrop_alt_default/protocol/arm_atsam/usb/usb2422.o
                0x000000000000a9d8                USB_write2422_block
 .text.USB2422_init
                0x000000000000aa54      0x228 .build/obj_massdrop_alt_default/protocol/arm_atsam/usb/usb2422.o
                0x000000000000aa54                USB2422_init
 .text.USB_reset
                0x000000000000ac7c       0x38 .build/obj_massdrop_alt_default/protocol/arm_atsam/usb/usb2422.o
                0x000000000000ac7c                USB_reset
 .text.USB_configure
                0x000000000000acb4       0xf8 .build/obj_massdrop_alt_default/protocol/arm_atsam/usb/usb2422.o
                0x000000000000acb4                USB_configure
 .text.USB_active
                0x000000000000adac       0x10 .build/obj_massdrop_alt_default/protocol/arm_atsam/usb/usb2422.o
                0x000000000000adac                USB_active
 .text.USB_set_host_by_voltage
                0x000000000000adbc      0x110 .build/obj_massdrop_alt_default/protocol/arm_atsam/usb/usb2422.o
                0x000000000000adbc                USB_set_host_by_voltage
 .text.USB2422_Port_Detect_Init
                0x000000000000aecc       0x98 .build/obj_massdrop_alt_default/protocol/arm_atsam/usb/usb2422.o
                0x000000000000aecc                USB2422_Port_Detect_Init
 .text.USB_ExtraSetState
                0x000000000000af64       0x80 .build/obj_massdrop_alt_default/protocol/arm_atsam/usb/usb2422.o
                0x000000000000af64                USB_ExtraSetState
 *fill*         0x000000000000afe4        0x4 
 .text.USB_HandleExtraDevice
                0x000000000000afe8       0xb0 .build/obj_massdrop_alt_default/protocol/arm_atsam/usb/usb2422.o
                0x000000000000afe8                USB_HandleExtraDevice
 .text._usb_device_interrupt_handler
                0x000000000000b098      0x200 .build/obj_massdrop_alt_default/protocol/arm_atsam/usb/usb.o
 .text.usb_device_register_callback
                0x000000000000b298       0x20 .build/obj_massdrop_alt_default/protocol/arm_atsam/usb/usb.o
                0x000000000000b298                usb_device_register_callback
 .text.usb_device_enable_callback
                0x000000000000b2b8       0x20 .build/obj_massdrop_alt_default/protocol/arm_atsam/usb/usb.o
                0x000000000000b2b8                usb_device_enable_callback
 .text.usb_device_disable_callback
                0x000000000000b2d8       0x20 .build/obj_massdrop_alt_default/protocol/arm_atsam/usb/usb.o
                0x000000000000b2d8                usb_device_disable_callback
 .text.usb_device_endpoint_register_callback
                0x000000000000b2f8       0x28 .build/obj_massdrop_alt_default/protocol/arm_atsam/usb/usb.o
                0x000000000000b2f8                usb_device_endpoint_register_callback
 .text.usb_device_endpoint_unregister_callback
                0x000000000000b320       0x2c .build/obj_massdrop_alt_default/protocol/arm_atsam/usb/usb.o
                0x000000000000b320                usb_device_endpoint_unregister_callback
 .text.usb_device_endpoint_enable_callback
                0x000000000000b34c       0x88 .build/obj_massdrop_alt_default/protocol/arm_atsam/usb/usb.o
                0x000000000000b34c                usb_device_endpoint_enable_callback
 .text.usb_device_endpoint_disable_callback
                0x000000000000b3d4       0x88 .build/obj_massdrop_alt_default/protocol/arm_atsam/usb/usb.o
                0x000000000000b3d4                usb_device_endpoint_disable_callback
 .text.usb_device_endpoint_get_config_defaults
                0x000000000000b45c        0xe .build/obj_massdrop_alt_default/protocol/arm_atsam/usb/usb.o
                0x000000000000b45c                usb_device_endpoint_get_config_defaults
 *fill*         0x000000000000b46a        0x2 
 .text.usb_device_endpoint_set_config
                0x000000000000b46c      0x180 .build/obj_massdrop_alt_default/protocol/arm_atsam/usb/usb.o
                0x000000000000b46c                usb_device_endpoint_set_config
 .text.usb_device_endpoint_abort_job
                0x000000000000b5ec       0x2c .build/obj_massdrop_alt_default/protocol/arm_atsam/usb/usb.o
                0x000000000000b5ec                usb_device_endpoint_abort_job
 .text.usb_device_endpoint_is_halted
                0x000000000000b618       0x1e .build/obj_massdrop_alt_default/protocol/arm_atsam/usb/usb.o
                0x000000000000b618                usb_device_endpoint_is_halted
 .text.usb_device_endpoint_set_halt
                0x000000000000b636       0x1a .build/obj_massdrop_alt_default/protocol/arm_atsam/usb/usb.o
                0x000000000000b636                usb_device_endpoint_set_halt
 .text.usb_device_endpoint_clear_halt
                0x000000000000b650       0x6a .build/obj_massdrop_alt_default/protocol/arm_atsam/usb/usb.o
                0x000000000000b650                usb_device_endpoint_clear_halt
 *fill*         0x000000000000b6ba        0x2 
 .text.usb_device_endpoint_write_buffer_job
                0x000000000000b6bc       0x40 .build/obj_massdrop_alt_default/protocol/arm_atsam/usb/usb.o