Archive member included to satisfy reference by file (symbol)

/usr/local/Cellar/gcc-arm-none-eabi/20180627/bin/../lib/gcc/arm-none-eabi/7.3.1/thumb/v7e-m/fpv4-sp/hard/libgcc.a(_arm_addsubdf3.o)
                              .build/obj_massdrop_alt_default_md/protocol/arm_atsam/main_arm_atsam.o (__aeabi_dadd)
/usr/local/Cellar/gcc-arm-none-eabi/20180627/bin/../lib/gcc/arm-none-eabi/7.3.1/thumb/v7e-m/fpv4-sp/hard/libgcc.a(_arm_muldivdf3.o)
                              .build/obj_massdrop_alt_default_md/protocol/arm_atsam/led_matrix.o (__aeabi_dmul)
/usr/local/Cellar/gcc-arm-none-eabi/20180627/bin/../lib/gcc/arm-none-eabi/7.3.1/thumb/v7e-m/fpv4-sp/hard/libgcc.a(_arm_fixunsdfsi.o)
                              .build/obj_massdrop_alt_default_md/protocol/arm_atsam/main_arm_atsam.o (__aeabi_d2uiz)
/usr/local/Cellar/gcc-arm-none-eabi/20180627/bin/../lib/gcc/arm-none-eabi/7.3.1/thumb/v7e-m/fpv4-sp/hard/libgcc.a(_arm_truncdfsf2.o)
                              .build/obj_massdrop_alt_default_md/protocol/arm_atsam/led_matrix.o (__aeabi_d2f)
/usr/local/Cellar/gcc-arm-none-eabi/20180627/bin/../lib/gcc/arm-none-eabi/7.3.1/thumb/v7e-m/fpv4-sp/hard/libgcc.a(_aeabi_ldivmod.o)
                              .build/obj_massdrop_alt_default_md/protocol/arm_atsam/usb/usb_util.o (__aeabi_ldivmod)
/usr/local/Cellar/gcc-arm-none-eabi/20180627/bin/../lib/gcc/arm-none-eabi/7.3.1/thumb/v7e-m/fpv4-sp/hard/libgcc.a(_aeabi_uldivmod.o)
                              .build/obj_massdrop_alt_default_md/protocol/arm_atsam/usb/usb2422.o (__aeabi_uldivmod)
/usr/local/Cellar/gcc-arm-none-eabi/20180627/bin/../lib/gcc/arm-none-eabi/7.3.1/thumb/v7e-m/fpv4-sp/hard/libgcc.a(_udivmoddi4.o)
                              /usr/local/Cellar/gcc-arm-none-eabi/20180627/bin/../lib/gcc/arm-none-eabi/7.3.1/thumb/v7e-m/fpv4-sp/hard/libgcc.a(_aeabi_ldivmod.o) (__udivmoddi4)
/usr/local/Cellar/gcc-arm-none-eabi/20180627/bin/../lib/gcc/arm-none-eabi/7.3.1/thumb/v7e-m/fpv4-sp/hard/libgcc.a(_dvmd_tls.o)
                              /usr/local/Cellar/gcc-arm-none-eabi/20180627/bin/../lib/gcc/arm-none-eabi/7.3.1/thumb/v7e-m/fpv4-sp/hard/libgcc.a(_aeabi_ldivmod.o) (__aeabi_ldiv0)
/usr/local/Cellar/gcc-arm-none-eabi/20180627/bin/../lib/gcc/arm-none-eabi/7.3.1/../../../../arm-none-eabi/lib/thumb/v7e-m/fpv4-sp/hard/libg.a(lib_a-exit.o)
                              /usr/local/Cellar/gcc-arm-none-eabi/20180627/bin/../lib/gcc/arm-none-eabi/7.3.1/../../../../arm-none-eabi/lib/thumb/v7e-m/fpv4-sp/hard/rdimon-crt0.o (exit)
/usr/local/Cellar/gcc-arm-none-eabi/20180627/bin/../lib/gcc/arm-none-eabi/7.3.1/../../../../arm-none-eabi/lib/thumb/v7e-m/fpv4-sp/hard/libg.a(lib_a-impure.o)
                              /usr/local/Cellar/gcc-arm-none-eabi/20180627/bin/../lib/gcc/arm-none-eabi/7.3.1/../../../../arm-none-eabi/lib/thumb/v7e-m/fpv4-sp/hard/libg.a(lib_a-exit.o) (_global_impure_ptr)
/usr/local/Cellar/gcc-arm-none-eabi/20180627/bin/../lib/gcc/arm-none-eabi/7.3.1/../../../../arm-none-eabi/lib/thumb/v7e-m/fpv4-sp/hard/libg.a(lib_a-init.o)
                              /usr/local/Cellar/gcc-arm-none-eabi/20180627/bin/../lib/gcc/arm-none-eabi/7.3.1/../../../../arm-none-eabi/lib/thumb/v7e-m/fpv4-sp/hard/rdimon-crt0.o (__libc_init_array)
/usr/local/Cellar/gcc-arm-none-eabi/20180627/bin/../lib/gcc/arm-none-eabi/7.3.1/../../../../arm-none-eabi/lib/thumb/v7e-m/fpv4-sp/hard/libg.a(lib_a-memcpy.o)
                              .build/obj_massdrop_alt_default_md/quantum/rgb_matrix.o (memcpy)
/usr/local/Cellar/gcc-arm-none-eabi/20180627/bin/../lib/gcc/arm-none-eabi/7.3.1/../../../../arm-none-eabi/lib/thumb/v7e-m/fpv4-sp/hard/libg.a(lib_a-memset.o)
                              /usr/local/Cellar/gcc-arm-none-eabi/20180627/bin/../lib/gcc/arm-none-eabi/7.3.1/../../../../arm-none-eabi/lib/thumb/v7e-m/fpv4-sp/hard/rdimon-crt0.o (memset)
/usr/local/Cellar/gcc-arm-none-eabi/20180627/bin/../lib/gcc/arm-none-eabi/7.3.1/../../../../arm-none-eabi/lib/thumb/v7e-m/fpv4-sp/hard/libg.a(lib_a-rand.o)
                              .build/obj_massdrop_alt_default_md/quantum/quantum.o (rand)
/usr/local/Cellar/gcc-arm-none-eabi/20180627/bin/../lib/gcc/arm-none-eabi/7.3.1/../../../../arm-none-eabi/lib/thumb/v7e-m/fpv4-sp/hard/libg.a(lib_a-__call_atexit.o)
                              /usr/local/Cellar/gcc-arm-none-eabi/20180627/bin/../lib/gcc/arm-none-eabi/7.3.1/../../../../arm-none-eabi/lib/thumb/v7e-m/fpv4-sp/hard/libg.a(lib_a-exit.o) (__call_exitprocs)
/usr/local/Cellar/gcc-arm-none-eabi/20180627/bin/../lib/gcc/arm-none-eabi/7.3.1/../../../../arm-none-eabi/lib/thumb/v7e-m/fpv4-sp/hard/libg.a(lib_a-atexit.o)
                              /usr/local/Cellar/gcc-arm-none-eabi/20180627/bin/../lib/gcc/arm-none-eabi/7.3.1/../../../../arm-none-eabi/lib/thumb/v7e-m/fpv4-sp/hard/libg.a(lib_a-__call_atexit.o) (atexit)
/usr/local/Cellar/gcc-arm-none-eabi/20180627/bin/../lib/gcc/arm-none-eabi/7.3.1/../../../../arm-none-eabi/lib/thumb/v7e-m/fpv4-sp/hard/libg.a(lib_a-fini.o)
[...]
Memory Configuration

Name             Origin             Length             Attributes
rom              0x0000000000004000 0x000000000003c000 xr
ram              0x0000000020000000 0x0000000000020000 xrw
bkupram          0x0000000047000000 0x0000000000002000 xrw
qspi             0x0000000004000000 0x0000000001000000 xrw
*default*        0x0000000000000000 0xffffffffffffffff

Linker script and memory map

LOAD /usr/local/Cellar/gcc-arm-none-eabi/20180627/bin/../lib/gcc/arm-none-eabi/7.3.1/thumb/v7e-m/fpv4-sp/hard/crti.o
LOAD /usr/local/Cellar/gcc-arm-none-eabi/20180627/bin/../lib/gcc/arm-none-eabi/7.3.1/thumb/v7e-m/fpv4-sp/hard/crtbegin.o
LOAD /usr/local/Cellar/gcc-arm-none-eabi/20180627/bin/../lib/gcc/arm-none-eabi/7.3.1/../../../../arm-none-eabi/lib/thumb/v7e-m/fpv4-sp/hard/rdimon-crt0.o
LOAD .build/obj_massdrop_alt_default_md/matrix.o
LOAD .build/obj_massdrop_alt_default_md/config_led.o
LOAD .build/obj_massdrop_alt_default_md/keyboards/massdrop/alt/keymaps/default_md/keymap.o
LOAD .build/obj_massdrop_alt_default_md/quantum/quantum.o
LOAD .build/obj_massdrop_alt_default_md/quantum/keymap_common.o
LOAD .build/obj_massdrop_alt_default_md/quantum/keycode_config.o
LOAD .build/obj_massdrop_alt_default_md/quantum/debounce/sym_g.o
LOAD .build/obj_massdrop_alt_default_md/quantum/color.o
LOAD .build/obj_massdrop_alt_default_md/quantum/rgb_matrix.o
LOAD .build/obj_massdrop_alt_default_md/quantum/rgb_matrix_drivers.o
LOAD .build/obj_massdrop_alt_default_md/quantum/led_tables.o
LOAD .build/obj_massdrop_alt_default_md/quantum/process_keycode/process_space_cadet.o
LOAD .build/obj_massdrop_alt_default_md/common/host.o
LOAD .build/obj_massdrop_alt_default_md/common/keyboard.o
LOAD .build/obj_massdrop_alt_default_md/common/action.o
LOAD .build/obj_massdrop_alt_default_md/common/action_tapping.o
LOAD .build/obj_massdrop_alt_default_md/common/action_macro.o
LOAD .build/obj_massdrop_alt_default_md/common/action_layer.o
LOAD .build/obj_massdrop_alt_default_md/common/action_util.o
LOAD .build/obj_massdrop_alt_default_md/common/print.o
LOAD .build/obj_massdrop_alt_default_md/common/debug.o
LOAD .build/obj_massdrop_alt_default_md/common/util.o
LOAD .build/obj_massdrop_alt_default_md/common/eeconfig.o
LOAD .build/obj_massdrop_alt_default_md/common/report.o
LOAD .build/obj_massdrop_alt_default_md/common/arm_atsam/suspend.o
LOAD .build/obj_massdrop_alt_default_md/common/arm_atsam/timer.o
LOAD .build/obj_massdrop_alt_default_md/common/arm_atsam/bootloader.o
LOAD .build/obj_massdrop_alt_default_md/common/arm_atsam/printf.o
LOAD .build/obj_massdrop_alt_default_md/common/arm_atsam/eeprom.o
LOAD .build/obj_massdrop_alt_default_md/common/magic.o
LOAD .build/obj_massdrop_alt_default_md/protocol/arm_atsam/adc.o
LOAD .build/obj_massdrop_alt_default_md/protocol/arm_atsam/clks.o
LOAD .build/obj_massdrop_alt_default_md/protocol/arm_atsam/d51_util.o
LOAD .build/obj_massdrop_alt_default_md/protocol/arm_atsam/i2c_master.o
LOAD .build/obj_massdrop_alt_default_md/protocol/arm_atsam/led_matrix_programs.o
LOAD .build/obj_massdrop_alt_default_md/protocol/arm_atsam/led_matrix.o
LOAD .build/obj_massdrop_alt_default_md/protocol/arm_atsam/main_arm_atsam.o
LOAD .build/obj_massdrop_alt_default_md/protocol/arm_atsam/spi.o
LOAD .build/obj_massdrop_alt_default_md/protocol/arm_atsam/startup.o
LOAD .build/obj_massdrop_alt_default_md/protocol/arm_atsam/usb/main_usb.o
LOAD .build/obj_massdrop_alt_default_md/protocol/arm_atsam/usb/udc.o
LOAD .build/obj_massdrop_alt_default_md/protocol/arm_atsam/usb/udi_cdc.o
LOAD .build/obj_massdrop_alt_default_md/protocol/arm_atsam/usb/udi_hid.o
LOAD .build/obj_massdrop_alt_default_md/protocol/arm_atsam/usb/udi_hid_kbd.o
LOAD .build/obj_massdrop_alt_default_md/protocol/arm_atsam/usb/udi_hid_kbd_desc.o
LOAD .build/obj_massdrop_alt_default_md/protocol/arm_atsam/usb/ui.o
LOAD .build/obj_massdrop_alt_default_md/protocol/arm_atsam/usb/usb2422.o
LOAD .build/obj_massdrop_alt_default_md/protocol/arm_atsam/usb/usb.o
LOAD .build/obj_massdrop_alt_default_md/protocol/arm_atsam/usb/usb_device_udd.o
LOAD .build/obj_massdrop_alt_default_md/protocol/arm_atsam/usb/usb_util.o
START GROUP
END GROUP
LOAD /usr/local/Cellar/gcc-arm-none-eabi/20180627/bin/../lib/gcc/arm-none-eabi/7.3.1/../../../../arm-none-eabi/lib/thumb/v7e-m/fpv4-sp/hard/libm.a
START GROUP
LOAD /usr/local/Cellar/gcc-arm-none-eabi/20180627/bin/../lib/gcc/arm-none-eabi/7.3.1/thumb/v7e-m/fpv4-sp/hard/libgcc.a
LOAD /usr/local/Cellar/gcc-arm-none-eabi/20180627/bin/../lib/gcc/arm-none-eabi/7.3.1/../../../../arm-none-eabi/lib/thumb/v7e-m/fpv4-sp/hard/libg.a
LOAD /usr/local/Cellar/gcc-arm-none-eabi/20180627/bin/../lib/gcc/arm-none-eabi/7.3.1/../../../../arm-none-eabi/lib/thumb/v7e-m/fpv4-sp/hard/libc.a
END GROUP
START GROUP
LOAD /usr/local/Cellar/gcc-arm-none-eabi/20180627/bin/../lib/gcc/arm-none-eabi/7.3.1/thumb/v7e-m/fpv4-sp/hard/libgcc.a
LOAD /usr/local/Cellar/gcc-arm-none-eabi/20180627/bin/../lib/gcc/arm-none-eabi/7.3.1/../../../../arm-none-eabi/lib/thumb/v7e-m/fpv4-sp/hard/libc.a
LOAD /usr/local/Cellar/gcc-arm-none-eabi/20180627/bin/../lib/gcc/arm-none-eabi/7.3.1/../../../../arm-none-eabi/lib/thumb/v7e-m/fpv4-sp/hard/librdimon.a
END GROUP
LOAD /usr/local/Cellar/gcc-arm-none-eabi/20180627/bin/../lib/gcc/arm-none-eabi/7.3.1/thumb/v7e-m/fpv4-sp/hard/crtend.o
LOAD /usr/local/Cellar/gcc-arm-none-eabi/20180627/bin/../lib/gcc/arm-none-eabi/7.3.1/thumb/v7e-m/fpv4-sp/hard/crtn.o
                0x0000000000008000                STACK_SIZE = DEFINED (STACK_SIZE)?STACK_SIZE:DEFINED (__stack_size__)?__stack_size__:0x8000
                0x0000000000000800                HEAP_SIZE = DEFINED (HEAP_SIZE)?HEAP_SIZE:DEFINED (__heap_size__)?__heap_size__:0x800
                0x0000000000004000                _srom = ORIGIN (rom)
                0x000000000003c000                _lrom = LENGTH (rom)
                0x0000000000040000                _erom = (ORIGIN (rom) + LENGTH (rom))
                0x0000000020000000                _sram = ORIGIN (ram)
                0x0000000000020000                _lram = LENGTH (ram)
                0x0000000020020000                _eram = (ORIGIN (ram) + LENGTH (ram))

.text           0x0000000000004000     0x9b38
                0x0000000000004000                . = ALIGN (0x4)
                0x0000000000004000                _sfixed = .
 *(.vectors .vectors.*)
 .vectors       0x0000000000004000      0x264 .build/obj_massdrop_alt_default_md/protocol/arm_atsam/startup.o
                0x0000000000004000                exception_table
 *(.text .text.* .gnu.linkonce.t.*)
 .text          0x0000000000004264       0x40 /usr/local/Cellar/gcc-arm-none-eabi/20180627/bin/../lib/gcc/arm-none-eabi/7.3.1/thumb/v7e-m/fpv4-sp/hard/crtbegin.o
 .text.matrix_init_kb
                0x00000000000042a4        0x8 .build/obj_massdrop_alt_default_md/matrix.o
                0x00000000000042a4                matrix_init_kb
 .text.matrix_scan_kb
                0x00000000000042ac        0x8 .build/obj_massdrop_alt_default_md/matrix.o
                0x00000000000042ac                matrix_scan_kb
 .text.matrix_init
                0x00000000000042b4       0xd4 .build/obj_massdrop_alt_default_md/matrix.o
                0x00000000000042b4                matrix_init
 .text.matrix_scan
                0x0000000000004388      0x128 .build/obj_massdrop_alt_default_md/matrix.o
                0x0000000000004388                matrix_scan
 .text.matrix_get_row
                0x00000000000044b0        0xc .build/obj_massdrop_alt_default_md/matrix.o
                0x00000000000044b0                matrix_get_row
 .text.matrix_print
                0x00000000000044bc        0x2 .build/obj_massdrop_alt_default_md/matrix.o
                0x00000000000044bc                matrix_print
 .text.rgb_matrix_indicators_kb
                0x00000000000044be        0x4 .build/obj_massdrop_alt_default_md/config_led.o
                0x00000000000044be                rgb_matrix_indicators_kb
 .text.matrix_init_user
                0x00000000000044c2        0x2 .build/obj_massdrop_alt_default_md/keyboards/massdrop/alt/keymaps/default_md/keymap.o
                0x00000000000044c2                matrix_init_user
 .text.matrix_scan_user
                0x00000000000044c4        0x2 .build/obj_massdrop_alt_default_md/keyboards/massdrop/alt/keymaps/default_md/keymap.o
                0x00000000000044c4                matrix_scan_user
 *fill*         0x00000000000044c6        0x2 
 .text.process_record_user
                0x00000000000044c8      0x288 .build/obj_massdrop_alt_default_md/keyboards/massdrop/alt/keymaps/default_md/keymap.o
                0x00000000000044c8                process_record_user
 .text.process_action_kb
                0x0000000000004750        0x4 .build/obj_massdrop_alt_default_md/quantum/quantum.o
                0x0000000000004750                process_action_kb
 .text.process_record_kb
                0x0000000000004754        0x8 .build/obj_massdrop_alt_default_md/quantum/quantum.o
                0x0000000000004754                process_record_kb
 .text.get_event_keycode
                0x000000000000475c       0x48 .build/obj_massdrop_alt_default_md/quantum/quantum.o
                0x000000000000475c                get_event_keycode
 .text.get_record_keycode
                0x00000000000047a4        0xa .build/obj_massdrop_alt_default_md/quantum/quantum.o
                0x00000000000047a4                get_record_keycode
 .text.matrix_init_quantum
                0x00000000000047ae       0x18 .build/obj_massdrop_alt_default_md/quantum/quantum.o
                0x00000000000047ae                matrix_init_quantum
 .text.matrix_scan_quantum
                0x00000000000047c6        0xe .build/obj_massdrop_alt_default_md/quantum/quantum.o
                0x00000000000047c6                matrix_scan_quantum
 .text.led_set_user
                0x00000000000047d4        0x2 .build/obj_massdrop_alt_default_md/quantum/quantum.o
                0x00000000000047d4                led_set_user
 .text.led_set_kb
                0x00000000000047d6        0x8 .build/obj_massdrop_alt_default_md/quantum/quantum.o
                0x00000000000047d6                led_set_kb
 .text.led_set  0x00000000000047de        0x8 .build/obj_massdrop_alt_default_md/quantum/quantum.o
                0x00000000000047de                led_set
 .text.shutdown_user
                0x00000000000047e6        0x2 .build/obj_massdrop_alt_default_md/quantum/quantum.o
                0x00000000000047e6                shutdown_user
 .text.reset_keyboard
                0x00000000000047e8       0x1a .build/obj_massdrop_alt_default_md/quantum/quantum.o
                0x00000000000047e8                reset_keyboard
 *fill*         0x0000000000004802        0x2 
 .text.process_record_quantum
                0x0000000000004804      0x424 .build/obj_massdrop_alt_default_md/quantum/quantum.o
                0x0000000000004804                process_record_quantum
 .text.action_get_macro
                0x0000000000004c28        0x4 .build/obj_massdrop_alt_default_md/quantum/keymap_common.o
                0x0000000000004c28                action_get_macro
 .text.action_function
                0x0000000000004c2c        0x2 .build/obj_massdrop_alt_default_md/quantum/keymap_common.o
                0x0000000000004c2c                action_function
 *fill*         0x0000000000004c2e        0x2 
 .text.keymap_key_to_keycode
                0x0000000000004c30       0x24 .build/obj_massdrop_alt_default_md/quantum/keymap_common.o
                0x0000000000004c30                keymap_key_to_keycode
 .text.keymap_function_id_to_action
                0x0000000000004c54        0xc .build/obj_massdrop_alt_default_md/quantum/keymap_common.o
                0x0000000000004c54                keymap_function_id_to_action
 .text.action_for_key
                0x0000000000004c60      0x2ba .build/obj_massdrop_alt_default_md/quantum/keymap_common.o
                0x0000000000004c60                action_for_key
 *fill*         0x0000000000004f1a        0x2 
 .text.keycode_config
                0x0000000000004f1c      0x104 .build/obj_massdrop_alt_default_md/quantum/keycode_config.o
                0x0000000000004f1c                keycode_config
 .text.mod_config
                0x0000000000005020       0xac .build/obj_massdrop_alt_default_md/quantum/keycode_config.o
                0x0000000000005020                mod_config
 .text.hsv_to_rgb
                0x00000000000050cc       0xcc .build/obj_massdrop_alt_default_md/quantum/color.o
                0x00000000000050cc                hsv_to_rgb
 .text.sin8_C   0x0000000000005198       0x40 .build/obj_massdrop_alt_default_md/quantum/rgb_matrix.o
 .text.BAND_SAT_math
                0x00000000000051d8       0x5c .build/obj_massdrop_alt_default_md/quantum/rgb_matrix.o
 .text.BAND_VAL_math
                0x0000000000005234       0x5c .build/obj_massdrop_alt_default_md/quantum/rgb_matrix.o
 .text.CYCLE_ALL_math
                0x0000000000005290       0x26 .build/obj_massdrop_alt_default_md/quantum/rgb_matrix.o
 *fill*         0x00000000000052b6        0x2 
 .text.CYCLE_LEFT_RIGHT_math
                0x00000000000052b8       0x38 .build/obj_massdrop_alt_default_md/quantum/rgb_matrix.o
 .text.CYCLE_UP_DOWN_math
                0x00000000000052f0       0x38 .build/obj_massdrop_alt_default_md/quantum/rgb_matrix.o
 .text.RAINBOW_MOVING_CHEVRON_math
                0x0000000000005328       0x54 .build/obj_massdrop_alt_default_md/quantum/rgb_matrix.o
 .text.CYCLE_OUT_IN_math
                0x000000000000537c       0x32 .build/obj_massdrop_alt_default_md/quantum/rgb_matrix.o
 *fill*         0x00000000000053ae        0x2 
 .text.DUAL_BEACON_math
                0x00000000000053b0       0x4c .build/obj_massdrop_alt_default_md/quantum/rgb_matrix.o
 .text.RAINBOW_BEACON_math
                0x00000000000053fc       0x50 .build/obj_massdrop_alt_default_md/quantum/rgb_matrix.o
 .text.PINWHEELS_math
                0x000000000000544c       0x64 .build/obj_massdrop_alt_default_md/quantum/rgb_matrix.o
 .text.SOLID_REACTIVE_SIMPLE_math
                0x00000000000054b0       0x34 .build/obj_massdrop_alt_default_md/quantum/rgb_matrix.o
 .text.SOLID_REACTIVE_math
                0x00000000000054e4       0x34 .build/obj_massdrop_alt_default_md/quantum/rgb_matrix.o
 .text.SOLID_REACTIVE_WIDE_math
                0x0000000000005518       0x48 .build/obj_massdrop_alt_default_md/quantum/rgb_matrix.o
 .text.SOLID_REACTIVE_CROSS_math
                0x0000000000005560       0x72 .build/obj_massdrop_alt_default_md/quantum/rgb_matrix.o
 *fill*         0x00000000000055d2        0x2 
 .text.SOLID_REACTIVE_NEXUS_math
                0x00000000000055d4       0x74 .build/obj_massdrop_alt_default_md/quantum/rgb_matrix.o
 .text.SPLASH_math
                0x0000000000005648       0x4e .build/obj_massdrop_alt_default_md/quantum/rgb_matrix.o
                0x0000000000005648                SPLASH_math
 .text.SOLID_SPLASH_math
                0x0000000000005696       0x44 .build/obj_massdrop_alt_default_md/quantum/rgb_matrix.o
                0x0000000000005696                SOLID_SPLASH_math
 .text.sqrt16.part.0
                0x00000000000056da       0x3e .build/obj_massdrop_alt_default_md/quantum/rgb_matrix.o
 .text.CYCLE_OUT_IN_DUAL_math
                0x0000000000005718       0x54 .build/obj_massdrop_alt_default_md/quantum/rgb_matrix.o
 .text.atan2_8  0x000000000000576c       0x4c .build/obj_massdrop_alt_default_md/quantum/rgb_matrix.o
 .text.BAND_PINWHEEL_SAT_math
                0x00000000000057b8       0x48 .build/obj_massdrop_alt_default_md/quantum/rgb_matrix.o
 .text.BAND_PINWHEEL_VAL_math
                0x0000000000005800       0x48 .build/obj_massdrop_alt_default_md/quantum/rgb_matrix.o
 .text.BAND_SPIRAL_SAT_math
                0x0000000000005848       0x46 .build/obj_massdrop_alt_default_md/quantum/rgb_matrix.o
 .text.BAND_SPIRAL_VAL_math
                0x000000000000588e       0x46 .build/obj_massdrop_alt_default_md/quantum/rgb_matrix.o
 .text.CYCLE_PINWHEEL_math
                0x00000000000058d4       0x30 .build/obj_massdrop_alt_default_md/quantum/rgb_matrix.o
 .text.CYCLE_SPIRAL_math
                0x0000000000005904       0x36 .build/obj_massdrop_alt_default_md/quantum/rgb_matrix.o
 *fill*         0x000000000000593a        0x2 
 .text.eeconfig_read_rgb_matrix
                0x000000000000593c       0x10 .build/obj_massdrop_alt_default_md/quantum/rgb_matrix.o
                0x000000000000593c                eeconfig_read_rgb_matrix
 .text.eeconfig_update_rgb_matrix
                0x000000000000594c       0x10 .build/obj_massdrop_alt_default_md/quantum/rgb_matrix.o
                0x000000000000594c                eeconfig_update_rgb_matrix
 .text.eeconfig_update_rgb_matrix_default
                0x000000000000595c       0x28 .build/obj_massdrop_alt_default_md/quantum/rgb_matrix.o
                0x000000000000595c                eeconfig_update_rgb_matrix_default
 .text.rgb_matrix_map_row_column_to_led_kb
                0x0000000000005984        0x4 .build/obj_massdrop_alt_default_md/quantum/rgb_matrix.o
                0x0000000000005984                rgb_matrix_map_row_column_to_led_kb
 .text.rgb_matrix_map_row_column_to_led
                0x0000000000005988       0x28 .build/obj_massdrop_alt_default_md/quantum/rgb_matrix.o
                0x0000000000005988                rgb_matrix_map_row_column_to_led
 .text.rgb_matrix_update_pwm_buffers
                0x00000000000059b0        0xc .build/obj_massdrop_alt_default_md/quantum/rgb_matrix.o
                0x00000000000059b0                rgb_matrix_update_pwm_buffers
 .text.rgb_matrix_set_color
                0x00000000000059bc       0x14 .build/obj_massdrop_alt_default_md/quantum/rgb_matrix.o
                0x00000000000059bc                rgb_matrix_set_color
 .text.effect_runner_dx_dy_dist
                0x00000000000059d0       0xe4 .build/obj_massdrop_alt_default_md/quantum/rgb_matrix.o
                0x00000000000059d0                effect_runner_dx_dy_dist
 .text.BAND_SPIRAL_SAT
                0x0000000000005ab4        0xc .build/obj_massdrop_alt_default_md/quantum/rgb_matrix.o
                0x0000000000005ab4                BAND_SPIRAL_SAT
 .text.BAND_SPIRAL_VAL
                0x0000000000005ac0        0xc .build/obj_massdrop_alt_default_md/quantum/rgb_matrix.o
                0x0000000000005ac0                BAND_SPIRAL_VAL
 .text.CYCLE_OUT_IN
                0x0000000000005acc        0xc .build/obj_massdrop_alt_default_md/quantum/rgb_matrix.o
                0x0000000000005acc                CYCLE_OUT_IN
 .text.CYCLE_SPIRAL
                0x0000000000005ad8        0xc .build/obj_massdrop_alt_default_md/quantum/rgb_matrix.o
                0x0000000000005ad8                CYCLE_SPIRAL
 .text.effect_runner_dx_dy
                0x0000000000005ae4       0xbc .build/obj_massdrop_alt_default_md/quantum/rgb_matrix.o
                0x0000000000005ae4                effect_runner_dx_dy
 .text.BAND_PINWHEEL_SAT
                0x0000000000005ba0        0xc .build/obj_massdrop_alt_default_md/quantum/rgb_matrix.o
                0x0000000000005ba0                BAND_PINWHEEL_SAT
 .text.BAND_PINWHEEL_VAL
                0x0000000000005bac        0xc .build/obj_massdrop_alt_default_md/quantum/rgb_matrix.o
                0x0000000000005bac                BAND_PINWHEEL_VAL
 .text.CYCLE_OUT_IN_DUAL
                0x0000000000005bb8        0xc .build/obj_massdrop_alt_default_md/quantum/rgb_matrix.o
                0x0000000000005bb8                CYCLE_OUT_IN_DUAL
 .text.CYCLE_PINWHEEL
                0x0000000000005bc4        0xc .build/obj_massdrop_alt_default_md/quantum/rgb_matrix.o
                0x0000000000005bc4                CYCLE_PINWHEEL
 .text.effect_runner_i
                0x0000000000005bd0       0xac .build/obj_massdrop_alt_default_md/quantum/rgb_matrix.o
                0x0000000000005bd0                effect_runner_i
 .text.BAND_SAT
                0x0000000000005c7c        0xc .build/obj_massdrop_alt_default_md/quantum/rgb_matrix.o
                0x0000000000005c7c                BAND_SAT
 .text.BAND_VAL
                0x0000000000005c88        0xc .build/obj_massdrop_alt_default_md/quantum/rgb_matrix.o
                0x0000000000005c88                BAND_VAL
 .text.CYCLE_ALL
                0x0000000000005c94        0xc .build/obj_massdrop_alt_default_md/quantum/rgb_matrix.o
                0x0000000000005c94                CYCLE_ALL
 .text.CYCLE_LEFT_RIGHT
                0x0000000000005ca0        0xc .build/obj_massdrop_alt_default_md/quantum/rgb_matrix.o
                0x0000000000005ca0                CYCLE_LEFT_RIGHT
 .text.CYCLE_UP_DOWN
                0x0000000000005cac        0xc .build/obj_massdrop_alt_default_md/quantum/rgb_matrix.o
                0x0000000000005cac                CYCLE_UP_DOWN
 .text.RAINBOW_MOVING_CHEVRON
                0x0000000000005cb8        0xc .build/obj_massdrop_alt_default_md/quantum/rgb_matrix.o
                0x0000000000005cb8                RAINBOW_MOVING_CHEVRON
 .text.effect_runner_sin_cos_i
                0x0000000000005cc4       0xcc .build/obj_massdrop_alt_default_md/quantum/rgb_matrix.o
                0x0000000000005cc4                effect_runner_sin_cos_i
 .text.DUAL_BEACON
                0x0000000000005d90        0xc .build/obj_massdrop_alt_default_md/quantum/rgb_matrix.o
                0x0000000000005d90                DUAL_BEACON
 .text.RAINBOW_BEACON
                0x0000000000005d9c        0xc .build/obj_massdrop_alt_default_md/quantum/rgb_matrix.o
                0x0000000000005d9c                RAINBOW_BEACON
 .text.PINWHEELS
                0x0000000000005da8        0xc .build/obj_massdrop_alt_default_md/quantum/rgb_matrix.o
                0x0000000000005da8                PINWHEELS
 .text.effect_runner_reactive
                0x0000000000005db4       0xdc .build/obj_massdrop_alt_default_md/quantum/rgb_matrix.o
                0x0000000000005db4                effect_runner_reactive
 .text.SOLID_REACTIVE_SIMPLE
                0x0000000000005e90        0xc .build/obj_massdrop_alt_default_md/quantum/rgb_matrix.o
                0x0000000000005e90                SOLID_REACTIVE_SIMPLE
 .text.SOLID_REACTIVE
                0x0000000000005e9c        0xc .build/obj_massdrop_alt_default_md/quantum/rgb_matrix.o
                0x0000000000005e9c                SOLID_REACTIVE
 .text.effect_runner_reactive_splash
                0x0000000000005ea8      0x130 .build/obj_massdrop_alt_default_md/quantum/rgb_matrix.o
                0x0000000000005ea8                effect_runner_reactive_splash
 .text.SOLID_REACTIVE_WIDE
                0x0000000000005fd8       0x20 .build/obj_massdrop_alt_default_md/quantum/rgb_matrix.o
                0x0000000000005fd8                SOLID_REACTIVE_WIDE
 .text.SOLID_REACTIVE_MULTIWIDE
                0x0000000000005ff8       0x10 .build/obj_massdrop_alt_default_md/quantum/rgb_matrix.o
                0x0000000000005ff8                SOLID_REACTIVE_MULTIWIDE
 .text.SOLID_REACTIVE_CROSS
                0x0000000000006008       0x20 .build/obj_massdrop_alt_default_md/quantum/rgb_matrix.o
                0x0000000000006008                SOLID_REACTIVE_CROSS
 .text.SOLID_REACTIVE_MULTICROSS
                0x0000000000006028       0x10 .build/obj_massdrop_alt_default_md/quantum/rgb_matrix.o
                0x0000000000006028                SOLID_REACTIVE_MULTICROSS
 .text.SOLID_REACTIVE_NEXUS
                0x0000000000006038       0x20 .build/obj_massdrop_alt_default_md/quantum/rgb_matrix.o
                0x0000000000006038                SOLID_REACTIVE_NEXUS
 .text.SOLID_REACTIVE_MULTINEXUS
                0x0000000000006058       0x10 .build/obj_massdrop_alt_default_md/quantum/rgb_matrix.o
                0x0000000000006058                SOLID_REACTIVE_MULTINEXUS
 .text.SPLASH   0x0000000000006068       0x20 .build/obj_massdrop_alt_default_md/quantum/rgb_matrix.o
                0x0000000000006068                SPLASH
 .text.MULTISPLASH
                0x0000000000006088       0x10 .build/obj_massdrop_alt_default_md/quantum/rgb_matrix.o
                0x0000000000006088                MULTISPLASH
 .text.SOLID_SPLASH
                0x0000000000006098       0x20 .build/obj_massdrop_alt_default_md/quantum/rgb_matrix.o
                0x0000000000006098                SOLID_SPLASH
 .text.SOLID_MULTISPLASH
                0x00000000000060b8       0x10 .build/obj_massdrop_alt_default_md/quantum/rgb_matrix.o
                0x00000000000060b8                SOLID_MULTISPLASH
 .text.SOLID_COLOR
                0x00000000000060c8       0x88 .build/obj_massdrop_alt_default_md/quantum/rgb_matrix.o
                0x00000000000060c8                SOLID_COLOR
 .text.ALPHAS_MODS
                0x0000000000006150       0xd0 .build/obj_massdrop_alt_default_md/quantum/rgb_matrix.o
                0x0000000000006150                ALPHAS_MODS
 .text.GRADIENT_UP_DOWN
                0x0000000000006220       0x94 .build/obj_massdrop_alt_default_md/quantum/rgb_matrix.o
                0x0000000000006220                GRADIENT_UP_DOWN
 .text.BREATHING
                0x00000000000062b4       0xc0 .build/obj_massdrop_alt_default_md/quantum/rgb_matrix.o
                0x00000000000062b4                BREATHING
 .text.raindrops_set_color.isra.2
                0x0000000000006374       0x70 .build/obj_massdrop_alt_default_md/quantum/rgb_matrix.o
 .text.RAINDROPS
                0x00000000000063e4       0x80 .build/obj_massdrop_alt_default_md/quantum/rgb_matrix.o
                0x00000000000063e4                RAINDROPS
 .text.jellybean_raindrops_set_color.isra.3
                0x0000000000006464       0x50 .build/obj_massdrop_alt_default_md/quantum/rgb_matrix.o
 .text.JELLYBEAN_RAINDROPS
                0x00000000000064b4       0x80 .build/obj_massdrop_alt_default_md/quantum/rgb_matrix.o
                0x00000000000064b4                JELLYBEAN_RAINDROPS
 .text.process_rgb_matrix
                0x0000000000006534       0xd0 .build/obj_massdrop_alt_default_md/quantum/rgb_matrix.o
                0x0000000000006534                process_rgb_matrix
 .text.rgb_matrix_indicators_user
                0x0000000000006604        0x2 .build/obj_massdrop_alt_default_md/quantum/rgb_matrix.o
                0x0000000000006604                rgb_matrix_indicators_user
 .text.rgb_matrix_indicators
                0x0000000000006606        0xc .build/obj_massdrop_alt_default_md/quantum/rgb_matrix.o
                0x0000000000006606                rgb_matrix_indicators
 *fill*         0x0000000000006612        0x2 
 .text.rgb_matrix_task
                0x0000000000006614      0x2dc .build/obj_massdrop_alt_default_md/quantum/rgb_matrix.o
                0x0000000000006614                rgb_matrix_task
 .text.rgb_matrix_init
                0x00000000000068f0       0xb0 .build/obj_massdrop_alt_default_md/quantum/rgb_matrix.o
                0x00000000000068f0                rgb_matrix_init
 .text.rgb_matrix_toggle
                0x00000000000069a0       0x1c .build/obj_massdrop_alt_default_md/quantum/rgb_matrix.o
                0x00000000000069a0                rgb_matrix_toggle
 .text.rgb_matrix_step
                0x00000000000069bc       0x2c .build/obj_massdrop_alt_default_md/quantum/rgb_matrix.o
                0x00000000000069bc                rgb_matrix_step
 .text.rgb_matrix_step_reverse
                0x00000000000069e8       0x2c .build/obj_massdrop_alt_default_md/quantum/rgb_matrix.o
                0x00000000000069e8                rgb_matrix_step_reverse
 .text.rgb_matrix_increase_hue
                0x0000000000006a14       0x10 .build/obj_massdrop_alt_default_md/quantum/rgb_matrix.o
                0x0000000000006a14                rgb_matrix_increase_hue
 .text.rgb_matrix_decrease_hue
                0x0000000000006a24       0x10 .build/obj_massdrop_alt_default_md/quantum/rgb_matrix.o
                0x0000000000006a24                rgb_matrix_decrease_hue
 .text.rgb_matrix_increase_sat
                0x0000000000006a34       0x18 .build/obj_massdrop_alt_default_md/quantum/rgb_matrix.o
                0x0000000000006a34                rgb_matrix_increase_sat
 .text.rgb_matrix_decrease_sat
                0x0000000000006a4c       0x14 .build/obj_massdrop_alt_default_md/quantum/rgb_matrix.o
                0x0000000000006a4c                rgb_matrix_decrease_sat
 .text.rgb_matrix_increase_val
                0x0000000000006a60       0x18 .build/obj_massdrop_alt_default_md/quantum/rgb_matrix.o
                0x0000000000006a60                rgb_matrix_increase_val
 .text.rgb_matrix_decrease_val
                0x0000000000006a78       0x14 .build/obj_massdrop_alt_default_md/quantum/rgb_matrix.o
                0x0000000000006a78                rgb_matrix_decrease_val
 .text.rgb_matrix_increase_speed
                0x0000000000006a8c       0x18 .build/obj_massdrop_alt_default_md/quantum/rgb_matrix.o
                0x0000000000006a8c                rgb_matrix_increase_speed
 .text.rgb_matrix_decrease_speed
                0x0000000000006aa4       0x14 .build/obj_massdrop_alt_default_md/quantum/rgb_matrix.o
                0x0000000000006aa4                rgb_matrix_decrease_speed
 .text.rgb_matrix_mode
                0x0000000000006ab8       0x1c .build/obj_massdrop_alt_default_md/quantum/rgb_matrix.o
                0x0000000000006ab8                rgb_matrix_mode
 .text.perform_space_cadet
                0x0000000000006ad4       0xbc .build/obj_massdrop_alt_default_md/quantum/process_keycode/process_space_cadet.o
                0x0000000000006ad4                perform_space_cadet
 .text.process_space_cadet
                0x0000000000006b90       0x8c .build/obj_massdrop_alt_default_md/quantum/process_keycode/process_space_cadet.o
                0x0000000000006b90                process_space_cadet
 .text.host_set_driver
                0x0000000000006c1c        0xc .build/obj_massdrop_alt_default_md/common/host.o
                0x0000000000006c1c                host_set_driver
 .text.host_keyboard_leds
                0x0000000000006c28       0x10 .build/obj_massdrop_alt_default_md/common/host.o
                0x0000000000006c28                host_keyboard_leds
 .text.host_keyboard_send
                0x0000000000006c38       0x10 .build/obj_massdrop_alt_default_md/common/host.o
                0x0000000000006c38                host_keyboard_send
 .text.host_system_send
                0x0000000000006c48       0x18 .build/obj_massdrop_alt_default_md/common/host.o
                0x0000000000006c48                host_system_send
 .text.host_consumer_send
                0x0000000000006c60       0x18 .build/obj_massdrop_alt_default_md/common/host.o
                0x0000000000006c60                host_consumer_send
 .text.keyboard_pre_init_user
                0x0000000000006c78        0x2 .build/obj_massdrop_alt_default_md/common/keyboard.o
                0x0000000000006c78                keyboard_pre_init_user
 .text.matrix_setup
                0x0000000000006c7a        0x2 .build/obj_massdrop_alt_default_md/common/keyboard.o
                0x0000000000006c7a                matrix_setup
 .text.keyboard_pre_init_kb
                0x0000000000006c7c        0x8 .build/obj_massdrop_alt_default_md/common/keyboard.o
                0x0000000000006c7c                keyboard_pre_init_kb
 .text.keyboard_post_init_user
                0x0000000000006c84        0x2 .build/obj_massdrop_alt_default_md/common/keyboard.o
                0x0000000000006c84                keyboard_post_init_user
 .text.keyboard_post_init_kb
                0x0000000000006c86        0x8 .build/obj_massdrop_alt_default_md/common/keyboard.o
                0x0000000000006c86                keyboard_post_init_kb
 .text.keyboard_setup
                0x0000000000006c8e        0xc .build/obj_massdrop_alt_default_md/common/keyboard.o
                0x0000000000006c8e                keyboard_setup
 .text.is_keyboard_master
                0x0000000000006c9a        0x4 .build/obj_massdrop_alt_default_md/common/keyboard.o
                0x0000000000006c9a                is_keyboard_master
 .text.keyboard_init
                0x0000000000006c9e       0x14 .build/obj_massdrop_alt_default_md/common/keyboard.o
                0x0000000000006c9e                keyboard_init
 *fill*         0x0000000000006cb2        0x2 
 .text.keyboard_task
                0x0000000000006cb4       0xe0 .build/obj_massdrop_alt_default_md/common/keyboard.o
                0x0000000000006cb4                keyboard_task
 .text.action_exec
                0x0000000000006d94       0x24 .build/obj_massdrop_alt_default_md/common/action.o
                0x0000000000006d94                action_exec
 .text.process_record_tap_hint
                0x0000000000006db8        0x6 .build/obj_massdrop_alt_default_md/common/action.o
                0x0000000000006db8                process_record_tap_hint
 .text.register_code
                0x0000000000006dbe      0x13a .build/obj_massdrop_alt_default_md/common/action.o
                0x0000000000006dbe                register_code
 .text.unregister_code
                0x0000000000006ef8       0x5c .build/obj_massdrop_alt_default_md/common/action.o
                0x0000000000006ef8                unregister_code
 .text.tap_code
                0x0000000000006f54       0x20 .build/obj_massdrop_alt_default_md/common/action.o
                0x0000000000006f54                tap_code
 .text.register_mods
                0x0000000000006f74       0x12 .build/obj_massdrop_alt_default_md/common/action.o
                0x0000000000006f74                register_mods
 .text.unregister_mods
                0x0000000000006f86       0x12 .build/obj_massdrop_alt_default_md/common/action.o
                0x0000000000006f86                unregister_mods
 .text.process_action
                0x0000000000006f98      0x38c .build/obj_massdrop_alt_default_md/common/action.o
                0x0000000000006f98                process_action
 .text.process_record
                0x0000000000007324       0x44 .build/obj_massdrop_alt_default_md/common/action.o
                0x0000000000007324                process_record
 .text.clear_keyboard_but_mods_and_keys
                0x0000000000007368       0x1e .build/obj_massdrop_alt_default_md/common/action.o
                0x0000000000007368                clear_keyboard_but_mods_and_keys
 .text.clear_keyboard_but_mods
                0x0000000000007386        0xe .build/obj_massdrop_alt_default_md/common/action.o
                0x0000000000007386                clear_keyboard_but_mods
 .text.clear_keyboard
                0x0000000000007394        0xe .build/obj_massdrop_alt_default_md/common/action.o
                0x0000000000007394                clear_keyboard
 .text.is_tap_action
                0x00000000000073a2       0x50 .build/obj_massdrop_alt_default_md/common/action.o
                0x00000000000073a2                is_tap_action
 .text.is_tap_key
                0x00000000000073f2       0x16 .build/obj_massdrop_alt_default_md/common/action.o
                0x00000000000073f2                is_tap_key
 .text.debug_event
                0x0000000000007408        0xc .build/obj_massdrop_alt_default_md/common/action.o
                0x0000000000007408                debug_event
 .text.debug_record
                0x0000000000007414        0xc .build/obj_massdrop_alt_default_md/common/action.o
                0x0000000000007414                debug_record
 .text.debug_waiting_buffer
                0x0000000000007420       0x2c .build/obj_massdrop_alt_default_md/common/action_tapping.o
 .text.debug_tapping_key
                0x000000000000744c       0x10 .build/obj_massdrop_alt_default_md/common/action_tapping.o
 .text.waiting_buffer_scan_tap
                0x000000000000745c       0xac .build/obj_massdrop_alt_default_md/common/action_tapping.o
 .text.process_tapping
                0x0000000000007508      0x3f4 .build/obj_massdrop_alt_default_md/common/action_tapping.o
 .text.action_tapping_process
                0x00000000000078fc       0xd8 .build/obj_massdrop_alt_default_md/common/action_tapping.o
                0x00000000000078fc                action_tapping_process
 .text.action_macro_play
                0x00000000000079d4       0xb2 .build/obj_massdrop_alt_default_md/common/action_macro.o
                0x00000000000079d4                action_macro_play
 .text.default_layer_state_set_user
                0x0000000000007a86        0x2 .build/obj_massdrop_alt_default_md/common/action_layer.o
                0x0000000000007a86                default_layer_state_set_user
 .text.default_layer_state_set_kb
                0x0000000000007a88        0x8 .build/obj_massdrop_alt_default_md/common/action_layer.o
                0x0000000000007a88                default_layer_state_set_kb
 .text.default_layer_state_set
                0x0000000000007a90       0x18 .build/obj_massdrop_alt_default_md/common/action_layer.o
 .text.default_layer_debug
                0x0000000000007aa8        0x2 .build/obj_massdrop_alt_default_md/common/action_layer.o
                0x0000000000007aa8                default_layer_debug
 .text.default_layer_set
                0x0000000000007aaa        0x4 .build/obj_massdrop_alt_default_md/common/action_layer.o
                0x0000000000007aaa                default_layer_set
 *fill*         0x0000000000007aae        0x2 
 .text.default_layer_or
                0x0000000000007ab0       0x10 .build/obj_massdrop_alt_default_md/common/action_layer.o
                0x0000000000007ab0                default_layer_or
 .text.default_layer_and
                0x0000000000007ac0       0x10 .build/obj_massdrop_alt_default_md/common/action_layer.o
                0x0000000000007ac0                default_layer_and
 .text.default_layer_xor
                0x0000000000007ad0       0x10 .build/obj_massdrop_alt_default_md/common/action_layer.o
                0x0000000000007ad0                default_layer_xor
 .text.layer_state_set_user
                0x0000000000007ae0        0x4 .build/obj_massdrop_alt_default_md/common/action_layer.o
                0x0000000000007ae0                layer_state_set_user
 .text.layer_state_set_kb
                0x0000000000007ae4        0x8 .build/obj_massdrop_alt_default_md/common/action_layer.o
                0x0000000000007ae4                layer_state_set_kb
 .text.layer_state_set
                0x0000000000007aec       0x18 .build/obj_massdrop_alt_default_md/common/action_layer.o
                0x0000000000007aec                layer_state_set
 .text.layer_clear
                0x0000000000007b04        0x6 .build/obj_massdrop_alt_default_md/common/action_layer.o
                0x0000000000007b04                layer_clear
 .text.layer_move
                0x0000000000007b0a        0xa .build/obj_massdrop_alt_default_md/common/action_layer.o
                0x0000000000007b0a                layer_move
 .text.layer_on
                0x0000000000007b14       0x14 .build/obj_massdrop_alt_default_md/common/action_layer.o
                0x0000000000007b14                layer_on
 .text.layer_off
                0x0000000000007b28       0x18 .build/obj_massdrop_alt_default_md/common/action_layer.o
                0x0000000000007b28                layer_off
 .text.layer_invert
                0x0000000000007b40       0x14 .build/obj_massdrop_alt_default_md/common/action_layer.o
                0x0000000000007b40                layer_invert
 .text.layer_or
                0x0000000000007b54       0x10 .build/obj_massdrop_alt_default_md/common/action_layer.o
                0x0000000000007b54                layer_or
 .text.layer_and
                0x0000000000007b64       0x10 .build/obj_massdrop_alt_default_md/common/action_layer.o
                0x0000000000007b64                layer_and
 .text.layer_xor
                0x0000000000007b74       0x10 .build/obj_massdrop_alt_default_md/common/action_layer.o
                0x0000000000007b74                layer_xor
 .text.layer_debug
                0x0000000000007b84        0x2 .build/obj_massdrop_alt_default_md/common/action_layer.o
                0x0000000000007b84                layer_debug
 *fill*         0x0000000000007b86        0x2 
 .text.update_source_layers_cache
                0x0000000000007b88       0x48 .build/obj_massdrop_alt_default_md/common/action_layer.o
                0x0000000000007b88                update_source_layers_cache
 .text.read_source_layers_cache
                0x0000000000007bd0       0x40 .build/obj_massdrop_alt_default_md/common/action_layer.o
                0x0000000000007bd0                read_source_layers_cache
 .text.layer_switch_get_layer
                0x0000000000007c10       0x3c .build/obj_massdrop_alt_default_md/common/action_layer.o
                0x0000000000007c10                layer_switch_get_layer
 .text.layer_switch_get_action
                0x0000000000007c4c       0x18 .build/obj_massdrop_alt_default_md/common/action_layer.o
                0x0000000000007c4c                layer_switch_get_action
 .text.store_or_get_action
                0x0000000000007c64       0x48 .build/obj_massdrop_alt_default_md/common/action_layer.o
                0x0000000000007c64                store_or_get_action
 .text.add_key  0x0000000000007cac       0x10 .build/obj_massdrop_alt_default_md/common/action_util.o
                0x0000000000007cac                add_key
 .text.del_key  0x0000000000007cbc       0x10 .build/obj_massdrop_alt_default_md/common/action_util.o
                0x0000000000007cbc                del_key
 .text.clear_keys
                0x0000000000007ccc        0xc .build/obj_massdrop_alt_default_md/common/action_util.o
                0x0000000000007ccc                clear_keys
 .text.get_oneshot_layer
                0x0000000000007cd8       0x10 .build/obj_massdrop_alt_default_md/common/action_util.o
                0x0000000000007cd8                get_oneshot_layer
 .text.get_oneshot_layer_state
                0x0000000000007ce8       0x10 .build/obj_massdrop_alt_default_md/common/action_util.o
                0x0000000000007ce8                get_oneshot_layer_state
 .text.is_oneshot_layer_active
                0x0000000000007cf8       0x14 .build/obj_massdrop_alt_default_md/common/action_util.o
                0x0000000000007cf8                is_oneshot_layer_active
 .text.get_mods
                0x0000000000007d0c        0xc .build/obj_massdrop_alt_default_md/common/action_util.o
                0x0000000000007d0c                get_mods
 .text.add_mods
                0x0000000000007d18       0x10 .build/obj_massdrop_alt_default_md/common/action_util.o
                0x0000000000007d18                add_mods
 .text.del_mods
                0x0000000000007d28       0x10 .build/obj_massdrop_alt_default_md/common/action_util.o
                0x0000000000007d28                del_mods
 .text.clear_mods
                0x0000000000007d38        0xc .build/obj_massdrop_alt_default_md/common/action_util.o
                0x0000000000007d38                clear_mods
 .text.add_weak_mods
                0x0000000000007d44       0x10 .build/obj_massdrop_alt_default_md/common/action_util.o
                0x0000000000007d44                add_weak_mods
 .text.del_weak_mods
                0x0000000000007d54       0x10 .build/obj_massdrop_alt_default_md/common/action_util.o
                0x0000000000007d54                del_weak_mods
 .text.clear_weak_mods
                0x0000000000007d64        0xc .build/obj_massdrop_alt_default_md/common/action_util.o
                0x0000000000007d64                clear_weak_mods
 .text.add_macro_mods
                0x0000000000007d70       0x10 .build/obj_massdrop_alt_default_md/common/action_util.o
                0x0000000000007d70                add_macro_mods
 .text.del_macro_mods
                0x0000000000007d80       0x10 .build/obj_massdrop_alt_default_md/common/action_util.o
                0x0000000000007d80                del_macro_mods
 .text.clear_macro_mods
                0x0000000000007d90        0xc .build/obj_massdrop_alt_default_md/common/action_util.o
                0x0000000000007d90                clear_macro_mods
 .text.get_oneshot_mods
                0x0000000000007d9c        0xc .build/obj_massdrop_alt_default_md/common/action_util.o
                0x0000000000007d9c                get_oneshot_mods
 .text.oneshot_mods_changed_user
                0x0000000000007da8        0x2 .build/obj_massdrop_alt_default_md/common/action_util.o
                0x0000000000007da8                oneshot_mods_changed_user
 .text.oneshot_mods_changed_kb
                0x0000000000007daa        0x8 .build/obj_massdrop_alt_default_md/common/action_util.o
                0x0000000000007daa                oneshot_mods_changed_kb
 *fill*         0x0000000000007db2        0x2 
 .text.set_oneshot_mods
                0x0000000000007db4       0x18 .build/obj_massdrop_alt_default_md/common/action_util.o
                0x0000000000007db4                set_oneshot_mods
 .text.clear_oneshot_mods
                0x0000000000007dcc       0x18 .build/obj_massdrop_alt_default_md/common/action_util.o
                0x0000000000007dcc                clear_oneshot_mods
 .text.send_keyboard_report
                0x0000000000007de4       0x4c .build/obj_massdrop_alt_default_md/common/action_util.o
                0x0000000000007de4                send_keyboard_report
 .text.oneshot_layer_changed_user
                0x0000000000007e30        0x2 .build/obj_massdrop_alt_default_md/common/action_util.o
                0x0000000000007e30                oneshot_layer_changed_user
 .text.oneshot_layer_changed_kb
                0x0000000000007e32        0x8 .build/obj_massdrop_alt_default_md/common/action_util.o
                0x0000000000007e32                oneshot_layer_changed_kb
 *fill*         0x0000000000007e3a        0x2 
 .text.set_oneshot_layer
                0x0000000000007e3c       0x20 .build/obj_massdrop_alt_default_md/common/action_util.o
                0x0000000000007e3c                set_oneshot_layer
 .text.reset_oneshot_layer
                0x0000000000007e5c       0x14 .build/obj_massdrop_alt_default_md/common/action_util.o
                0x0000000000007e5c                reset_oneshot_layer
 .text.clear_oneshot_layer_state
                0x0000000000007e70       0x30 .build/obj_massdrop_alt_default_md/common/action_util.o
                0x0000000000007e70                clear_oneshot_layer_state
 .text.biton32  0x0000000000007ea0       0x34 .build/obj_massdrop_alt_default_md/common/util.o
                0x0000000000007ea0                biton32
 .text.eeconfig_is_enabled
                0x0000000000007ed4       0x14 .build/obj_massdrop_alt_default_md/common/eeconfig.o
                0x0000000000007ed4                eeconfig_is_enabled
 .text.eeconfig_read_debug
                0x0000000000007ee8        0x6 .build/obj_massdrop_alt_default_md/common/eeconfig.o
                0x0000000000007ee8                eeconfig_read_debug
 .text.eeconfig_read_default_layer
                0x0000000000007eee        0x6 .build/obj_massdrop_alt_default_md/common/eeconfig.o
                0x0000000000007eee                eeconfig_read_default_layer
 .text.eeconfig_read_keymap
                0x0000000000007ef4       0x18 .build/obj_massdrop_alt_default_md/common/eeconfig.o
                0x0000000000007ef4                eeconfig_read_keymap
 .text.eeconfig_update_keymap
                0x0000000000007f0c       0x18 .build/obj_massdrop_alt_default_md/common/eeconfig.o
                0x0000000000007f0c                eeconfig_update_keymap
 .text.eeconfig_update_kb
                0x0000000000007f24        0x8 .build/obj_massdrop_alt_default_md/common/eeconfig.o
                0x0000000000007f24                eeconfig_update_kb
 .text.eeconfig_update_user
                0x0000000000007f2c        0x8 .build/obj_massdrop_alt_default_md/common/eeconfig.o
                0x0000000000007f2c                eeconfig_update_user
 .text.eeconfig_init_user
                0x0000000000007f34        0x6 .build/obj_massdrop_alt_default_md/common/eeconfig.o
                0x0000000000007f34                eeconfig_init_user
 .text.eeconfig_init_kb
                0x0000000000007f3a        0xe .build/obj_massdrop_alt_default_md/common/eeconfig.o
                0x0000000000007f3a                eeconfig_init_kb
 .text.eeconfig_init_quantum
                0x0000000000007f48       0x84 .build/obj_massdrop_alt_default_md/common/eeconfig.o
                0x0000000000007f48                eeconfig_init_quantum
 .text.eeconfig_init
                0x0000000000007fcc        0x4 .build/obj_massdrop_alt_default_md/common/eeconfig.o
                0x0000000000007fcc                eeconfig_init
 .text.has_anykey
                0x0000000000007fd0       0x3c .build/obj_massdrop_alt_default_md/common/report.o
                0x0000000000007fd0                has_anykey
 .text.add_key_byte
                0x000000000000800c       0x32 .build/obj_massdrop_alt_default_md/common/report.o
                0x000000000000800c                add_key_byte
 .text.del_key_byte
                0x000000000000803e       0x1a .build/obj_massdrop_alt_default_md/common/report.o
                0x000000000000803e                del_key_byte
 .text.add_key_bit
                0x0000000000008058       0x18 .build/obj_massdrop_alt_default_md/common/report.o
                0x0000000000008058                add_key_bit
 .text.del_key_bit
                0x0000000000008070       0x1a .build/obj_massdrop_alt_default_md/common/report.o
                0x0000000000008070                del_key_bit
 *fill*         0x000000000000808a        0x2 
 .text.add_key_to_report
                0x000000000000808c       0x34 .build/obj_massdrop_alt_default_md/common/report.o
                0x000000000000808c                add_key_to_report
 .text.del_key_from_report
                0x00000000000080c0       0x34 .build/obj_massdrop_alt_default_md/common/report.o
                0x00000000000080c0                del_key_from_report
 .text.clear_keys_from_report
                0x00000000000080f4       0x2c .build/obj_massdrop_alt_default_md/common/report.o
                0x00000000000080f4                clear_keys_from_report
 .text.matrix_power_up
                0x0000000000008120        0x2 .build/obj_massdrop_alt_default_md/common/arm_atsam/suspend.o
                0x0000000000008120                matrix_power_up
 .text.suspend_power_down_user
                0x0000000000008122        0x2 .build/obj_massdrop_alt_default_md/common/arm_atsam/suspend.o
                0x0000000000008122                suspend_power_down_user
 .text.suspend_power_down_kb
                0x0000000000008124        0x8 .build/obj_massdrop_alt_default_md/common/arm_atsam/suspend.o
                0x0000000000008124                suspend_power_down_kb
 .text.suspend_power_down
                0x000000000000812c        0xe .build/obj_massdrop_alt_default_md/common/arm_atsam/suspend.o
                0x000000000000812c                suspend_power_down
 .text.matrix_power_down
                0x000000000000813a        0x2 .build/obj_massdrop_alt_default_md/common/arm_atsam/suspend.o
                0x000000000000813a                matrix_power_down
 .text.suspend_wakeup_condition
                0x000000000000813c       0x24 .build/obj_massdrop_alt_default_md/common/arm_atsam/suspend.o
                0x000000000000813c                suspend_wakeup_condition
 .text.suspend_wakeup_init_user
                0x0000000000008160        0x2 .build/obj_massdrop_alt_default_md/common/arm_atsam/suspend.o
                0x0000000000008160                suspend_wakeup_init_user
 .text.suspend_wakeup_init_kb
                0x0000000000008162        0x8 .build/obj_massdrop_alt_default_md/common/arm_atsam/suspend.o
                0x0000000000008162                suspend_wakeup_init_kb
 *fill*         0x000000000000816a        0x2 
 .text.suspend_wakeup_init
                0x000000000000816c       0x18 .build/obj_massdrop_alt_default_md/common/arm_atsam/suspend.o
                0x000000000000816c                suspend_wakeup_init
 .text.timer_read
                0x0000000000008184       0x10 .build/obj_massdrop_alt_default_md/common/arm_atsam/timer.o
                0x0000000000008184                timer_read
 .text.timer_read32
                0x0000000000008194        0xc .build/obj_massdrop_alt_default_md/common/arm_atsam/timer.o
                0x0000000000008194                timer_read32
 .text.timer_read64
                0x00000000000081a0        0xc .build/obj_massdrop_alt_default_md/common/arm_atsam/timer.o
                0x00000000000081a0                timer_read64
 .text.timer_elapsed
                0x00000000000081ac       0x28 .build/obj_massdrop_alt_default_md/common/arm_atsam/timer.o
                0x00000000000081ac                timer_elapsed
 .text.timer_elapsed32
                0x00000000000081d4       0x1c .build/obj_massdrop_alt_default_md/common/arm_atsam/timer.o
                0x00000000000081d4                timer_elapsed32
 .text.timer_clear
                0x00000000000081f0       0x10 .build/obj_massdrop_alt_default_md/common/arm_atsam/timer.o
                0x00000000000081f0                timer_clear
 .text.timer_init
                0x0000000000008200        0x4 .build/obj_massdrop_alt_default_md/common/arm_atsam/timer.o
                0x0000000000008200                timer_init
 .text.bootloader_jump
                0x0000000000008204       0x50 .build/obj_massdrop_alt_default_md/common/arm_atsam/bootloader.o
                0x0000000000008204                bootloader_jump
 .text.eeprom_read_byte
                0x0000000000008254        0xc .build/obj_massdrop_alt_default_md/common/arm_atsam/eeprom.o
                0x0000000000008254                eeprom_read_byte
 .text.eeprom_read_word
                0x0000000000008260       0x14 .build/obj_massdrop_alt_default_md/common/arm_atsam/eeprom.o
                0x0000000000008260                eeprom_read_word
 .text.eeprom_read_block
                0x0000000000008274       0x1c .build/obj_massdrop_alt_default_md/common/arm_atsam/eeprom.o
                0x0000000000008274                eeprom_read_block
 .text.eeprom_write_word
                0x0000000000008290       0x10 .build/obj_massdrop_alt_default_md/common/arm_atsam/eeprom.o
                0x0000000000008290                eeprom_write_word
 .text.eeprom_write_dword
                0x00000000000082a0       0x18 .build/obj_massdrop_alt_default_md/common/arm_atsam/eeprom.o
                0x00000000000082a0                eeprom_write_dword
 .text.eeprom_write_block
                0x00000000000082b8       0x1c .build/obj_massdrop_alt_default_md/common/arm_atsam/eeprom.o
                0x00000000000082b8                eeprom_write_block
 .text.eeprom_update_byte
                0x00000000000082d4        0xc .build/obj_massdrop_alt_default_md/common/arm_atsam/eeprom.o
                0x00000000000082d4                eeprom_update_byte
 .text.eeprom_update_word
                0x00000000000082e0        0x4 .build/obj_massdrop_alt_default_md/common/arm_atsam/eeprom.o
                0x00000000000082e0                eeprom_update_word
 .text.eeprom_update_dword
                0x00000000000082e4        0x4 .build/obj_massdrop_alt_default_md/common/arm_atsam/eeprom.o
                0x00000000000082e4                eeprom_update_dword
 .text.eeprom_update_block
                0x00000000000082e8        0x4 .build/obj_massdrop_alt_default_md/common/arm_atsam/eeprom.o
                0x00000000000082e8                eeprom_update_block
 .text.magic    0x00000000000082ec       0x30 .build/obj_massdrop_alt_default_md/common/magic.o
                0x00000000000082ec                magic
 .text.ADC0_clock_init
                0x000000000000831c       0x40 .build/obj_massdrop_alt_default_md/protocol/arm_atsam/adc.o
                0x000000000000831c                ADC0_clock_init
 .text.ADC0_init
                0x000000000000835c      0x15c .build/obj_massdrop_alt_default_md/protocol/arm_atsam/adc.o
                0x000000000000835c                ADC0_init
 .text.adc_get  0x00000000000084b8       0x34 .build/obj_massdrop_alt_default_md/protocol/arm_atsam/adc.o
                0x00000000000084b8                adc_get
 .text.CLK_oscctrl_init
                0x00000000000084ec      0x164 .build/obj_massdrop_alt_default_md/protocol/arm_atsam/clks.o
                0x00000000000084ec                CLK_oscctrl_init
 .text.CLK_set_gclk_freq
                0x0000000000008650       0xc0 .build/obj_massdrop_alt_default_md/protocol/arm_atsam/clks.o
                0x0000000000008650                CLK_set_gclk_freq
 .text.CLK_init_osc
                0x0000000000008710       0x90 .build/obj_massdrop_alt_default_md/protocol/arm_atsam/clks.o
                0x0000000000008710                CLK_init_osc
 .text.CLK_reset_time
                0x00000000000087a0       0x88 .build/obj_massdrop_alt_default_md/protocol/arm_atsam/clks.o
                0x00000000000087a0                CLK_reset_time
 .text.TC4_Handler
                0x0000000000008828       0x30 .build/obj_massdrop_alt_default_md/protocol/arm_atsam/clks.o
                0x0000000000008828                TC4_Handler
 .text.CLK_enable_timebase
                0x0000000000008858      0x1f4 .build/obj_massdrop_alt_default_md/protocol/arm_atsam/clks.o
                0x0000000000008858                CLK_enable_timebase
 *fill*         0x0000000000008a4c        0x4 
 .text.CLK_delay_us
                0x0000000000008a50       0x1c .build/obj_massdrop_alt_default_md/protocol/arm_atsam/clks.o
                0x0000000000008a50                CLK_delay_us
 .text.CLK_delay_ms
                0x0000000000008a6c       0x1e .build/obj_massdrop_alt_default_md/protocol/arm_atsam/clks.o
                0x0000000000008a6c                CLK_delay_ms
 *fill*         0x0000000000008a8a        0x2 
 .text.clk_enable_sercom_apbmask
                0x0000000000008a8c       0x3c .build/obj_massdrop_alt_default_md/protocol/arm_atsam/clks.o
                0x0000000000008a8c                clk_enable_sercom_apbmask
 .text.CLK_set_spi_freq
                0x0000000000008ac8       0x8c .build/obj_massdrop_alt_default_md/protocol/arm_atsam/clks.o
                0x0000000000008ac8                CLK_set_spi_freq
 .text.CLK_set_i2c0_freq
                0x0000000000008b54       0x94 .build/obj_massdrop_alt_default_md/protocol/arm_atsam/clks.o
                0x0000000000008b54                CLK_set_i2c0_freq
 .text.CLK_set_i2c1_freq
                0x0000000000008be8       0x94 .build/obj_massdrop_alt_default_md/protocol/arm_atsam/clks.o
                0x0000000000008be8                CLK_set_i2c1_freq
 .text.CLK_init
                0x0000000000008c7c       0x28 .build/obj_massdrop_alt_default_md/protocol/arm_atsam/clks.o
                0x0000000000008c7c                CLK_init
 .text.dled_print
                0x0000000000008ca4      0x160 .build/obj_massdrop_alt_default_md/protocol/arm_atsam/d51_util.o
                0x0000000000008ca4                dled_print
 .text.EIC_7_Handler
                0x0000000000008e04       0x14 .build/obj_massdrop_alt_default_md/protocol/arm_atsam/d51_util.o
                0x0000000000008e04                EIC_7_Handler
 .text.debug_code_init
                0x0000000000008e18       0x9c .build/obj_massdrop_alt_default_md/protocol/arm_atsam/d51_util.o
                0x0000000000008e18                debug_code_init
 .text.debug_code_disable
                0x0000000000008eb4       0x80 .build/obj_massdrop_alt_default_md/protocol/arm_atsam/d51_util.o
                0x0000000000008eb4                debug_code_disable
 .text.i2c0_init
                0x0000000000008f34       0xb8 .build/obj_massdrop_alt_default_md/protocol/arm_atsam/i2c_master.o
                0x0000000000008f34                i2c0_init
 .text.i2c0_start
                0x0000000000008fec       0x28 .build/obj_massdrop_alt_default_md/protocol/arm_atsam/i2c_master.o
                0x0000000000008fec                i2c0_start
 .text.i2c0_stop
                0x0000000000009014       0x48 .build/obj_massdrop_alt_default_md/protocol/arm_atsam/i2c_master.o
                0x0000000000009014                i2c0_stop
 .text.i2c0_transmit
                0x000000000000905c       0x40 .build/obj_massdrop_alt_default_md/protocol/arm_atsam/i2c_master.o
                0x000000000000905c                i2c0_transmit
 .text.i2c1_init
                0x000000000000909c       0xd4 .build/obj_massdrop_alt_default_md/protocol/arm_atsam/i2c_master.o
                0x000000000000909c                i2c1_init
 .text.i2c1_start
                0x0000000000009170       0x28 .build/obj_massdrop_alt_default_md/protocol/arm_atsam/i2c_master.o
                0x0000000000009170                i2c1_start
 .text.i2c1_stop
                0x0000000000009198       0x48 .build/obj_massdrop_alt_default_md/protocol/arm_atsam/i2c_master.o
                0x0000000000009198                i2c1_stop
 .text.i2c1_transmit
                0x00000000000091e0       0x40 .build/obj_massdrop_alt_default_md/protocol/arm_atsam/i2c_master.o
                0x00000000000091e0                i2c1_transmit
 .text.i2c_led_send_CRWL
                0x0000000000009220       0x2c .build/obj_massdrop_alt_default_md/protocol/arm_atsam/i2c_master.o
                0x0000000000009220                i2c_led_send_CRWL
 .text.i2c_led_select_page
                0x000000000000924c       0x28 .build/obj_massdrop_alt_default_md/protocol/arm_atsam/i2c_master.o
                0x000000000000924c                i2c_led_select_page
 .text.i2c_led_send_mode_op_gcr
                0x0000000000009274       0x34 .build/obj_massdrop_alt_default_md/protocol/arm_atsam/i2c_master.o
                0x0000000000009274                i2c_led_send_mode_op_gcr
 .text.i2c_led_send_pur_pdr
                0x00000000000092a8       0x2c .build/obj_massdrop_alt_default_md/protocol/arm_atsam/i2c_master.o
                0x00000000000092a8                i2c_led_send_pur_pdr
 .text.I2C3733_Init_Drivers
                0x00000000000092d4       0x90 .build/obj_massdrop_alt_default_md/protocol/arm_atsam/i2c_master.o
                0x00000000000092d4                I2C3733_Init_Drivers
 .text.I2C_DMAC_LED_Init
                0x0000000000009364       0xd0 .build/obj_massdrop_alt_default_md/protocol/arm_atsam/i2c_master.o
                0x0000000000009364                I2C_DMAC_LED_Init
 .text.I2C3733_Control_Set
                0x0000000000009434       0x2c .build/obj_massdrop_alt_default_md/protocol/arm_atsam/i2c_master.o
                0x0000000000009434                I2C3733_Control_Set
 .text.I2C3733_Init_Control
                0x0000000000009460       0x3c .build/obj_massdrop_alt_default_md/protocol/arm_atsam/i2c_master.o
                0x0000000000009460                I2C3733_Init_Control
 .text.i2c_led_desc_defaults
                0x000000000000949c       0x48 .build/obj_massdrop_alt_default_md/protocol/arm_atsam/i2c_master.o
                0x000000000000949c                i2c_led_desc_defaults
 .text.i2c_led_prepare_send_dma
                0x00000000000094e4       0x24 .build/obj_massdrop_alt_default_md/protocol/arm_atsam/i2c_master.o
                0x00000000000094e4                i2c_led_prepare_send_dma
 .text.i2c_led_begin_dma
                0x0000000000009508       0x38 .build/obj_massdrop_alt_default_md/protocol/arm_atsam/i2c_master.o
                0x0000000000009508                i2c_led_begin_dma
 .text.i2c_led_send_CRWL_dma
                0x0000000000009540       0x24 .build/obj_massdrop_alt_default_md/protocol/arm_atsam/i2c_master.o
                0x0000000000009540                i2c_led_send_CRWL_dma
 .text.i2c_led_select_page_dma
                0x0000000000009564       0x20 .build/obj_massdrop_alt_default_md/protocol/arm_atsam/i2c_master.o
                0x0000000000009564                i2c_led_select_page_dma
 .text.i2c_led_send_GCR_dma
                0x0000000000009584       0x28 .build/obj_massdrop_alt_default_md/protocol/arm_atsam/i2c_master.o
                0x0000000000009584                i2c_led_send_GCR_dma
 .text.i2c_led_send_pwm_dma
                0x00000000000095ac       0x38 .build/obj_massdrop_alt_default_md/protocol/arm_atsam/i2c_master.o
                0x00000000000095ac                i2c_led_send_pwm_dma
 .text.i2c_led_send_onoff_dma
                0x00000000000095e4       0x44 .build/obj_massdrop_alt_default_md/protocol/arm_atsam/i2c_master.o
                0x00000000000095e4                i2c_led_send_onoff_dma
 .text.i2c_led_q_init
                0x0000000000009628       0x2c .build/obj_massdrop_alt_default_md/protocol/arm_atsam/i2c_master.o
                0x0000000000009628                i2c_led_q_init
 .text.i2c_led_q_isempty
                0x0000000000009654       0x18 .build/obj_massdrop_alt_default_md/protocol/arm_atsam/i2c_master.o
                0x0000000000009654                i2c_led_q_isempty
 .text.i2c_led_q_size
                0x000000000000966c       0x20 .build/obj_massdrop_alt_default_md/protocol/arm_atsam/i2c_master.o
                0x000000000000966c                i2c_led_q_size
 .text.i2c_led_q_available
                0x000000000000968c        0xe .build/obj_massdrop_alt_default_md/protocol/arm_atsam/i2c_master.o
                0x000000000000968c                i2c_led_q_available
 *fill*         0x000000000000969a        0x2 
 .text.i2c_led_q_add
                0x000000000000969c       0x24 .build/obj_massdrop_alt_default_md/protocol/arm_atsam/i2c_master.o
                0x000000000000969c                i2c_led_q_add
 .text.i2c_led_q_s_advance
                0x00000000000096c0       0x1c .build/obj_massdrop_alt_default_md/protocol/arm_atsam/i2c_master.o
                0x00000000000096c0                i2c_led_q_s_advance
 .text.i2c_led_q_request_room
                0x00000000000096dc       0x48 .build/obj_massdrop_alt_default_md/protocol/arm_atsam/i2c_master.o
                0x00000000000096dc                i2c_led_q_request_room
 .text.i2c_led_q_run
                0x0000000000009724       0xbc .build/obj_massdrop_alt_default_md/protocol/arm_atsam/i2c_master.o
                0x0000000000009724                i2c_led_q_run
 .text.led_run_pattern
                0x00000000000097e0      0x1d0 .build/obj_massdrop_alt_default_md/protocol/arm_atsam/led_matrix.o
 .text.led_set_one
                0x00000000000099b0      0x22c .build/obj_massdrop_alt_default_md/protocol/arm_atsam/led_matrix.o
                0x00000000000099b0                led_set_one
 .text.led_set_all
                0x0000000000009bdc       0x1e .build/obj_massdrop_alt_default_md/protocol/arm_atsam/led_matrix.o
                0x0000000000009bdc                led_set_all
 *fill*         0x0000000000009bfa        0x6 
 .text.flush    0x0000000000009c00      0x1f0 .build/obj_massdrop_alt_default_md/protocol/arm_atsam/led_matrix.o
                0x0000000000009c00                flush
 .text.SERCOM1_0_Handler
                0x0000000000009df0       0x14 .build/obj_massdrop_alt_default_md/protocol/arm_atsam/led_matrix.o
                0x0000000000009df0                SERCOM1_0_Handler
 .text.DMAC_0_Handler
                0x0000000000009e04       0x3c .build/obj_massdrop_alt_default_md/protocol/arm_atsam/led_matrix.o
                0x0000000000009e04                DMAC_0_Handler
 .text.gcr_compute
                0x0000000000009e40      0x104 .build/obj_massdrop_alt_default_md/protocol/arm_atsam/led_matrix.o
                0x0000000000009e40                gcr_compute
 .text.issi3733_prepare_arrays
                0x0000000000009f44       0xd0 .build/obj_massdrop_alt_default_md/protocol/arm_atsam/led_matrix.o
                0x0000000000009f44                issi3733_prepare_arrays
 .text.led_matrix_prepare
                0x000000000000a014       0x24 .build/obj_massdrop_alt_default_md/protocol/arm_atsam/led_matrix.o
                0x000000000000a014                led_matrix_prepare
 .text.init     0x000000000000a038       0x28 .build/obj_massdrop_alt_default_md/protocol/arm_atsam/led_matrix.o
                0x000000000000a038                init
 .text.led_matrix_indicators
                0x000000000000a060       0x58 .build/obj_massdrop_alt_default_md/protocol/arm_atsam/led_matrix.o
                0x000000000000a060                led_matrix_indicators
 .text.keyboard_leds
                0x000000000000a0b8       0x20 .build/obj_massdrop_alt_default_md/protocol/arm_atsam/main_arm_atsam.o
                0x000000000000a0b8                keyboard_leds
 .text.send_mouse
                0x000000000000a0d8        0x2 .build/obj_massdrop_alt_default_md/protocol/arm_atsam/main_arm_atsam.o
                0x000000000000a0d8                send_mouse
 *fill*         0x000000000000a0da        0x2 
 .text.send_system
                0x000000000000a0dc       0x38 .build/obj_massdrop_alt_default_md/protocol/arm_atsam/main_arm_atsam.o
                0x000000000000a0dc                send_system
 .text.send_consumer
                0x000000000000a114       0x34 .build/obj_massdrop_alt_default_md/protocol/arm_atsam/main_arm_atsam.o
                0x000000000000a114                send_consumer
 .text.main_subtask_usb_state
                0x000000000000a148       0x94 .build/obj_massdrop_alt_default_md/protocol/arm_atsam/main_arm_atsam.o
                0x000000000000a148                main_subtask_usb_state
 *fill*         0x000000000000a1dc        0x4 
 .text.main_subtask_power_check
                0x000000000000a1e0       0x8c .build/obj_massdrop_alt_default_md/protocol/arm_atsam/main_arm_atsam.o
                0x000000000000a1e0                main_subtask_power_check
 .text.main_subtask_usb_extra_device
                0x000000000000a26c       0x34 .build/obj_massdrop_alt_default_md/protocol/arm_atsam/main_arm_atsam.o
                0x000000000000a26c                main_subtask_usb_extra_device
 .text.main_subtasks
                0x000000000000a2a0       0x12 .build/obj_massdrop_alt_default_md/protocol/arm_atsam/main_arm_atsam.o
                0x000000000000a2a0                main_subtasks
 *fill*         0x000000000000a2b2        0x2 
 .text.send_keyboard
                0x000000000000a2b4       0x94 .build/obj_massdrop_alt_default_md/protocol/arm_atsam/main_arm_atsam.o
                0x000000000000a2b4                send_keyboard
 .text.startup.main
                0x000000000000a348      0x11c .build/obj_massdrop_alt_default_md/protocol/arm_atsam/main_arm_atsam.o
                0x000000000000a348                main
 .text.SR_EXP_WriteData
                0x000000000000a464       0x64 .build/obj_massdrop_alt_default_md/protocol/arm_atsam/spi.o
                0x000000000000a464                SR_EXP_WriteData
 .text.SR_EXP_Init
                0x000000000000a4c8       0xd0 .build/obj_massdrop_alt_default_md/protocol/arm_atsam/spi.o
                0x000000000000a4c8                SR_EXP_Init
 .text.Dummy_Handler
                0x000000000000a598        0x2 .build/obj_massdrop_alt_default_md/protocol/arm_atsam/startup.o
                0x000000000000a598                ICM_Handler
                0x000000000000a598                SERCOM0_2_Handler
                0x000000000000a598                DebugMon_Handler
                0x000000000000a598                EIC_13_Handler
                0x000000000000a598                EVSYS_0_Handler
                0x000000000000a598                TCC1_3_Handler
                0x000000000000a598                DAC_3_Handler
                0x000000000000a598                TRNG_Handler
                0x000000000000a598                HardFault_Handler
                0x000000000000a598                TC2_Handler
                0x000000000000a598                PDEC_2_Handler
                0x000000000000a598                EIC_4_Handler
                0x000000000000a598                AC_Handler
                0x000000000000a598                SERCOM3_1_Handler
                0x000000000000a598                SysTick_Handler
                0x000000000000a598                TCC2_3_Handler
                0x000000000000a598                SERCOM3_2_Handler
                0x000000000000a598                PendSV_Handler
                0x000000000000a598                NMI_Handler
                0x000000000000a598                ADC1_1_Handler
                0x000000000000a598                EVSYS_3_Handler
                0x000000000000a598                PDEC_0_Handler
                0x000000000000a598                QSPI_Handler
                0x000000000000a598                TCC0_0_Handler
                0x000000000000a598                EIC_3_Handler
                0x000000000000a598                TAL_0_Handler
                0x000000000000a598                DAC_2_Handler
                0x000000000000a598                SERCOM0_0_Handler
                0x000000000000a598                RTC_Handler
                0x000000000000a598                UsageFault_Handler
                0x000000000000a598                SERCOM4_0_Handler
                0x000000000000a598                EIC_10_Handler
                0x000000000000a598                SERCOM0_3_Handler
                0x000000000000a598                EIC_11_Handler
                0x000000000000a598                EIC_9_Handler
                0x000000000000a598                OSC32KCTRL_Handler
                0x000000000000a598                TCC2_1_Handler
                0x000000000000a598                SUPC_1_Handler
                0x000000000000a598                TCC0_5_Handler
                0x000000000000a598                TCC0_6_Handler
                0x000000000000a598                EVSYS_1_Handler
                0x000000000000a598                TCC1_4_Handler
                0x000000000000a598                WDT_Handler
                0x000000000000a598                EIC_8_Handler
                0x000000000000a598                EIC_15_Handler
                0x000000000000a598                SERCOM5_0_Handler
                0x000000000000a598                TC1_Handler
                0x000000000000a598                OSCCTRL_4_Handler
                0x000000000000a598                SERCOM4_3_Handler
                0x000000000000a598                EIC_12_Handler
                0x000000000000a598                DMAC_4_Handler
                0x000000000000a598                TCC4_2_Handler
                0x000000000000a598                PAC_Handler
                0x000000000000a598                TCC1_0_Handler
                0x000000000000a598                OSCCTRL_0_Handler
                0x000000000000a598                EIC_0_Handler
                0x000000000000a598                OSCCTRL_3_Handler
                0x000000000000a598                SERCOM4_1_Handler
                0x000000000000a598                TC3_Handler
                0x000000000000a598                Dummy_Handler
                0x000000000000a598                TCC3_0_Handler
                0x000000000000a598                TCC2_2_Handler
                0x000000000000a598                SERCOM5_1_Handler
                0x000000000000a598                TCC1_1_Handler
                0x000000000000a598                DMAC_2_Handler
                0x000000000000a598                ADC0_0_Handler
                0x000000000000a598                SERCOM0_1_Handler
                0x000000000000a598                OSCCTRL_2_Handler
                0x000000000000a598                ADC1_0_Handler
                0x000000000000a598                TCC1_2_Handler
                0x000000000000a598                PM_Handler
                0x000000000000a598                SERCOM2_3_Handler
                0x000000000000a598                DAC_4_Handler
                0x000000000000a598                TCC3_2_Handler
                0x000000000000a598                TCC0_2_Handler
                0x000000000000a598                DMAC_1_Handler
                0x000000000000a598                TCC4_0_Handler
                0x000000000000a598                TCC2_0_Handler
                0x000000000000a598                PDEC_1_Handler
                0x000000000000a598                MemManage_Handler
                0x000000000000a598                TCC4_1_Handler
                0x000000000000a598                SERCOM5_3_Handler
                0x000000000000a598                SVC_Handler
                0x000000000000a598                SDHC0_Handler
                0x000000000000a598                SERCOM1_1_Handler
                0x000000000000a598                I2S_Handler
                0x000000000000a598                EIC_2_Handler
                0x000000000000a598                PCC_Handler
                0x000000000000a598                DAC_0_Handler
                0x000000000000a598                TCC0_1_Handler
                0x000000000000a598                SERCOM1_3_Handler
                0x000000000000a598                EIC_6_Handler
                0x000000000000a598                OSCCTRL_1_Handler
                0x000000000000a598                PUKCC_Handler
                0x000000000000a598                SERCOM2_1_Handler
                0x000000000000a598                SERCOM1_2_Handler
                0x000000000000a598                SERCOM3_0_Handler
                0x000000000000a598                EIC_1_Handler
                0x000000000000a598                SERCOM4_2_Handler
                0x000000000000a598                EVSYS_4_Handler
                0x000000000000a598                NVMCTRL_1_Handler
                0x000000000000a598                SERCOM5_2_Handler
                0x000000000000a598                SERCOM3_3_Handler
                0x000000000000a598                ADC0_1_Handler
                0x000000000000a598                SERCOM2_2_Handler
                0x000000000000a598                TCC3_1_Handler
                0x000000000000a598                EIC_14_Handler
                0x000000000000a598                DAC_1_Handler
                0x000000000000a598                NVMCTRL_0_Handler
                0x000000000000a598                TAL_1_Handler
                0x000000000000a598                MCLK_Handler
                0x000000000000a598                EVSYS_2_Handler
                0x000000000000a598                SUPC_0_Handler
                0x000000000000a598                BusFault_Handler
                0x000000000000a598                FREQM_Handler
                0x000000000000a598                TC0_Handler
                0x000000000000a598                TCC0_3_Handler
                0x000000000000a598                DMAC_3_Handler
                0x000000000000a598                TCC0_4_Handler
                0x000000000000a598                RAMECC_Handler
                0x000000000000a598                TC5_Handler
                0x000000000000a598                SERCOM2_0_Handler
                0x000000000000a598                AES_Handler
                0x000000000000a598                EIC_5_Handler
 *fill*         0x000000000000a59a        0x2 
 .text.Reset_Handler
                0x000000000000a59c       0x70 .build/obj_massdrop_alt_default_md/protocol/arm_atsam/startup.o
                0x000000000000a59c                Reset_Handler
 .text.main_suspend_action
                0x000000000000a60c        0x4 .build/obj_massdrop_alt_default_md/protocol/arm_atsam/usb/main_usb.o
                0x000000000000a60c                main_suspend_action
 .text.main_resume_action
                0x000000000000a610        0x4 .build/obj_massdrop_alt_default_md/protocol/arm_atsam/usb/main_usb.o
                0x000000000000a610                main_resume_action
 .text.main_sof_action
                0x000000000000a614        0xe .build/obj_massdrop_alt_default_md/protocol/arm_atsam/usb/main_usb.o
                0x000000000000a614                main_sof_action
 .text.main_remotewakeup_enable
                0x000000000000a622        0x4 .build/obj_massdrop_alt_default_md/protocol/arm_atsam/usb/main_usb.o
                0x000000000000a622                main_remotewakeup_enable
 .text.main_remotewakeup_disable
                0x000000000000a626        0x4 .build/obj_massdrop_alt_default_md/protocol/arm_atsam/usb/main_usb.o
                0x000000000000a626                main_remotewakeup_disable
 *fill*         0x000000000000a62a        0x2 
 .text.main_kbd_enable
                0x000000000000a62c        0xc .build/obj_massdrop_alt_default_md/protocol/arm_atsam/usb/main_usb.o
                0x000000000000a62c                main_kbd_enable
 .text.main_kbd_disable
                0x000000000000a638        0xc .build/obj_massdrop_alt_default_md/protocol/arm_atsam/usb/main_usb.o
                0x000000000000a638                main_kbd_disable
 .text.main_nkro_enable
                0x000000000000a644        0xc .build/obj_massdrop_alt_default_md/protocol/arm_atsam/usb/main_usb.o
                0x000000000000a644                main_nkro_enable
 .text.main_nkro_disable
                0x000000000000a650        0xc .build/obj_massdrop_alt_default_md/protocol/arm_atsam/usb/main_usb.o
                0x000000000000a650                main_nkro_disable
 .text.main_exk_enable
                0x000000000000a65c        0xc .build/obj_massdrop_alt_default_md/protocol/arm_atsam/usb/main_usb.o
                0x000000000000a65c                main_exk_enable
 .text.main_exk_disable
                0x000000000000a668        0xc .build/obj_massdrop_alt_default_md/protocol/arm_atsam/usb/main_usb.o
                0x000000000000a668                main_exk_disable
 .text.udc_update_iface_desc
                0x000000000000a674       0x4c .build/obj_massdrop_alt_default_md/protocol/arm_atsam/usb/udc.o
 .text.udc_valid_address
                0x000000000000a6c0       0x10 .build/obj_massdrop_alt_default_md/protocol/arm_atsam/usb/udc.o
 .text.udc_next_desc_in_iface.constprop.0
                0x000000000000a6d0       0x28 .build/obj_massdrop_alt_default_md/protocol/arm_atsam/usb/udc.o
 .text.udc_iface_enable
                0x000000000000a6f8       0x40 .build/obj_massdrop_alt_default_md/protocol/arm_atsam/usb/udc.o
 .text.udc_iface_disable
                0x000000000000a738       0x4c .build/obj_massdrop_alt_default_md/protocol/arm_atsam/usb/udc.o
 .text.udc_get_interface_desc
                0x000000000000a784        0xc .build/obj_massdrop_alt_default_md/protocol/arm_atsam/usb/udc.o
                0x000000000000a784                udc_get_interface_desc
 .text.udc_start
                0x000000000000a790        0x4 .build/obj_massdrop_alt_default_md/protocol/arm_atsam/usb/udc.o
                0x000000000000a790                udc_start
 .text.udc_reset
                0x000000000000a794       0x3c .build/obj_massdrop_alt_default_md/protocol/arm_atsam/usb/udc.o
                0x000000000000a794                udc_reset
 .text.udc_sof_notify
                0x000000000000a7d0       0x30 .build/obj_massdrop_alt_default_md/protocol/arm_atsam/usb/udc.o
                0x000000000000a7d0                udc_sof_notify
 .text.udc_process_setup
                0x000000000000a800      0x40c .build/obj_massdrop_alt_default_md/protocol/arm_atsam/usb/udc.o
                0x000000000000a800                udc_process_setup
 .text.CDC_print
                0x000000000000ac0c        0x4 .build/obj_massdrop_alt_default_md/protocol/arm_atsam/usb/udi_cdc.o
                0x000000000000ac0c                CDC_print
 .text.CDC_init
                0x000000000000ac10       0x18 .build/obj_massdrop_alt_default_md/protocol/arm_atsam/usb/udi_cdc.o
                0x000000000000ac10                CDC_init
 .text.udi_hid_setup
                0x000000000000ac28       0xa4 .build/obj_massdrop_alt_default_md/protocol/arm_atsam/usb/udi_hid.o
                0x000000000000ac28                udi_hid_setup
 .text.udi_hid_kbd_getsetting
                0x000000000000accc        0x4 .build/obj_massdrop_alt_default_md/protocol/arm_atsam/usb/udi_hid_kbd.o
                0x000000000000accc                udi_hid_kbd_getsetting
 .text.udi_hid_kbd_setreport
                0x000000000000acd0       0x34 .build/obj_massdrop_alt_default_md/protocol/arm_atsam/usb/udi_hid_kbd.o
 .text.udi_hid_kbd_setreport_valid
                0x000000000000ad04        0x2 .build/obj_massdrop_alt_default_md/protocol/arm_atsam/usb/udi_hid_kbd.o
 *fill*         0x000000000000ad06        0x2 
 .text.udi_hid_nkro_setreport
                0x000000000000ad08       0x34 .build/obj_massdrop_alt_default_md/protocol/arm_atsam/usb/udi_hid_kbd.o
 .text.udi_hid_exk_setreport
                0x000000000000ad3c       0x34 .build/obj_massdrop_alt_default_md/protocol/arm_atsam/usb/udi_hid_kbd.o
 .text.udi_hid_kbd_enable
                0x000000000000ad70       0x2c .build/obj_massdrop_alt_default_md/protocol/arm_atsam/usb/udi_hid_kbd.o
                0x000000000000ad70                udi_hid_kbd_enable
 .text.udi_hid_kbd_disable
                0x000000000000ad9c        0x4 .build/obj_massdrop_alt_default_md/protocol/arm_atsam/usb/udi_hid_kbd.o
                0x000000000000ad9c                udi_hid_kbd_disable
 .text.udi_hid_kbd_setup
                0x000000000000ada0       0x18 .build/obj_massdrop_alt_default_md/protocol/arm_atsam/usb/udi_hid_kbd.o
                0x000000000000ada0                udi_hid_kbd_setup
 .text.udi_hid_nkro_setup
                0x000000000000adb8       0x1c .build/obj_massdrop_alt_default_md/protocol/arm_atsam/usb/udi_hid_kbd.o
                0x000000000000adb8                udi_hid_nkro_setup
 .text.udi_hid_exk_setup
                0x000000000000add4       0x1c .build/obj_massdrop_alt_default_md/protocol/arm_atsam/usb/udi_hid_kbd.o
                0x000000000000add4                udi_hid_exk_setup
 .text.udi_hid_nkro_enable
                0x000000000000adf0       0x34 .build/obj_massdrop_alt_default_md/protocol/arm_atsam/usb/udi_hid_kbd.o
                0x000000000000adf0                udi_hid_nkro_enable
 .text.udi_hid_nkro_disable
                0x000000000000ae24        0x4 .build/obj_massdrop_alt_default_md/protocol/arm_atsam/usb/udi_hid_kbd.o
                0x000000000000ae24                udi_hid_nkro_disable
 .text.udi_hid_exk_enable
                0x000000000000ae28       0x24 .build/obj_massdrop_alt_default_md/protocol/arm_atsam/usb/udi_hid_kbd.o
                0x000000000000ae28                udi_hid_exk_enable
 .text.udi_hid_exk_disable
                0x000000000000ae4c        0x4 .build/obj_massdrop_alt_default_md/protocol/arm_atsam/usb/udi_hid_kbd.o
                0x000000000000ae4c                udi_hid_exk_disable
 .text.udi_hid_exk_setreport_valid
                0x000000000000ae50        0x2 .build/obj_massdrop_alt_default_md/protocol/arm_atsam/usb/udi_hid_kbd.o
 .text.udi_hid_nkro_setreport_valid
                0x000000000000ae52        0x2 .build/obj_massdrop_alt_default_md/protocol/arm_atsam/usb/udi_hid_kbd.o
 .text.udi_hid_exk_getsetting
                0x000000000000ae54        0x4 .build/obj_massdrop_alt_default_md/protocol/arm_atsam/usb/udi_hid_kbd.o
                0x000000000000ae54                udi_hid_exk_getsetting
 .text.udi_hid_nkro_getsetting
                0x000000000000ae58        0x4 .build/obj_massdrop_alt_default_md/protocol/arm_atsam/usb/udi_hid_kbd.o
                0x000000000000ae58                udi_hid_nkro_getsetting
 .text.udi_hid_kbd_send_report
                0x000000000000ae5c       0x5c .build/obj_massdrop_alt_default_md/protocol/arm_atsam/usb/udi_hid_kbd.o
                0x000000000000ae5c                udi_hid_kbd_send_report
 .text.udi_hid_kbd_report_sent
                0x000000000000aeb8       0x1c .build/obj_massdrop_alt_default_md/protocol/arm_atsam/usb/udi_hid_kbd.o
 .text.udi_hid_nkro_send_report
                0x000000000000aed4       0x64 .build/obj_massdrop_alt_default_md/protocol/arm_atsam/usb/udi_hid_kbd.o
                0x000000000000aed4                udi_hid_nkro_send_report
 .text.udi_hid_nkro_report_sent
                0x000000000000af38       0x1c .build/obj_massdrop_alt_default_md/protocol/arm_atsam/usb/udi_hid_kbd.o
 .text.udi_hid_exk_send_report
                0x000000000000af54       0x54 .build/obj_massdrop_alt_default_md/protocol/arm_atsam/usb/udi_hid_kbd.o
                0x000000000000af54                udi_hid_exk_send_report
 .text.udi_hid_exk_report_sent
                0x000000000000afa8       0x1c .build/obj_massdrop_alt_default_md/protocol/arm_atsam/usb/udi_hid_kbd.o
 .text.ui_powerdown
                0x000000000000afc4        0x2 .build/obj_massdrop_alt_default_md/protocol/arm_atsam/usb/ui.o
                0x000000000000afc4                ui_powerdown
 .text.ui_wakeup_enable
                0x000000000000afc6        0x2 .build/obj_massdrop_alt_default_md/protocol/arm_atsam/usb/ui.o
                0x000000000000afc6                ui_wakeup_enable
 .text.ui_wakeup_disable
                0x000000000000afc8        0x2 .build/obj_massdrop_alt_default_md/protocol/arm_atsam/usb/ui.o
                0x000000000000afc8                ui_wakeup_disable
 .text.ui_wakeup
                0x000000000000afca        0x2 .build/obj_massdrop_alt_default_md/protocol/arm_atsam/usb/ui.o
                0x000000000000afca                ui_wakeup
 .text.ui_process
                0x000000000000afcc        0x2 .build/obj_massdrop_alt_default_md/protocol/arm_atsam/usb/ui.o
                0x000000000000afcc                ui_process
 *fill*         0x000000000000afce        0x2 
 .text.USB_write2422_block
                0x000000000000afd0       0x7c .build/obj_massdrop_alt_default_md/protocol/arm_atsam/usb/usb2422.o
                0x000000000000afd0                USB_write2422_block
 .text.USB2422_init
                0x000000000000b04c      0x228 .build/obj_massdrop_alt_default_md/protocol/arm_atsam/usb/usb2422.o
                0x000000000000b04c                USB2422_init
 .text.USB_reset
                0x000000000000b274       0x38 .build/obj_massdrop_alt_default_md/protocol/arm_atsam/usb/usb2422.o
                0x000000000000b274                USB_reset
 .text.USB_configure
                0x000000000000b2ac       0xf8 .build/obj_massdrop_alt_default_md/protocol/arm_atsam/usb/usb2422.o
                0x000000000000b2ac                USB_configure
 .text.USB_active
                0x000000000000b3a4       0x10 .build/obj_massdrop_alt_default_md/protocol/arm_atsam/usb/usb2422.o
                0x000000000000b3a4                USB_active
 .text.USB_set_host_by_voltage
                0x000000000000b3b4      0x110 .build/obj_massdrop_alt_default_md/protocol/arm_atsam/usb/usb2422.o
                0x000000000000b3b4                USB_set_host_by_voltage
 .text.USB2422_Port_Detect_Init
                0x000000000000b4c4       0x98 .build/obj_massdrop_alt_default_md/protocol/arm_atsam/usb/usb2422.o
                0x000000000000b4c4                USB2422_Port_Detect_Init
 .text.USB_ExtraSetState
                0x000000000000b55c       0x9c .build/obj_massdrop_alt_default_md/protocol/arm_atsam/usb/usb2422.o
                0x000000000000b55c                USB_ExtraSetState
 .text.USB_HandleExtraDevice
                0x000000000000b5f8       0xb0 .build/obj_massdrop_alt_default_md/protocol/arm_atsam/usb/usb2422.o
                0x000000000000b5f8                USB_HandleExtraDevice
 .text._usb_device_interrupt_handler
                0x000000000000b6a8      0x200 .build/obj_massdrop_alt_default_md/protocol/arm_atsam/usb/usb.o
 .text.usb_device_register_callback
                0x000000000000b8a8       0x20 .build/obj_massdrop_alt_default_md/protocol/arm_atsam/usb/usb.o
                0x000000000000b8a8                usb_device_register_callback
 .text.usb_device_enable_callback
                0x000000000000b8c8       0x20 .build/obj_massdrop_alt_default_md/protocol/arm_atsam/usb/usb.o
                0x000000000000b8c8                usb_device_enable_callback
 .text.usb_device_disable_callback
                0x000000000000b8e8       0x20 .build/obj_massdrop_alt_default_md/protocol/arm_atsam/usb/usb.o
                0x000000000000b8e8                usb_device_disable_callback
 .text.usb_device_endpoint_register_callback
                0x000000000000b908       0x28 .build/obj_massdrop_alt_default_md/protocol/arm_atsam/usb/usb.o
                0x000000000000b908                usb_device_endpoint_register_callback
 .text.usb_device_endpoint_unregister_callback
                0x000000000000b930       0x2c .build/obj_massdrop_alt_default_md/protocol/arm_atsam/usb/usb.o
                0x000000000000b930                usb_device_endpoint_unregister_callback
 .text.usb_device_endpoint_enable_callback
                0x000000000000b95c       0x88 .build/obj_massdrop_alt_default_md/protocol/arm_atsam/usb/usb.o
                0x000000000000b95c                usb_device_endpoint_enable_callback
 .text.usb_device_endpoint_disable_callback
                0x000000000000b9e4       0x88 .build/obj_massdrop_alt_default_md/protocol/arm_atsam/usb/usb.o
                0x000000000000b9e4                usb_device_endpoint_disable_callback
 .text.usb_device_endpoint_get_config_defaults
                0x000000000000ba6c        0xe .build/obj_massdrop_alt_default_md/protocol/arm_atsam/usb/usb.o
                0x000000000000ba6c                usb_device_endpoint_get_config_defaults
 *fill*         0x000000000000ba7a        0x2 
 .text.usb_device_endpoint_set_config
                0x000000000000ba7c      0x180 .build/obj_massdrop_alt_default_md/protocol/arm_atsam/usb/usb.o
                0x000000000000ba7c                usb_device_endpoint_set_config
 .text.usb_device_endpoint_abort_job
                0x000000000000bbfc       0x2c .build/obj_massdrop_alt_default_md/protocol/arm_atsam/usb/usb.o
                0x000000000000bbfc                usb_device_endpoint_abort_job
 .text.usb_device_endpoint_is_halted
                0x000000000000bc28       0x1e .build/obj_massdrop_alt_default_md/protocol/arm_atsam/usb/usb.o
                0x000000000000bc28                usb_device_endpoint_is_halted