Archive member included to satisfy reference by file (symbol)

/usr/local/Cellar/gcc-arm-none-eabi/20180627/bin/../lib/gcc/arm-none-eabi/7.3.1/../../../../arm-none-eabi/lib/thumb/v7e-m/libm.a(lib_a-w_pow.o)
                              .build/obj_planck_rev6_default/quantum/process_keycode/process_audio.o (pow)
/usr/local/Cellar/gcc-arm-none-eabi/20180627/bin/../lib/gcc/arm-none-eabi/7.3.1/../../../../arm-none-eabi/lib/thumb/v7e-m/libm.a(lib_a-e_pow.o)
                              /usr/local/Cellar/gcc-arm-none-eabi/20180627/bin/../lib/gcc/arm-none-eabi/7.3.1/../../../../arm-none-eabi/lib/thumb/v7e-m/libm.a(lib_a-w_pow.o) (__ieee754_pow)
/usr/local/Cellar/gcc-arm-none-eabi/20180627/bin/../lib/gcc/arm-none-eabi/7.3.1/../../../../arm-none-eabi/lib/thumb/v7e-m/libm.a(lib_a-e_sqrt.o)
                              /usr/local/Cellar/gcc-arm-none-eabi/20180627/bin/../lib/gcc/arm-none-eabi/7.3.1/../../../../arm-none-eabi/lib/thumb/v7e-m/libm.a(lib_a-e_pow.o) (__ieee754_sqrt)
/usr/local/Cellar/gcc-arm-none-eabi/20180627/bin/../lib/gcc/arm-none-eabi/7.3.1/../../../../arm-none-eabi/lib/thumb/v7e-m/libm.a(lib_a-s_fabs.o)
                              /usr/local/Cellar/gcc-arm-none-eabi/20180627/bin/../lib/gcc/arm-none-eabi/7.3.1/../../../../arm-none-eabi/lib/thumb/v7e-m/libm.a(lib_a-e_pow.o) (fabs)
/usr/local/Cellar/gcc-arm-none-eabi/20180627/bin/../lib/gcc/arm-none-eabi/7.3.1/../../../../arm-none-eabi/lib/thumb/v7e-m/libm.a(lib_a-s_finite.o)
                              /usr/local/Cellar/gcc-arm-none-eabi/20180627/bin/../lib/gcc/arm-none-eabi/7.3.1/../../../../arm-none-eabi/lib/thumb/v7e-m/libm.a(lib_a-w_pow.o) (finite)
/usr/local/Cellar/gcc-arm-none-eabi/20180627/bin/../lib/gcc/arm-none-eabi/7.3.1/../../../../arm-none-eabi/lib/thumb/v7e-m/libm.a(lib_a-s_lib_ver.o)
                              /usr/local/Cellar/gcc-arm-none-eabi/20180627/bin/../lib/gcc/arm-none-eabi/7.3.1/../../../../arm-none-eabi/lib/thumb/v7e-m/libm.a(lib_a-w_pow.o) (__fdlib_version)
/usr/local/Cellar/gcc-arm-none-eabi/20180627/bin/../lib/gcc/arm-none-eabi/7.3.1/../../../../arm-none-eabi/lib/thumb/v7e-m/libm.a(lib_a-s_matherr.o)
                              /usr/local/Cellar/gcc-arm-none-eabi/20180627/bin/../lib/gcc/arm-none-eabi/7.3.1/../../../../arm-none-eabi/lib/thumb/v7e-m/libm.a(lib_a-w_pow.o) (matherr)
/usr/local/Cellar/gcc-arm-none-eabi/20180627/bin/../lib/gcc/arm-none-eabi/7.3.1/../../../../arm-none-eabi/lib/thumb/v7e-m/libm.a(lib_a-s_nan.o)
                              /usr/local/Cellar/gcc-arm-none-eabi/20180627/bin/../lib/gcc/arm-none-eabi/7.3.1/../../../../arm-none-eabi/lib/thumb/v7e-m/libm.a(lib_a-e_pow.o) (nan)
/usr/local/Cellar/gcc-arm-none-eabi/20180627/bin/../lib/gcc/arm-none-eabi/7.3.1/../../../../arm-none-eabi/lib/thumb/v7e-m/libm.a(lib_a-s_rint.o)
                              /usr/local/Cellar/gcc-arm-none-eabi/20180627/bin/../lib/gcc/arm-none-eabi/7.3.1/../../../../arm-none-eabi/lib/thumb/v7e-m/libm.a(lib_a-w_pow.o) (rint)
/usr/local/Cellar/gcc-arm-none-eabi/20180627/bin/../lib/gcc/arm-none-eabi/7.3.1/../../../../arm-none-eabi/lib/thumb/v7e-m/libm.a(lib_a-s_scalbn.o)
                              /usr/local/Cellar/gcc-arm-none-eabi/20180627/bin/../lib/gcc/arm-none-eabi/7.3.1/../../../../arm-none-eabi/lib/thumb/v7e-m/libm.a(lib_a-e_pow.o) (scalbn)
/usr/local/Cellar/gcc-arm-none-eabi/20180627/bin/../lib/gcc/arm-none-eabi/7.3.1/../../../../arm-none-eabi/lib/thumb/v7e-m/libm.a(lib_a-s_copysign.o)
                              /usr/local/Cellar/gcc-arm-none-eabi/20180627/bin/../lib/gcc/arm-none-eabi/7.3.1/../../../../arm-none-eabi/lib/thumb/v7e-m/libm.a(lib_a-s_scalbn.o) (copysign)
/usr/local/Cellar/gcc-arm-none-eabi/20180627/bin/../lib/gcc/arm-none-eabi/7.3.1/thumb/v7e-m/libgcc.a(_arm_addsubdf3.o)
                              /usr/local/Cellar/gcc-arm-none-eabi/20180627/bin/../lib/gcc/arm-none-eabi/7.3.1/../../../../arm-none-eabi/lib/thumb/v7e-m/libm.a(lib_a-e_pow.o) (__aeabi_dsub)
/usr/local/Cellar/gcc-arm-none-eabi/20180627/bin/../lib/gcc/arm-none-eabi/7.3.1/thumb/v7e-m/libgcc.a(_arm_muldivdf3.o)
                              .build/obj_planck_rev6_default/quantum/process_keycode/process_audio.o (__aeabi_dmul)
/usr/local/Cellar/gcc-arm-none-eabi/20180627/bin/../lib/gcc/arm-none-eabi/7.3.1/thumb/v7e-m/libgcc.a(_arm_cmpdf2.o)
                              /usr/local/Cellar/gcc-arm-none-eabi/20180627/bin/../lib/gcc/arm-none-eabi/7.3.1/../../../../arm-none-eabi/lib/thumb/v7e-m/libm.a(lib_a-w_pow.o) (__aeabi_dcmpeq)
/usr/local/Cellar/gcc-arm-none-eabi/20180627/bin/../lib/gcc/arm-none-eabi/7.3.1/thumb/v7e-m/libgcc.a(_arm_unorddf2.o)
                              /usr/local/Cellar/gcc-arm-none-eabi/20180627/bin/../lib/gcc/arm-none-eabi/7.3.1/../../../../arm-none-eabi/lib/thumb/v7e-m/libm.a(lib_a-w_pow.o) (__aeabi_dcmpun)
/usr/local/Cellar/gcc-arm-none-eabi/20180627/bin/../lib/gcc/arm-none-eabi/7.3.1/thumb/v7e-m/libgcc.a(_arm_truncdfsf2.o)
[...]
Memory Configuration

Name             Origin             Length             Attributes
flash0           0x0000000008000000 0x0000000000040000
flash1           0x0000000000000000 0x0000000000000000
flash2           0x0000000000000000 0x0000000000000000
flash3           0x0000000000000000 0x0000000000000000
flash4           0x0000000000000000 0x0000000000000000
flash5           0x0000000000000000 0x0000000000000000
flash6           0x0000000000000000 0x0000000000000000
flash7           0x0000000000000000 0x0000000000000000
ram0             0x0000000020000000 0x000000000000a000
ram1             0x0000000000000000 0x0000000000000000
ram2             0x0000000000000000 0x0000000000000000
ram3             0x0000000000000000 0x0000000000000000
ram4             0x0000000010000000 0x0000000000002000
ram5             0x0000000000000000 0x0000000000000000
ram6             0x0000000000000000 0x0000000000000000
ram7             0x0000000000000000 0x0000000000000000
*default*        0x0000000000000000 0xffffffffffffffff

Linker script and memory map

LOAD /usr/local/Cellar/gcc-arm-none-eabi/20180627/bin/../lib/gcc/arm-none-eabi/7.3.1/thumb/v7e-m/crti.o
LOAD /usr/local/Cellar/gcc-arm-none-eabi/20180627/bin/../lib/gcc/arm-none-eabi/7.3.1/thumb/v7e-m/crtbegin.o
LOAD /usr/local/Cellar/gcc-arm-none-eabi/20180627/bin/../lib/gcc/arm-none-eabi/7.3.1/../../../../arm-none-eabi/lib/thumb/v7e-m/crt0.o
LOAD .build/obj_planck_rev6_default/muse.o
LOAD .build/obj_planck_rev6_default/keyboards/planck/planck.o
LOAD .build/obj_planck_rev6_default/keyboards/planck/rev6/rev6.o
LOAD .build/obj_planck_rev6_default/keyboards/planck/keymaps/default/keymap.o
LOAD .build/obj_planck_rev6_default/quantum/quantum.o
LOAD .build/obj_planck_rev6_default/quantum/keymap_common.o
LOAD .build/obj_planck_rev6_default/quantum/keycode_config.o
LOAD .build/obj_planck_rev6_default/quantum/matrix.o
LOAD .build/obj_planck_rev6_default/quantum/debounce/sym_g.o
LOAD .build/obj_planck_rev6_default/quantum/process_keycode/process_audio.o
LOAD .build/obj_planck_rev6_default/quantum/process_keycode/process_clicky.o
LOAD .build/obj_planck_rev6_default/quantum/audio/audio_arm.o
LOAD .build/obj_planck_rev6_default/quantum/audio/voices.o
LOAD .build/obj_planck_rev6_default/quantum/audio/luts.o
LOAD .build/obj_planck_rev6_default/quantum/process_keycode/process_music.o
LOAD .build/obj_planck_rev6_default/quantum/encoder.o
LOAD .build/obj_planck_rev6_default/quantum/process_keycode/process_space_cadet.o
LOAD .build/obj_planck_rev6_default/quantum/dip_switch.o
LOAD .build/obj_planck_rev6_default/common/host.o
LOAD .build/obj_planck_rev6_default/common/keyboard.o
LOAD .build/obj_planck_rev6_default/common/action.o
LOAD .build/obj_planck_rev6_default/common/action_tapping.o
LOAD .build/obj_planck_rev6_default/common/action_macro.o
LOAD .build/obj_planck_rev6_default/common/action_layer.o
LOAD .build/obj_planck_rev6_default/common/action_util.o
LOAD .build/obj_planck_rev6_default/common/print.o
LOAD .build/obj_planck_rev6_default/common/debug.o
LOAD .build/obj_planck_rev6_default/common/util.o
LOAD .build/obj_planck_rev6_default/common/eeconfig.o
LOAD .build/obj_planck_rev6_default/common/report.o
LOAD .build/obj_planck_rev6_default/common/chibios/suspend.o
LOAD .build/obj_planck_rev6_default/common/chibios/timer.o
LOAD .build/obj_planck_rev6_default/common/chibios/bootloader.o
LOAD .build/obj_planck_rev6_default/common/chibios/printf.o
LOAD .build/obj_planck_rev6_default/common/chibios/eeprom_stm32.o
LOAD .build/obj_planck_rev6_default/common/chibios/flash_stm32.o
LOAD .build/obj_planck_rev6_default/common/bootmagic.o
LOAD .build/obj_planck_rev6_default/common/mousekey.o
LOAD .build/obj_planck_rev6_default/common/command.o
LOAD .build/obj_planck_rev6_default/protocol/chibios/usb_main.o
LOAD .build/obj_planck_rev6_default/protocol/chibios/main.o
LOAD .build/obj_planck_rev6_default/usb_descriptor.o
LOAD .build/obj_planck_rev6_default/protocol/chibios/usb_driver.o
LOAD .build/obj_planck_rev6/lib/chibios/os/common/startup/ARMCMx/compilers/GCC/crt1.o
LOAD .build/obj_planck_rev6/lib/chibios/os/common/startup/ARMCMx/compilers/GCC/vectors.o
LOAD .build/obj_planck_rev6/lib/chibios/os/rt/src/chsys.o
LOAD .build/obj_planck_rev6/lib/chibios/os/rt/src/chdebug.o
LOAD .build/obj_planck_rev6/lib/chibios/os/rt/src/chtrace.o
LOAD .build/obj_planck_rev6/lib/chibios/os/rt/src/chvt.o
LOAD .build/obj_planck_rev6/lib/chibios/os/rt/src/chschd.o
LOAD .build/obj_planck_rev6/lib/chibios/os/rt/src/chthreads.o
LOAD .build/obj_planck_rev6/lib/chibios/os/rt/src/chtm.o
LOAD .build/obj_planck_rev6/lib/chibios/os/rt/src/chstats.o
LOAD .build/obj_planck_rev6/lib/chibios/os/rt/src/chregistry.o
LOAD .build/obj_planck_rev6/lib/chibios/os/rt/src/chsem.o
LOAD .build/obj_planck_rev6/lib/chibios/os/rt/src/chmtx.o
LOAD .build/obj_planck_rev6/lib/chibios/os/rt/src/chcond.o
LOAD .build/obj_planck_rev6/lib/chibios/os/rt/src/chevents.o
LOAD .build/obj_planck_rev6/lib/chibios/os/rt/src/chmsg.o
LOAD .build/obj_planck_rev6/lib/chibios/os/rt/src/chdynamic.o
LOAD .build/obj_planck_rev6/lib/chibios/os/common/oslib/src/chmboxes.o
LOAD .build/obj_planck_rev6/lib/chibios/os/common/oslib/src/chmemcore.o
LOAD .build/obj_planck_rev6/lib/chibios/os/common/oslib/src/chheap.o
LOAD .build/obj_planck_rev6/lib/chibios/os/common/oslib/src/chmempools.o
LOAD .build/obj_planck_rev6/lib/chibios/os/common/ports/ARMCMx/chcore.o
LOAD .build/obj_planck_rev6/lib/chibios/os/common/ports/ARMCMx/chcore_v7m.o
LOAD .build/obj_planck_rev6/lib/chibios/os/hal/osal/rt/osal.o
LOAD .build/obj_planck_rev6/lib/chibios/os/hal/src/hal.o
LOAD .build/obj_planck_rev6/lib/chibios/os/hal/src/hal_buffers.o
LOAD .build/obj_planck_rev6/lib/chibios/os/hal/src/hal_queues.o
LOAD .build/obj_planck_rev6/lib/chibios/os/hal/src/hal_mmcsd.o
LOAD .build/obj_planck_rev6/lib/chibios/os/hal/src/hal_adc.o
LOAD .build/obj_planck_rev6/lib/chibios/os/hal/src/hal_can.o
LOAD .build/obj_planck_rev6/lib/chibios/os/hal/src/hal_dac.o
LOAD .build/obj_planck_rev6/lib/chibios/os/hal/src/hal_ext.o
LOAD .build/obj_planck_rev6/lib/chibios/os/hal/src/hal_gpt.o
LOAD .build/obj_planck_rev6/lib/chibios/os/hal/src/hal_i2c.o
LOAD .build/obj_planck_rev6/lib/chibios/os/hal/src/hal_i2s.o
LOAD .build/obj_planck_rev6/lib/chibios/os/hal/src/hal_icu.o
LOAD .build/obj_planck_rev6/lib/chibios/os/hal/src/hal_mac.o
LOAD .build/obj_planck_rev6/lib/chibios/os/hal/src/hal_mmc_spi.o
LOAD .build/obj_planck_rev6/lib/chibios/os/hal/src/hal_pal.o
LOAD .build/obj_planck_rev6/lib/chibios/os/hal/src/hal_pwm.o
LOAD .build/obj_planck_rev6/lib/chibios/os/hal/src/hal_qspi.o
LOAD .build/obj_planck_rev6/lib/chibios/os/hal/src/hal_rtc.o
LOAD .build/obj_planck_rev6/lib/chibios/os/hal/src/hal_sdc.o
LOAD .build/obj_planck_rev6/lib/chibios/os/hal/src/hal_serial.o
LOAD .build/obj_planck_rev6/lib/chibios/os/hal/src/hal_serial_usb.o
LOAD .build/obj_planck_rev6/lib/chibios/os/hal/src/hal_spi.o
LOAD .build/obj_planck_rev6/lib/chibios/os/hal/src/hal_st.o
LOAD .build/obj_planck_rev6/lib/chibios/os/hal/src/hal_uart.o
LOAD .build/obj_planck_rev6/lib/chibios/os/hal/src/hal_usb.o
LOAD .build/obj_planck_rev6/lib/chibios/os/hal/src/hal_wdg.o
LOAD .build/obj_planck_rev6/lib/chibios/os/hal/ports/common/ARMCMx/nvic.o
LOAD .build/obj_planck_rev6/lib/chibios/os/hal/ports/STM32/STM32F3xx/hal_lld.o
LOAD .build/obj_planck_rev6/lib/chibios/os/hal/ports/STM32/STM32F3xx/hal_ext_lld_isr.o
LOAD .build/obj_planck_rev6/lib/chibios/os/hal/ports/STM32/LLD/ADCv3/hal_adc_lld.o
LOAD .build/obj_planck_rev6/lib/chibios/os/hal/ports/STM32/LLD/CANv1/hal_can_lld.o
LOAD .build/obj_planck_rev6/lib/chibios/os/hal/ports/STM32/LLD/DACv1/hal_dac_lld.o
LOAD .build/obj_planck_rev6/lib/chibios/os/hal/ports/STM32/LLD/DMAv1/stm32_dma.o
LOAD .build/obj_planck_rev6/lib/chibios/os/hal/ports/STM32/LLD/EXTIv1/hal_ext_lld.o
LOAD .build/obj_planck_rev6/lib/chibios/os/hal/ports/STM32/LLD/GPIOv2/hal_pal_lld.o
LOAD .build/obj_planck_rev6/lib/chibios/os/hal/ports/STM32/LLD/I2Cv2/hal_i2c_lld.o
LOAD .build/obj_planck_rev6/lib/chibios/os/hal/ports/STM32/LLD/RTCv2/hal_rtc_lld.o
LOAD .build/obj_planck_rev6/lib/chibios/os/hal/ports/STM32/LLD/SPIv2/hal_i2s_lld.o
LOAD .build/obj_planck_rev6/lib/chibios/os/hal/ports/STM32/LLD/SPIv2/hal_spi_lld.o
LOAD .build/obj_planck_rev6/lib/chibios/os/hal/ports/STM32/LLD/TIMv1/hal_st_lld.o
LOAD .build/obj_planck_rev6/lib/chibios/os/hal/ports/STM32/LLD/TIMv1/hal_gpt_lld.o
LOAD .build/obj_planck_rev6/lib/chibios/os/hal/ports/STM32/LLD/TIMv1/hal_icu_lld.o
LOAD .build/obj_planck_rev6/lib/chibios/os/hal/ports/STM32/LLD/TIMv1/hal_pwm_lld.o
LOAD .build/obj_planck_rev6/lib/chibios/os/hal/ports/STM32/LLD/USARTv2/hal_serial_lld.o
LOAD .build/obj_planck_rev6/lib/chibios/os/hal/ports/STM32/LLD/USARTv2/hal_uart_lld.o
LOAD .build/obj_planck_rev6/lib/chibios/os/hal/ports/STM32/LLD/USBv1/hal_usb_lld.o
LOAD .build/obj_planck_rev6/lib/chibios/os/hal/ports/STM32/LLD/xWDGv1/hal_wdg_lld.o
LOAD .build/obj_planck_rev6/drivers/boards/GENERIC_STM32_F303XC/board.o
LOAD .build/obj_planck_rev6/lib/chibios/os/hal/lib/streams/chprintf.o
LOAD .build/obj_planck_rev6/lib/chibios/os/hal/lib/streams/memstreams.o
LOAD .build/obj_planck_rev6/lib/chibios/os/hal/lib/streams/nullstreams.o
LOAD .build/obj_planck_rev6/lib/chibios/os/common/startup/ARMCMx/compilers/GCC/crt0_v7m.o
LOAD .build/obj_planck_rev6/lib/chibios/os/common/ports/ARMCMx/compilers/GCC/chcoreasm_v7m.o

.mstack         0x0000000020000000      0x400
                0x0000000020000000                . = ALIGN (0x8)
                0x0000000020000000                __main_stack_base__ = .
                0x0000000020000400                . = (. + __main_stack_size__)
 *fill*         0x0000000020000000      0x400 
                0x0000000020000400                . = ALIGN (0x8)
                0x0000000020000400                __main_stack_end__ = .

.pstack         0x0000000020000400      0x800
                0x0000000020000400                __process_stack_base__ = .
                0x0000000020000400                __main_thread_stack_base__ = .
                0x0000000020000c00                . = (. + __process_stack_size__)
 *fill*         0x0000000020000400      0x800 
                0x0000000020000c00                . = ALIGN (0x8)
                0x0000000020000c00                __process_stack_end__ = .
                0x0000000020000c00                __main_thread_stack_end__ = .

.vectors        0x0000000008000000      0x1a0
 *(.vectors)
 .vectors       0x0000000008000000      0x1a0 .build/obj_planck_rev6/lib/chibios/os/common/startup/ARMCMx/compilers/GCC/vectors.o
                0x0000000008000000                _vectors

.xtors          0x00000000080001a0        0xc
                0x00000000080001a0                __init_array_start = .
 *(SORT_BY_NAME(.init_array.*))
 .init_array.00000
                0x00000000080001a0        0x4 /usr/local/Cellar/gcc-arm-none-eabi/20180627/bin/../lib/gcc/arm-none-eabi/7.3.1/../../../../arm-none-eabi/lib/thumb/v7e-m/libg.a(lib_a-__call_atexit.o)
 *(.init_array)
 .init_array    0x00000000080001a4        0x4 /usr/local/Cellar/gcc-arm-none-eabi/20180627/bin/../lib/gcc/arm-none-eabi/7.3.1/thumb/v7e-m/crtbegin.o
                0x00000000080001a8                __init_array_end = .
                0x00000000080001a8                __fini_array_start = .
 *(.fini_array)
 .fini_array    0x00000000080001a8        0x4 /usr/local/Cellar/gcc-arm-none-eabi/20180627/bin/../lib/gcc/arm-none-eabi/7.3.1/thumb/v7e-m/crtbegin.o
 *(SORT_BY_NAME(.fini_array.*))
                0x00000000080001ac                __fini_array_end = .

.text           0x00000000080001b0     0xa4b0
 *(.text)
 .text          0x00000000080001b0       0x40 /usr/local/Cellar/gcc-arm-none-eabi/20180627/bin/../lib/gcc/arm-none-eabi/7.3.1/thumb/v7e-m/crtbegin.o
 .text          0x00000000080001f0      0x118 .build/obj_planck_rev6/lib/chibios/os/common/startup/ARMCMx/compilers/GCC/crt0_v7m.o
                0x00000000080001f0                Reset_Handler
 .text          0x0000000008000308       0x30 .build/obj_planck_rev6/lib/chibios/os/common/ports/ARMCMx/compilers/GCC/chcoreasm_v7m.o
                0x0000000008000308                _port_switch
                0x0000000008000320                _port_thread_start
                0x0000000008000330                _port_switch_from_isr
                0x0000000008000334                _port_exit_from_isr
 .text          0x0000000008000338      0x378 /usr/local/Cellar/gcc-arm-none-eabi/20180627/bin/../lib/gcc/arm-none-eabi/7.3.1/thumb/v7e-m/libgcc.a(_arm_addsubdf3.o)
                0x0000000008000338                __aeabi_drsub
                0x0000000008000340                __subdf3
                0x0000000008000340                __aeabi_dsub
                0x0000000008000344                __aeabi_dadd
                0x0000000008000344                __adddf3
                0x00000000080005bc                __aeabi_ui2d
                0x00000000080005bc                __floatunsidf
                0x00000000080005dc                __floatsidf
                0x00000000080005dc                __aeabi_i2d
                0x0000000008000600                __extendsfdf2
                0x0000000008000600                __aeabi_f2d
                0x0000000008000644                __aeabi_ul2d
                0x0000000008000644                __floatundidf
                0x0000000008000654                __aeabi_l2d
                0x0000000008000654                __floatdidf
 .text          0x00000000080006b0      0x424 /usr/local/Cellar/gcc-arm-none-eabi/20180627/bin/../lib/gcc/arm-none-eabi/7.3.1/thumb/v7e-m/libgcc.a(_arm_muldivdf3.o)
                0x00000000080006b0                __aeabi_dmul
                0x00000000080006b0                __muldf3
                0x0000000008000904                __aeabi_ddiv
                0x0000000008000904                __divdf3
 .text          0x0000000008000ad4      0x110 /usr/local/Cellar/gcc-arm-none-eabi/20180627/bin/../lib/gcc/arm-none-eabi/7.3.1/thumb/v7e-m/libgcc.a(_arm_cmpdf2.o)
                0x0000000008000ad4                __gedf2
                0x0000000008000ad4                __gtdf2
                0x0000000008000adc                __ledf2
                0x0000000008000adc                __ltdf2
                0x0000000008000ae4                __cmpdf2
                0x0000000008000ae4                __eqdf2
                0x0000000008000ae4                __nedf2
                0x0000000008000b60                __aeabi_cdrcmple
                0x0000000008000b70                __aeabi_cdcmple
                0x0000000008000b70                __aeabi_cdcmpeq
                0x0000000008000b80                __aeabi_dcmpeq
                0x0000000008000b94                __aeabi_dcmplt
                0x0000000008000ba8                __aeabi_dcmple
                0x0000000008000bbc                __aeabi_dcmpge
                0x0000000008000bd0                __aeabi_dcmpgt
 .text          0x0000000008000be4       0x2c /usr/local/Cellar/gcc-arm-none-eabi/20180627/bin/../lib/gcc/arm-none-eabi/7.3.1/thumb/v7e-m/libgcc.a(_arm_unorddf2.o)
                0x0000000008000be4                __aeabi_dcmpun
                0x0000000008000be4                __unorddf2
 .text          0x0000000008000c10       0xa0 /usr/local/Cellar/gcc-arm-none-eabi/20180627/bin/../lib/gcc/arm-none-eabi/7.3.1/thumb/v7e-m/libgcc.a(_arm_truncdfsf2.o)
                0x0000000008000c10                __aeabi_d2f
                0x0000000008000c10                __truncdfsf2
 .text          0x0000000008000cb0      0x21c /usr/local/Cellar/gcc-arm-none-eabi/20180627/bin/../lib/gcc/arm-none-eabi/7.3.1/thumb/v7e-m/libgcc.a(_arm_addsubsf3.o)
                0x0000000008000cb0                __aeabi_frsub
                0x0000000008000cb8                __aeabi_fsub
                0x0000000008000cb8                __subsf3
                0x0000000008000cbc                __aeabi_fadd
                0x0000000008000cbc                __addsf3
                0x0000000008000e1c                __aeabi_ui2f
                0x0000000008000e1c                __floatunsisf
                0x0000000008000e24                __floatsisf
                0x0000000008000e24                __aeabi_i2f
                0x0000000008000e40                __aeabi_ul2f
                0x0000000008000e40                __floatundisf
                0x0000000008000e50                __aeabi_l2f
                0x0000000008000e50                __floatdisf
 .text          0x0000000008000ecc      0x2a0 /usr/local/Cellar/gcc-arm-none-eabi/20180627/bin/../lib/gcc/arm-none-eabi/7.3.1/thumb/v7e-m/libgcc.a(_arm_muldivsf3.o)
                0x0000000008000ecc                __mulsf3
                0x0000000008000ecc                __aeabi_fmul
                0x0000000008001034                __divsf3
                0x0000000008001034                __aeabi_fdiv
 .text          0x000000000800116c       0xec /usr/local/Cellar/gcc-arm-none-eabi/20180627/bin/../lib/gcc/arm-none-eabi/7.3.1/thumb/v7e-m/libgcc.a(_arm_cmpsf2.o)
                0x000000000800116c                __gesf2
                0x000000000800116c                __gtsf2
                0x0000000008001174                __ltsf2
                0x0000000008001174                __lesf2
                0x000000000800117c                __nesf2
                0x000000000800117c                __eqsf2
                0x000000000800117c                __cmpsf2
                0x00000000080011dc                __aeabi_cfrcmple
                0x00000000080011e4                __aeabi_cfcmpeq
                0x00000000080011e4                __aeabi_cfcmple
                0x00000000080011f4                __aeabi_fcmpeq
                0x0000000008001208                __aeabi_fcmplt
                0x000000000800121c                __aeabi_fcmple
                0x0000000008001230                __aeabi_fcmpge
                0x0000000008001244                __aeabi_fcmpgt
 .text          0x0000000008001258       0x4c /usr/local/Cellar/gcc-arm-none-eabi/20180627/bin/../lib/gcc/arm-none-eabi/7.3.1/thumb/v7e-m/libgcc.a(_arm_fixsfsi.o)
                0x0000000008001258                __fixsfsi
                0x0000000008001258                __aeabi_f2iz
 .text          0x00000000080012a4       0x40 /usr/local/Cellar/gcc-arm-none-eabi/20180627/bin/../lib/gcc/arm-none-eabi/7.3.1/thumb/v7e-m/libgcc.a(_arm_fixunssfsi.o)
                0x00000000080012a4                __aeabi_f2uiz
                0x00000000080012a4                __fixunssfsi
 .text          0x00000000080012e4      0x134 /usr/local/Cellar/gcc-arm-none-eabi/20180627/bin/../lib/gcc/arm-none-eabi/7.3.1/../../../../arm-none-eabi/lib/thumb/v7e-m/libg.a(lib_a-memcpy.o)
                0x00000000080012e4                memcpy
 *(.text.*)
 .text.bit_for_value
                0x0000000008001418       0x78 .build/obj_planck_rev6_default/muse.o
                0x0000000008001418                bit_for_value
 .text.muse_clock_pulse
                0x0000000008001490       0xc8 .build/obj_planck_rev6_default/muse.o
                0x0000000008001490                muse_clock_pulse
 .text.matrix_init_kb
                0x0000000008001558        0x4 .build/obj_planck_rev6_default/keyboards/planck/rev6/rev6.o
                0x0000000008001558                matrix_init_kb
 .text.matrix_scan_kb
                0x000000000800155c        0x4 .build/obj_planck_rev6_default/keyboards/planck/rev6/rev6.o
                0x000000000800155c                matrix_scan_kb
 .text.layer_state_set_user
                0x0000000008001560        0xa .build/obj_planck_rev6_default/keyboards/planck/keymaps/default/keymap.o
                0x0000000008001560                layer_state_set_user
 *fill*         0x000000000800156a        0x2 
 .text.process_record_user
                0x000000000800156c       0xc8 .build/obj_planck_rev6_default/keyboards/planck/keymaps/default/keymap.o
                0x000000000800156c                process_record_user
 .text.encoder_update_user
                0x0000000008001634       0x4c .build/obj_planck_rev6_default/keyboards/planck/keymaps/default/keymap.o
                0x0000000008001634                encoder_update_user
 .text.dip_switch_update_user
                0x0000000008001680       0x58 .build/obj_planck_rev6_default/keyboards/planck/keymaps/default/keymap.o
                0x0000000008001680                dip_switch_update_user
 .text.matrix_scan_user
                0x00000000080016d8       0xa0 .build/obj_planck_rev6_default/keyboards/planck/keymaps/default/keymap.o
                0x00000000080016d8                matrix_scan_user
 .text.music_mask_user
                0x0000000008001778       0x10 .build/obj_planck_rev6_default/keyboards/planck/keymaps/default/keymap.o
                0x0000000008001778                music_mask_user
 .text.process_action_kb
                0x0000000008001788        0x4 .build/obj_planck_rev6_default/quantum/quantum.o
                0x0000000008001788                process_action_kb
 .text.process_record_kb
                0x000000000800178c        0x8 .build/obj_planck_rev6_default/quantum/quantum.o
                0x000000000800178c                process_record_kb
 .text.get_event_keycode
                0x0000000008001794       0x48 .build/obj_planck_rev6_default/quantum/quantum.o
                0x0000000008001794                get_event_keycode
 .text.get_record_keycode
                0x00000000080017dc        0xa .build/obj_planck_rev6_default/quantum/quantum.o
                0x00000000080017dc                get_record_keycode
 *fill*         0x00000000080017e6        0x2 
 .text.set_single_persistent_default_layer
                0x00000000080017e8       0x2c .build/obj_planck_rev6_default/quantum/quantum.o
                0x00000000080017e8                set_single_persistent_default_layer
 .text.update_tri_layer_state
                0x0000000008001814       0x1e .build/obj_planck_rev6_default/quantum/quantum.o
                0x0000000008001814                update_tri_layer_state
 .text.matrix_init_quantum
                0x0000000008001832       0x20 .build/obj_planck_rev6_default/quantum/quantum.o
                0x0000000008001832                matrix_init_quantum
 .text.matrix_scan_quantum
                0x0000000008001852       0x18 .build/obj_planck_rev6_default/quantum/quantum.o
                0x0000000008001852                matrix_scan_quantum
 .text.led_set_user
                0x000000000800186a        0x2 .build/obj_planck_rev6_default/quantum/quantum.o
                0x000000000800186a                led_set_user
 .text.led_set_kb
                0x000000000800186c        0x8 .build/obj_planck_rev6_default/quantum/quantum.o
                0x000000000800186c                led_set_kb
 .text.led_set  0x0000000008001874        0x8 .build/obj_planck_rev6_default/quantum/quantum.o
                0x0000000008001874                led_set
 .text.shutdown_user
                0x000000000800187c        0x2 .build/obj_planck_rev6_default/quantum/quantum.o
                0x000000000800187c                shutdown_user
 *fill*         0x000000000800187e        0x2 
 .text.reset_keyboard
                0x0000000008001880       0x40 .build/obj_planck_rev6_default/quantum/quantum.o
                0x0000000008001880                reset_keyboard
 .text.process_record_quantum
                0x00000000080018c0      0x35c .build/obj_planck_rev6_default/quantum/quantum.o
                0x00000000080018c0                process_record_quantum
 .text.action_get_macro
                0x0000000008001c1c        0x4 .build/obj_planck_rev6_default/quantum/keymap_common.o
                0x0000000008001c1c                action_get_macro
 .text.action_function
                0x0000000008001c20        0x2 .build/obj_planck_rev6_default/quantum/keymap_common.o
                0x0000000008001c20                action_function
 *fill*         0x0000000008001c22        0x2 
 .text.keymap_key_to_keycode
                0x0000000008001c24       0x24 .build/obj_planck_rev6_default/quantum/keymap_common.o
                0x0000000008001c24                keymap_key_to_keycode
 .text.keymap_function_id_to_action
                0x0000000008001c48        0xc .build/obj_planck_rev6_default/quantum/keymap_common.o
                0x0000000008001c48                keymap_function_id_to_action
 .text.action_for_key
                0x0000000008001c54      0x2ba .build/obj_planck_rev6_default/quantum/keymap_common.o
                0x0000000008001c54                action_for_key
 *fill*         0x0000000008001f0e        0x2 
 .text.keycode_config
                0x0000000008001f10      0x104 .build/obj_planck_rev6_default/quantum/keycode_config.o
                0x0000000008001f10                keycode_config
 .text.mod_config
                0x0000000008002014       0xac .build/obj_planck_rev6_default/quantum/keycode_config.o
                0x0000000008002014                mod_config
 .text.matrix_init_user
                0x00000000080020c0        0x2 .build/obj_planck_rev6_default/quantum/matrix.o
                0x00000000080020c0                matrix_init_user
 *fill*         0x00000000080020c2        0x2 
 .text.matrix_get_row
                0x00000000080020c4        0xc .build/obj_planck_rev6_default/quantum/matrix.o
                0x00000000080020c4                matrix_get_row
 .text.matrix_print
                0x00000000080020d0       0x54 .build/obj_planck_rev6_default/quantum/matrix.o
                0x00000000080020d0                matrix_print
 .text.matrix_init
                0x0000000008002124       0x74 .build/obj_planck_rev6_default/quantum/matrix.o
                0x0000000008002124                matrix_init
 .text.matrix_scan
                0x0000000008002198       0xc0 .build/obj_planck_rev6_default/quantum/matrix.o
                0x0000000008002198                matrix_scan
 .text.debounce_init
                0x0000000008002258        0x2 .build/obj_planck_rev6_default/quantum/debounce/sym_g.o
                0x0000000008002258                debounce_init
 *fill*         0x000000000800225a        0x2 
 .text.debounce
                0x000000000800225c       0x48 .build/obj_planck_rev6_default/quantum/debounce/sym_g.o
                0x000000000800225c                debounce
 .text.compute_freq_for_midi_note
                0x00000000080022a4       0x34 .build/obj_planck_rev6_default/quantum/process_keycode/process_audio.o
                0x00000000080022a4                compute_freq_for_midi_note
 .text.process_audio
                0x00000000080022d8       0x74 .build/obj_planck_rev6_default/quantum/process_keycode/process_audio.o
                0x00000000080022d8                process_audio
 .text.process_audio_noteon
                0x000000000800234c       0x10 .build/obj_planck_rev6_default/quantum/process_keycode/process_audio.o
                0x000000000800234c                process_audio_noteon
 .text.process_audio_noteoff
                0x000000000800235c        0xe .build/obj_planck_rev6_default/quantum/process_keycode/process_audio.o
                0x000000000800235c                process_audio_noteoff
 .text.process_audio_all_notes_off
                0x000000000800236a        0x4 .build/obj_planck_rev6_default/quantum/process_keycode/process_audio.o
                0x000000000800236a                process_audio_all_notes_off
 .text.audio_on_user
                0x000000000800236e        0x2 .build/obj_planck_rev6_default/quantum/process_keycode/process_audio.o
                0x000000000800236e                audio_on_user
 .text.end_cb1  0x0000000008002370       0x34 .build/obj_planck_rev6_default/quantum/audio/audio_arm.o
 .text.gpt_cb8  0x00000000080023a4      0x68c .build/obj_planck_rev6_default/quantum/audio/audio_arm.o
 .text.error_cb1
                0x0000000008002a30        0xc .build/obj_planck_rev6_default/quantum/audio/audio_arm.o
 .text.play_notes
                0x0000000008002a3c      0x104 .build/obj_planck_rev6_default/quantum/audio/audio_arm.o
                0x0000000008002a3c                play_notes
 .text.audio_init
                0x0000000008002b40       0xdc .build/obj_planck_rev6_default/quantum/audio/audio_arm.o
                0x0000000008002b40                audio_init
 .text.stop_all_notes
                0x0000000008002c1c       0x98 .build/obj_planck_rev6_default/quantum/audio/audio_arm.o
                0x0000000008002c1c                stop_all_notes
 .text.stop_note
                0x0000000008002cb4       0xf0 .build/obj_planck_rev6_default/quantum/audio/audio_arm.o
                0x0000000008002cb4                stop_note
 .text.play_note
                0x0000000008002da4       0xec .build/obj_planck_rev6_default/quantum/audio/audio_arm.o
                0x0000000008002da4                play_note
 .text.is_audio_on
                0x0000000008002e90       0x10 .build/obj_planck_rev6_default/quantum/audio/audio_arm.o
                0x0000000008002e90                is_audio_on
 .text.audio_on
                0x0000000008002ea0       0x1c .build/obj_planck_rev6_default/quantum/audio/audio_arm.o
                0x0000000008002ea0                audio_on
 .text.audio_off
                0x0000000008002ebc       0x20 .build/obj_planck_rev6_default/quantum/audio/audio_arm.o
                0x0000000008002ebc                audio_off
 .text.voice_iterate
                0x0000000008002edc        0xc .build/obj_planck_rev6_default/quantum/audio/voices.o
                0x0000000008002edc                voice_iterate
 .text.voice_deiterate
                0x0000000008002ee8        0xc .build/obj_planck_rev6_default/quantum/audio/voices.o
                0x0000000008002ee8                voice_deiterate
 .text.voice_envelope
                0x0000000008002ef4       0x2c .build/obj_planck_rev6_default/quantum/audio/voices.o
                0x0000000008002ef4                voice_envelope
 .text.music_all_notes_off
                0x0000000008002f20       0x10 .build/obj_planck_rev6_default/quantum/process_keycode/process_music.o
                0x0000000008002f20                music_all_notes_off
 .text.music_mask_kb
                0x0000000008002f30        0x8 .build/obj_planck_rev6_default/quantum/process_keycode/process_music.o
                0x0000000008002f30                music_mask_kb
 .text.music_off
                0x0000000008002f38       0x20 .build/obj_planck_rev6_default/quantum/process_keycode/process_music.o
                0x0000000008002f38                music_off
 .text.midi_off
                0x0000000008002f58       0x18 .build/obj_planck_rev6_default/quantum/process_keycode/process_music.o
                0x0000000008002f58                midi_off
 .text.music_mode_cycle
                0x0000000008002f70       0x30 .build/obj_planck_rev6_default/quantum/process_keycode/process_music.o
                0x0000000008002f70                music_mode_cycle
 .text.matrix_scan_music
                0x0000000008002fa0       0x7c .build/obj_planck_rev6_default/quantum/process_keycode/process_music.o
                0x0000000008002fa0                matrix_scan_music
 .text.music_on_user
                0x000000000800301c        0x2 .build/obj_planck_rev6_default/quantum/process_keycode/process_music.o
                0x000000000800301c                music_on_user
 *fill*         0x000000000800301e        0x2 
 .text.music_on
                0x0000000008003020       0x20 .build/obj_planck_rev6_default/quantum/process_keycode/process_music.o
                0x0000000008003020                music_on
 .text.midi_on_user
                0x0000000008003040        0x2 .build/obj_planck_rev6_default/quantum/process_keycode/process_music.o
                0x0000000008003040                midi_on_user
 *fill*         0x0000000008003042        0x2 
 .text.midi_on  0x0000000008003044       0x20 .build/obj_planck_rev6_default/quantum/process_keycode/process_music.o
                0x0000000008003044                midi_on
 .text.process_music
                0x0000000008003064      0x20c .build/obj_planck_rev6_default/quantum/process_keycode/process_music.o
                0x0000000008003064                process_music
 .text.encoder_update_kb
                0x0000000008003270        0x8 .build/obj_planck_rev6_default/quantum/encoder.o
                0x0000000008003270                encoder_update_kb
 .text.encoder_init
                0x0000000008003278       0x3c .build/obj_planck_rev6_default/quantum/encoder.o
                0x0000000008003278                encoder_init
 .text.encoder_read
                0x00000000080032b4       0x74 .build/obj_planck_rev6_default/quantum/encoder.o
                0x00000000080032b4                encoder_read
 .text.perform_space_cadet
                0x0000000008003328       0xc0 .build/obj_planck_rev6_default/quantum/process_keycode/process_space_cadet.o
                0x0000000008003328                perform_space_cadet
 .text.process_space_cadet
                0x00000000080033e8       0x8c .build/obj_planck_rev6_default/quantum/process_keycode/process_space_cadet.o
                0x00000000080033e8                process_space_cadet
 .text.dip_switch_update_kb
                0x0000000008003474        0x8 .build/obj_planck_rev6_default/quantum/dip_switch.o
                0x0000000008003474                dip_switch_update_kb
 .text.dip_switch_update_mask_user
                0x000000000800347c        0x2 .build/obj_planck_rev6_default/quantum/dip_switch.o
                0x000000000800347c                dip_switch_update_mask_user
 .text.dip_switch_update_mask_kb
                0x000000000800347e        0x8 .build/obj_planck_rev6_default/quantum/dip_switch.o
                0x000000000800347e                dip_switch_update_mask_kb
 *fill*         0x0000000008003486        0x2 
 .text.dip_switch_read
                0x0000000008003488       0x70 .build/obj_planck_rev6_default/quantum/dip_switch.o
                0x0000000008003488                dip_switch_read
 .text.dip_switch_init
                0x00000000080034f8       0x34 .build/obj_planck_rev6_default/quantum/dip_switch.o
                0x00000000080034f8                dip_switch_init
 .text.host_set_driver
                0x000000000800352c        0xc .build/obj_planck_rev6_default/common/host.o
                0x000000000800352c                host_set_driver
 .text.host_keyboard_leds
                0x0000000008003538       0x10 .build/obj_planck_rev6_default/common/host.o
                0x0000000008003538                host_keyboard_leds
 .text.host_keyboard_send
                0x0000000008003548       0x84 .build/obj_planck_rev6_default/common/host.o
                0x0000000008003548                host_keyboard_send
 .text.host_mouse_send
                0x00000000080035cc       0x14 .build/obj_planck_rev6_default/common/host.o
                0x00000000080035cc                host_mouse_send
 .text.host_system_send
                0x00000000080035e0       0x20 .build/obj_planck_rev6_default/common/host.o
                0x00000000080035e0                host_system_send
 .text.host_consumer_send
                0x0000000008003600       0x20 .build/obj_planck_rev6_default/common/host.o
                0x0000000008003600                host_consumer_send
 .text.matrix_setup
                0x0000000008003620        0x2 .build/obj_planck_rev6_default/common/keyboard.o
                0x0000000008003620                matrix_setup
 .text.keyboard_pre_init_user
                0x0000000008003622        0x2 .build/obj_planck_rev6_default/common/keyboard.o
                0x0000000008003622                keyboard_pre_init_user
 .text.keyboard_pre_init_kb
                0x0000000008003624        0x8 .build/obj_planck_rev6_default/common/keyboard.o
                0x0000000008003624                keyboard_pre_init_kb
 .text.keyboard_post_init_user
                0x000000000800362c        0x2 .build/obj_planck_rev6_default/common/keyboard.o
                0x000000000800362c                keyboard_post_init_user
 .text.keyboard_post_init_kb
                0x000000000800362e        0x8 .build/obj_planck_rev6_default/common/keyboard.o
                0x000000000800362e                keyboard_post_init_kb
 .text.keyboard_setup
                0x0000000008003636        0xc .build/obj_planck_rev6_default/common/keyboard.o
                0x0000000008003636                keyboard_setup
 .text.is_keyboard_master
                0x0000000008003642        0x4 .build/obj_planck_rev6_default/common/keyboard.o
                0x0000000008003642                is_keyboard_master
 .text.keyboard_init
                0x0000000008003646       0x14 .build/obj_planck_rev6_default/common/keyboard.o
                0x0000000008003646                keyboard_init
 *fill*         0x000000000800365a        0x2 
 .text.keyboard_set_leds
                0x000000000800365c       0x4c .build/obj_planck_rev6_default/common/keyboard.o
                0x000000000800365c                keyboard_set_leds
 .text.keyboard_task
                0x00000000080036a8       0xe4 .build/obj_planck_rev6_default/common/keyboard.o
                0x00000000080036a8                keyboard_task
 .text.action_exec
                0x000000000800378c       0x24 .build/obj_planck_rev6_default/common/action.o
                0x000000000800378c                action_exec
 .text.process_record_tap_hint
                0x00000000080037b0        0x6 .build/obj_planck_rev6_default/common/action.o
                0x00000000080037b0                process_record_tap_hint
 .text.register_code
                0x00000000080037b6      0x1c8 .build/obj_planck_rev6_default/common/action.o
                0x00000000080037b6                register_code
 .text.unregister_code
                0x000000000800397e       0xba .build/obj_planck_rev6_default/common/action.o
                0x000000000800397e                unregister_code
 .text.tap_code
                0x0000000008003a38       0x20 .build/obj_planck_rev6_default/common/action.o
                0x0000000008003a38                tap_code
 .text.register_mods
                0x0000000008003a58       0x12 .build/obj_planck_rev6_default/common/action.o
                0x0000000008003a58                register_mods
 .text.unregister_mods
                0x0000000008003a6a       0x12 .build/obj_planck_rev6_default/common/action.o
                0x0000000008003a6a                unregister_mods
 .text.process_action
                0x0000000008003a7c      0x3f8 .build/obj_planck_rev6_default/common/action.o
                0x0000000008003a7c                process_action
 .text.process_record
                0x0000000008003e74       0x44 .build/obj_planck_rev6_default/common/action.o
                0x0000000008003e74                process_record
 .text.clear_keyboard_but_mods_and_keys
                0x0000000008003eb8       0x26 .build/obj_planck_rev6_default/common/action.o
                0x0000000008003eb8                clear_keyboard_but_mods_and_keys
 .text.clear_keyboard_but_mods
                0x0000000008003ede        0xe .build/obj_planck_rev6_default/common/action.o
                0x0000000008003ede                clear_keyboard_but_mods
 .text.clear_keyboard
                0x0000000008003eec        0xe .build/obj_planck_rev6_default/common/action.o
                0x0000000008003eec                clear_keyboard
 .text.is_tap_action
                0x0000000008003efa       0x50 .build/obj_planck_rev6_default/common/action.o
                0x0000000008003efa                is_tap_action
 .text.is_tap_key
                0x0000000008003f4a       0x16 .build/obj_planck_rev6_default/common/action.o
                0x0000000008003f4a                is_tap_key
 .text.debug_event
                0x0000000008003f60        0xc .build/obj_planck_rev6_default/common/action.o
                0x0000000008003f60                debug_event
 .text.debug_record
                0x0000000008003f6c        0xc .build/obj_planck_rev6_default/common/action.o
                0x0000000008003f6c                debug_record
 .text.debug_waiting_buffer
                0x0000000008003f78       0x34 .build/obj_planck_rev6_default/common/action_tapping.o
 .text.debug_tapping_key
                0x0000000008003fac       0x10 .build/obj_planck_rev6_default/common/action_tapping.o
 .text.waiting_buffer_scan_tap
                0x0000000008003fbc       0xb4 .build/obj_planck_rev6_default/common/action_tapping.o
 .text.process_tapping
                0x0000000008004070      0x3cc .build/obj_planck_rev6_default/common/action_tapping.o
 .text.action_tapping_process
                0x000000000800443c       0xd8 .build/obj_planck_rev6_default/common/action_tapping.o
                0x000000000800443c                action_tapping_process
 .text.action_macro_play
                0x0000000008004514       0xae .build/obj_planck_rev6_default/common/action_macro.o
                0x0000000008004514                action_macro_play
 .text.default_layer_state_set_user
                0x00000000080045c2        0x2 .build/obj_planck_rev6_default/common/action_layer.o
                0x00000000080045c2                default_layer_state_set_user
 .text.default_layer_state_set_kb
                0x00000000080045c4        0x8 .build/obj_planck_rev6_default/common/action_layer.o
                0x00000000080045c4                default_layer_state_set_kb
 .text.default_layer_state_set
                0x00000000080045cc       0x18 .build/obj_planck_rev6_default/common/action_layer.o
 .text.default_layer_debug
                0x00000000080045e4        0x2 .build/obj_planck_rev6_default/common/action_layer.o
                0x00000000080045e4                default_layer_debug
 .text.default_layer_set
                0x00000000080045e6        0x4 .build/obj_planck_rev6_default/common/action_layer.o
                0x00000000080045e6                default_layer_set
 *fill*         0x00000000080045ea        0x2 
 .text.default_layer_or
                0x00000000080045ec       0x10 .build/obj_planck_rev6_default/common/action_layer.o
                0x00000000080045ec                default_layer_or
 .text.default_layer_and
                0x00000000080045fc       0x10 .build/obj_planck_rev6_default/common/action_layer.o
                0x00000000080045fc                default_layer_and
 .text.default_layer_xor
                0x000000000800460c       0x10 .build/obj_planck_rev6_default/common/action_layer.o
                0x000000000800460c                default_layer_xor
 .text.layer_state_set_kb
                0x000000000800461c        0x8 .build/obj_planck_rev6_default/common/action_layer.o
                0x000000000800461c                layer_state_set_kb
 .text.layer_state_set
                0x0000000008004624       0x18 .build/obj_planck_rev6_default/common/action_layer.o
                0x0000000008004624                layer_state_set
 .text.layer_clear
                0x000000000800463c        0x6 .build/obj_planck_rev6_default/common/action_layer.o
                0x000000000800463c                layer_clear
 .text.layer_move
                0x0000000008004642        0xa .build/obj_planck_rev6_default/common/action_layer.o
                0x0000000008004642                layer_move
 .text.layer_on
                0x000000000800464c       0x14 .build/obj_planck_rev6_default/common/action_layer.o
                0x000000000800464c                layer_on
 .text.layer_off
                0x0000000008004660       0x18 .build/obj_planck_rev6_default/common/action_layer.o
                0x0000000008004660                layer_off
 .text.layer_invert
                0x0000000008004678       0x14 .build/obj_planck_rev6_default/common/action_layer.o
                0x0000000008004678                layer_invert
 .text.layer_or
                0x000000000800468c       0x10 .build/obj_planck_rev6_default/common/action_layer.o
                0x000000000800468c                layer_or
 .text.layer_and
                0x000000000800469c       0x10 .build/obj_planck_rev6_default/common/action_layer.o
                0x000000000800469c                layer_and
 .text.layer_xor
                0x00000000080046ac       0x10 .build/obj_planck_rev6_default/common/action_layer.o
                0x00000000080046ac                layer_xor
 .text.layer_debug
                0x00000000080046bc        0x2 .build/obj_planck_rev6_default/common/action_layer.o
                0x00000000080046bc                layer_debug
 *fill*         0x00000000080046be        0x2 
 .text.update_source_layers_cache
                0x00000000080046c0       0x4c .build/obj_planck_rev6_default/common/action_layer.o
                0x00000000080046c0                update_source_layers_cache
 .text.read_source_layers_cache
                0x000000000800470c       0x40 .build/obj_planck_rev6_default/common/action_layer.o
                0x000000000800470c                read_source_layers_cache
 .text.layer_switch_get_layer
                0x000000000800474c       0x44 .build/obj_planck_rev6_default/common/action_layer.o
                0x000000000800474c                layer_switch_get_layer
 .text.layer_switch_get_action
                0x0000000008004790       0x18 .build/obj_planck_rev6_default/common/action_layer.o
                0x0000000008004790                layer_switch_get_action
 .text.store_or_get_action
                0x00000000080047a8       0x48 .build/obj_planck_rev6_default/common/action_layer.o
                0x00000000080047a8                store_or_get_action
 .text.add_key  0x00000000080047f0       0x10 .build/obj_planck_rev6_default/common/action_util.o
                0x00000000080047f0                add_key
 .text.del_key  0x0000000008004800       0x10 .build/obj_planck_rev6_default/common/action_util.o
                0x0000000008004800                del_key
 .text.clear_keys
                0x0000000008004810        0xc .build/obj_planck_rev6_default/common/action_util.o
                0x0000000008004810                clear_keys
 .text.get_oneshot_layer
                0x000000000800481c       0x10 .build/obj_planck_rev6_default/common/action_util.o
                0x000000000800481c                get_oneshot_layer
 .text.get_oneshot_layer_state
                0x000000000800482c       0x10 .build/obj_planck_rev6_default/common/action_util.o
                0x000000000800482c                get_oneshot_layer_state
 .text.is_oneshot_layer_active
                0x000000000800483c       0x14 .build/obj_planck_rev6_default/common/action_util.o
                0x000000000800483c                is_oneshot_layer_active
 .text.get_mods
                0x0000000008004850        0xc .build/obj_planck_rev6_default/common/action_util.o
                0x0000000008004850                get_mods
 .text.add_mods
                0x000000000800485c       0x10 .build/obj_planck_rev6_default/common/action_util.o
                0x000000000800485c                add_mods
 .text.del_mods
                0x000000000800486c       0x10 .build/obj_planck_rev6_default/common/action_util.o
                0x000000000800486c                del_mods
 .text.clear_mods
                0x000000000800487c        0xc .build/obj_planck_rev6_default/common/action_util.o
                0x000000000800487c                clear_mods
 .text.add_weak_mods
                0x0000000008004888       0x10 .build/obj_planck_rev6_default/common/action_util.o
                0x0000000008004888                add_weak_mods
 .text.del_weak_mods
                0x0000000008004898       0x10 .build/obj_planck_rev6_default/common/action_util.o
                0x0000000008004898                del_weak_mods
 .text.clear_weak_mods
                0x00000000080048a8        0xc .build/obj_planck_rev6_default/common/action_util.o
                0x00000000080048a8                clear_weak_mods
 .text.add_macro_mods
                0x00000000080048b4       0x10 .build/obj_planck_rev6_default/common/action_util.o
                0x00000000080048b4                add_macro_mods
 .text.del_macro_mods
                0x00000000080048c4       0x10 .build/obj_planck_rev6_default/common/action_util.o
                0x00000000080048c4                del_macro_mods
 .text.clear_macro_mods
                0x00000000080048d4        0xc .build/obj_planck_rev6_default/common/action_util.o
                0x00000000080048d4                clear_macro_mods
 .text.get_oneshot_mods
                0x00000000080048e0        0xc .build/obj_planck_rev6_default/common/action_util.o
                0x00000000080048e0                get_oneshot_mods
 .text.oneshot_mods_changed_user
                0x00000000080048ec        0x2 .build/obj_planck_rev6_default/common/action_util.o
                0x00000000080048ec                oneshot_mods_changed_user
 .text.oneshot_mods_changed_kb
                0x00000000080048ee        0x8 .build/obj_planck_rev6_default/common/action_util.o
                0x00000000080048ee                oneshot_mods_changed_kb
 *fill*         0x00000000080048f6        0x2 
 .text.set_oneshot_mods
                0x00000000080048f8       0x18 .build/obj_planck_rev6_default/common/action_util.o
                0x00000000080048f8                set_oneshot_mods
 .text.clear_oneshot_mods
                0x0000000008004910       0x18 .build/obj_planck_rev6_default/common/action_util.o
                0x0000000008004910                clear_oneshot_mods
 .text.send_keyboard_report
                0x0000000008004928       0x4c .build/obj_planck_rev6_default/common/action_util.o
                0x0000000008004928                send_keyboard_report
 .text.oneshot_layer_changed_user
                0x0000000008004974        0x2 .build/obj_planck_rev6_default/common/action_util.o
                0x0000000008004974                oneshot_layer_changed_user
 .text.oneshot_layer_changed_kb
                0x0000000008004976        0x8 .build/obj_planck_rev6_default/common/action_util.o
                0x0000000008004976                oneshot_layer_changed_kb
 *fill*         0x000000000800497e        0x2 
 .text.set_oneshot_layer
                0x0000000008004980       0x20 .build/obj_planck_rev6_default/common/action_util.o
                0x0000000008004980                set_oneshot_layer
 .text.reset_oneshot_layer
                0x00000000080049a0       0x14 .build/obj_planck_rev6_default/common/action_util.o
                0x00000000080049a0                reset_oneshot_layer
 .text.clear_oneshot_layer_state
                0x00000000080049b4       0x30 .build/obj_planck_rev6_default/common/action_util.o
                0x00000000080049b4                clear_oneshot_layer_state
 .text.bitrev   0x00000000080049e4       0x26 .build/obj_planck_rev6_default/common/util.o
                0x00000000080049e4                bitrev
 .text.eeconfig_is_enabled
                0x0000000008004a0a       0x14 .build/obj_planck_rev6_default/common/eeconfig.o
                0x0000000008004a0a                eeconfig_is_enabled
 .text.eeconfig_read_debug
                0x0000000008004a1e        0x6 .build/obj_planck_rev6_default/common/eeconfig.o
                0x0000000008004a1e                eeconfig_read_debug
 .text.eeconfig_update_debug
                0x0000000008004a24        0x8 .build/obj_planck_rev6_default/common/eeconfig.o
                0x0000000008004a24                eeconfig_update_debug
 .text.eeconfig_read_default_layer
                0x0000000008004a2c        0x6 .build/obj_planck_rev6_default/common/eeconfig.o
                0x0000000008004a2c                eeconfig_read_default_layer
 .text.eeconfig_update_default_layer
                0x0000000008004a32        0x8 .build/obj_planck_rev6_default/common/eeconfig.o
                0x0000000008004a32                eeconfig_update_default_layer
 .text.eeconfig_read_keymap
                0x0000000008004a3a       0x18 .build/obj_planck_rev6_default/common/eeconfig.o
                0x0000000008004a3a                eeconfig_read_keymap
 .text.eeconfig_update_keymap
                0x0000000008004a52       0x18 .build/obj_planck_rev6_default/common/eeconfig.o
                0x0000000008004a52                eeconfig_update_keymap
 .text.eeconfig_read_audio
                0x0000000008004a6a        0x6 .build/obj_planck_rev6_default/common/eeconfig.o
                0x0000000008004a6a                eeconfig_read_audio
 .text.eeconfig_update_audio
                0x0000000008004a70        0x8 .build/obj_planck_rev6_default/common/eeconfig.o
                0x0000000008004a70                eeconfig_update_audio
 .text.eeconfig_update_kb
                0x0000000008004a78        0x8 .build/obj_planck_rev6_default/common/eeconfig.o
                0x0000000008004a78                eeconfig_update_kb
 .text.eeconfig_update_user
                0x0000000008004a80        0x8 .build/obj_planck_rev6_default/common/eeconfig.o
                0x0000000008004a80                eeconfig_update_user
 .text.eeconfig_init_user
                0x0000000008004a88        0x6 .build/obj_planck_rev6_default/common/eeconfig.o
                0x0000000008004a88                eeconfig_init_user
 .text.eeconfig_init_kb
                0x0000000008004a8e        0xe .build/obj_planck_rev6_default/common/eeconfig.o
                0x0000000008004a8e                eeconfig_init_kb
 .text.eeconfig_init_quantum
                0x0000000008004a9c       0x88 .build/obj_planck_rev6_default/common/eeconfig.o
                0x0000000008004a9c                eeconfig_init_quantum
 .text.eeconfig_init
                0x0000000008004b24        0x4 .build/obj_planck_rev6_default/common/eeconfig.o
                0x0000000008004b24                eeconfig_init
 .text.has_anykey
                0x0000000008004b28       0x3c .build/obj_planck_rev6_default/common/report.o
                0x0000000008004b28                has_anykey
 .text.add_key_byte
                0x0000000008004b64       0x32 .build/obj_planck_rev6_default/common/report.o
                0x0000000008004b64                add_key_byte
 .text.del_key_byte
                0x0000000008004b96       0x1a .build/obj_planck_rev6_default/common/report.o
                0x0000000008004b96                del_key_byte
 .text.add_key_bit
                0x0000000008004bb0       0x30 .build/obj_planck_rev6_default/common/report.o
                0x0000000008004bb0                add_key_bit
 .text.del_key_bit
                0x0000000008004be0       0x34 .build/obj_planck_rev6_default/common/report.o
                0x0000000008004be0                del_key_bit
 .text.add_key_to_report
                0x0000000008004c14       0x30 .build/obj_planck_rev6_default/common/report.o
                0x0000000008004c14                add_key_to_report
 .text.del_key_from_report
                0x0000000008004c44       0x30 .build/obj_planck_rev6_default/common/report.o
                0x0000000008004c44                del_key_from_report
 .text.clear_keys_from_report
                0x0000000008004c74       0x30 .build/obj_planck_rev6_default/common/report.o
                0x0000000008004c74                clear_keys_from_report
 .text.suspend_power_down_user
                0x0000000008004ca4        0x2 .build/obj_planck_rev6_default/common/chibios/suspend.o
                0x0000000008004ca4                suspend_power_down_user
 .text.suspend_power_down_kb
                0x0000000008004ca6        0x8 .build/obj_planck_rev6_default/common/chibios/suspend.o
                0x0000000008004ca6                suspend_power_down_kb
 .text.suspend_power_down
                0x0000000008004cae       0x12 .build/obj_planck_rev6_default/common/chibios/suspend.o
                0x0000000008004cae                suspend_power_down
 .text.matrix_power_up
                0x0000000008004cc0        0x2 .build/obj_planck_rev6_default/common/chibios/suspend.o
                0x0000000008004cc0                matrix_power_up
 .text.matrix_power_down
                0x0000000008004cc2        0x2 .build/obj_planck_rev6_default/common/chibios/suspend.o
                0x0000000008004cc2                matrix_power_down
 .text.suspend_wakeup_condition
                0x0000000008004cc4       0x24 .build/obj_planck_rev6_default/common/chibios/suspend.o
                0x0000000008004cc4                suspend_wakeup_condition
 .text.suspend_wakeup_init_user
                0x0000000008004ce8        0x2 .build/obj_planck_rev6_default/common/chibios/suspend.o
                0x0000000008004ce8                suspend_wakeup_init_user
 .text.suspend_wakeup_init_kb
                0x0000000008004cea        0x8 .build/obj_planck_rev6_default/common/chibios/suspend.o
                0x0000000008004cea                suspend_wakeup_init_kb
 .text.suspend_wakeup_init
                0x0000000008004cf2       0x24 .build/obj_planck_rev6_default/common/chibios/suspend.o
                0x0000000008004cf2                suspend_wakeup_init
 *fill*         0x0000000008004d16        0x2 
 .text.timer_clear
                0x0000000008004d18       0x2c .build/obj_planck_rev6_default/common/chibios/timer.o
                0x0000000008004d18                timer_clear
 .text.timer_init
                0x0000000008004d44        0x4 .build/obj_planck_rev6_default/common/chibios/timer.o
                0x0000000008004d44                timer_init
 .text.timer_read32
                0x0000000008004d48       0x64 .build/obj_planck_rev6_default/common/chibios/timer.o
                0x0000000008004d48                timer_read32
 .text.timer_read
                0x0000000008004dac        0xa .build/obj_planck_rev6_default/common/chibios/timer.o
                0x0000000008004dac                timer_read
 .text.timer_elapsed
                0x0000000008004db6        0xe .build/obj_planck_rev6_default/common/chibios/timer.o
                0x0000000008004db6                timer_elapsed
 .text.bootloader_jump
                0x0000000008004dc4       0x30 .build/obj_planck_rev6_default/common/chibios/bootloader.o
                0x0000000008004dc4                bootloader_jump
 .text.enter_bootloader_mode_if_requested
                0x0000000008004df4       0x40 .build/obj_planck_rev6_default/common/chibios/bootloader.o
                0x0000000008004df4                enter_bootloader_mode_if_requested
 .text.uli2a    0x0000000008004e34       0x48 .build/obj_planck_rev6_default/common/chibios/printf.o
 .text.ui2a     0x0000000008004e7c       0x48 .build/obj_planck_rev6_default/common/chibios/printf.o
 .text.putchw   0x0000000008004ec4       0x46 .build/obj_planck_rev6_default/common/chibios/printf.o
 .text.tfp_format
                0x0000000008004f0a      0x1a0 .build/obj_planck_rev6_default/common/chibios/printf.o
                0x0000000008004f0a                tfp_format
 *fill*         0x00000000080050aa        0x2 
 .text.init_printf
                0x00000000080050ac       0x14 .build/obj_planck_rev6_default/common/chibios/printf.o
                0x00000000080050ac                init_printf
 .text.tfp_printf
                0x00000000080050c0       0x2c .build/obj_planck_rev6_default/common/chibios/printf.o
                0x00000000080050c0                tfp_printf
 .text.EEPROM_Init
                0x00000000080050ec        0xc .build/obj_planck_rev6_default/common/chibios/eeprom_stm32.o
                0x00000000080050ec                EEPROM_Init
 .text.EEPROM_Erase
                0x00000000080050f8       0x30 .build/obj_planck_rev6_default/common/chibios/eeprom_stm32.o
                0x00000000080050f8                EEPROM_Erase
 .text.EEPROM_WriteDataByte
                0x0000000008005128       0x84 .build/obj_planck_rev6_default/common/chibios/eeprom_stm32.o
                0x0000000008005128                EEPROM_WriteDataByte
 .text.eeprom_read_byte
                0x00000000080051ac       0x10 .build/obj_planck_rev6_default/common/chibios/eeprom_stm32.o
                0x00000000080051ac                eeprom_read_byte
 .text.eeprom_update_byte
                0x00000000080051bc        0x6 .build/obj_planck_rev6_default/common/chibios/eeprom_stm32.o
                0x00000000080051bc                eeprom_update_byte
 .text.eeprom_read_word
                0x00000000080051c2       0x24 .build/obj_planck_rev6_default/common/chibios/eeprom_stm32.o
                0x00000000080051c2                eeprom_read_word
 .text.eeprom_write_word
                0x00000000080051e6       0x1c .build/obj_planck_rev6_default/common/chibios/eeprom_stm32.o
                0x00000000080051e6                eeprom_write_word
 .text.eeprom_update_word
                0x0000000008005202        0x4 .build/obj_planck_rev6_default/common/chibios/eeprom_stm32.o
                0x0000000008005202                eeprom_update_word
 .text.eeprom_update_dword
                0x0000000008005206       0x7c .build/obj_planck_rev6_default/common/chibios/eeprom_stm32.o
                0x0000000008005206                eeprom_update_dword
 *fill*         0x0000000008005282        0x2 
 .text.FLASH_GetStatus
                0x0000000008005284       0x34 .build/obj_planck_rev6_default/common/chibios/flash_stm32.o
                0x0000000008005284                FLASH_GetStatus
 .text.FLASH_WaitForLastOperation
                0x00000000080052b8       0x38 .build/obj_planck_rev6_default/common/chibios/flash_stm32.o
                0x00000000080052b8                FLASH_WaitForLastOperation
 .text.FLASH_ErasePage
                0x00000000080052f0       0x44 .build/obj_planck_rev6_default/common/chibios/flash_stm32.o
                0x00000000080052f0                FLASH_ErasePage
 .text.FLASH_ProgramHalfWord
                0x0000000008005334       0x4c .build/obj_planck_rev6_default/common/chibios/flash_stm32.o
                0x0000000008005334                FLASH_ProgramHalfWord
 .text.FLASH_Unlock
                0x0000000008005380       0x18 .build/obj_planck_rev6_default/common/chibios/flash_stm32.o
                0x0000000008005380                FLASH_Unlock
 .text.scan_keycode
                0x0000000008005398       0x4a .build/obj_planck_rev6_default/common/bootmagic.o
 .text.bootmagic_scan_keycode
                0x00000000080053e2       0x18 .build/obj_planck_rev6_default/common/bootmagic.o
                0x00000000080053e2                bootmagic_scan_keycode
 *fill*         0x00000000080053fa        0x2 
 .text.bootmagic
                0x00000000080053fc      0x22c .build/obj_planck_rev6_default/common/bootmagic.o
                0x00000000080053fc                bootmagic
 .text.move_unit
                0x0000000008005628       0x78 .build/obj_planck_rev6_default/common/mousekey.o
 .text.wheel_unit
                0x00000000080056a0       0x68 .build/obj_planck_rev6_default/common/mousekey.o
 .text.mousekey_on
                0x0000000008005708       0xe8 .build/obj_planck_rev6_default/common/mousekey.o
                0x0000000008005708                mousekey_on
 .text.mousekey_off
                0x00000000080057f0      0x110 .build/obj_planck_rev6_default/common/mousekey.o
                0x00000000080057f0                mousekey_off
 .text.mousekey_send
                0x0000000008005900       0xc8 .build/obj_planck_rev6_default/common/mousekey.o
                0x0000000008005900                mousekey_send
 .text.mousekey_task
                0x00000000080059c8       0xfc .build/obj_planck_rev6_default/common/mousekey.o
                0x00000000080059c8                mousekey_task
 .text.mousekey_clear
                0x0000000008005ac4       0x20 .build/obj_planck_rev6_default/common/mousekey.o
                0x0000000008005ac4                mousekey_clear
 .text.mousekey_console_help
                0x0000000008005ae4       0x20 .build/obj_planck_rev6_default/common/command.o
 .text.mousekey_param_inc
                0x0000000008005b04       0xc8 .build/obj_planck_rev6_default/common/command.o
 .text.mousekey_param_dec
                0x0000000008005bcc       0xc8 .build/obj_planck_rev6_default/common/command.o
 .text.switch_default_layer
                0x0000000008005c94       0x20 .build/obj_planck_rev6_default/common/command.o
 .text.command_common
                0x0000000008005cb4      0x470 .build/obj_planck_rev6_default/common/command.o
 .text.command_extra
                0x0000000008006124        0x4 .build/obj_planck_rev6_default/common/command.o
                0x0000000008006124                command_extra
 .text.command_console_extra
                0x0000000008006128        0x4 .build/obj_planck_rev6_default/common/command.o
                0x0000000008006128                command_console_extra
 .text.numkey2num
                0x000000000800612c       0x14 .build/obj_planck_rev6_default/common/command.o
                0x000000000800612c                numkey2num
 .text.command_proc
                0x0000000008006140      0x244 .build/obj_planck_rev6_default/common/command.o
                0x0000000008006140                command_proc
 .text.set_led_transfer_cb
                0x0000000008006384       0x1c .build/obj_planck_rev6_default/protocol/chibios/usb_main.o
 .text.kbd_in_cb
                0x00000000080063a0        0x2 .build/obj_planck_rev6_default/protocol/chibios/usb_main.o
                0x00000000080063a0                kbd_in_cb
 *fill*         0x00000000080063a2        0x2 
 .text.usb_sof_cb
                0x00000000080063a4       0x1c .build/obj_planck_rev6_default/protocol/chibios/usb_main.o
 .text.usb_get_descriptor_cb
                0x00000000080063c0       0x2c .build/obj_planck_rev6_default/protocol/chibios/usb_main.o
 .text.usb_event_cb
                0x00000000080063ec       0xa0 .build/obj_planck_rev6_default/protocol/chibios/usb_main.o
 .text.chVTSetI.constprop.6
                0x000000000800648c       0x28 .build/obj_planck_rev6_default/protocol/chibios/usb_main.o
 .text.keyboard_idle_timer_cb
                0x00000000080064b4       0x70 .build/obj_planck_rev6_default/protocol/chibios/usb_main.o
 .text.usb_request_hook_cb
                0x0000000008006524      0x168 .build/obj_planck_rev6_default/protocol/chibios/usb_main.o
 .text.shared_in_cb
                0x000000000800668c        0x2 .build/obj_planck_rev6_default/protocol/chibios/usb_main.o
                0x000000000800668c                shared_in_cb
 *fill*         0x000000000800668e        0x2 
 .text.init_usb_driver
                0x0000000008006690       0x7c .build/obj_planck_rev6_default/protocol/chibios/usb_main.o
                0x0000000008006690                init_usb_driver
 .text.keyboard_leds
                0x000000000800670c        0xc .build/obj_planck_rev6_default/protocol/chibios/usb_main.o
                0x000000000800670c                keyboard_leds
 .text.send_keyboard
                0x0000000008006718       0x9c .build/obj_planck_rev6_default/protocol/chibios/usb_main.o
                0x0000000008006718                send_keyboard
 .text.send_mouse
                0x00000000080067b4       0x44 .build/obj_planck_rev6_default/protocol/chibios/usb_main.o
                0x00000000080067b4                send_mouse
 .text.send_system
                0x00000000080067f8       0x38 .build/obj_planck_rev6_default/protocol/chibios/usb_main.o
                0x00000000080067f8                send_system
 .text.send_consumer
                0x0000000008006830       0x38 .build/obj_planck_rev6_default/protocol/chibios/usb_main.o
                0x0000000008006830                send_consumer
 .text.sendchar
                0x0000000008006868       0x24 .build/obj_planck_rev6_default/protocol/chibios/usb_main.o
                0x0000000008006868                sendchar
 .text.console_task
                0x000000000800688c       0x20 .build/obj_planck_rev6_default/protocol/chibios/usb_main.o
                0x000000000800688c                console_task
 .text.sendchar_pf
                0x00000000080068ac        0x6 .build/obj_planck_rev6_default/protocol/chibios/usb_main.o
                0x00000000080068ac                sendchar_pf
 *fill*         0x00000000080068b2        0x2 
 .text.startup.main
                0x00000000080068b4       0x94 .build/obj_planck_rev6_default/protocol/chibios/main.o
                0x00000000080068b4                main
 .text.get_usb_descriptor
                0x0000000008006948       0x78 .build/obj_planck_rev6_default/usb_descriptor.o
                0x0000000008006948                get_usb_descriptor
 .text.obnotify
                0x00000000080069c0       0x3e .build/obj_planck_rev6_default/protocol/chibios/usb_driver.o
 .text._readt   0x00000000080069fe        0x6 .build/obj_planck_rev6_default/protocol/chibios/usb_driver.o
 .text._read    0x0000000008006a04        0xa .build/obj_planck_rev6_default/protocol/chibios/usb_driver.o
 .text._writet  0x0000000008006a0e        0x6 .build/obj_planck_rev6_default/protocol/chibios/usb_driver.o
 .text._write   0x0000000008006a14        0xa .build/obj_planck_rev6_default/protocol/chibios/usb_driver.o
 .text._gett    0x0000000008006a1e        0x6 .build/obj_planck_rev6_default/protocol/chibios/usb_driver.o
 .text._get     0x0000000008006a24        0xa .build/obj_planck_rev6_default/protocol/chibios/usb_driver.o
 .text._putt    0x0000000008006a2e        0x6 .build/obj_planck_rev6_default/protocol/chibios/usb_driver.o
 .text._put     0x0000000008006a34        0xa .build/obj_planck_rev6_default/protocol/chibios/usb_driver.o
 .text.qmkusb_start_receive
                0x0000000008006a3e       0x44 .build/obj_planck_rev6_default/protocol/chibios/usb_driver.o
 .text.ibnotify
                0x0000000008006a82        0x6 .build/obj_planck_rev6_default/protocol/chibios/usb_driver.o
 .text.qmkusbObjectInit
                0x0000000008006a88       0x54 .build/obj_planck_rev6_default/protocol/chibios/usb_driver.o
                0x0000000008006a88                qmkusbObjectInit
 .text.qmkusbStart
                0x0000000008006adc       0x30 .build/obj_planck_rev6_default/protocol/chibios/usb_driver.o
                0x0000000008006adc                qmkusbStart
 .text.qmkusbSuspendHookI
                0x0000000008006b0c       0x30 .build/obj_planck_rev6_default/protocol/chibios/usb_driver.o
                0x0000000008006b0c                qmkusbSuspendHookI
 .text.qmkusbWakeupHookI
                0x0000000008006b3c       0x16 .build/obj_planck_rev6_default/protocol/chibios/usb_driver.o
                0x0000000008006b3c                qmkusbWakeupHookI
 .text.qmkusbConfigureHookI
                0x0000000008006b52       0x2c .build/obj_planck_rev6_default/protocol/chibios/usb_driver.o
                0x0000000008006b52                qmkusbConfigureHookI
 *fill*         0x0000000008006b7e        0x2 
 .text.qmkusbRequestsHook
                0x0000000008006b80       0x3c .build/obj_planck_rev6_default/protocol/chibios/usb_driver.o
                0x0000000008006b80                qmkusbRequestsHook
 .text.qmkusbSOFHookI
                0x0000000008006bbc       0x62 .build/obj_planck_rev6_default/protocol/chibios/usb_driver.o
                0x0000000008006bbc                qmkusbSOFHookI
 .text.qmkusbDataTransmitted
                0x0000000008006c1e       0x76 .build/obj_planck_rev6_default/protocol/chibios/usb_driver.o
                0x0000000008006c1e                qmkusbDataTransmitted
 .text.qmkusbDataReceived
                0x0000000008006c94       0x3e .build/obj_planck_rev6_default/protocol/chibios/usb_driver.o
                0x0000000008006c94                qmkusbDataReceived
 .text.qmkusbInterruptTransmitted
                0x0000000008006cd2        0x2 .build/obj_planck_rev6_default/protocol/chibios/usb_driver.o
                0x0000000008006cd2                qmkusbInterruptTransmitted
 .text.__core_init
                0x0000000008006cd4        0x2 .build/obj_planck_rev6/lib/chibios/os/common/startup/ARMCMx/compilers/GCC/crt1.o
                0x0000000008006cd4                __core_init
 .text.__late_init
                0x0000000008006cd6        0x2 .build/obj_planck_rev6/lib/chibios/os/common/startup/ARMCMx/compilers/GCC/crt1.o
                0x0000000008006cd6                __late_init
 .text.__default_exit
                0x0000000008006cd8        0x2 .build/obj_planck_rev6/lib/chibios/os/common/startup/ARMCMx/compilers/GCC/crt1.o
                0x0000000008006cd8                __default_exit
 *fill*         0x0000000008006cda        0x2 
 .text.__init_ram_areas
                0x0000000008006cdc       0x3c .build/obj_planck_rev6/lib/chibios/os/common/startup/ARMCMx/compilers/GCC/crt1.o
                0x0000000008006cdc                __init_ram_areas
 .text._unhandled_exception
                0x0000000008006d18        0x2 .build/obj_planck_rev6/lib/chibios/os/common/startup/ARMCMx/compilers/GCC/vectors.o
                0x0000000008006d18                Vector174
                0x0000000008006d18                Vector9C
                0x0000000008006d18                VectorE8
                0x0000000008006d18                VectorAC
                0x0000000008006d18                DebugMon_Handler
                0x0000000008006d18                Vector5C
                0x0000000008006d18                HardFault_Handler
                0x0000000008006d18                Vector19C
                0x0000000008006d18                SysTick_Handler
                0x0000000008006d18                Vector8C
                0x0000000008006d18                VectorDC
                0x0000000008006d18                PendSV_Handler
                0x0000000008006d18                Vector168
                0x0000000008006d18                NMI_Handler
                0x0000000008006d18                Vector110
                0x0000000008006d18                VectorC8
                0x0000000008006d18                Vector94
                0x0000000008006d18                VectorA8
                0x0000000008006d18                Vector160
                0x0000000008006d18                UsageFault_Handler
                0x0000000008006d18                VectorEC
                0x0000000008006d18                Vector40
                0x0000000008006d18                VectorF8
                0x0000000008006d18                Vector108
                0x0000000008006d18                Vector190
                0x0000000008006d18                Vector150
                0x0000000008006d18                Vector148
                0x0000000008006d18                Vector188
                0x0000000008006d18                Vector198
                0x0000000008006d18                Vector64
                0x0000000008006d18                VectorCC
                0x0000000008006d18                Vector54
                0x0000000008006d18                Vector98
                0x0000000008006d18                VectorD8
                0x0000000008006d18                Vector138
                0x0000000008006d18                Vector24
                0x0000000008006d18                Vector178
                0x0000000008006d18                VectorD0
                0x0000000008006d18                Vector140
                0x0000000008006d18                VectorE4
                0x0000000008006d18                Vector158
                0x0000000008006d18                Vector134
                0x0000000008006d18                Vector13C
                0x0000000008006d18                Vector100
                0x0000000008006d18                VectorE0
                0x0000000008006d18                VectorF4
                0x0000000008006d18                MemManage_Handler
                0x0000000008006d18                VectorA0
                0x0000000008006d18                VectorC4
                0x0000000008006d18                Vector180
                0x0000000008006d18                Vector90
                0x0000000008006d18                Vector114
                0x0000000008006d18                Vector60
                0x0000000008006d18                Vector164
                0x0000000008006d18                Vector1C
                0x0000000008006d18                Vector17C
                0x0000000008006d18                Vector48
                0x0000000008006d18                VectorD4
                0x0000000008006d18                Vector4C
                0x0000000008006d18                Vector144
                0x0000000008006d18                Vector15C
                0x0000000008006d18                Vector68
                0x0000000008006d18                _unhandled_exception
                0x0000000008006d18                Vector170
                0x0000000008006d18                Vector88
                0x0000000008006d18                Vector104
                0x0000000008006d18                Vector184
                0x0000000008006d18                Vector10C
                0x0000000008006d18                Vector14C
                0x0000000008006d18                BusFault_Handler
                0x0000000008006d18                Vector50
                0x0000000008006d18                Vector194
                0x0000000008006d18                Vector154
                0x0000000008006d18                Vector44
                0x0000000008006d18                Vector28
                0x0000000008006d18                VectorFC
                0x0000000008006d18                Vector34
                0x0000000008006d18                VectorA4
                0x0000000008006d18                Vector20
                0x0000000008006d18                Vector18C
                0x0000000008006d18                Vector58
 .text._idle_thread
                0x0000000008006d1a        0x2 .build/obj_planck_rev6/lib/chibios/os/rt/src/chsys.o
 .text.chSysInit
                0x0000000008006d1c       0x94 .build/obj_planck_rev6/lib/chibios/os/rt/src/chsys.o
                0x0000000008006d1c                chSysInit
 .text.chSysHalt
                0x0000000008006db0        0xc .build/obj_planck_rev6/lib/chibios/os/rt/src/chsys.o
                0x0000000008006db0                chSysHalt
 .text.chSysTimerHandlerI
                0x0000000008006dbc       0x74 .build/obj_planck_rev6/lib/chibios/os/rt/src/chsys.o
                0x0000000008006dbc                chSysTimerHandlerI
 .text._vt_init
                0x0000000008006e30       0x1c .build/obj_planck_rev6/lib/chibios/os/rt/src/chvt.o
                0x0000000008006e30                _vt_init
 .text.chVTDoSetI
                0x0000000008006e4c       0x78 .build/obj_planck_rev6/lib/chibios/os/rt/src/chvt.o
                0x0000000008006e4c                chVTDoSetI
 .text.chVTDoResetI
                0x0000000008006ec4       0x6c .build/obj_planck_rev6/lib/chibios/os/rt/src/chvt.o
                0x0000000008006ec4                chVTDoResetI
 .text._scheduler_init
                0x0000000008006f30       0x14 .build/obj_planck_rev6/lib/chibios/os/rt/src/chschd.o
                0x0000000008006f30                _scheduler_init
 .text.chSchReadyI
                0x0000000008006f44       0x24 .build/obj_planck_rev6/lib/chibios/os/rt/src/chschd.o
                0x0000000008006f44                chSchReadyI
 .text.wakeup   0x0000000008006f68       0x48 .build/obj_planck_rev6/lib/chibios/os/rt/src/chschd.o
 .text.chSchReadyAheadI
                0x0000000008006fb0       0x24 .build/obj_planck_rev6/lib/chibios/os/rt/src/chschd.o
                0x0000000008006fb0                chSchReadyAheadI
 .text.chSchGoSleepS
                0x0000000008006fd4       0x40 .build/obj_planck_rev6/lib/chibios/os/rt/src/chschd.o
                0x0000000008006fd4                chSchGoSleepS
 .text.chSchGoSleepTimeoutS
                0x0000000008007014       0x3c .build/obj_planck_rev6/lib/chibios/os/rt/src/chschd.o
                0x0000000008007014                chSchGoSleepTimeoutS
 .text.chSchWakeupS
                0x0000000008007050       0x50 .build/obj_planck_rev6/lib/chibios/os/rt/src/chschd.o
                0x0000000008007050                chSchWakeupS
 .text.chSchIsPreemptionRequired
                0x00000000080070a0       0x18 .build/obj_planck_rev6/lib/chibios/os/rt/src/chschd.o
                0x00000000080070a0                chSchIsPreemptionRequired
 .text.chSchDoRescheduleAhead
                0x00000000080070b8       0x44 .build/obj_planck_rev6/lib/chibios/os/rt/src/chschd.o
                0x00000000080070b8                chSchDoRescheduleAhead
 .text.chSchDoReschedule
                0x00000000080070fc        0x4 .build/obj_planck_rev6/lib/chibios/os/rt/src/chschd.o
                0x00000000080070fc                chSchDoReschedule
 .text._thread_init
                0x0000000008007100       0x38 .build/obj_planck_rev6/lib/chibios/os/rt/src/chthreads.o
                0x0000000008007100                _thread_init
 .text.chThdCreateSuspendedI
                0x0000000008007138       0x34 .build/obj_planck_rev6/lib/chibios/os/rt/src/chthreads.o
                0x0000000008007138                chThdCreateSuspendedI
 .text.chThdCreate
                0x000000000800716c       0x1e .build/obj_planck_rev6/lib/chibios/os/rt/src/chthreads.o
                0x000000000800716c                chThdCreate
 *fill*         0x000000000800718a        0x2 
 .text.chThdExitS
                0x000000000800718c       0x44 .build/obj_planck_rev6/lib/chibios/os/rt/src/chthreads.o
                0x000000000800718c                chThdExitS
 .text.chThdExit
                0x00000000080071d0        0xa .build/obj_planck_rev6/lib/chibios/os/rt/src/chthreads.o
                0x00000000080071d0                chThdExit
 .text.chThdSleep
                0x00000000080071da       0x18 .build/obj_planck_rev6/lib/chibios/os/rt/src/chthreads.o
                0x00000000080071da                chThdSleep
 *fill*         0x00000000080071f2        0x2 
 .text.chThdSuspendS
                0x00000000080071f4       0x1c .build/obj_planck_rev6/lib/chibios/os/rt/src/chthreads.o
                0x00000000080071f4                chThdSuspendS
 .text.chThdSuspendTimeoutS
                0x0000000008007210       0x1c .build/obj_planck_rev6/lib/chibios/os/rt/src/chthreads.o
                0x0000000008007210                chThdSuspendTimeoutS
 .text.chThdResumeI
                0x000000000800722c       0x12 .build/obj_planck_rev6/lib/chibios/os/rt/src/chthreads.o
                0x000000000800722c                chThdResumeI
 *fill*         0x000000000800723e        0x2 
 .text.chThdEnqueueTimeoutS
                0x0000000008007240       0x20 .build/obj_planck_rev6/lib/chibios/os/rt/src/chthreads.o
                0x0000000008007240                chThdEnqueueTimeoutS
 .text.chThdDequeueNextI
                0x0000000008007260       0x16 .build/obj_planck_rev6/lib/chibios/os/rt/src/chthreads.o
                0x0000000008007260                chThdDequeueNextI
 .text.chThdDequeueAllI
                0x0000000008007276       0x1c .build/obj_planck_rev6/lib/chibios/os/rt/src/chthreads.o
                0x0000000008007276                chThdDequeueAllI
 .text.chTMObjectInit
                0x0000000008007292       0x18 .build/obj_planck_rev6/lib/chibios/os/rt/src/chtm.o
                0x0000000008007292                chTMObjectInit
 *fill*         0x00000000080072aa        0x2 
 .text.chTMStartMeasurementX
                0x00000000080072ac        0xc .build/obj_planck_rev6/lib/chibios/os/rt/src/chtm.o
                0x00000000080072ac                chTMStartMeasurementX
 .text.chTMStopMeasurementX
                0x00000000080072b8       0x40 .build/obj_planck_rev6/lib/chibios/os/rt/src/chtm.o
                0x00000000080072b8                chTMStopMeasurementX
 .text._tm_init
                0x00000000080072f8       0x28 .build/obj_planck_rev6/lib/chibios/os/rt/src/chtm.o
                0x00000000080072f8                _tm_init
 .text.chMtxObjectInit
                0x0000000008007320        0xa .build/obj_planck_rev6/lib/chibios/os/rt/src/chmtx.o
                0x0000000008007320                chMtxObjectInit
 .text.chEvtSignalI
                0x000000000800732a       0x2a .build/obj_planck_rev6/lib/chibios/os/rt/src/chevents.o
                0x000000000800732a                chEvtSignalI
 .text.chEvtBroadcastFlagsI
                0x0000000008007354       0x28 .build/obj_planck_rev6/lib/chibios/os/rt/src/chevents.o
                0x0000000008007354                chEvtBroadcastFlagsI
 .text._core_init
                0x000000000800737c       0x18 .build/obj_planck_rev6/lib/chibios/os/common/oslib/src/chmemcore.o
                0x000000000800737c                _core_init
 .text.chCoreAllocAlignedWithOffsetI
                0x0000000008007394       0x30 .build/obj_planck_rev6/lib/chibios/os/common/oslib/src/chmemcore.o
                0x0000000008007394                chCoreAllocAlignedWithOffsetI
 .text.chCoreAllocAlignedWithOffset
                0x00000000080073c4       0x14 .build/obj_planck_rev6/lib/chibios/os/common/oslib/src/chmemcore.o
                0x00000000080073c4                chCoreAllocAlignedWithOffset
 .text._heap_init
                0x00000000080073d8       0x1c .build/obj_planck_rev6/lib/chibios/os/common/oslib/src/chheap.o
                0x00000000080073d8                _heap_init
 .text.SVC_Handler
                0x00000000080073f4       0x24 .build/obj_planck_rev6/lib/chibios/os/common/ports/ARMCMx/chcore_v7m.o
                0x00000000080073f4                SVC_Handler
 .text._port_irq_epilogue
                0x0000000008007418       0x58 .build/obj_planck_rev6/lib/chibios/os/common/ports/ARMCMx/chcore_v7m.o
                0x0000000008007418                _port_irq_epilogue
 .text.halInit  0x0000000008007470       0x34 .build/obj_planck_rev6/lib/chibios/os/hal/src/hal.o
                0x0000000008007470                halInit
 .text.ibqObjectInit
                0x00000000080074a4       0x2e .build/obj_planck_rev6/lib/chibios/os/hal/src/hal_buffers.o
                0x00000000080074a4                ibqObjectInit
 .text.ibqResetI
                0x00000000080074d2       0x16 .build/obj_planck_rev6/lib/chibios/os/hal/src/hal_buffers.o
                0x00000000080074d2                ibqResetI
 .text.ibqGetEmptyBufferI
                0x00000000080074e8       0x14 .build/obj_planck_rev6/lib/chibios/os/hal/src/hal_buffers.o
                0x00000000080074e8                ibqGetEmptyBufferI
 .text.ibqPostFullBufferI
                0x00000000080074fc       0x20 .build/obj_planck_rev6/lib/chibios/os/hal/src/hal_buffers.o
                0x00000000080074fc                ibqPostFullBufferI
 .text.ibqGetFullBufferTimeoutS
                0x000000000800751c       0x32 .build/obj_planck_rev6/lib/chibios/os/hal/src/hal_buffers.o
                0x000000000800751c                ibqGetFullBufferTimeoutS
 .text.ibqReleaseEmptyBufferS
                0x000000000800754e       0x24 .build/obj_planck_rev6/lib/chibios/os/hal/src/hal_buffers.o
                0x000000000800754e                ibqReleaseEmptyBufferS
 .text.ibqGetTimeout
                0x0000000008007572       0x3a .build/obj_planck_rev6/lib/chibios/os/hal/src/hal_buffers.o
                0x0000000008007572                ibqGetTimeout
 .text.ibqReadTimeout
                0x00000000080075ac       0xbc .build/obj_planck_rev6/lib/chibios/os/hal/src/hal_buffers.o
                0x00000000080075ac                ibqReadTimeout
 .text.obqObjectInit
                0x0000000008007668       0x2e .build/obj_planck_rev6/lib/chibios/os/hal/src/hal_buffers.o
                0x0000000008007668                obqObjectInit
 .text.obqResetI
                0x0000000008007696       0x18 .build/obj_planck_rev6/lib/chibios/os/hal/src/hal_buffers.o
                0x0000000008007696                obqResetI
 .text.obqGetFullBufferI
                0x00000000080076ae       0x1a .build/obj_planck_rev6/lib/chibios/os/hal/src/hal_buffers.o
                0x00000000080076ae                obqGetFullBufferI
 .text.obqReleaseEmptyBufferI
                0x00000000080076c8       0x1e .build/obj_planck_rev6/lib/chibios/os/hal/src/hal_buffers.o
                0x00000000080076c8                obqReleaseEmptyBufferI
 .text.obqGetEmptyBufferTimeoutS
                0x00000000080076e6       0x32 .build/obj_planck_rev6/lib/chibios/os/hal/src/hal_buffers.o
                0x00000000080076e6                obqGetEmptyBufferTimeoutS
 .text.obqPostFullBufferS
                0x0000000008007718       0x26 .build/obj_planck_rev6/lib/chibios/os/hal/src/hal_buffers.o
                0x0000000008007718                obqPostFullBufferS
 .text.obqPutTimeout
                0x000000000800773e       0x40 .build/obj_planck_rev6/lib/chibios/os/hal/src/hal_buffers.o
                0x000000000800773e                obqPutTimeout
 .text.obqWriteTimeout
                0x000000000800777e       0xbc .build/obj_planck_rev6/lib/chibios/os/hal/src/hal_buffers.o
                0x000000000800777e                obqWriteTimeout
 .text.obqTryFlushI
                0x000000000800783a       0x3c .build/obj_planck_rev6/lib/chibios/os/hal/src/hal_buffers.o
                0x000000000800783a                obqTryFlushI
 .text.dacInit  0x0000000008007876        0x4 .build/obj_planck_rev6/lib/chibios/os/hal/src/hal_dac.o
                0x0000000008007876                dacInit
 .text.dacObjectInit
                0x000000000800787a       0x10 .build/obj_planck_rev6/lib/chibios/os/hal/src/hal_dac.o
                0x000000000800787a                dacObjectInit
 .text.dacStart
                0x000000000800788a       0x1c .build/obj_planck_rev6/lib/chibios/os/hal/src/hal_dac.o
                0x000000000800788a                dacStart
 .text.dacStartConversion
                0x00000000080078a6       0x1e .build/obj_planck_rev6/lib/chibios/os/hal/src/hal_dac.o
                0x00000000080078a6                dacStartConversion
 .text.gptInit  0x00000000080078c4        0x4 .build/obj_planck_rev6/lib/chibios/os/hal/src/hal_gpt.o
                0x00000000080078c4                gptInit
 .text.gptObjectInit
                0x00000000080078c8        0xa .build/obj_planck_rev6/lib/chibios/os/hal/src/hal_gpt.o
                0x00000000080078c8                gptObjectInit
 .text.gptStart
                0x00000000080078d2       0x1c .build/obj_planck_rev6/lib/chibios/os/hal/src/hal_gpt.o
                0x00000000080078d2                gptStart
 .text.gptStartContinuousI
                0x00000000080078ee        0x8 .build/obj_planck_rev6/lib/chibios/os/hal/src/hal_gpt.o
                0x00000000080078ee                gptStartContinuousI
 .text.gptStartContinuous
                0x00000000080078f6       0x14 .build/obj_planck_rev6/lib/chibios/os/hal/src/hal_gpt.o
                0x00000000080078f6                gptStartContinuous
 .text.gptStopTimerI
                0x000000000800790a        0x8 .build/obj_planck_rev6/lib/chibios/os/hal/src/hal_gpt.o
                0x000000000800790a                gptStopTimerI
 .text.gptStopTimer
                0x0000000008007912       0x14 .build/obj_planck_rev6/lib/chibios/os/hal/src/hal_gpt.o
                0x0000000008007912                gptStopTimer
 .text.i2cInit  0x0000000008007926        0x4 .build/obj_planck_rev6/lib/chibios/os/hal/src/hal_i2c.o
                0x0000000008007926                i2cInit
 .text.i2cObjectInit
                0x000000000800792a        0xe .build/obj_planck_rev6/lib/chibios/os/hal/src/hal_i2c.o
                0x000000000800792a                i2cObjectInit
 .text.pwmInit  0x0000000008007938        0x4 .build/obj_planck_rev6/lib/chibios/os/hal/src/hal_pwm.o
                0x0000000008007938                pwmInit
 .text.pwmObjectInit
                0x000000000800793c        0xe .build/obj_planck_rev6/lib/chibios/os/hal/src/hal_pwm.o
                0x000000000800793c                pwmObjectInit
 .text.sduInit  0x000000000800794a        0x2 .build/obj_planck_rev6/lib/chibios/os/hal/src/hal_serial_usb.o
                0x000000000800794a                sduInit
 .text.stInit   0x000000000800794c        0x4 .build/obj_planck_rev6/lib/chibios/os/hal/src/hal_st.o
                0x000000000800794c                stInit
 .text.stStartAlarm
                0x0000000008007950       0x10 .build/obj_planck_rev6/lib/chibios/os/hal/src/hal_st.o
                0x0000000008007950                stStartAlarm
 .text.stStopAlarm
                0x0000000008007960        0xa .build/obj_planck_rev6/lib/chibios/os/hal/src/hal_st.o
                0x0000000008007960                stStopAlarm
 .text.stSetAlarm
                0x000000000800796a        0x8 .build/obj_planck_rev6/lib/chibios/os/hal/src/hal_st.o
                0x000000000800796a                stSetAlarm
 .text.set_address
                0x0000000008007972       0x22 .build/obj_planck_rev6/lib/chibios/os/hal/src/hal_usb.o
 .text.usbInit  0x0000000008007994        0x4 .build/obj_planck_rev6/lib/chibios/os/hal/src/hal_usb.o
                0x0000000008007994                usbInit
 .text.usbObjectInit
                0x0000000008007998       0x1e .build/obj_planck_rev6/lib/chibios/os/hal/src/hal_usb.o
                0x0000000008007998                usbObjectInit
 .text.usbStart
                0x00000000080079b6       0x2c .build/obj_planck_rev6/lib/chibios/os/hal/src/hal_usb.o
                0x00000000080079b6                usbStart
 .text.usbInitEndpointI
                0x00000000080079e2       0x32 .build/obj_planck_rev6/lib/chibios/os/hal/src/hal_usb.o
                0x00000000080079e2                usbInitEndpointI
 .text.usbDisableEndpointsI
                0x0000000008007a14       0x56 .build/obj_planck_rev6/lib/chibios/os/hal/src/hal_usb.o
                0x0000000008007a14                usbDisableEndpointsI
 .text.usbStartReceiveI
                0x0000000008007a6a       0x24 .build/obj_planck_rev6/lib/chibios/os/hal/src/hal_usb.o
                0x0000000008007a6a                usbStartReceiveI
 .text.usbStartTransmitI
                0x0000000008007a8e       0x24 .build/obj_planck_rev6/lib/chibios/os/hal/src/hal_usb.o
                0x0000000008007a8e                usbStartTransmitI
 *fill*         0x0000000008007ab2        0x2 
 .text.usbWakeupHost
                0x0000000008007ab4       0x28 .build/obj_planck_rev6/lib/chibios/os/hal/src/hal_usb.o
                0x0000000008007ab4                usbWakeupHost