Archive member included to satisfy reference by file (symbol)

/usr/local/Cellar/gcc-arm-none-eabi/20180627/bin/../lib/gcc/arm-none-eabi/7.3.1/../../../../arm-none-eabi/lib/thumb/v7e-m/libm.a(lib_a-w_pow.o)
                              .build/obj_preonic_rev3_ray/quantum/process_keycode/process_audio.o (pow)
/usr/local/Cellar/gcc-arm-none-eabi/20180627/bin/../lib/gcc/arm-none-eabi/7.3.1/../../../../arm-none-eabi/lib/thumb/v7e-m/libm.a(lib_a-e_pow.o)
                              /usr/local/Cellar/gcc-arm-none-eabi/20180627/bin/../lib/gcc/arm-none-eabi/7.3.1/../../../../arm-none-eabi/lib/thumb/v7e-m/libm.a(lib_a-w_pow.o) (__ieee754_pow)
/usr/local/Cellar/gcc-arm-none-eabi/20180627/bin/../lib/gcc/arm-none-eabi/7.3.1/../../../../arm-none-eabi/lib/thumb/v7e-m/libm.a(lib_a-e_sqrt.o)
                              /usr/local/Cellar/gcc-arm-none-eabi/20180627/bin/../lib/gcc/arm-none-eabi/7.3.1/../../../../arm-none-eabi/lib/thumb/v7e-m/libm.a(lib_a-e_pow.o) (__ieee754_sqrt)
/usr/local/Cellar/gcc-arm-none-eabi/20180627/bin/../lib/gcc/arm-none-eabi/7.3.1/../../../../arm-none-eabi/lib/thumb/v7e-m/libm.a(lib_a-s_fabs.o)
                              /usr/local/Cellar/gcc-arm-none-eabi/20180627/bin/../lib/gcc/arm-none-eabi/7.3.1/../../../../arm-none-eabi/lib/thumb/v7e-m/libm.a(lib_a-e_pow.o) (fabs)
/usr/local/Cellar/gcc-arm-none-eabi/20180627/bin/../lib/gcc/arm-none-eabi/7.3.1/../../../../arm-none-eabi/lib/thumb/v7e-m/libm.a(lib_a-s_finite.o)
                              /usr/local/Cellar/gcc-arm-none-eabi/20180627/bin/../lib/gcc/arm-none-eabi/7.3.1/../../../../arm-none-eabi/lib/thumb/v7e-m/libm.a(lib_a-w_pow.o) (finite)
/usr/local/Cellar/gcc-arm-none-eabi/20180627/bin/../lib/gcc/arm-none-eabi/7.3.1/../../../../arm-none-eabi/lib/thumb/v7e-m/libm.a(lib_a-s_lib_ver.o)
                              /usr/local/Cellar/gcc-arm-none-eabi/20180627/bin/../lib/gcc/arm-none-eabi/7.3.1/../../../../arm-none-eabi/lib/thumb/v7e-m/libm.a(lib_a-w_pow.o) (__fdlib_version)
/usr/local/Cellar/gcc-arm-none-eabi/20180627/bin/../lib/gcc/arm-none-eabi/7.3.1/../../../../arm-none-eabi/lib/thumb/v7e-m/libm.a(lib_a-s_matherr.o)
                              /usr/local/Cellar/gcc-arm-none-eabi/20180627/bin/../lib/gcc/arm-none-eabi/7.3.1/../../../../arm-none-eabi/lib/thumb/v7e-m/libm.a(lib_a-w_pow.o) (matherr)
/usr/local/Cellar/gcc-arm-none-eabi/20180627/bin/../lib/gcc/arm-none-eabi/7.3.1/../../../../arm-none-eabi/lib/thumb/v7e-m/libm.a(lib_a-s_nan.o)
                              /usr/local/Cellar/gcc-arm-none-eabi/20180627/bin/../lib/gcc/arm-none-eabi/7.3.1/../../../../arm-none-eabi/lib/thumb/v7e-m/libm.a(lib_a-e_pow.o) (nan)
/usr/local/Cellar/gcc-arm-none-eabi/20180627/bin/../lib/gcc/arm-none-eabi/7.3.1/../../../../arm-none-eabi/lib/thumb/v7e-m/libm.a(lib_a-s_rint.o)
                              /usr/local/Cellar/gcc-arm-none-eabi/20180627/bin/../lib/gcc/arm-none-eabi/7.3.1/../../../../arm-none-eabi/lib/thumb/v7e-m/libm.a(lib_a-w_pow.o) (rint)
/usr/local/Cellar/gcc-arm-none-eabi/20180627/bin/../lib/gcc/arm-none-eabi/7.3.1/../../../../arm-none-eabi/lib/thumb/v7e-m/libm.a(lib_a-s_scalbn.o)
                              /usr/local/Cellar/gcc-arm-none-eabi/20180627/bin/../lib/gcc/arm-none-eabi/7.3.1/../../../../arm-none-eabi/lib/thumb/v7e-m/libm.a(lib_a-e_pow.o) (scalbn)
/usr/local/Cellar/gcc-arm-none-eabi/20180627/bin/../lib/gcc/arm-none-eabi/7.3.1/../../../../arm-none-eabi/lib/thumb/v7e-m/libm.a(lib_a-s_copysign.o)
                              /usr/local/Cellar/gcc-arm-none-eabi/20180627/bin/../lib/gcc/arm-none-eabi/7.3.1/../../../../arm-none-eabi/lib/thumb/v7e-m/libm.a(lib_a-s_scalbn.o) (copysign)
/usr/local/Cellar/gcc-arm-none-eabi/20180627/bin/../lib/gcc/arm-none-eabi/7.3.1/thumb/v7e-m/libgcc.a(_arm_addsubdf3.o)
                              /usr/local/Cellar/gcc-arm-none-eabi/20180627/bin/../lib/gcc/arm-none-eabi/7.3.1/../../../../arm-none-eabi/lib/thumb/v7e-m/libm.a(lib_a-e_pow.o) (__aeabi_dsub)
/usr/local/Cellar/gcc-arm-none-eabi/20180627/bin/../lib/gcc/arm-none-eabi/7.3.1/thumb/v7e-m/libgcc.a(_arm_muldivdf3.o)
                              .build/obj_preonic_rev3_ray/quantum/process_keycode/process_audio.o (__aeabi_dmul)
/usr/local/Cellar/gcc-arm-none-eabi/20180627/bin/../lib/gcc/arm-none-eabi/7.3.1/thumb/v7e-m/libgcc.a(_arm_cmpdf2.o)
                              /usr/local/Cellar/gcc-arm-none-eabi/20180627/bin/../lib/gcc/arm-none-eabi/7.3.1/../../../../arm-none-eabi/lib/thumb/v7e-m/libm.a(lib_a-w_pow.o) (__aeabi_dcmpeq)
/usr/local/Cellar/gcc-arm-none-eabi/20180627/bin/../lib/gcc/arm-none-eabi/7.3.1/thumb/v7e-m/libgcc.a(_arm_unorddf2.o)
                              /usr/local/Cellar/gcc-arm-none-eabi/20180627/bin/../lib/gcc/arm-none-eabi/7.3.1/../../../../arm-none-eabi/lib/thumb/v7e-m/libm.a(lib_a-w_pow.o) (__aeabi_dcmpun)
/usr/local/Cellar/gcc-arm-none-eabi/20180627/bin/../lib/gcc/arm-none-eabi/7.3.1/thumb/v7e-m/libgcc.a(_arm_truncdfsf2.o)
[...]
Memory Configuration

Name             Origin             Length             Attributes
flash0           0x0000000008000000 0x0000000000040000
flash1           0x0000000000000000 0x0000000000000000
flash2           0x0000000000000000 0x0000000000000000
flash3           0x0000000000000000 0x0000000000000000
flash4           0x0000000000000000 0x0000000000000000
flash5           0x0000000000000000 0x0000000000000000
flash6           0x0000000000000000 0x0000000000000000
flash7           0x0000000000000000 0x0000000000000000
ram0             0x0000000020000000 0x000000000000a000
ram1             0x0000000000000000 0x0000000000000000
ram2             0x0000000000000000 0x0000000000000000
ram3             0x0000000000000000 0x0000000000000000
ram4             0x0000000010000000 0x0000000000002000
ram5             0x0000000000000000 0x0000000000000000
ram6             0x0000000000000000 0x0000000000000000
ram7             0x0000000000000000 0x0000000000000000
*default*        0x0000000000000000 0xffffffffffffffff

Linker script and memory map

LOAD /usr/local/Cellar/gcc-arm-none-eabi/20180627/bin/../lib/gcc/arm-none-eabi/7.3.1/thumb/v7e-m/crti.o
LOAD /usr/local/Cellar/gcc-arm-none-eabi/20180627/bin/../lib/gcc/arm-none-eabi/7.3.1/thumb/v7e-m/crtbegin.o
LOAD /usr/local/Cellar/gcc-arm-none-eabi/20180627/bin/../lib/gcc/arm-none-eabi/7.3.1/../../../../arm-none-eabi/lib/thumb/v7e-m/crt0.o
LOAD .build/obj_preonic_rev3_ray/muse.o
LOAD .build/obj_preonic_rev3_ray/keyboards/preonic/preonic.o
LOAD .build/obj_preonic_rev3_ray/keyboards/preonic/rev3/rev3.o
LOAD .build/obj_preonic_rev3_ray/keyboards/preonic/keymaps/ray/keymap.o
LOAD .build/obj_preonic_rev3_ray/quantum/quantum.o
LOAD .build/obj_preonic_rev3_ray/quantum/keymap_common.o
LOAD .build/obj_preonic_rev3_ray/quantum/keycode_config.o
LOAD .build/obj_preonic_rev3_ray/quantum/matrix.o
LOAD .build/obj_preonic_rev3_ray/quantum/debounce/sym_g.o
LOAD .build/obj_preonic_rev3_ray/quantum/process_keycode/process_audio.o
LOAD .build/obj_preonic_rev3_ray/quantum/process_keycode/process_clicky.o
LOAD .build/obj_preonic_rev3_ray/quantum/audio/audio_arm.o
LOAD .build/obj_preonic_rev3_ray/quantum/audio/voices.o
LOAD .build/obj_preonic_rev3_ray/quantum/audio/luts.o
LOAD .build/obj_preonic_rev3_ray/quantum/process_keycode/process_music.o
LOAD .build/obj_preonic_rev3_ray/quantum/encoder.o
LOAD .build/obj_preonic_rev3_ray/quantum/process_keycode/process_space_cadet.o
LOAD .build/obj_preonic_rev3_ray/quantum/dip_switch.o
LOAD .build/obj_preonic_rev3_ray/common/host.o
LOAD .build/obj_preonic_rev3_ray/common/keyboard.o
LOAD .build/obj_preonic_rev3_ray/common/action.o
LOAD .build/obj_preonic_rev3_ray/common/action_tapping.o
LOAD .build/obj_preonic_rev3_ray/common/action_macro.o
LOAD .build/obj_preonic_rev3_ray/common/action_layer.o
LOAD .build/obj_preonic_rev3_ray/common/action_util.o
LOAD .build/obj_preonic_rev3_ray/common/print.o
LOAD .build/obj_preonic_rev3_ray/common/debug.o
LOAD .build/obj_preonic_rev3_ray/common/util.o
LOAD .build/obj_preonic_rev3_ray/common/eeconfig.o
LOAD .build/obj_preonic_rev3_ray/common/report.o
LOAD .build/obj_preonic_rev3_ray/common/chibios/suspend.o
LOAD .build/obj_preonic_rev3_ray/common/chibios/timer.o
LOAD .build/obj_preonic_rev3_ray/common/chibios/bootloader.o
LOAD .build/obj_preonic_rev3_ray/common/chibios/printf.o
LOAD .build/obj_preonic_rev3_ray/common/chibios/eeprom_stm32.o
LOAD .build/obj_preonic_rev3_ray/common/chibios/flash_stm32.o
LOAD .build/obj_preonic_rev3_ray/common/bootmagic.o
LOAD .build/obj_preonic_rev3_ray/common/mousekey.o
LOAD .build/obj_preonic_rev3_ray/common/command.o
LOAD .build/obj_preonic_rev3_ray/protocol/chibios/usb_main.o
LOAD .build/obj_preonic_rev3_ray/protocol/chibios/main.o
LOAD .build/obj_preonic_rev3_ray/usb_descriptor.o
LOAD .build/obj_preonic_rev3_ray/protocol/chibios/usb_driver.o
LOAD .build/obj_preonic_rev3/lib/chibios/os/common/startup/ARMCMx/compilers/GCC/crt1.o
LOAD .build/obj_preonic_rev3/lib/chibios/os/common/startup/ARMCMx/compilers/GCC/vectors.o
LOAD .build/obj_preonic_rev3/lib/chibios/os/rt/src/chsys.o
LOAD .build/obj_preonic_rev3/lib/chibios/os/rt/src/chdebug.o
LOAD .build/obj_preonic_rev3/lib/chibios/os/rt/src/chtrace.o
LOAD .build/obj_preonic_rev3/lib/chibios/os/rt/src/chvt.o
LOAD .build/obj_preonic_rev3/lib/chibios/os/rt/src/chschd.o
LOAD .build/obj_preonic_rev3/lib/chibios/os/rt/src/chthreads.o
LOAD .build/obj_preonic_rev3/lib/chibios/os/rt/src/chtm.o
LOAD .build/obj_preonic_rev3/lib/chibios/os/rt/src/chstats.o
LOAD .build/obj_preonic_rev3/lib/chibios/os/rt/src/chregistry.o
LOAD .build/obj_preonic_rev3/lib/chibios/os/rt/src/chsem.o
LOAD .build/obj_preonic_rev3/lib/chibios/os/rt/src/chmtx.o
LOAD .build/obj_preonic_rev3/lib/chibios/os/rt/src/chcond.o
LOAD .build/obj_preonic_rev3/lib/chibios/os/rt/src/chevents.o
LOAD .build/obj_preonic_rev3/lib/chibios/os/rt/src/chmsg.o
LOAD .build/obj_preonic_rev3/lib/chibios/os/rt/src/chdynamic.o
LOAD .build/obj_preonic_rev3/lib/chibios/os/common/oslib/src/chmboxes.o
LOAD .build/obj_preonic_rev3/lib/chibios/os/common/oslib/src/chmemcore.o
LOAD .build/obj_preonic_rev3/lib/chibios/os/common/oslib/src/chheap.o
LOAD .build/obj_preonic_rev3/lib/chibios/os/common/oslib/src/chmempools.o
LOAD .build/obj_preonic_rev3/lib/chibios/os/common/ports/ARMCMx/chcore.o
LOAD .build/obj_preonic_rev3/lib/chibios/os/common/ports/ARMCMx/chcore_v7m.o
LOAD .build/obj_preonic_rev3/lib/chibios/os/hal/osal/rt/osal.o
LOAD .build/obj_preonic_rev3/lib/chibios/os/hal/src/hal.o
LOAD .build/obj_preonic_rev3/lib/chibios/os/hal/src/hal_buffers.o
LOAD .build/obj_preonic_rev3/lib/chibios/os/hal/src/hal_queues.o
LOAD .build/obj_preonic_rev3/lib/chibios/os/hal/src/hal_mmcsd.o
LOAD .build/obj_preonic_rev3/lib/chibios/os/hal/src/hal_adc.o
LOAD .build/obj_preonic_rev3/lib/chibios/os/hal/src/hal_can.o
LOAD .build/obj_preonic_rev3/lib/chibios/os/hal/src/hal_dac.o
LOAD .build/obj_preonic_rev3/lib/chibios/os/hal/src/hal_ext.o
LOAD .build/obj_preonic_rev3/lib/chibios/os/hal/src/hal_gpt.o
LOAD .build/obj_preonic_rev3/lib/chibios/os/hal/src/hal_i2c.o
LOAD .build/obj_preonic_rev3/lib/chibios/os/hal/src/hal_i2s.o
LOAD .build/obj_preonic_rev3/lib/chibios/os/hal/src/hal_icu.o
LOAD .build/obj_preonic_rev3/lib/chibios/os/hal/src/hal_mac.o
LOAD .build/obj_preonic_rev3/lib/chibios/os/hal/src/hal_mmc_spi.o
LOAD .build/obj_preonic_rev3/lib/chibios/os/hal/src/hal_pal.o
LOAD .build/obj_preonic_rev3/lib/chibios/os/hal/src/hal_pwm.o
LOAD .build/obj_preonic_rev3/lib/chibios/os/hal/src/hal_qspi.o
LOAD .build/obj_preonic_rev3/lib/chibios/os/hal/src/hal_rtc.o
LOAD .build/obj_preonic_rev3/lib/chibios/os/hal/src/hal_sdc.o
LOAD .build/obj_preonic_rev3/lib/chibios/os/hal/src/hal_serial.o
LOAD .build/obj_preonic_rev3/lib/chibios/os/hal/src/hal_serial_usb.o
LOAD .build/obj_preonic_rev3/lib/chibios/os/hal/src/hal_spi.o
LOAD .build/obj_preonic_rev3/lib/chibios/os/hal/src/hal_st.o
LOAD .build/obj_preonic_rev3/lib/chibios/os/hal/src/hal_uart.o
LOAD .build/obj_preonic_rev3/lib/chibios/os/hal/src/hal_usb.o
LOAD .build/obj_preonic_rev3/lib/chibios/os/hal/src/hal_wdg.o
LOAD .build/obj_preonic_rev3/lib/chibios/os/hal/ports/common/ARMCMx/nvic.o
LOAD .build/obj_preonic_rev3/lib/chibios/os/hal/ports/STM32/STM32F3xx/hal_lld.o
LOAD .build/obj_preonic_rev3/lib/chibios/os/hal/ports/STM32/STM32F3xx/hal_ext_lld_isr.o
LOAD .build/obj_preonic_rev3/lib/chibios/os/hal/ports/STM32/LLD/ADCv3/hal_adc_lld.o
LOAD .build/obj_preonic_rev3/lib/chibios/os/hal/ports/STM32/LLD/CANv1/hal_can_lld.o
LOAD .build/obj_preonic_rev3/lib/chibios/os/hal/ports/STM32/LLD/DACv1/hal_dac_lld.o
LOAD .build/obj_preonic_rev3/lib/chibios/os/hal/ports/STM32/LLD/DMAv1/stm32_dma.o
LOAD .build/obj_preonic_rev3/lib/chibios/os/hal/ports/STM32/LLD/EXTIv1/hal_ext_lld.o
LOAD .build/obj_preonic_rev3/lib/chibios/os/hal/ports/STM32/LLD/GPIOv2/hal_pal_lld.o
LOAD .build/obj_preonic_rev3/lib/chibios/os/hal/ports/STM32/LLD/I2Cv2/hal_i2c_lld.o
LOAD .build/obj_preonic_rev3/lib/chibios/os/hal/ports/STM32/LLD/RTCv2/hal_rtc_lld.o
LOAD .build/obj_preonic_rev3/lib/chibios/os/hal/ports/STM32/LLD/SPIv2/hal_i2s_lld.o
LOAD .build/obj_preonic_rev3/lib/chibios/os/hal/ports/STM32/LLD/SPIv2/hal_spi_lld.o
LOAD .build/obj_preonic_rev3/lib/chibios/os/hal/ports/STM32/LLD/TIMv1/hal_st_lld.o
LOAD .build/obj_preonic_rev3/lib/chibios/os/hal/ports/STM32/LLD/TIMv1/hal_gpt_lld.o
LOAD .build/obj_preonic_rev3/lib/chibios/os/hal/ports/STM32/LLD/TIMv1/hal_icu_lld.o
LOAD .build/obj_preonic_rev3/lib/chibios/os/hal/ports/STM32/LLD/TIMv1/hal_pwm_lld.o
LOAD .build/obj_preonic_rev3/lib/chibios/os/hal/ports/STM32/LLD/USARTv2/hal_serial_lld.o
LOAD .build/obj_preonic_rev3/lib/chibios/os/hal/ports/STM32/LLD/USARTv2/hal_uart_lld.o
LOAD .build/obj_preonic_rev3/lib/chibios/os/hal/ports/STM32/LLD/USBv1/hal_usb_lld.o
LOAD .build/obj_preonic_rev3/lib/chibios/os/hal/ports/STM32/LLD/xWDGv1/hal_wdg_lld.o
LOAD .build/obj_preonic_rev3/drivers/boards/GENERIC_STM32_F303XC/board.o
LOAD .build/obj_preonic_rev3/lib/chibios/os/hal/lib/streams/chprintf.o
LOAD .build/obj_preonic_rev3/lib/chibios/os/hal/lib/streams/memstreams.o
LOAD .build/obj_preonic_rev3/lib/chibios/os/hal/lib/streams/nullstreams.o
LOAD .build/obj_preonic_rev3/lib/chibios/os/common/startup/ARMCMx/compilers/GCC/crt0_v7m.o
LOAD .build/obj_preonic_rev3/lib/chibios/os/common/ports/ARMCMx/compilers/GCC/chcoreasm_v7m.o

.mstack         0x0000000020000000      0x400
                0x0000000020000000                . = ALIGN (0x8)
                0x0000000020000000                __main_stack_base__ = .
                0x0000000020000400                . = (. + __main_stack_size__)
 *fill*         0x0000000020000000      0x400 
                0x0000000020000400                . = ALIGN (0x8)
                0x0000000020000400                __main_stack_end__ = .

.pstack         0x0000000020000400      0x800
                0x0000000020000400                __process_stack_base__ = .
                0x0000000020000400                __main_thread_stack_base__ = .
                0x0000000020000c00                . = (. + __process_stack_size__)
 *fill*         0x0000000020000400      0x800 
                0x0000000020000c00                . = ALIGN (0x8)
                0x0000000020000c00                __process_stack_end__ = .
                0x0000000020000c00                __main_thread_stack_end__ = .

.vectors        0x0000000008000000      0x1a0
 *(.vectors)
 .vectors       0x0000000008000000      0x1a0 .build/obj_preonic_rev3/lib/chibios/os/common/startup/ARMCMx/compilers/GCC/vectors.o
                0x0000000008000000                _vectors

.xtors          0x00000000080001a0        0xc
                0x00000000080001a0                __init_array_start = .
 *(SORT_BY_NAME(.init_array.*))
 .init_array.00000
                0x00000000080001a0        0x4 /usr/local/Cellar/gcc-arm-none-eabi/20180627/bin/../lib/gcc/arm-none-eabi/7.3.1/../../../../arm-none-eabi/lib/thumb/v7e-m/libg.a(lib_a-__call_atexit.o)
 *(.init_array)
 .init_array    0x00000000080001a4        0x4 /usr/local/Cellar/gcc-arm-none-eabi/20180627/bin/../lib/gcc/arm-none-eabi/7.3.1/thumb/v7e-m/crtbegin.o
                0x00000000080001a8                __init_array_end = .
                0x00000000080001a8                __fini_array_start = .
 *(.fini_array)
 .fini_array    0x00000000080001a8        0x4 /usr/local/Cellar/gcc-arm-none-eabi/20180627/bin/../lib/gcc/arm-none-eabi/7.3.1/thumb/v7e-m/crtbegin.o
 *(SORT_BY_NAME(.fini_array.*))
                0x00000000080001ac                __fini_array_end = .

.text           0x00000000080001b0     0xa430
 *(.text)
 .text          0x00000000080001b0       0x40 /usr/local/Cellar/gcc-arm-none-eabi/20180627/bin/../lib/gcc/arm-none-eabi/7.3.1/thumb/v7e-m/crtbegin.o
 .text          0x00000000080001f0      0x118 .build/obj_preonic_rev3/lib/chibios/os/common/startup/ARMCMx/compilers/GCC/crt0_v7m.o
                0x00000000080001f0                Reset_Handler
 .text          0x0000000008000308       0x30 .build/obj_preonic_rev3/lib/chibios/os/common/ports/ARMCMx/compilers/GCC/chcoreasm_v7m.o
                0x0000000008000308                _port_switch
                0x0000000008000320                _port_thread_start
                0x0000000008000330                _port_switch_from_isr
                0x0000000008000334                _port_exit_from_isr
 .text          0x0000000008000338      0x378 /usr/local/Cellar/gcc-arm-none-eabi/20180627/bin/../lib/gcc/arm-none-eabi/7.3.1/thumb/v7e-m/libgcc.a(_arm_addsubdf3.o)
                0x0000000008000338                __aeabi_drsub
                0x0000000008000340                __subdf3
                0x0000000008000340                __aeabi_dsub
                0x0000000008000344                __aeabi_dadd
                0x0000000008000344                __adddf3
                0x00000000080005bc                __aeabi_ui2d
                0x00000000080005bc                __floatunsidf
                0x00000000080005dc                __floatsidf
                0x00000000080005dc                __aeabi_i2d
                0x0000000008000600                __extendsfdf2
                0x0000000008000600                __aeabi_f2d
                0x0000000008000644                __aeabi_ul2d
                0x0000000008000644                __floatundidf
                0x0000000008000654                __aeabi_l2d
                0x0000000008000654                __floatdidf
 .text          0x00000000080006b0      0x424 /usr/local/Cellar/gcc-arm-none-eabi/20180627/bin/../lib/gcc/arm-none-eabi/7.3.1/thumb/v7e-m/libgcc.a(_arm_muldivdf3.o)
                0x00000000080006b0                __aeabi_dmul
                0x00000000080006b0                __muldf3
                0x0000000008000904                __aeabi_ddiv
                0x0000000008000904                __divdf3
 .text          0x0000000008000ad4      0x110 /usr/local/Cellar/gcc-arm-none-eabi/20180627/bin/../lib/gcc/arm-none-eabi/7.3.1/thumb/v7e-m/libgcc.a(_arm_cmpdf2.o)
                0x0000000008000ad4                __gedf2
                0x0000000008000ad4                __gtdf2
                0x0000000008000adc                __ledf2
                0x0000000008000adc                __ltdf2
                0x0000000008000ae4                __cmpdf2
                0x0000000008000ae4                __eqdf2
                0x0000000008000ae4                __nedf2
                0x0000000008000b60                __aeabi_cdrcmple
                0x0000000008000b70                __aeabi_cdcmple
                0x0000000008000b70                __aeabi_cdcmpeq
                0x0000000008000b80                __aeabi_dcmpeq
                0x0000000008000b94                __aeabi_dcmplt
                0x0000000008000ba8                __aeabi_dcmple
                0x0000000008000bbc                __aeabi_dcmpge
                0x0000000008000bd0                __aeabi_dcmpgt
 .text          0x0000000008000be4       0x2c /usr/local/Cellar/gcc-arm-none-eabi/20180627/bin/../lib/gcc/arm-none-eabi/7.3.1/thumb/v7e-m/libgcc.a(_arm_unorddf2.o)
                0x0000000008000be4                __aeabi_dcmpun
                0x0000000008000be4                __unorddf2
 .text          0x0000000008000c10       0xa0 /usr/local/Cellar/gcc-arm-none-eabi/20180627/bin/../lib/gcc/arm-none-eabi/7.3.1/thumb/v7e-m/libgcc.a(_arm_truncdfsf2.o)
                0x0000000008000c10                __aeabi_d2f
                0x0000000008000c10                __truncdfsf2
 .text          0x0000000008000cb0      0x21c /usr/local/Cellar/gcc-arm-none-eabi/20180627/bin/../lib/gcc/arm-none-eabi/7.3.1/thumb/v7e-m/libgcc.a(_arm_addsubsf3.o)
                0x0000000008000cb0                __aeabi_frsub
                0x0000000008000cb8                __aeabi_fsub
                0x0000000008000cb8                __subsf3
                0x0000000008000cbc                __aeabi_fadd
                0x0000000008000cbc                __addsf3
                0x0000000008000e1c                __aeabi_ui2f
                0x0000000008000e1c                __floatunsisf
                0x0000000008000e24                __floatsisf
                0x0000000008000e24                __aeabi_i2f
                0x0000000008000e40                __aeabi_ul2f
                0x0000000008000e40                __floatundisf
                0x0000000008000e50                __aeabi_l2f
                0x0000000008000e50                __floatdisf
 .text          0x0000000008000ecc      0x2a0 /usr/local/Cellar/gcc-arm-none-eabi/20180627/bin/../lib/gcc/arm-none-eabi/7.3.1/thumb/v7e-m/libgcc.a(_arm_muldivsf3.o)
                0x0000000008000ecc                __mulsf3
                0x0000000008000ecc                __aeabi_fmul
                0x0000000008001034                __divsf3
                0x0000000008001034                __aeabi_fdiv
 .text          0x000000000800116c       0xec /usr/local/Cellar/gcc-arm-none-eabi/20180627/bin/../lib/gcc/arm-none-eabi/7.3.1/thumb/v7e-m/libgcc.a(_arm_cmpsf2.o)
                0x000000000800116c                __gesf2
                0x000000000800116c                __gtsf2
                0x0000000008001174                __ltsf2
                0x0000000008001174                __lesf2
                0x000000000800117c                __nesf2
                0x000000000800117c                __eqsf2
                0x000000000800117c                __cmpsf2
                0x00000000080011dc                __aeabi_cfrcmple
                0x00000000080011e4                __aeabi_cfcmpeq
                0x00000000080011e4                __aeabi_cfcmple
                0x00000000080011f4                __aeabi_fcmpeq
                0x0000000008001208                __aeabi_fcmplt
                0x000000000800121c                __aeabi_fcmple
                0x0000000008001230                __aeabi_fcmpge
                0x0000000008001244                __aeabi_fcmpgt
 .text          0x0000000008001258       0x4c /usr/local/Cellar/gcc-arm-none-eabi/20180627/bin/../lib/gcc/arm-none-eabi/7.3.1/thumb/v7e-m/libgcc.a(_arm_fixsfsi.o)
                0x0000000008001258                __fixsfsi
                0x0000000008001258                __aeabi_f2iz
 .text          0x00000000080012a4       0x40 /usr/local/Cellar/gcc-arm-none-eabi/20180627/bin/../lib/gcc/arm-none-eabi/7.3.1/thumb/v7e-m/libgcc.a(_arm_fixunssfsi.o)
                0x00000000080012a4                __aeabi_f2uiz
                0x00000000080012a4                __fixunssfsi
 .text          0x00000000080012e4      0x134 /usr/local/Cellar/gcc-arm-none-eabi/20180627/bin/../lib/gcc/arm-none-eabi/7.3.1/../../../../arm-none-eabi/lib/thumb/v7e-m/libg.a(lib_a-memcpy.o)
                0x00000000080012e4                memcpy
 *(.text.*)
 .text.bit_for_value
                0x0000000008001418       0x78 .build/obj_preonic_rev3_ray/muse.o
                0x0000000008001418                bit_for_value
 .text.muse_clock_pulse
                0x0000000008001490       0xc8 .build/obj_preonic_rev3_ray/muse.o
                0x0000000008001490                muse_clock_pulse
 .text.matrix_init_kb
                0x0000000008001558        0x4 .build/obj_preonic_rev3_ray/keyboards/preonic/rev3/rev3.o
                0x0000000008001558                matrix_init_kb
 .text.matrix_scan_kb
                0x000000000800155c        0x4 .build/obj_preonic_rev3_ray/keyboards/preonic/rev3/rev3.o
                0x000000000800155c                matrix_scan_kb
 .text.process_record_user
                0x0000000008001560       0x78 .build/obj_preonic_rev3_ray/keyboards/preonic/keymaps/ray/keymap.o
                0x0000000008001560                process_record_user
 .text.encoder_update_user
                0x00000000080015d8       0x5c .build/obj_preonic_rev3_ray/keyboards/preonic/keymaps/ray/keymap.o
                0x00000000080015d8                encoder_update_user
 .text.dip_switch_update_user
                0x0000000008001634       0x24 .build/obj_preonic_rev3_ray/keyboards/preonic/keymaps/ray/keymap.o
                0x0000000008001634                dip_switch_update_user
 .text.matrix_scan_user
                0x0000000008001658       0xa0 .build/obj_preonic_rev3_ray/keyboards/preonic/keymaps/ray/keymap.o
                0x0000000008001658                matrix_scan_user
 .text.process_action_kb
                0x00000000080016f8        0x4 .build/obj_preonic_rev3_ray/quantum/quantum.o
                0x00000000080016f8                process_action_kb
 .text.process_record_kb
                0x00000000080016fc        0x8 .build/obj_preonic_rev3_ray/quantum/quantum.o
                0x00000000080016fc                process_record_kb
 .text.get_event_keycode
                0x0000000008001704       0x48 .build/obj_preonic_rev3_ray/quantum/quantum.o
                0x0000000008001704                get_event_keycode
 .text.get_record_keycode
                0x000000000800174c        0xa .build/obj_preonic_rev3_ray/quantum/quantum.o
                0x000000000800174c                get_record_keycode
 *fill*         0x0000000008001756        0x2 
 .text.set_single_persistent_default_layer
                0x0000000008001758       0x2c .build/obj_preonic_rev3_ray/quantum/quantum.o
                0x0000000008001758                set_single_persistent_default_layer
 .text.update_tri_layer_state
                0x0000000008001784       0x1e .build/obj_preonic_rev3_ray/quantum/quantum.o
                0x0000000008001784                update_tri_layer_state
 *fill*         0x00000000080017a2        0x2 
 .text.update_tri_layer
                0x00000000080017a4       0x1c .build/obj_preonic_rev3_ray/quantum/quantum.o
                0x00000000080017a4                update_tri_layer
 .text.matrix_init_quantum
                0x00000000080017c0       0x20 .build/obj_preonic_rev3_ray/quantum/quantum.o
                0x00000000080017c0                matrix_init_quantum
 .text.matrix_scan_quantum
                0x00000000080017e0       0x18 .build/obj_preonic_rev3_ray/quantum/quantum.o
                0x00000000080017e0                matrix_scan_quantum
 .text.led_set_user
                0x00000000080017f8        0x2 .build/obj_preonic_rev3_ray/quantum/quantum.o
                0x00000000080017f8                led_set_user
 .text.led_set_kb
                0x00000000080017fa        0x8 .build/obj_preonic_rev3_ray/quantum/quantum.o
                0x00000000080017fa                led_set_kb
 .text.led_set  0x0000000008001802        0x8 .build/obj_preonic_rev3_ray/quantum/quantum.o
                0x0000000008001802                led_set
 .text.shutdown_user
                0x000000000800180a        0x2 .build/obj_preonic_rev3_ray/quantum/quantum.o
                0x000000000800180a                shutdown_user
 .text.reset_keyboard
                0x000000000800180c       0x40 .build/obj_preonic_rev3_ray/quantum/quantum.o
                0x000000000800180c                reset_keyboard
 .text.process_record_quantum
                0x000000000800184c      0x35c .build/obj_preonic_rev3_ray/quantum/quantum.o
                0x000000000800184c                process_record_quantum
 .text.action_get_macro
                0x0000000008001ba8        0x4 .build/obj_preonic_rev3_ray/quantum/keymap_common.o
                0x0000000008001ba8                action_get_macro
 .text.action_function
                0x0000000008001bac        0x2 .build/obj_preonic_rev3_ray/quantum/keymap_common.o
                0x0000000008001bac                action_function
 *fill*         0x0000000008001bae        0x2 
 .text.keymap_key_to_keycode
                0x0000000008001bb0       0x24 .build/obj_preonic_rev3_ray/quantum/keymap_common.o
                0x0000000008001bb0                keymap_key_to_keycode
 .text.keymap_function_id_to_action
                0x0000000008001bd4        0xc .build/obj_preonic_rev3_ray/quantum/keymap_common.o
                0x0000000008001bd4                keymap_function_id_to_action
 .text.action_for_key
                0x0000000008001be0      0x2ba .build/obj_preonic_rev3_ray/quantum/keymap_common.o
                0x0000000008001be0                action_for_key
 *fill*         0x0000000008001e9a        0x2 
 .text.keycode_config
                0x0000000008001e9c      0x104 .build/obj_preonic_rev3_ray/quantum/keycode_config.o
                0x0000000008001e9c                keycode_config
 .text.mod_config
                0x0000000008001fa0       0xac .build/obj_preonic_rev3_ray/quantum/keycode_config.o
                0x0000000008001fa0                mod_config
 .text.matrix_init_user
                0x000000000800204c        0x2 .build/obj_preonic_rev3_ray/quantum/matrix.o
                0x000000000800204c                matrix_init_user
 *fill*         0x000000000800204e        0x2 
 .text.matrix_get_row
                0x0000000008002050        0xc .build/obj_preonic_rev3_ray/quantum/matrix.o
                0x0000000008002050                matrix_get_row
 .text.matrix_print
                0x000000000800205c       0x54 .build/obj_preonic_rev3_ray/quantum/matrix.o
                0x000000000800205c                matrix_print
 .text.matrix_init
                0x00000000080020b0       0x74 .build/obj_preonic_rev3_ray/quantum/matrix.o
                0x00000000080020b0                matrix_init
 .text.matrix_scan
                0x0000000008002124       0xc0 .build/obj_preonic_rev3_ray/quantum/matrix.o
                0x0000000008002124                matrix_scan
 .text.debounce_init
                0x00000000080021e4        0x2 .build/obj_preonic_rev3_ray/quantum/debounce/sym_g.o
                0x00000000080021e4                debounce_init
 *fill*         0x00000000080021e6        0x2 
 .text.debounce
                0x00000000080021e8       0x48 .build/obj_preonic_rev3_ray/quantum/debounce/sym_g.o
                0x00000000080021e8                debounce
 .text.compute_freq_for_midi_note
                0x0000000008002230       0x34 .build/obj_preonic_rev3_ray/quantum/process_keycode/process_audio.o
                0x0000000008002230                compute_freq_for_midi_note
 .text.process_audio
                0x0000000008002264       0x74 .build/obj_preonic_rev3_ray/quantum/process_keycode/process_audio.o
                0x0000000008002264                process_audio
 .text.process_audio_noteon
                0x00000000080022d8       0x10 .build/obj_preonic_rev3_ray/quantum/process_keycode/process_audio.o
                0x00000000080022d8                process_audio_noteon
 .text.process_audio_noteoff
                0x00000000080022e8        0xe .build/obj_preonic_rev3_ray/quantum/process_keycode/process_audio.o
                0x00000000080022e8                process_audio_noteoff
 .text.process_audio_all_notes_off
                0x00000000080022f6        0x4 .build/obj_preonic_rev3_ray/quantum/process_keycode/process_audio.o
                0x00000000080022f6                process_audio_all_notes_off
 .text.audio_on_user
                0x00000000080022fa        0x2 .build/obj_preonic_rev3_ray/quantum/process_keycode/process_audio.o
                0x00000000080022fa                audio_on_user
 .text.end_cb1  0x00000000080022fc       0x34 .build/obj_preonic_rev3_ray/quantum/audio/audio_arm.o
 .text.gpt_cb8  0x0000000008002330      0x68c .build/obj_preonic_rev3_ray/quantum/audio/audio_arm.o
 .text.error_cb1
                0x00000000080029bc        0xc .build/obj_preonic_rev3_ray/quantum/audio/audio_arm.o
 .text.play_notes
                0x00000000080029c8      0x104 .build/obj_preonic_rev3_ray/quantum/audio/audio_arm.o
                0x00000000080029c8                play_notes
 .text.audio_init
                0x0000000008002acc       0xdc .build/obj_preonic_rev3_ray/quantum/audio/audio_arm.o
                0x0000000008002acc                audio_init
 .text.stop_all_notes
                0x0000000008002ba8       0x98 .build/obj_preonic_rev3_ray/quantum/audio/audio_arm.o
                0x0000000008002ba8                stop_all_notes
 .text.stop_note
                0x0000000008002c40       0xf0 .build/obj_preonic_rev3_ray/quantum/audio/audio_arm.o
                0x0000000008002c40                stop_note
 .text.play_note
                0x0000000008002d30       0xec .build/obj_preonic_rev3_ray/quantum/audio/audio_arm.o
                0x0000000008002d30                play_note
 .text.is_audio_on
                0x0000000008002e1c       0x10 .build/obj_preonic_rev3_ray/quantum/audio/audio_arm.o
                0x0000000008002e1c                is_audio_on
 .text.audio_on
                0x0000000008002e2c       0x1c .build/obj_preonic_rev3_ray/quantum/audio/audio_arm.o
                0x0000000008002e2c                audio_on
 .text.audio_off
                0x0000000008002e48       0x20 .build/obj_preonic_rev3_ray/quantum/audio/audio_arm.o
                0x0000000008002e48                audio_off
 .text.voice_iterate
                0x0000000008002e68        0xc .build/obj_preonic_rev3_ray/quantum/audio/voices.o
                0x0000000008002e68                voice_iterate
 .text.voice_deiterate
                0x0000000008002e74        0xc .build/obj_preonic_rev3_ray/quantum/audio/voices.o
                0x0000000008002e74                voice_deiterate
 .text.voice_envelope
                0x0000000008002e80       0x2c .build/obj_preonic_rev3_ray/quantum/audio/voices.o
                0x0000000008002e80                voice_envelope
 .text.music_all_notes_off
                0x0000000008002eac       0x10 .build/obj_preonic_rev3_ray/quantum/process_keycode/process_music.o
                0x0000000008002eac                music_all_notes_off
 .text.music_off
                0x0000000008002ebc       0x20 .build/obj_preonic_rev3_ray/quantum/process_keycode/process_music.o
                0x0000000008002ebc                music_off
 .text.midi_off
                0x0000000008002edc       0x18 .build/obj_preonic_rev3_ray/quantum/process_keycode/process_music.o
                0x0000000008002edc                midi_off
 .text.music_mode_cycle
                0x0000000008002ef4       0x30 .build/obj_preonic_rev3_ray/quantum/process_keycode/process_music.o
                0x0000000008002ef4                music_mode_cycle
 .text.matrix_scan_music
                0x0000000008002f24       0x7c .build/obj_preonic_rev3_ray/quantum/process_keycode/process_music.o
                0x0000000008002f24                matrix_scan_music
 .text.music_on_user
                0x0000000008002fa0        0x2 .build/obj_preonic_rev3_ray/quantum/process_keycode/process_music.o
                0x0000000008002fa0                music_on_user
 *fill*         0x0000000008002fa2        0x2 
 .text.music_on
                0x0000000008002fa4       0x20 .build/obj_preonic_rev3_ray/quantum/process_keycode/process_music.o
                0x0000000008002fa4                music_on
 .text.midi_on_user
                0x0000000008002fc4        0x2 .build/obj_preonic_rev3_ray/quantum/process_keycode/process_music.o
                0x0000000008002fc4                midi_on_user
 *fill*         0x0000000008002fc6        0x2 
 .text.midi_on  0x0000000008002fc8       0x20 .build/obj_preonic_rev3_ray/quantum/process_keycode/process_music.o
                0x0000000008002fc8                midi_on
 .text.process_music
                0x0000000008002fe8      0x204 .build/obj_preonic_rev3_ray/quantum/process_keycode/process_music.o
                0x0000000008002fe8                process_music
 .text.encoder_update_kb
                0x00000000080031ec        0x8 .build/obj_preonic_rev3_ray/quantum/encoder.o
                0x00000000080031ec                encoder_update_kb
 .text.encoder_init
                0x00000000080031f4       0x3c .build/obj_preonic_rev3_ray/quantum/encoder.o
                0x00000000080031f4                encoder_init
 .text.encoder_read
                0x0000000008003230       0x74 .build/obj_preonic_rev3_ray/quantum/encoder.o
                0x0000000008003230                encoder_read
 .text.perform_space_cadet
                0x00000000080032a4       0xc0 .build/obj_preonic_rev3_ray/quantum/process_keycode/process_space_cadet.o
                0x00000000080032a4                perform_space_cadet
 .text.process_space_cadet
                0x0000000008003364       0x8c .build/obj_preonic_rev3_ray/quantum/process_keycode/process_space_cadet.o
                0x0000000008003364                process_space_cadet
 .text.dip_switch_update_kb
                0x00000000080033f0        0x8 .build/obj_preonic_rev3_ray/quantum/dip_switch.o
                0x00000000080033f0                dip_switch_update_kb
 .text.dip_switch_update_mask_user
                0x00000000080033f8        0x2 .build/obj_preonic_rev3_ray/quantum/dip_switch.o
                0x00000000080033f8                dip_switch_update_mask_user
 .text.dip_switch_update_mask_kb
                0x00000000080033fa        0x8 .build/obj_preonic_rev3_ray/quantum/dip_switch.o
                0x00000000080033fa                dip_switch_update_mask_kb
 *fill*         0x0000000008003402        0x2 
 .text.dip_switch_read
                0x0000000008003404       0x70 .build/obj_preonic_rev3_ray/quantum/dip_switch.o
                0x0000000008003404                dip_switch_read
 .text.dip_switch_init
                0x0000000008003474       0x34 .build/obj_preonic_rev3_ray/quantum/dip_switch.o
                0x0000000008003474                dip_switch_init
 .text.host_set_driver
                0x00000000080034a8        0xc .build/obj_preonic_rev3_ray/common/host.o
                0x00000000080034a8                host_set_driver
 .text.host_keyboard_leds
                0x00000000080034b4       0x10 .build/obj_preonic_rev3_ray/common/host.o
                0x00000000080034b4                host_keyboard_leds
 .text.host_keyboard_send
                0x00000000080034c4       0x84 .build/obj_preonic_rev3_ray/common/host.o
                0x00000000080034c4                host_keyboard_send
 .text.host_mouse_send
                0x0000000008003548       0x14 .build/obj_preonic_rev3_ray/common/host.o
                0x0000000008003548                host_mouse_send
 .text.host_system_send
                0x000000000800355c       0x20 .build/obj_preonic_rev3_ray/common/host.o
                0x000000000800355c                host_system_send
 .text.host_consumer_send
                0x000000000800357c       0x20 .build/obj_preonic_rev3_ray/common/host.o
                0x000000000800357c                host_consumer_send
 .text.matrix_setup
                0x000000000800359c        0x2 .build/obj_preonic_rev3_ray/common/keyboard.o
                0x000000000800359c                matrix_setup
 .text.keyboard_pre_init_user
                0x000000000800359e        0x2 .build/obj_preonic_rev3_ray/common/keyboard.o
                0x000000000800359e                keyboard_pre_init_user
 .text.keyboard_pre_init_kb
                0x00000000080035a0        0x8 .build/obj_preonic_rev3_ray/common/keyboard.o
                0x00000000080035a0                keyboard_pre_init_kb
 .text.keyboard_post_init_user
                0x00000000080035a8        0x2 .build/obj_preonic_rev3_ray/common/keyboard.o
                0x00000000080035a8                keyboard_post_init_user
 .text.keyboard_post_init_kb
                0x00000000080035aa        0x8 .build/obj_preonic_rev3_ray/common/keyboard.o
                0x00000000080035aa                keyboard_post_init_kb
 .text.keyboard_setup
                0x00000000080035b2        0xc .build/obj_preonic_rev3_ray/common/keyboard.o
                0x00000000080035b2                keyboard_setup
 .text.is_keyboard_master
                0x00000000080035be        0x4 .build/obj_preonic_rev3_ray/common/keyboard.o
                0x00000000080035be                is_keyboard_master
 .text.keyboard_init
                0x00000000080035c2       0x14 .build/obj_preonic_rev3_ray/common/keyboard.o
                0x00000000080035c2                keyboard_init
 *fill*         0x00000000080035d6        0x2 
 .text.keyboard_set_leds
                0x00000000080035d8       0x4c .build/obj_preonic_rev3_ray/common/keyboard.o
                0x00000000080035d8                keyboard_set_leds
 .text.keyboard_task
                0x0000000008003624       0xe4 .build/obj_preonic_rev3_ray/common/keyboard.o
                0x0000000008003624                keyboard_task
 .text.action_exec
                0x0000000008003708       0x24 .build/obj_preonic_rev3_ray/common/action.o
                0x0000000008003708                action_exec
 .text.process_record_tap_hint
                0x000000000800372c        0x6 .build/obj_preonic_rev3_ray/common/action.o
                0x000000000800372c                process_record_tap_hint
 .text.register_code
                0x0000000008003732      0x1c8 .build/obj_preonic_rev3_ray/common/action.o
                0x0000000008003732                register_code
 .text.unregister_code
                0x00000000080038fa       0xba .build/obj_preonic_rev3_ray/common/action.o
                0x00000000080038fa                unregister_code
 .text.tap_code
                0x00000000080039b4       0x20 .build/obj_preonic_rev3_ray/common/action.o
                0x00000000080039b4                tap_code
 .text.register_mods
                0x00000000080039d4       0x12 .build/obj_preonic_rev3_ray/common/action.o
                0x00000000080039d4                register_mods
 .text.unregister_mods
                0x00000000080039e6       0x12 .build/obj_preonic_rev3_ray/common/action.o
                0x00000000080039e6                unregister_mods
 .text.process_action
                0x00000000080039f8      0x3f8 .build/obj_preonic_rev3_ray/common/action.o
                0x00000000080039f8                process_action
 .text.process_record
                0x0000000008003df0       0x44 .build/obj_preonic_rev3_ray/common/action.o
                0x0000000008003df0                process_record
 .text.clear_keyboard_but_mods_and_keys
                0x0000000008003e34       0x26 .build/obj_preonic_rev3_ray/common/action.o
                0x0000000008003e34                clear_keyboard_but_mods_and_keys
 .text.clear_keyboard_but_mods
                0x0000000008003e5a        0xe .build/obj_preonic_rev3_ray/common/action.o
                0x0000000008003e5a                clear_keyboard_but_mods
 .text.clear_keyboard
                0x0000000008003e68        0xe .build/obj_preonic_rev3_ray/common/action.o
                0x0000000008003e68                clear_keyboard
 .text.is_tap_action
                0x0000000008003e76       0x50 .build/obj_preonic_rev3_ray/common/action.o
                0x0000000008003e76                is_tap_action
 .text.is_tap_key
                0x0000000008003ec6       0x16 .build/obj_preonic_rev3_ray/common/action.o
                0x0000000008003ec6                is_tap_key
 .text.debug_event
                0x0000000008003edc        0xc .build/obj_preonic_rev3_ray/common/action.o
                0x0000000008003edc                debug_event
 .text.debug_record
                0x0000000008003ee8        0xc .build/obj_preonic_rev3_ray/common/action.o
                0x0000000008003ee8                debug_record
 .text.debug_waiting_buffer
                0x0000000008003ef4       0x34 .build/obj_preonic_rev3_ray/common/action_tapping.o
 .text.debug_tapping_key
                0x0000000008003f28       0x10 .build/obj_preonic_rev3_ray/common/action_tapping.o
 .text.waiting_buffer_scan_tap
                0x0000000008003f38       0xb4 .build/obj_preonic_rev3_ray/common/action_tapping.o
 .text.process_tapping
                0x0000000008003fec      0x3cc .build/obj_preonic_rev3_ray/common/action_tapping.o
 .text.action_tapping_process
                0x00000000080043b8       0xd8 .build/obj_preonic_rev3_ray/common/action_tapping.o
                0x00000000080043b8                action_tapping_process
 .text.action_macro_play
                0x0000000008004490       0xae .build/obj_preonic_rev3_ray/common/action_macro.o
                0x0000000008004490                action_macro_play
 .text.default_layer_state_set_user
                0x000000000800453e        0x2 .build/obj_preonic_rev3_ray/common/action_layer.o
                0x000000000800453e                default_layer_state_set_user
 .text.default_layer_state_set_kb
                0x0000000008004540        0x8 .build/obj_preonic_rev3_ray/common/action_layer.o
                0x0000000008004540                default_layer_state_set_kb
 .text.default_layer_state_set
                0x0000000008004548       0x18 .build/obj_preonic_rev3_ray/common/action_layer.o
 .text.default_layer_debug
                0x0000000008004560        0x2 .build/obj_preonic_rev3_ray/common/action_layer.o
                0x0000000008004560                default_layer_debug
 .text.default_layer_set
                0x0000000008004562        0x4 .build/obj_preonic_rev3_ray/common/action_layer.o
                0x0000000008004562                default_layer_set
 *fill*         0x0000000008004566        0x2 
 .text.default_layer_or
                0x0000000008004568       0x10 .build/obj_preonic_rev3_ray/common/action_layer.o
                0x0000000008004568                default_layer_or
 .text.default_layer_and
                0x0000000008004578       0x10 .build/obj_preonic_rev3_ray/common/action_layer.o
                0x0000000008004578                default_layer_and
 .text.default_layer_xor
                0x0000000008004588       0x10 .build/obj_preonic_rev3_ray/common/action_layer.o
                0x0000000008004588                default_layer_xor
 .text.layer_state_set_user
                0x0000000008004598        0x2 .build/obj_preonic_rev3_ray/common/action_layer.o
                0x0000000008004598                layer_state_set_user
 .text.layer_state_set_kb
                0x000000000800459a        0x8 .build/obj_preonic_rev3_ray/common/action_layer.o
                0x000000000800459a                layer_state_set_kb
 *fill*         0x00000000080045a2        0x2 
 .text.layer_state_set
                0x00000000080045a4       0x18 .build/obj_preonic_rev3_ray/common/action_layer.o
                0x00000000080045a4                layer_state_set
 .text.layer_clear
                0x00000000080045bc        0x6 .build/obj_preonic_rev3_ray/common/action_layer.o
                0x00000000080045bc                layer_clear
 .text.layer_move
                0x00000000080045c2        0xa .build/obj_preonic_rev3_ray/common/action_layer.o
                0x00000000080045c2                layer_move
 .text.layer_on
                0x00000000080045cc       0x14 .build/obj_preonic_rev3_ray/common/action_layer.o
                0x00000000080045cc                layer_on
 .text.layer_off
                0x00000000080045e0       0x18 .build/obj_preonic_rev3_ray/common/action_layer.o
                0x00000000080045e0                layer_off
 .text.layer_invert
                0x00000000080045f8       0x14 .build/obj_preonic_rev3_ray/common/action_layer.o
                0x00000000080045f8                layer_invert
 .text.layer_or
                0x000000000800460c       0x10 .build/obj_preonic_rev3_ray/common/action_layer.o
                0x000000000800460c                layer_or
 .text.layer_and
                0x000000000800461c       0x10 .build/obj_preonic_rev3_ray/common/action_layer.o
                0x000000000800461c                layer_and
 .text.layer_xor
                0x000000000800462c       0x10 .build/obj_preonic_rev3_ray/common/action_layer.o
                0x000000000800462c                layer_xor
 .text.layer_debug
                0x000000000800463c        0x2 .build/obj_preonic_rev3_ray/common/action_layer.o
                0x000000000800463c                layer_debug
 *fill*         0x000000000800463e        0x2 
 .text.update_source_layers_cache
                0x0000000008004640       0x4c .build/obj_preonic_rev3_ray/common/action_layer.o
                0x0000000008004640                update_source_layers_cache
 .text.read_source_layers_cache
                0x000000000800468c       0x40 .build/obj_preonic_rev3_ray/common/action_layer.o
                0x000000000800468c                read_source_layers_cache
 .text.layer_switch_get_layer
                0x00000000080046cc       0x44 .build/obj_preonic_rev3_ray/common/action_layer.o
                0x00000000080046cc                layer_switch_get_layer
 .text.layer_switch_get_action
                0x0000000008004710       0x18 .build/obj_preonic_rev3_ray/common/action_layer.o
                0x0000000008004710                layer_switch_get_action
 .text.store_or_get_action
                0x0000000008004728       0x48 .build/obj_preonic_rev3_ray/common/action_layer.o
                0x0000000008004728                store_or_get_action
 .text.add_key  0x0000000008004770       0x10 .build/obj_preonic_rev3_ray/common/action_util.o
                0x0000000008004770                add_key
 .text.del_key  0x0000000008004780       0x10 .build/obj_preonic_rev3_ray/common/action_util.o
                0x0000000008004780                del_key
 .text.clear_keys
                0x0000000008004790        0xc .build/obj_preonic_rev3_ray/common/action_util.o
                0x0000000008004790                clear_keys
 .text.get_oneshot_layer
                0x000000000800479c       0x10 .build/obj_preonic_rev3_ray/common/action_util.o
                0x000000000800479c                get_oneshot_layer
 .text.get_oneshot_layer_state
                0x00000000080047ac       0x10 .build/obj_preonic_rev3_ray/common/action_util.o
                0x00000000080047ac                get_oneshot_layer_state
 .text.is_oneshot_layer_active
                0x00000000080047bc       0x14 .build/obj_preonic_rev3_ray/common/action_util.o
                0x00000000080047bc                is_oneshot_layer_active
 .text.get_mods
                0x00000000080047d0        0xc .build/obj_preonic_rev3_ray/common/action_util.o
                0x00000000080047d0                get_mods
 .text.add_mods
                0x00000000080047dc       0x10 .build/obj_preonic_rev3_ray/common/action_util.o
                0x00000000080047dc                add_mods
 .text.del_mods
                0x00000000080047ec       0x10 .build/obj_preonic_rev3_ray/common/action_util.o
                0x00000000080047ec                del_mods
 .text.clear_mods
                0x00000000080047fc        0xc .build/obj_preonic_rev3_ray/common/action_util.o
                0x00000000080047fc                clear_mods
 .text.add_weak_mods
                0x0000000008004808       0x10 .build/obj_preonic_rev3_ray/common/action_util.o
                0x0000000008004808                add_weak_mods
 .text.del_weak_mods
                0x0000000008004818       0x10 .build/obj_preonic_rev3_ray/common/action_util.o
                0x0000000008004818                del_weak_mods
 .text.clear_weak_mods
                0x0000000008004828        0xc .build/obj_preonic_rev3_ray/common/action_util.o
                0x0000000008004828                clear_weak_mods
 .text.add_macro_mods
                0x0000000008004834       0x10 .build/obj_preonic_rev3_ray/common/action_util.o
                0x0000000008004834                add_macro_mods
 .text.del_macro_mods
                0x0000000008004844       0x10 .build/obj_preonic_rev3_ray/common/action_util.o
                0x0000000008004844                del_macro_mods
 .text.clear_macro_mods
                0x0000000008004854        0xc .build/obj_preonic_rev3_ray/common/action_util.o
                0x0000000008004854                clear_macro_mods
 .text.get_oneshot_mods
                0x0000000008004860        0xc .build/obj_preonic_rev3_ray/common/action_util.o
                0x0000000008004860                get_oneshot_mods
 .text.oneshot_mods_changed_user
                0x000000000800486c        0x2 .build/obj_preonic_rev3_ray/common/action_util.o
                0x000000000800486c                oneshot_mods_changed_user
 .text.oneshot_mods_changed_kb
                0x000000000800486e        0x8 .build/obj_preonic_rev3_ray/common/action_util.o
                0x000000000800486e                oneshot_mods_changed_kb
 *fill*         0x0000000008004876        0x2 
 .text.set_oneshot_mods
                0x0000000008004878       0x18 .build/obj_preonic_rev3_ray/common/action_util.o
                0x0000000008004878                set_oneshot_mods
 .text.clear_oneshot_mods
                0x0000000008004890       0x18 .build/obj_preonic_rev3_ray/common/action_util.o
                0x0000000008004890                clear_oneshot_mods
 .text.send_keyboard_report
                0x00000000080048a8       0x4c .build/obj_preonic_rev3_ray/common/action_util.o
                0x00000000080048a8                send_keyboard_report
 .text.oneshot_layer_changed_user
                0x00000000080048f4        0x2 .build/obj_preonic_rev3_ray/common/action_util.o
                0x00000000080048f4                oneshot_layer_changed_user
 .text.oneshot_layer_changed_kb
                0x00000000080048f6        0x8 .build/obj_preonic_rev3_ray/common/action_util.o
                0x00000000080048f6                oneshot_layer_changed_kb
 *fill*         0x00000000080048fe        0x2 
 .text.set_oneshot_layer
                0x0000000008004900       0x20 .build/obj_preonic_rev3_ray/common/action_util.o
                0x0000000008004900                set_oneshot_layer
 .text.reset_oneshot_layer
                0x0000000008004920       0x14 .build/obj_preonic_rev3_ray/common/action_util.o
                0x0000000008004920                reset_oneshot_layer
 .text.clear_oneshot_layer_state
                0x0000000008004934       0x30 .build/obj_preonic_rev3_ray/common/action_util.o
                0x0000000008004934                clear_oneshot_layer_state
 .text.bitrev   0x0000000008004964       0x26 .build/obj_preonic_rev3_ray/common/util.o
                0x0000000008004964                bitrev
 .text.eeconfig_is_enabled
                0x000000000800498a       0x14 .build/obj_preonic_rev3_ray/common/eeconfig.o
                0x000000000800498a                eeconfig_is_enabled
 .text.eeconfig_read_debug
                0x000000000800499e        0x6 .build/obj_preonic_rev3_ray/common/eeconfig.o
                0x000000000800499e                eeconfig_read_debug
 .text.eeconfig_update_debug
                0x00000000080049a4        0x8 .build/obj_preonic_rev3_ray/common/eeconfig.o
                0x00000000080049a4                eeconfig_update_debug
 .text.eeconfig_read_default_layer
                0x00000000080049ac        0x6 .build/obj_preonic_rev3_ray/common/eeconfig.o
                0x00000000080049ac                eeconfig_read_default_layer
 .text.eeconfig_update_default_layer
                0x00000000080049b2        0x8 .build/obj_preonic_rev3_ray/common/eeconfig.o
                0x00000000080049b2                eeconfig_update_default_layer
 .text.eeconfig_read_keymap
                0x00000000080049ba       0x18 .build/obj_preonic_rev3_ray/common/eeconfig.o
                0x00000000080049ba                eeconfig_read_keymap
 .text.eeconfig_update_keymap
                0x00000000080049d2       0x18 .build/obj_preonic_rev3_ray/common/eeconfig.o
                0x00000000080049d2                eeconfig_update_keymap
 .text.eeconfig_read_audio
                0x00000000080049ea        0x6 .build/obj_preonic_rev3_ray/common/eeconfig.o
                0x00000000080049ea                eeconfig_read_audio
 .text.eeconfig_update_audio
                0x00000000080049f0        0x8 .build/obj_preonic_rev3_ray/common/eeconfig.o
                0x00000000080049f0                eeconfig_update_audio
 .text.eeconfig_update_kb
                0x00000000080049f8        0x8 .build/obj_preonic_rev3_ray/common/eeconfig.o
                0x00000000080049f8                eeconfig_update_kb
 .text.eeconfig_update_user
                0x0000000008004a00        0x8 .build/obj_preonic_rev3_ray/common/eeconfig.o
                0x0000000008004a00                eeconfig_update_user
 .text.eeconfig_init_user
                0x0000000008004a08        0x6 .build/obj_preonic_rev3_ray/common/eeconfig.o
                0x0000000008004a08                eeconfig_init_user
 .text.eeconfig_init_kb
                0x0000000008004a0e        0xe .build/obj_preonic_rev3_ray/common/eeconfig.o
                0x0000000008004a0e                eeconfig_init_kb
 .text.eeconfig_init_quantum
                0x0000000008004a1c       0x88 .build/obj_preonic_rev3_ray/common/eeconfig.o
                0x0000000008004a1c                eeconfig_init_quantum
 .text.eeconfig_init
                0x0000000008004aa4        0x4 .build/obj_preonic_rev3_ray/common/eeconfig.o
                0x0000000008004aa4                eeconfig_init
 .text.has_anykey
                0x0000000008004aa8       0x3c .build/obj_preonic_rev3_ray/common/report.o
                0x0000000008004aa8                has_anykey
 .text.add_key_byte
                0x0000000008004ae4       0x32 .build/obj_preonic_rev3_ray/common/report.o
                0x0000000008004ae4                add_key_byte
 .text.del_key_byte
                0x0000000008004b16       0x1a .build/obj_preonic_rev3_ray/common/report.o
                0x0000000008004b16                del_key_byte
 .text.add_key_bit
                0x0000000008004b30       0x30 .build/obj_preonic_rev3_ray/common/report.o
                0x0000000008004b30                add_key_bit
 .text.del_key_bit
                0x0000000008004b60       0x34 .build/obj_preonic_rev3_ray/common/report.o
                0x0000000008004b60                del_key_bit
 .text.add_key_to_report
                0x0000000008004b94       0x30 .build/obj_preonic_rev3_ray/common/report.o
                0x0000000008004b94                add_key_to_report
 .text.del_key_from_report
                0x0000000008004bc4       0x30 .build/obj_preonic_rev3_ray/common/report.o
                0x0000000008004bc4                del_key_from_report
 .text.clear_keys_from_report
                0x0000000008004bf4       0x30 .build/obj_preonic_rev3_ray/common/report.o
                0x0000000008004bf4                clear_keys_from_report
 .text.suspend_power_down_user
                0x0000000008004c24        0x2 .build/obj_preonic_rev3_ray/common/chibios/suspend.o
                0x0000000008004c24                suspend_power_down_user
 .text.suspend_power_down_kb
                0x0000000008004c26        0x8 .build/obj_preonic_rev3_ray/common/chibios/suspend.o
                0x0000000008004c26                suspend_power_down_kb
 .text.suspend_power_down
                0x0000000008004c2e       0x12 .build/obj_preonic_rev3_ray/common/chibios/suspend.o
                0x0000000008004c2e                suspend_power_down
 .text.matrix_power_up
                0x0000000008004c40        0x2 .build/obj_preonic_rev3_ray/common/chibios/suspend.o
                0x0000000008004c40                matrix_power_up
 .text.matrix_power_down
                0x0000000008004c42        0x2 .build/obj_preonic_rev3_ray/common/chibios/suspend.o
                0x0000000008004c42                matrix_power_down
 .text.suspend_wakeup_condition
                0x0000000008004c44       0x24 .build/obj_preonic_rev3_ray/common/chibios/suspend.o
                0x0000000008004c44                suspend_wakeup_condition
 .text.suspend_wakeup_init_user
                0x0000000008004c68        0x2 .build/obj_preonic_rev3_ray/common/chibios/suspend.o
                0x0000000008004c68                suspend_wakeup_init_user
 .text.suspend_wakeup_init_kb
                0x0000000008004c6a        0x8 .build/obj_preonic_rev3_ray/common/chibios/suspend.o
                0x0000000008004c6a                suspend_wakeup_init_kb
 .text.suspend_wakeup_init
                0x0000000008004c72       0x24 .build/obj_preonic_rev3_ray/common/chibios/suspend.o
                0x0000000008004c72                suspend_wakeup_init
 *fill*         0x0000000008004c96        0x2 
 .text.timer_clear
                0x0000000008004c98       0x2c .build/obj_preonic_rev3_ray/common/chibios/timer.o
                0x0000000008004c98                timer_clear
 .text.timer_init
                0x0000000008004cc4        0x4 .build/obj_preonic_rev3_ray/common/chibios/timer.o
                0x0000000008004cc4                timer_init
 .text.timer_read32
                0x0000000008004cc8       0x64 .build/obj_preonic_rev3_ray/common/chibios/timer.o
                0x0000000008004cc8                timer_read32
 .text.timer_read
                0x0000000008004d2c        0xa .build/obj_preonic_rev3_ray/common/chibios/timer.o
                0x0000000008004d2c                timer_read
 .text.timer_elapsed
                0x0000000008004d36        0xe .build/obj_preonic_rev3_ray/common/chibios/timer.o
                0x0000000008004d36                timer_elapsed
 .text.bootloader_jump
                0x0000000008004d44       0x30 .build/obj_preonic_rev3_ray/common/chibios/bootloader.o
                0x0000000008004d44                bootloader_jump
 .text.enter_bootloader_mode_if_requested
                0x0000000008004d74       0x40 .build/obj_preonic_rev3_ray/common/chibios/bootloader.o
                0x0000000008004d74                enter_bootloader_mode_if_requested
 .text.uli2a    0x0000000008004db4       0x48 .build/obj_preonic_rev3_ray/common/chibios/printf.o
 .text.ui2a     0x0000000008004dfc       0x48 .build/obj_preonic_rev3_ray/common/chibios/printf.o
 .text.putchw   0x0000000008004e44       0x46 .build/obj_preonic_rev3_ray/common/chibios/printf.o
 .text.tfp_format
                0x0000000008004e8a      0x1a0 .build/obj_preonic_rev3_ray/common/chibios/printf.o
                0x0000000008004e8a                tfp_format
 *fill*         0x000000000800502a        0x2 
 .text.init_printf
                0x000000000800502c       0x14 .build/obj_preonic_rev3_ray/common/chibios/printf.o
                0x000000000800502c                init_printf
 .text.tfp_printf
                0x0000000008005040       0x2c .build/obj_preonic_rev3_ray/common/chibios/printf.o
                0x0000000008005040                tfp_printf
 .text.EEPROM_Init
                0x000000000800506c        0xc .build/obj_preonic_rev3_ray/common/chibios/eeprom_stm32.o
                0x000000000800506c                EEPROM_Init
 .text.EEPROM_Erase
                0x0000000008005078       0x30 .build/obj_preonic_rev3_ray/common/chibios/eeprom_stm32.o
                0x0000000008005078                EEPROM_Erase
 .text.EEPROM_WriteDataByte
                0x00000000080050a8       0x84 .build/obj_preonic_rev3_ray/common/chibios/eeprom_stm32.o
                0x00000000080050a8                EEPROM_WriteDataByte
 .text.eeprom_read_byte
                0x000000000800512c       0x10 .build/obj_preonic_rev3_ray/common/chibios/eeprom_stm32.o
                0x000000000800512c                eeprom_read_byte
 .text.eeprom_update_byte
                0x000000000800513c        0x6 .build/obj_preonic_rev3_ray/common/chibios/eeprom_stm32.o
                0x000000000800513c                eeprom_update_byte
 .text.eeprom_read_word
                0x0000000008005142       0x24 .build/obj_preonic_rev3_ray/common/chibios/eeprom_stm32.o
                0x0000000008005142                eeprom_read_word
 .text.eeprom_write_word
                0x0000000008005166       0x1c .build/obj_preonic_rev3_ray/common/chibios/eeprom_stm32.o
                0x0000000008005166                eeprom_write_word
 .text.eeprom_update_word
                0x0000000008005182        0x4 .build/obj_preonic_rev3_ray/common/chibios/eeprom_stm32.o
                0x0000000008005182                eeprom_update_word
 .text.eeprom_update_dword
                0x0000000008005186       0x7c .build/obj_preonic_rev3_ray/common/chibios/eeprom_stm32.o
                0x0000000008005186                eeprom_update_dword
 *fill*         0x0000000008005202        0x2 
 .text.FLASH_GetStatus
                0x0000000008005204       0x34 .build/obj_preonic_rev3_ray/common/chibios/flash_stm32.o
                0x0000000008005204                FLASH_GetStatus
 .text.FLASH_WaitForLastOperation
                0x0000000008005238       0x38 .build/obj_preonic_rev3_ray/common/chibios/flash_stm32.o
                0x0000000008005238                FLASH_WaitForLastOperation
 .text.FLASH_ErasePage
                0x0000000008005270       0x44 .build/obj_preonic_rev3_ray/common/chibios/flash_stm32.o
                0x0000000008005270                FLASH_ErasePage
 .text.FLASH_ProgramHalfWord
                0x00000000080052b4       0x4c .build/obj_preonic_rev3_ray/common/chibios/flash_stm32.o
                0x00000000080052b4                FLASH_ProgramHalfWord
 .text.FLASH_Unlock
                0x0000000008005300       0x18 .build/obj_preonic_rev3_ray/common/chibios/flash_stm32.o
                0x0000000008005300                FLASH_Unlock
 .text.scan_keycode
                0x0000000008005318       0x4a .build/obj_preonic_rev3_ray/common/bootmagic.o
 .text.bootmagic_scan_keycode
                0x0000000008005362       0x18 .build/obj_preonic_rev3_ray/common/bootmagic.o
                0x0000000008005362                bootmagic_scan_keycode
 *fill*         0x000000000800537a        0x2 
 .text.bootmagic
                0x000000000800537c      0x22c .build/obj_preonic_rev3_ray/common/bootmagic.o
                0x000000000800537c                bootmagic
 .text.move_unit
                0x00000000080055a8       0x78 .build/obj_preonic_rev3_ray/common/mousekey.o
 .text.wheel_unit
                0x0000000008005620       0x68 .build/obj_preonic_rev3_ray/common/mousekey.o
 .text.mousekey_on
                0x0000000008005688       0xe8 .build/obj_preonic_rev3_ray/common/mousekey.o
                0x0000000008005688                mousekey_on
 .text.mousekey_off
                0x0000000008005770      0x110 .build/obj_preonic_rev3_ray/common/mousekey.o
                0x0000000008005770                mousekey_off
 .text.mousekey_send
                0x0000000008005880       0xc8 .build/obj_preonic_rev3_ray/common/mousekey.o
                0x0000000008005880                mousekey_send
 .text.mousekey_task
                0x0000000008005948       0xfc .build/obj_preonic_rev3_ray/common/mousekey.o
                0x0000000008005948                mousekey_task
 .text.mousekey_clear
                0x0000000008005a44       0x20 .build/obj_preonic_rev3_ray/common/mousekey.o
                0x0000000008005a44                mousekey_clear
 .text.mousekey_console_help
                0x0000000008005a64       0x20 .build/obj_preonic_rev3_ray/common/command.o
 .text.mousekey_param_inc
                0x0000000008005a84       0xc8 .build/obj_preonic_rev3_ray/common/command.o
 .text.mousekey_param_dec
                0x0000000008005b4c       0xc8 .build/obj_preonic_rev3_ray/common/command.o
 .text.switch_default_layer
                0x0000000008005c14       0x20 .build/obj_preonic_rev3_ray/common/command.o
 .text.command_common
                0x0000000008005c34      0x470 .build/obj_preonic_rev3_ray/common/command.o
 .text.command_extra
                0x00000000080060a4        0x4 .build/obj_preonic_rev3_ray/common/command.o
                0x00000000080060a4                command_extra
 .text.command_console_extra
                0x00000000080060a8        0x4 .build/obj_preonic_rev3_ray/common/command.o
                0x00000000080060a8                command_console_extra
 .text.numkey2num
                0x00000000080060ac       0x14 .build/obj_preonic_rev3_ray/common/command.o
                0x00000000080060ac                numkey2num
 .text.command_proc
                0x00000000080060c0      0x244 .build/obj_preonic_rev3_ray/common/command.o
                0x00000000080060c0                command_proc
 .text.set_led_transfer_cb
                0x0000000008006304       0x1c .build/obj_preonic_rev3_ray/protocol/chibios/usb_main.o
 .text.kbd_in_cb
                0x0000000008006320        0x2 .build/obj_preonic_rev3_ray/protocol/chibios/usb_main.o
                0x0000000008006320                kbd_in_cb
 *fill*         0x0000000008006322        0x2 
 .text.usb_sof_cb
                0x0000000008006324       0x1c .build/obj_preonic_rev3_ray/protocol/chibios/usb_main.o
 .text.usb_get_descriptor_cb
                0x0000000008006340       0x2c .build/obj_preonic_rev3_ray/protocol/chibios/usb_main.o
 .text.usb_event_cb
                0x000000000800636c       0xa0 .build/obj_preonic_rev3_ray/protocol/chibios/usb_main.o
 .text.chVTSetI.constprop.6
                0x000000000800640c       0x28 .build/obj_preonic_rev3_ray/protocol/chibios/usb_main.o
 .text.keyboard_idle_timer_cb
                0x0000000008006434       0x70 .build/obj_preonic_rev3_ray/protocol/chibios/usb_main.o
 .text.usb_request_hook_cb
                0x00000000080064a4      0x168 .build/obj_preonic_rev3_ray/protocol/chibios/usb_main.o
 .text.shared_in_cb
                0x000000000800660c        0x2 .build/obj_preonic_rev3_ray/protocol/chibios/usb_main.o
                0x000000000800660c                shared_in_cb
 *fill*         0x000000000800660e        0x2 
 .text.init_usb_driver
                0x0000000008006610       0x7c .build/obj_preonic_rev3_ray/protocol/chibios/usb_main.o
                0x0000000008006610                init_usb_driver
 .text.keyboard_leds
                0x000000000800668c        0xc .build/obj_preonic_rev3_ray/protocol/chibios/usb_main.o
                0x000000000800668c                keyboard_leds
 .text.send_keyboard
                0x0000000008006698       0x9c .build/obj_preonic_rev3_ray/protocol/chibios/usb_main.o
                0x0000000008006698                send_keyboard
 .text.send_mouse
                0x0000000008006734       0x44 .build/obj_preonic_rev3_ray/protocol/chibios/usb_main.o
                0x0000000008006734                send_mouse
 .text.send_system
                0x0000000008006778       0x38 .build/obj_preonic_rev3_ray/protocol/chibios/usb_main.o
                0x0000000008006778                send_system
 .text.send_consumer
                0x00000000080067b0       0x38 .build/obj_preonic_rev3_ray/protocol/chibios/usb_main.o
                0x00000000080067b0                send_consumer
 .text.sendchar
                0x00000000080067e8       0x24 .build/obj_preonic_rev3_ray/protocol/chibios/usb_main.o
                0x00000000080067e8                sendchar
 .text.console_task
                0x000000000800680c       0x20 .build/obj_preonic_rev3_ray/protocol/chibios/usb_main.o
                0x000000000800680c                console_task
 .text.sendchar_pf
                0x000000000800682c        0x6 .build/obj_preonic_rev3_ray/protocol/chibios/usb_main.o
                0x000000000800682c                sendchar_pf
 *fill*         0x0000000008006832        0x2 
 .text.startup.main
                0x0000000008006834       0x94 .build/obj_preonic_rev3_ray/protocol/chibios/main.o
                0x0000000008006834                main
 .text.get_usb_descriptor
                0x00000000080068c8       0x78 .build/obj_preonic_rev3_ray/usb_descriptor.o
                0x00000000080068c8                get_usb_descriptor
 .text.obnotify
                0x0000000008006940       0x3e .build/obj_preonic_rev3_ray/protocol/chibios/usb_driver.o
 .text._readt   0x000000000800697e        0x6 .build/obj_preonic_rev3_ray/protocol/chibios/usb_driver.o
 .text._read    0x0000000008006984        0xa .build/obj_preonic_rev3_ray/protocol/chibios/usb_driver.o
 .text._writet  0x000000000800698e        0x6 .build/obj_preonic_rev3_ray/protocol/chibios/usb_driver.o
 .text._write   0x0000000008006994        0xa .build/obj_preonic_rev3_ray/protocol/chibios/usb_driver.o
 .text._gett    0x000000000800699e        0x6 .build/obj_preonic_rev3_ray/protocol/chibios/usb_driver.o
 .text._get     0x00000000080069a4        0xa .build/obj_preonic_rev3_ray/protocol/chibios/usb_driver.o
 .text._putt    0x00000000080069ae        0x6 .build/obj_preonic_rev3_ray/protocol/chibios/usb_driver.o
 .text._put     0x00000000080069b4        0xa .build/obj_preonic_rev3_ray/protocol/chibios/usb_driver.o
 .text.qmkusb_start_receive
                0x00000000080069be       0x44 .build/obj_preonic_rev3_ray/protocol/chibios/usb_driver.o
 .text.ibnotify
                0x0000000008006a02        0x6 .build/obj_preonic_rev3_ray/protocol/chibios/usb_driver.o
 .text.qmkusbObjectInit
                0x0000000008006a08       0x54 .build/obj_preonic_rev3_ray/protocol/chibios/usb_driver.o
                0x0000000008006a08                qmkusbObjectInit
 .text.qmkusbStart
                0x0000000008006a5c       0x30 .build/obj_preonic_rev3_ray/protocol/chibios/usb_driver.o
                0x0000000008006a5c                qmkusbStart
 .text.qmkusbSuspendHookI
                0x0000000008006a8c       0x30 .build/obj_preonic_rev3_ray/protocol/chibios/usb_driver.o
                0x0000000008006a8c                qmkusbSuspendHookI
 .text.qmkusbWakeupHookI
                0x0000000008006abc       0x16 .build/obj_preonic_rev3_ray/protocol/chibios/usb_driver.o
                0x0000000008006abc                qmkusbWakeupHookI
 .text.qmkusbConfigureHookI
                0x0000000008006ad2       0x2c .build/obj_preonic_rev3_ray/protocol/chibios/usb_driver.o
                0x0000000008006ad2                qmkusbConfigureHookI
 *fill*         0x0000000008006afe        0x2 
 .text.qmkusbRequestsHook
                0x0000000008006b00       0x3c .build/obj_preonic_rev3_ray/protocol/chibios/usb_driver.o
                0x0000000008006b00                qmkusbRequestsHook
 .text.qmkusbSOFHookI
                0x0000000008006b3c       0x62 .build/obj_preonic_rev3_ray/protocol/chibios/usb_driver.o
                0x0000000008006b3c                qmkusbSOFHookI
 .text.qmkusbDataTransmitted
                0x0000000008006b9e       0x76 .build/obj_preonic_rev3_ray/protocol/chibios/usb_driver.o
                0x0000000008006b9e                qmkusbDataTransmitted
 .text.qmkusbDataReceived
                0x0000000008006c14       0x3e .build/obj_preonic_rev3_ray/protocol/chibios/usb_driver.o
                0x0000000008006c14                qmkusbDataReceived
 .text.qmkusbInterruptTransmitted
                0x0000000008006c52        0x2 .build/obj_preonic_rev3_ray/protocol/chibios/usb_driver.o
                0x0000000008006c52                qmkusbInterruptTransmitted
 .text.__core_init
                0x0000000008006c54        0x2 .build/obj_preonic_rev3/lib/chibios/os/common/startup/ARMCMx/compilers/GCC/crt1.o
                0x0000000008006c54                __core_init
 .text.__late_init
                0x0000000008006c56        0x2 .build/obj_preonic_rev3/lib/chibios/os/common/startup/ARMCMx/compilers/GCC/crt1.o
                0x0000000008006c56                __late_init
 .text.__default_exit
                0x0000000008006c58        0x2 .build/obj_preonic_rev3/lib/chibios/os/common/startup/ARMCMx/compilers/GCC/crt1.o
                0x0000000008006c58                __default_exit
 *fill*         0x0000000008006c5a        0x2 
 .text.__init_ram_areas
                0x0000000008006c5c       0x3c .build/obj_preonic_rev3/lib/chibios/os/common/startup/ARMCMx/compilers/GCC/crt1.o
                0x0000000008006c5c                __init_ram_areas
 .text._unhandled_exception
                0x0000000008006c98        0x2 .build/obj_preonic_rev3/lib/chibios/os/common/startup/ARMCMx/compilers/GCC/vectors.o
                0x0000000008006c98                Vector174
                0x0000000008006c98                Vector9C
                0x0000000008006c98                VectorE8
                0x0000000008006c98                VectorAC
                0x0000000008006c98                DebugMon_Handler
                0x0000000008006c98                Vector5C
                0x0000000008006c98                HardFault_Handler
                0x0000000008006c98                Vector19C
                0x0000000008006c98                SysTick_Handler
                0x0000000008006c98                Vector8C
                0x0000000008006c98                VectorDC
                0x0000000008006c98                PendSV_Handler
                0x0000000008006c98                Vector168
                0x0000000008006c98                NMI_Handler
                0x0000000008006c98                Vector110
                0x0000000008006c98                VectorC8
                0x0000000008006c98                Vector94
                0x0000000008006c98                VectorA8
                0x0000000008006c98                Vector160
                0x0000000008006c98                UsageFault_Handler
                0x0000000008006c98                VectorEC
                0x0000000008006c98                Vector40
                0x0000000008006c98                VectorF8
                0x0000000008006c98                Vector108
                0x0000000008006c98                Vector190
                0x0000000008006c98                Vector150
                0x0000000008006c98                Vector148
                0x0000000008006c98                Vector188
                0x0000000008006c98                Vector198
                0x0000000008006c98                Vector64
                0x0000000008006c98                VectorCC
                0x0000000008006c98                Vector54
                0x0000000008006c98                Vector98
                0x0000000008006c98                VectorD8
                0x0000000008006c98                Vector138
                0x0000000008006c98                Vector24
                0x0000000008006c98                Vector178
                0x0000000008006c98                VectorD0
                0x0000000008006c98                Vector140
                0x0000000008006c98                VectorE4
                0x0000000008006c98                Vector158
                0x0000000008006c98                Vector134
                0x0000000008006c98                Vector13C
                0x0000000008006c98                Vector100
                0x0000000008006c98                VectorE0
                0x0000000008006c98                VectorF4
                0x0000000008006c98                MemManage_Handler
                0x0000000008006c98                VectorA0
                0x0000000008006c98                VectorC4
                0x0000000008006c98                Vector180
                0x0000000008006c98                Vector90
                0x0000000008006c98                Vector114
                0x0000000008006c98                Vector60
                0x0000000008006c98                Vector164
                0x0000000008006c98                Vector1C
                0x0000000008006c98                Vector17C
                0x0000000008006c98                Vector48
                0x0000000008006c98                VectorD4
                0x0000000008006c98                Vector4C
                0x0000000008006c98                Vector144
                0x0000000008006c98                Vector15C
                0x0000000008006c98                Vector68
                0x0000000008006c98                _unhandled_exception
                0x0000000008006c98                Vector170
                0x0000000008006c98                Vector88
                0x0000000008006c98                Vector104
                0x0000000008006c98                Vector184
                0x0000000008006c98                Vector10C
                0x0000000008006c98                Vector14C
                0x0000000008006c98                BusFault_Handler
                0x0000000008006c98                Vector50
                0x0000000008006c98                Vector194
                0x0000000008006c98                Vector154
                0x0000000008006c98                Vector44
                0x0000000008006c98                Vector28
                0x0000000008006c98                VectorFC
                0x0000000008006c98                Vector34
                0x0000000008006c98                VectorA4
                0x0000000008006c98                Vector20
                0x0000000008006c98                Vector18C
                0x0000000008006c98                Vector58
 .text._idle_thread
                0x0000000008006c9a        0x2 .build/obj_preonic_rev3/lib/chibios/os/rt/src/chsys.o
 .text.chSysInit
                0x0000000008006c9c       0x94 .build/obj_preonic_rev3/lib/chibios/os/rt/src/chsys.o
                0x0000000008006c9c                chSysInit
 .text.chSysHalt
                0x0000000008006d30        0xc .build/obj_preonic_rev3/lib/chibios/os/rt/src/chsys.o
                0x0000000008006d30                chSysHalt
 .text.chSysTimerHandlerI
                0x0000000008006d3c       0x74 .build/obj_preonic_rev3/lib/chibios/os/rt/src/chsys.o
                0x0000000008006d3c                chSysTimerHandlerI
 .text._vt_init
                0x0000000008006db0       0x1c .build/obj_preonic_rev3/lib/chibios/os/rt/src/chvt.o
                0x0000000008006db0                _vt_init
 .text.chVTDoSetI
                0x0000000008006dcc       0x78 .build/obj_preonic_rev3/lib/chibios/os/rt/src/chvt.o
                0x0000000008006dcc                chVTDoSetI
 .text.chVTDoResetI
                0x0000000008006e44       0x6c .build/obj_preonic_rev3/lib/chibios/os/rt/src/chvt.o
                0x0000000008006e44                chVTDoResetI
 .text._scheduler_init
                0x0000000008006eb0       0x14 .build/obj_preonic_rev3/lib/chibios/os/rt/src/chschd.o
                0x0000000008006eb0                _scheduler_init
 .text.chSchReadyI
                0x0000000008006ec4       0x24 .build/obj_preonic_rev3/lib/chibios/os/rt/src/chschd.o
                0x0000000008006ec4                chSchReadyI
 .text.wakeup   0x0000000008006ee8       0x48 .build/obj_preonic_rev3/lib/chibios/os/rt/src/chschd.o
 .text.chSchReadyAheadI
                0x0000000008006f30       0x24 .build/obj_preonic_rev3/lib/chibios/os/rt/src/chschd.o
                0x0000000008006f30                chSchReadyAheadI
 .text.chSchGoSleepS
                0x0000000008006f54       0x40 .build/obj_preonic_rev3/lib/chibios/os/rt/src/chschd.o
                0x0000000008006f54                chSchGoSleepS
 .text.chSchGoSleepTimeoutS
                0x0000000008006f94       0x3c .build/obj_preonic_rev3/lib/chibios/os/rt/src/chschd.o
                0x0000000008006f94                chSchGoSleepTimeoutS
 .text.chSchWakeupS
                0x0000000008006fd0       0x50 .build/obj_preonic_rev3/lib/chibios/os/rt/src/chschd.o
                0x0000000008006fd0                chSchWakeupS
 .text.chSchIsPreemptionRequired
                0x0000000008007020       0x18 .build/obj_preonic_rev3/lib/chibios/os/rt/src/chschd.o
                0x0000000008007020                chSchIsPreemptionRequired
 .text.chSchDoRescheduleAhead
                0x0000000008007038       0x44 .build/obj_preonic_rev3/lib/chibios/os/rt/src/chschd.o
                0x0000000008007038                chSchDoRescheduleAhead
 .text.chSchDoReschedule
                0x000000000800707c        0x4 .build/obj_preonic_rev3/lib/chibios/os/rt/src/chschd.o
                0x000000000800707c                chSchDoReschedule
 .text._thread_init
                0x0000000008007080       0x38 .build/obj_preonic_rev3/lib/chibios/os/rt/src/chthreads.o
                0x0000000008007080                _thread_init
 .text.chThdCreateSuspendedI
                0x00000000080070b8       0x34 .build/obj_preonic_rev3/lib/chibios/os/rt/src/chthreads.o
                0x00000000080070b8                chThdCreateSuspendedI
 .text.chThdCreate
                0x00000000080070ec       0x1e .build/obj_preonic_rev3/lib/chibios/os/rt/src/chthreads.o
                0x00000000080070ec                chThdCreate
 *fill*         0x000000000800710a        0x2 
 .text.chThdExitS
                0x000000000800710c       0x44 .build/obj_preonic_rev3/lib/chibios/os/rt/src/chthreads.o
                0x000000000800710c                chThdExitS
 .text.chThdExit
                0x0000000008007150        0xa .build/obj_preonic_rev3/lib/chibios/os/rt/src/chthreads.o
                0x0000000008007150                chThdExit
 .text.chThdSleep
                0x000000000800715a       0x18 .build/obj_preonic_rev3/lib/chibios/os/rt/src/chthreads.o
                0x000000000800715a                chThdSleep
 *fill*         0x0000000008007172        0x2 
 .text.chThdSuspendS
                0x0000000008007174       0x1c .build/obj_preonic_rev3/lib/chibios/os/rt/src/chthreads.o
                0x0000000008007174                chThdSuspendS
 .text.chThdSuspendTimeoutS
                0x0000000008007190       0x1c .build/obj_preonic_rev3/lib/chibios/os/rt/src/chthreads.o
                0x0000000008007190                chThdSuspendTimeoutS
 .text.chThdResumeI
                0x00000000080071ac       0x12 .build/obj_preonic_rev3/lib/chibios/os/rt/src/chthreads.o
                0x00000000080071ac                chThdResumeI
 *fill*         0x00000000080071be        0x2 
 .text.chThdEnqueueTimeoutS
                0x00000000080071c0       0x20 .build/obj_preonic_rev3/lib/chibios/os/rt/src/chthreads.o
                0x00000000080071c0                chThdEnqueueTimeoutS
 .text.chThdDequeueNextI
                0x00000000080071e0       0x16 .build/obj_preonic_rev3/lib/chibios/os/rt/src/chthreads.o
                0x00000000080071e0                chThdDequeueNextI
 .text.chThdDequeueAllI
                0x00000000080071f6       0x1c .build/obj_preonic_rev3/lib/chibios/os/rt/src/chthreads.o
                0x00000000080071f6                chThdDequeueAllI
 .text.chTMObjectInit
                0x0000000008007212       0x18 .build/obj_preonic_rev3/lib/chibios/os/rt/src/chtm.o
                0x0000000008007212                chTMObjectInit
 *fill*         0x000000000800722a        0x2 
 .text.chTMStartMeasurementX
                0x000000000800722c        0xc .build/obj_preonic_rev3/lib/chibios/os/rt/src/chtm.o
                0x000000000800722c                chTMStartMeasurementX
 .text.chTMStopMeasurementX
                0x0000000008007238       0x40 .build/obj_preonic_rev3/lib/chibios/os/rt/src/chtm.o
                0x0000000008007238                chTMStopMeasurementX
 .text._tm_init
                0x0000000008007278       0x28 .build/obj_preonic_rev3/lib/chibios/os/rt/src/chtm.o
                0x0000000008007278                _tm_init
 .text.chMtxObjectInit
                0x00000000080072a0        0xa .build/obj_preonic_rev3/lib/chibios/os/rt/src/chmtx.o
                0x00000000080072a0                chMtxObjectInit
 .text.chEvtSignalI
                0x00000000080072aa       0x2a .build/obj_preonic_rev3/lib/chibios/os/rt/src/chevents.o
                0x00000000080072aa                chEvtSignalI
 .text.chEvtBroadcastFlagsI
                0x00000000080072d4       0x28 .build/obj_preonic_rev3/lib/chibios/os/rt/src/chevents.o
                0x00000000080072d4                chEvtBroadcastFlagsI
 .text._core_init
                0x00000000080072fc       0x18 .build/obj_preonic_rev3/lib/chibios/os/common/oslib/src/chmemcore.o
                0x00000000080072fc                _core_init
 .text.chCoreAllocAlignedWithOffsetI
                0x0000000008007314       0x30 .build/obj_preonic_rev3/lib/chibios/os/common/oslib/src/chmemcore.o
                0x0000000008007314                chCoreAllocAlignedWithOffsetI
 .text.chCoreAllocAlignedWithOffset
                0x0000000008007344       0x14 .build/obj_preonic_rev3/lib/chibios/os/common/oslib/src/chmemcore.o
                0x0000000008007344                chCoreAllocAlignedWithOffset
 .text._heap_init
                0x0000000008007358       0x1c .build/obj_preonic_rev3/lib/chibios/os/common/oslib/src/chheap.o
                0x0000000008007358                _heap_init
 .text.SVC_Handler
                0x0000000008007374       0x24 .build/obj_preonic_rev3/lib/chibios/os/common/ports/ARMCMx/chcore_v7m.o
                0x0000000008007374                SVC_Handler
 .text._port_irq_epilogue
                0x0000000008007398       0x58 .build/obj_preonic_rev3/lib/chibios/os/common/ports/ARMCMx/chcore_v7m.o
                0x0000000008007398                _port_irq_epilogue
 .text.halInit  0x00000000080073f0       0x34 .build/obj_preonic_rev3/lib/chibios/os/hal/src/hal.o
                0x00000000080073f0                halInit
 .text.ibqObjectInit
                0x0000000008007424       0x2e .build/obj_preonic_rev3/lib/chibios/os/hal/src/hal_buffers.o
                0x0000000008007424                ibqObjectInit
 .text.ibqResetI
                0x0000000008007452       0x16 .build/obj_preonic_rev3/lib/chibios/os/hal/src/hal_buffers.o
                0x0000000008007452                ibqResetI
 .text.ibqGetEmptyBufferI
                0x0000000008007468       0x14 .build/obj_preonic_rev3/lib/chibios/os/hal/src/hal_buffers.o
                0x0000000008007468                ibqGetEmptyBufferI
 .text.ibqPostFullBufferI
                0x000000000800747c       0x20 .build/obj_preonic_rev3/lib/chibios/os/hal/src/hal_buffers.o
                0x000000000800747c                ibqPostFullBufferI
 .text.ibqGetFullBufferTimeoutS
                0x000000000800749c       0x32 .build/obj_preonic_rev3/lib/chibios/os/hal/src/hal_buffers.o
                0x000000000800749c                ibqGetFullBufferTimeoutS
 .text.ibqReleaseEmptyBufferS
                0x00000000080074ce       0x24 .build/obj_preonic_rev3/lib/chibios/os/hal/src/hal_buffers.o
                0x00000000080074ce                ibqReleaseEmptyBufferS
 .text.ibqGetTimeout
                0x00000000080074f2       0x3a .build/obj_preonic_rev3/lib/chibios/os/hal/src/hal_buffers.o
                0x00000000080074f2                ibqGetTimeout
 .text.ibqReadTimeout
                0x000000000800752c       0xbc .build/obj_preonic_rev3/lib/chibios/os/hal/src/hal_buffers.o
                0x000000000800752c                ibqReadTimeout
 .text.obqObjectInit
                0x00000000080075e8       0x2e .build/obj_preonic_rev3/lib/chibios/os/hal/src/hal_buffers.o
                0x00000000080075e8                obqObjectInit
 .text.obqResetI
                0x0000000008007616       0x18 .build/obj_preonic_rev3/lib/chibios/os/hal/src/hal_buffers.o
                0x0000000008007616                obqResetI
 .text.obqGetFullBufferI
                0x000000000800762e       0x1a .build/obj_preonic_rev3/lib/chibios/os/hal/src/hal_buffers.o
                0x000000000800762e                obqGetFullBufferI
 .text.obqReleaseEmptyBufferI
                0x0000000008007648       0x1e .build/obj_preonic_rev3/lib/chibios/os/hal/src/hal_buffers.o
                0x0000000008007648                obqReleaseEmptyBufferI
 .text.obqGetEmptyBufferTimeoutS
                0x0000000008007666       0x32 .build/obj_preonic_rev3/lib/chibios/os/hal/src/hal_buffers.o
                0x0000000008007666                obqGetEmptyBufferTimeoutS
 .text.obqPostFullBufferS
                0x0000000008007698       0x26 .build/obj_preonic_rev3/lib/chibios/os/hal/src/hal_buffers.o
                0x0000000008007698                obqPostFullBufferS
 .text.obqPutTimeout
                0x00000000080076be       0x40 .build/obj_preonic_rev3/lib/chibios/os/hal/src/hal_buffers.o
                0x00000000080076be                obqPutTimeout
 .text.obqWriteTimeout
                0x00000000080076fe       0xbc .build/obj_preonic_rev3/lib/chibios/os/hal/src/hal_buffers.o
                0x00000000080076fe                obqWriteTimeout
 .text.obqTryFlushI
                0x00000000080077ba       0x3c .build/obj_preonic_rev3/lib/chibios/os/hal/src/hal_buffers.o
                0x00000000080077ba                obqTryFlushI
 .text.dacInit  0x00000000080077f6        0x4 .build/obj_preonic_rev3/lib/chibios/os/hal/src/hal_dac.o
                0x00000000080077f6                dacInit
 .text.dacObjectInit
                0x00000000080077fa       0x10 .build/obj_preonic_rev3/lib/chibios/os/hal/src/hal_dac.o
                0x00000000080077fa                dacObjectInit
 .text.dacStart
                0x000000000800780a       0x1c .build/obj_preonic_rev3/lib/chibios/os/hal/src/hal_dac.o
                0x000000000800780a                dacStart
 .text.dacStartConversion
                0x0000000008007826       0x1e .build/obj_preonic_rev3/lib/chibios/os/hal/src/hal_dac.o
                0x0000000008007826                dacStartConversion
 .text.gptInit  0x0000000008007844        0x4 .build/obj_preonic_rev3/lib/chibios/os/hal/src/hal_gpt.o
                0x0000000008007844                gptInit
 .text.gptObjectInit
                0x0000000008007848        0xa .build/obj_preonic_rev3/lib/chibios/os/hal/src/hal_gpt.o
                0x0000000008007848                gptObjectInit
 .text.gptStart
                0x0000000008007852       0x1c .build/obj_preonic_rev3/lib/chibios/os/hal/src/hal_gpt.o
                0x0000000008007852                gptStart
 .text.gptStartContinuousI
                0x000000000800786e        0x8 .build/obj_preonic_rev3/lib/chibios/os/hal/src/hal_gpt.o
                0x000000000800786e                gptStartContinuousI
 .text.gptStartContinuous
                0x0000000008007876       0x14 .build/obj_preonic_rev3/lib/chibios/os/hal/src/hal_gpt.o
                0x0000000008007876                gptStartContinuous
 .text.gptStopTimerI
                0x000000000800788a        0x8 .build/obj_preonic_rev3/lib/chibios/os/hal/src/hal_gpt.o
                0x000000000800788a                gptStopTimerI
 .text.gptStopTimer
                0x0000000008007892       0x14 .build/obj_preonic_rev3/lib/chibios/os/hal/src/hal_gpt.o
                0x0000000008007892                gptStopTimer
 .text.i2cInit  0x00000000080078a6        0x4 .build/obj_preonic_rev3/lib/chibios/os/hal/src/hal_i2c.o
                0x00000000080078a6                i2cInit
 .text.i2cObjectInit
                0x00000000080078aa        0xe .build/obj_preonic_rev3/lib/chibios/os/hal/src/hal_i2c.o
                0x00000000080078aa                i2cObjectInit
 .text.pwmInit  0x00000000080078b8        0x4 .build/obj_preonic_rev3/lib/chibios/os/hal/src/hal_pwm.o
                0x00000000080078b8                pwmInit
 .text.pwmObjectInit
                0x00000000080078bc        0xe .build/obj_preonic_rev3/lib/chibios/os/hal/src/hal_pwm.o
                0x00000000080078bc                pwmObjectInit
 .text.sduInit  0x00000000080078ca        0x2 .build/obj_preonic_rev3/lib/chibios/os/hal/src/hal_serial_usb.o
                0x00000000080078ca                sduInit
 .text.stInit   0x00000000080078cc        0x4 .build/obj_preonic_rev3/lib/chibios/os/hal/src/hal_st.o
                0x00000000080078cc                stInit
 .text.stStartAlarm
                0x00000000080078d0       0x10 .build/obj_preonic_rev3/lib/chibios/os/hal/src/hal_st.o
                0x00000000080078d0                stStartAlarm
 .text.stStopAlarm
                0x00000000080078e0        0xa .build/obj_preonic_rev3/lib/chibios/os/hal/src/hal_st.o
                0x00000000080078e0                stStopAlarm
 .text.stSetAlarm
                0x00000000080078ea        0x8 .build/obj_preonic_rev3/lib/chibios/os/hal/src/hal_st.o
                0x00000000080078ea                stSetAlarm
 .text.set_address
                0x00000000080078f2       0x22 .build/obj_preonic_rev3/lib/chibios/os/hal/src/hal_usb.o
 .text.usbInit  0x0000000008007914        0x4 .build/obj_preonic_rev3/lib/chibios/os/hal/src/hal_usb.o
                0x0000000008007914                usbInit
 .text.usbObjectInit
                0x0000000008007918       0x1e .build/obj_preonic_rev3/lib/chibios/os/hal/src/hal_usb.o
                0x0000000008007918                usbObjectInit
 .text.usbStart
                0x0000000008007936       0x2c .build/obj_preonic_rev3/lib/chibios/os/hal/src/hal_usb.o
                0x0000000008007936                usbStart
 .text.usbInitEndpointI
                0x0000000008007962       0x32 .build/obj_preonic_rev3/lib/chibios/os/hal/src/hal_usb.o
                0x0000000008007962                usbInitEndpointI
 .text.usbDisableEndpointsI
                0x0000000008007994       0x56 .build/obj_preonic_rev3/lib/chibios/os/hal/src/hal_usb.o
                0x0000000008007994                usbDisableEndpointsI
 .text.usbStartReceiveI
                0x00000000080079ea       0x24 .build/obj_preonic_rev3/lib/chibios/os/hal/src/hal_usb.o
                0x00000000080079ea                usbStartReceiveI
 .text.usbStartTransmitI
                0x0000000008007a0e       0x24 .build/obj_preonic_rev3/lib/chibios/os/hal/src/hal_usb.o
                0x0000000008007a0e                usbStartTransmitI
 *fill*         0x0000000008007a32        0x2 
 .text.usbWakeupHost
                0x0000000008007a34       0x28 .build/obj_preonic_rev3/lib/chibios/os/hal/src/hal_usb.o
                0x0000000008007a34                usbWakeupHost
 .text._usb_reset
                0x0000000008007a5c       0x74 .build/obj_preonic_rev3/lib/chibios/os/hal/src/hal_usb.o
                0x0000000008007a5c                _usb_reset
 .text._usb_suspend
                0x0000000008007ad0       0x5a .build/obj_preonic_rev3/lib/chibios/os/hal/src/hal_usb.o
                0x0000000008007ad0                _usb_suspend
 .text._usb_wakeup
                0x0000000008007b2a       0x12 .build/obj_preonic_rev3/lib/chibios/os/hal/src/hal_usb.o
                0x0000000008007b2a                _usb_wakeup
 .text._usb_ep0setup
                0x0000000008007b3c      0x2b4 .build/obj_preonic_rev3/lib/chibios/os/hal/src/hal_usb.o
                0x0000000008007b3c                _usb_ep0setup
 .text._usb_ep0in
                0x0000000008007df0       0xaa .build/obj_preonic_rev3/lib/chibios/os/hal/src/hal_usb.o
                0x0000000008007df0                _usb_ep0in
 .text._usb_ep0out
                0x0000000008007e9a       0x74 .build/obj_preonic_rev3/lib/chibios/os/hal/src/hal_usb.o